Component: ARM Compiler 5.06 update 2 (build 183) Tool: armlink [4d35b7]

==============================================================================

Section Cross References

    led.o(i.LED1_Toggle) refers to stm32f37x_gpio.o(i.GPIO_ReadOutputDataBit) for GPIO_ReadOutputDataBit
    led.o(i.LED1_Toggle) refers to stm32f37x_gpio.o(i.GPIO_WriteBit) for GPIO_WriteBit
    led.o(i.LED_Close) refers to stm32f37x_gpio.o(i.GPIO_SetBits) for GPIO_SetBits
    led.o(i.LED_Init) refers to stm32f37x_rcc.o(i.RCC_AHBPeriphClockCmd) for RCC_AHBPeriphClockCmd
    led.o(i.LED_Init) refers to stm32f37x_gpio.o(i.GPIO_Init) for GPIO_Init
    led.o(i.LED_Init) refers to stm32f37x_gpio.o(i.GPIO_SetBits) for GPIO_SetBits
    led.o(i.LED_Open) refers to stm32f37x_gpio.o(i.GPIO_ResetBits) for GPIO_ResetBits
    sd.o(i.SD_GetCIDRegister) refers to stm32f37x_gpio.o(i.GPIO_ResetBits) for GPIO_ResetBits
    sd.o(i.SD_GetCIDRegister) refers to sd.o(i.SD_SendCmd) for SD_SendCmd
    sd.o(i.SD_GetCIDRegister) refers to sd.o(i.SD_GetResponse) for SD_GetResponse
    sd.o(i.SD_GetCIDRegister) refers to sd.o(i.SD_ReadByte) for SD_ReadByte
    sd.o(i.SD_GetCIDRegister) refers to sd.o(i.SD_WriteByte) for SD_WriteByte
    sd.o(i.SD_GetCIDRegister) refers to stm32f37x_gpio.o(i.GPIO_SetBits) for GPIO_SetBits
    sd.o(i.SD_GetCSDRegister) refers to stm32f37x_gpio.o(i.GPIO_ResetBits) for GPIO_ResetBits
    sd.o(i.SD_GetCSDRegister) refers to sd.o(i.SD_SendCmd) for SD_SendCmd
    sd.o(i.SD_GetCSDRegister) refers to sd.o(i.SD_GetResponse) for SD_GetResponse
    sd.o(i.SD_GetCSDRegister) refers to sd.o(i.SD_ReadByte) for SD_ReadByte
    sd.o(i.SD_GetCSDRegister) refers to sd.o(i.SD_WriteByte) for SD_WriteByte
    sd.o(i.SD_GetCSDRegister) refers to stm32f37x_gpio.o(i.GPIO_SetBits) for GPIO_SetBits
    sd.o(i.SD_GetCardInfo) refers to sd.o(i.SD_GetCSDRegister) for SD_GetCSDRegister
    sd.o(i.SD_GetCardInfo) refers to sd.o(i.SD_GetCIDRegister) for SD_GetCIDRegister
    sd.o(i.SD_GetDataResponse) refers to sd.o(i.SD_ReadByte) for SD_ReadByte
    sd.o(i.SD_GetResponse) refers to sd.o(i.SD_ReadByte) for SD_ReadByte
    sd.o(i.SD_GetStatus) refers to stm32f37x_gpio.o(i.GPIO_ResetBits) for GPIO_ResetBits
    sd.o(i.SD_GetStatus) refers to sd.o(i.SD_SendCmd) for SD_SendCmd
    sd.o(i.SD_GetStatus) refers to sd.o(i.SD_ReadByte) for SD_ReadByte
    sd.o(i.SD_GetStatus) refers to stm32f37x_gpio.o(i.GPIO_SetBits) for GPIO_SetBits
    sd.o(i.SD_GetStatus) refers to sd.o(i.SD_WriteByte) for SD_WriteByte
    sd.o(i.SD_GoIdleState) refers to stm32f37x_gpio.o(i.GPIO_ResetBits) for GPIO_ResetBits
    sd.o(i.SD_GoIdleState) refers to sd.o(i.SD_SendCmd) for SD_SendCmd
    sd.o(i.SD_GoIdleState) refers to sd.o(i.SD_GetResponse) for SD_GetResponse
    sd.o(i.SD_GoIdleState) refers to stm32f37x_gpio.o(i.GPIO_SetBits) for GPIO_SetBits
    sd.o(i.SD_GoIdleState) refers to sd.o(i.SD_WriteByte) for SD_WriteByte
    sd.o(i.SD_Init) refers to sd.o(i.SD_SPI_Init) for SD_SPI_Init
    sd.o(i.SD_Init) refers to stm32f37x_gpio.o(i.GPIO_SetBits) for GPIO_SetBits
    sd.o(i.SD_Init) refers to sd.o(i.SD_WriteByte) for SD_WriteByte
    sd.o(i.SD_Init) refers to sd.o(i.SD_GoIdleState) for SD_GoIdleState
    sd.o(i.SD_ReadBlock) refers to stm32f37x_gpio.o(i.GPIO_ResetBits) for GPIO_ResetBits
    sd.o(i.SD_ReadBlock) refers to sd.o(i.SD_SendCmd) for SD_SendCmd
    sd.o(i.SD_ReadBlock) refers to sd.o(i.SD_GetResponse) for SD_GetResponse
    sd.o(i.SD_ReadBlock) refers to sd.o(i.SD_ReadByte) for SD_ReadByte
    sd.o(i.SD_ReadBlock) refers to stm32f37x_gpio.o(i.GPIO_SetBits) for GPIO_SetBits
    sd.o(i.SD_ReadBlock) refers to sd.o(i.SD_WriteByte) for SD_WriteByte
    sd.o(i.SD_ReadByte) refers to stm32f37x_spi.o(i.SPI_I2S_GetFlagStatus) for SPI_I2S_GetFlagStatus
    sd.o(i.SD_ReadByte) refers to stm32f37x_spi.o(i.SPI_SendData8) for SPI_SendData8
    sd.o(i.SD_ReadByte) refers to stm32f37x_spi.o(i.SPI_ReceiveData8) for SPI_ReceiveData8
    sd.o(i.SD_ReadMultiBlocks) refers to stm32f37x_gpio.o(i.GPIO_ResetBits) for GPIO_ResetBits
    sd.o(i.SD_ReadMultiBlocks) refers to sd.o(i.SD_SendCmd) for SD_SendCmd
    sd.o(i.SD_ReadMultiBlocks) refers to sd.o(i.SD_GetResponse) for SD_GetResponse
    sd.o(i.SD_ReadMultiBlocks) refers to sd.o(i.SD_ReadByte) for SD_ReadByte
    sd.o(i.SD_ReadMultiBlocks) refers to stm32f37x_gpio.o(i.GPIO_SetBits) for GPIO_SetBits
    sd.o(i.SD_ReadMultiBlocks) refers to sd.o(i.SD_WriteByte) for SD_WriteByte
    sd.o(i.SD_SPI_Init) refers to stm32f37x_rcc.o(i.RCC_AHBPeriphClockCmd) for RCC_AHBPeriphClockCmd
    sd.o(i.SD_SPI_Init) refers to stm32f37x_rcc.o(i.RCC_APB1PeriphClockCmd) for RCC_APB1PeriphClockCmd
    sd.o(i.SD_SPI_Init) refers to stm32f37x_gpio.o(i.GPIO_Init) for GPIO_Init
    sd.o(i.SD_SPI_Init) refers to stm32f37x_gpio.o(i.GPIO_PinAFConfig) for GPIO_PinAFConfig
    sd.o(i.SD_SPI_Init) refers to stm32f37x_spi.o(i.SPI_Init) for SPI_Init
    sd.o(i.SD_SPI_Init) refers to stm32f37x_spi.o(i.SPI_RxFIFOThresholdConfig) for SPI_RxFIFOThresholdConfig
[...]
    __sigvec_lookup                           - Undefined Weak Reference
    _atexit_init                              - Undefined Weak Reference
    _call_atexit_fns                          - Undefined Weak Reference
    _clock_init                               - Undefined Weak Reference
    _fp_trap_init                             - Undefined Weak Reference
    _fp_trap_shutdown                         - Undefined Weak Reference
    _get_lc_collate                           - Undefined Weak Reference
    _get_lc_ctype                             - Undefined Weak Reference
    _get_lc_monetary                          - Undefined Weak Reference
    _get_lc_numeric                           - Undefined Weak Reference
    _get_lc_time                              - Undefined Weak Reference
    _getenv_init                              - Undefined Weak Reference
    _handle_redirection                       - Undefined Weak Reference
    _init_alloc                               - Undefined Weak Reference
    _init_user_alloc                          - Undefined Weak Reference
    _initio                                   - Undefined Weak Reference
    _rand_init                                - Undefined Weak Reference
    _signal_finish                            - Undefined Weak Reference
    _signal_init                              - Undefined Weak Reference
    _terminate_alloc                          - Undefined Weak Reference
    _terminate_user_alloc                     - Undefined Weak Reference
    _terminateio                              - Undefined Weak Reference
    __Vectors_Size                           0x00000188   Number         0  startup_stm32f37x.o ABSOLUTE
    __Vectors                                0x08000000   Data           4  startup_stm32f37x.o(RESET)
    __Vectors_End                            0x08000188   Data           0  startup_stm32f37x.o(RESET)
    __main                                   0x08000189   Thumb Code     8  __main.o(!!!main)
    __scatterload                            0x08000191   Thumb Code     0  __scatter.o(!!!scatter)
    __scatterload_rt2                        0x08000191   Thumb Code    44  __scatter.o(!!!scatter)
    __scatterload_rt2_thumb_only             0x08000191   Thumb Code     0  __scatter.o(!!!scatter)
    __scatterload_null                       0x0800019f   Thumb Code     0  __scatter.o(!!!scatter)
    __decompress                             0x080001c5   Thumb Code    58  __dczerorl.o(!!dczerorl)
    __decompress0                            0x080001c5   Thumb Code     0  __dczerorl.o(!!dczerorl)
    __scatterload_zeroinit                   0x08000201   Thumb Code    28  __scatter_zi.o(!!handler_zi)
    __rt_lib_init                            0x0800021d   Thumb Code     0  libinit.o(.ARM.Collect$$libinit$$00000000)
    __rt_lib_init_fp_1                       0x0800021f   Thumb Code     0  libinit2.o(.ARM.Collect$$libinit$$00000001)
    __rt_lib_init_alloca_1                   0x08000223   Thumb Code     0  libinit2.o(.ARM.Collect$$libinit$$0000002E)
    __rt_lib_init_argv_1                     0x08000223   Thumb Code     0  libinit2.o(.ARM.Collect$$libinit$$0000002C)
    __rt_lib_init_atexit_1                   0x08000223   Thumb Code     0  libinit2.o(.ARM.Collect$$libinit$$0000001B)
    __rt_lib_init_clock_1                    0x08000223   Thumb Code     0  libinit2.o(.ARM.Collect$$libinit$$00000021)
    __rt_lib_init_cpp_1                      0x08000223   Thumb Code     0  libinit2.o(.ARM.Collect$$libinit$$00000032)
    __rt_lib_init_exceptions_1               0x08000223   Thumb Code     0  libinit2.o(.ARM.Collect$$libinit$$00000030)
    __rt_lib_init_fp_trap_1                  0x08000223   Thumb Code     0  libinit2.o(.ARM.Collect$$libinit$$0000001F)
    __rt_lib_init_getenv_1                   0x08000223   Thumb Code     0  libinit2.o(.ARM.Collect$$libinit$$00000023)
    __rt_lib_init_heap_1                     0x08000223   Thumb Code     0  libinit2.o(.ARM.Collect$$libinit$$0000000A)
    __rt_lib_init_lc_collate_1               0x08000223   Thumb Code     0  libinit2.o(.ARM.Collect$$libinit$$00000011)
    __rt_lib_init_lc_ctype_1                 0x08000223   Thumb Code     0  libinit2.o(.ARM.Collect$$libinit$$00000013)
    __rt_lib_init_lc_monetary_1              0x08000223   Thumb Code     0  libinit2.o(.ARM.Collect$$libinit$$00000015)
    __rt_lib_init_lc_numeric_1               0x08000223   Thumb Code     0  libinit2.o(.ARM.Collect$$libinit$$00000017)
    __rt_lib_init_lc_time_1                  0x08000223   Thumb Code     0  libinit2.o(.ARM.Collect$$libinit$$00000019)
    __rt_lib_init_preinit_1                  0x08000223   Thumb Code     0  libinit2.o(.ARM.Collect$$libinit$$00000004)
    __rt_lib_init_rand_1                     0x08000223   Thumb Code     0  libinit2.o(.ARM.Collect$$libinit$$0000000E)
    __rt_lib_init_return                     0x08000223   Thumb Code     0  libinit2.o(.ARM.Collect$$libinit$$00000033)
    __rt_lib_init_signal_1                   0x08000223   Thumb Code     0  libinit2.o(.ARM.Collect$$libinit$$0000001D)
    __rt_lib_init_stdio_1                    0x08000223   Thumb Code     0  libinit2.o(.ARM.Collect$$libinit$$00000025)
    __rt_lib_init_user_alloc_1               0x08000223   Thumb Code     0  libinit2.o(.ARM.Collect$$libinit$$0000000C)
    __rt_lib_shutdown                        0x08000225   Thumb Code     0  libshutdown.o(.ARM.Collect$$libshutdown$$00000000)
    __rt_lib_shutdown_cpp_1                  0x08000227   Thumb Code     0  libshutdown2.o(.ARM.Collect$$libshutdown$$00000002)
    __rt_lib_shutdown_fp_trap_1              0x08000227   Thumb Code     0  libshutdown2.o(.ARM.Collect$$libshutdown$$00000007)
    __rt_lib_shutdown_heap_1                 0x08000227   Thumb Code     0  libshutdown2.o(.ARM.Collect$$libshutdown$$0000000F)
    __rt_lib_shutdown_return                 0x08000227   Thumb Code     0  libshutdown2.o(.ARM.Collect$$libshutdown$$00000010)
    __rt_lib_shutdown_signal_1               0x08000227   Thumb Code     0  libshutdown2.o(.ARM.Collect$$libshutdown$$0000000A)
    __rt_lib_shutdown_stdio_1                0x08000227   Thumb Code     0  libshutdown2.o(.ARM.Collect$$libshutdown$$00000004)
    __rt_lib_shutdown_user_alloc_1           0x08000227   Thumb Code     0  libshutdown2.o(.ARM.Collect$$libshutdown$$0000000C)
    __rt_entry                               0x08000229   Thumb Code     0  __rtentry.o(.ARM.Collect$$rtentry$$00000000)
    __rt_entry_presh_1                       0x08000229   Thumb Code     0  __rtentry2.o(.ARM.Collect$$rtentry$$00000002)
    __rt_entry_sh                            0x08000229   Thumb Code     0  __rtentry4.o(.ARM.Collect$$rtentry$$00000004)
    __rt_entry_li                            0x0800022f   Thumb Code     0  __rtentry2.o(.ARM.Collect$$rtentry$$0000000A)
    __rt_entry_postsh_1                      0x0800022f   Thumb Code     0  __rtentry2.o(.ARM.Collect$$rtentry$$00000009)
    __rt_entry_main                          0x08000233   Thumb Code     0  __rtentry2.o(.ARM.Collect$$rtentry$$0000000D)
    __rt_entry_postli_1                      0x08000233   Thumb Code     0  __rtentry2.o(.ARM.Collect$$rtentry$$0000000C)
    __rt_exit                                0x0800023b   Thumb Code     0  rtexit.o(.ARM.Collect$$rtexit$$00000000)
    __rt_exit_ls                             0x0800023d   Thumb Code     0  rtexit2.o(.ARM.Collect$$rtexit$$00000003)
    __rt_exit_prels_1                        0x0800023d   Thumb Code     0  rtexit2.o(.ARM.Collect$$rtexit$$00000002)
    __rt_exit_exit                           0x08000241   Thumb Code     0  rtexit2.o(.ARM.Collect$$rtexit$$00000004)
    Reset_Handler                            0x08000249   Thumb Code     8  startup_stm32f37x.o(.text)
    ADC1_IRQHandler                          0x08000263   Thumb Code     0  startup_stm32f37x.o(.text)
    CAN1_RX1_IRQHandler                      0x08000263   Thumb Code     0  startup_stm32f37x.o(.text)
    CAN1_SCE_IRQHandler                      0x08000263   Thumb Code     0  startup_stm32f37x.o(.text)
    CAN1_TX_IRQHandler                       0x08000263   Thumb Code     0  startup_stm32f37x.o(.text)
    CEC_IRQHandler                           0x08000263   Thumb Code     0  startup_stm32f37x.o(.text)
    COMP_IRQHandler                          0x08000263   Thumb Code     0  startup_stm32f37x.o(.text)
    DMA1_Channel1_IRQHandler                 0x08000263   Thumb Code     0  startup_stm32f37x.o(.text)
    DMA1_Channel2_IRQHandler                 0x08000263   Thumb Code     0  startup_stm32f37x.o(.text)
    DMA1_Channel3_IRQHandler                 0x08000263   Thumb Code     0  startup_stm32f37x.o(.text)
    DMA1_Channel4_IRQHandler                 0x08000263   Thumb Code     0  startup_stm32f37x.o(.text)
    DMA1_Channel5_IRQHandler                 0x08000263   Thumb Code     0  startup_stm32f37x.o(.text)
    DMA1_Channel6_IRQHandler                 0x08000263   Thumb Code     0  startup_stm32f37x.o(.text)
    DMA1_Channel7_IRQHandler                 0x08000263   Thumb Code     0  startup_stm32f37x.o(.text)
    DMA2_Channel4_IRQHandler                 0x08000263   Thumb Code     0  startup_stm32f37x.o(.text)
    DMA2_Channel5_IRQHandler                 0x08000263   Thumb Code     0  startup_stm32f37x.o(.text)
    EXTI0_IRQHandler                         0x08000263   Thumb Code     0  startup_stm32f37x.o(.text)
    EXTI1_IRQHandler                         0x08000263   Thumb Code     0  startup_stm32f37x.o(.text)
    EXTI2_TS_IRQHandler                      0x08000263   Thumb Code     0  startup_stm32f37x.o(.text)
    EXTI3_IRQHandler                         0x08000263   Thumb Code     0  startup_stm32f37x.o(.text)
    FLASH_IRQHandler                         0x08000263   Thumb Code     0  startup_stm32f37x.o(.text)
    FPU_IRQHandler                           0x08000263   Thumb Code     0  startup_stm32f37x.o(.text)
    I2C1_ER_IRQHandler                       0x08000263   Thumb Code     0  startup_stm32f37x.o(.text)
    I2C1_EV_IRQHandler                       0x08000263   Thumb Code     0  startup_stm32f37x.o(.text)
    I2C2_ER_IRQHandler                       0x08000263   Thumb Code     0  startup_stm32f37x.o(.text)
    I2C2_EV_IRQHandler                       0x08000263   Thumb Code     0  startup_stm32f37x.o(.text)
    PVD_IRQHandler                           0x08000263   Thumb Code     0  startup_stm32f37x.o(.text)
    RCC_IRQHandler                           0x08000263   Thumb Code     0  startup_stm32f37x.o(.text)
    RTC_Alarm_IRQHandler                     0x08000263   Thumb Code     0  startup_stm32f37x.o(.text)
    RTC_WKUP_IRQHandler                      0x08000263   Thumb Code     0  startup_stm32f37x.o(.text)
    SPI3_IRQHandler                          0x08000263   Thumb Code     0  startup_stm32f37x.o(.text)
    TAMPER_STAMP_IRQHandler                  0x08000263   Thumb Code     0  startup_stm32f37x.o(.text)
    TIM13_IRQHandler                         0x08000263   Thumb Code     0  startup_stm32f37x.o(.text)
    TIM14_IRQHandler                         0x08000263   Thumb Code     0  startup_stm32f37x.o(.text)
    TIM15_IRQHandler                         0x08000263   Thumb Code     0  startup_stm32f37x.o(.text)
    TIM16_IRQHandler                         0x08000263   Thumb Code     0  startup_stm32f37x.o(.text)
    TIM17_IRQHandler                         0x08000263   Thumb Code     0  startup_stm32f37x.o(.text)
    TIM18_DAC2_IRQHandler                    0x08000263   Thumb Code     0  startup_stm32f37x.o(.text)
    TIM4_IRQHandler                          0x08000263   Thumb Code     0  startup_stm32f37x.o(.text)
    TIM6_DAC1_IRQHandler                     0x08000263   Thumb Code     0  startup_stm32f37x.o(.text)
    TIM7_IRQHandler                          0x08000263   Thumb Code     0  startup_stm32f37x.o(.text)
    USART1_IRQHandler                        0x08000263   Thumb Code     0  startup_stm32f37x.o(.text)
    USART2_IRQHandler                        0x08000263   Thumb Code     0  startup_stm32f37x.o(.text)
    USBWakeUp_IRQHandler                     0x08000263   Thumb Code     0  startup_stm32f37x.o(.text)
    USB_HP_IRQHandler                        0x08000263   Thumb Code     0  startup_stm32f37x.o(.text)
    USB_LP_IRQHandler                        0x08000263   Thumb Code     0  startup_stm32f37x.o(.text)
    WWDG_IRQHandler                          0x08000263   Thumb Code     0  startup_stm32f37x.o(.text)
    __user_initial_stackheap                 0x08000265   Thumb Code     0  startup_stm32f37x.o(.text)
    __use_two_region_memory                  0x08000289   Thumb Code     2  heapauxi.o(.text)
    __rt_heap_escrow$2region                 0x0800028b   Thumb Code     2  heapauxi.o(.text)
    __rt_heap_expand$2region                 0x0800028d   Thumb Code     2  heapauxi.o(.text)
    __user_setup_stackheap                   0x0800028f   Thumb Code    74  sys_stackheap_outer.o(.text)
    exit                                     0x080002d9   Thumb Code    18  exit.o(.text)
    __user_libspace                          0x080002ed   Thumb Code     8  libspace.o(.text)
    __user_perproc_libspace                  0x080002ed   Thumb Code     0  libspace.o(.text)
    __user_perthread_libspace                0x080002ed   Thumb Code     0  libspace.o(.text)
    _sys_exit                                0x080002f5   Thumb Code     8  sys_exit.o(.text)
    __I$use$semihosting                      0x08000301   Thumb Code     0  use_no_semi.o(.text)
    __use_no_semihosting_swi                 0x08000301   Thumb Code     2  use_no_semi.o(.text)
    __semihosting_library_function           0x08000303   Thumb Code     0  indicate_semi.o(.text)
    ADC13_Init                               0x08000305   Thumb Code   166  main.o(i.ADC13_Init)
    ADC_Cmd                                  0x080003b5   Thumb Code    22  stm32f37x_adc.o(i.ADC_Cmd)
    ADC_DeInit                               0x080003cb   Thumb Code    24  stm32f37x_adc.o(i.ADC_DeInit)
    ADC_GetCalibrationStatus                 0x080003e3   Thumb Code    20  stm32f37x_adc.o(i.ADC_GetCalibrationStatus)
    ADC_GetConversionValue                   0x080003f7   Thumb Code     8  stm32f37x_adc.o(i.ADC_GetConversionValue)
    ADC_GetFlagStatus                        0x080003ff   Thumb Code    18  stm32f37x_adc.o(i.ADC_GetFlagStatus)
    ADC_GetResetCalibrationStatus            0x08000411   Thumb Code    20  stm32f37x_adc.o(i.ADC_GetResetCalibrationStatus)
    ADC_Init                                 0x08000425   Thumb Code    70  stm32f37x_adc.o(i.ADC_Init)
    ADC_RegularChannelConfig                 0x08000471   Thumb Code   184  stm32f37x_adc.o(i.ADC_RegularChannelConfig)
    ADC_ResetCalibration                     0x08000529   Thumb Code    10  stm32f37x_adc.o(i.ADC_ResetCalibration)
    ADC_StartCalibration                     0x08000533   Thumb Code    10  stm32f37x_adc.o(i.ADC_StartCalibration)
    ADC_StructInit                           0x0800053d   Thumb Code    16  stm32f37x_adc.o(i.ADC_StructInit)
    BusFault_Handler                         0x0800054d   Thumb Code     4  stm32f37x_it.o(i.BusFault_Handler)
    CAN1_RX0_IRQHandler                      0x08000551   Thumb Code    38  stm32f37x_it.o(i.CAN1_RX0_IRQHandler)
    CAN1_Receive_Msg                         0x08000589   Thumb Code   398  can.o(i.CAN1_Receive_Msg)
    CAN1_Send_Msg                            0x08000751   Thumb Code   172  can.o(i.CAN1_Send_Msg)
    CAN_Config                               0x0800080d   Thumb Code   246  can.o(i.CAN_Config)
    CAN_DeInit                               0x0800090d   Thumb Code    30  stm32f37x_can.o(i.CAN_DeInit)
    CAN_FilterInit                           0x08000931   Thumb Code   258  stm32f37x_can.o(i.CAN_FilterInit)
    CAN_ITConfig                             0x08000a39   Thumb Code    18  stm32f37x_can.o(i.CAN_ITConfig)
    CAN_Init                                 0x08000a4b   Thumb Code   276  stm32f37x_can.o(i.CAN_Init)
    CAN_MessagePending                       0x08000b5f   Thumb Code    30  stm32f37x_can.o(i.CAN_MessagePending)
    CAN_Receive                              0x08000b7d   Thumb Code   240  stm32f37x_can.o(i.CAN_Receive)
    CAN_StructInit                           0x08000c6d   Thumb Code    32  stm32f37x_can.o(i.CAN_StructInit)
    CAN_Transmit                             0x08000c8d   Thumb Code   296  stm32f37x_can.o(i.CAN_Transmit)
    CAN_TransmitStatus                       0x08000db5   Thumb Code   138  stm32f37x_can.o(i.CAN_TransmitStatus)
    CCP_Build_Chksum                         0x08000e55   Thumb Code    68  ccp2mem.o(i.CCP_Build_Chksum)
    CCP_Clear_Memory                         0x08000ea1   Thumb Code   142  ccp2mem.o(i.CCP_Clear_Memory)
    CCP_Command_Unavailable                  0x08000f51   Thumb Code     4  ccp2conf.o(i.CCP_Command_Unavailable)
    CCP_Connect                              0x08000f55   Thumb Code   114  ccp2mode.o(i.CCP_Connect)
    CCP_Disconnect                           0x08000fcd   Thumb Code   140  ccp2mode.o(i.CCP_Disconnect)
    CCP_Dnload                               0x0800105d   Thumb Code    14  ccp2mem.o(i.CCP_Dnload)
    CCP_Dnload_6                             0x08001071   Thumb Code    12  ccp2mem.o(i.CCP_Dnload_6)
    CCP_Exchange_ID                          0x0800107d   Thumb Code    28  ccp2conf.o(i.CCP_Exchange_ID)
    CCP_Get_Active_Cal_Page                  0x080010a1   Thumb Code    10  ccp2conf.o(i.CCP_Get_Active_Cal_Page)
    CCP_Get_CCP_Version                      0x080010b1   Thumb Code    14  ccp2mode.o(i.CCP_Get_CCP_Version)
    CCP_Get_DAQ_Size                         0x080010c5   Thumb Code   158  ccp2daq.o(i.CCP_Get_DAQ_Size)
    CCP_Get_S_Status                         0x08001171   Thumb Code    16  ccp2mode.o(i.CCP_Get_S_Status)
    CCP_Get_Seed                             0x08001185   Thumb Code    10  ccp2mode.o(i.CCP_Get_Seed)
    CCP_Initialize                           0x08001195   Thumb Code    28  ccp2main.o(i.CCP_Initialize)
    CCP_Initialize_Resume_Data               0x080011b5   Thumb Code    20  ccp2daq.o(i.CCP_Initialize_Resume_Data)
    CCP_Initialize_User                      0x080011cd   Thumb Code    44  ccp2conf.o(i.CCP_Initialize_User)
    CCP_Location_Of_Address_User             0x08001205   Thumb Code    86  ccp2conf.o(i.CCP_Location_Of_Address_User)
    CCP_Move                                 0x0800126d   Thumb Code    78  ccp2mem.o(i.CCP_Move)
    CCP_Program                              0x080012c5   Thumb Code    14  ccp2mem.o(i.CCP_Program)
    CCP_Program_6                            0x080012d9   Thumb Code    12  ccp2mem.o(i.CCP_Program_6)
    CCP_Read_From_REGISTER_Memory_User       0x080012e5   Thumb Code     6  ccp2conf.o(i.CCP_Read_From_REGISTER_Memory_User)
    CCP_Read_Session_Status_User             0x080013a9   Thumb Code     6  ccp2conf.o(i.CCP_Read_Session_Status_User)
    CCP_Select_Cal_Page                      0x080013b5   Thumb Code     6  ccp2conf.o(i.CCP_Select_Cal_Page)
    CCP_Set_DAQ_Ptr                          0x080013bd   Thumb Code    34  ccp2daq.o(i.CCP_Set_DAQ_Ptr)
    CCP_Set_MTA                              0x080013e5   Thumb Code    14  ccp2mem.o(i.CCP_Set_MTA)
    CCP_Set_S_Status                         0x080013f9   Thumb Code   112  ccp2mode.o(i.CCP_Set_S_Status)
    CCP_Set_S_Status_User                    0x0800146d   Thumb Code    68  ccp2conf.o(i.CCP_Set_S_Status_User)
    CCP_Short_Up                             0x080014bd   Thumb Code    60  ccp2mem.o(i.CCP_Short_Up)
    CCP_Start_Stop                           0x080014fd   Thumb Code   208  ccp2daq.o(i.CCP_Start_Stop)
    CCP_Start_Stop_All                       0x080015d9   Thumb Code    82  ccp2daq.o(i.CCP_Start_Stop_All)
    CCP_Store_Resume_Data                    0x08001635   Thumb Code   160  ccp2daq.o(i.CCP_Store_Resume_Data)
    CCP_Unlock                               0x080016e1   Thumb Code    10  ccp2mode.o(i.CCP_Unlock)
    CCP_Upload                               0x080016f1   Thumb Code    64  ccp2mem.o(i.CCP_Upload)
    CCP_Write_DAQ                            0x08001739   Thumb Code   140  ccp2daq.o(i.CCP_Write_DAQ)
    CCP_Write_To_REGISTER_Memory_User        0x080017cd   Thumb Code     6  ccp2conf.o(i.CCP_Write_To_REGISTER_Memory_User)
    DAC_Cmd                                  0x0800182d   Thumb Code    28  stm32f37x_dac.o(i.DAC_Cmd)
    DAC_Config                               0x08001849   Thumb Code    86  main.o(i.DAC_Config)
    DAC_Init                                 0x080018a5   Thumb Code    42  stm32f37x_dac.o(i.DAC_Init)
    DAC_SetChannel1Data                      0x080018cf   Thumb Code    24  stm32f37x_dac.o(i.DAC_SetChannel1Data)
    DMA2_Channel1_IRQHandler                 0x0800190d   Thumb Code    26  stm32f37x_it.o(i.DMA2_Channel1_IRQHandler)
    DMA2_Channel2_IRQHandler                 0x08001931   Thumb Code    26  stm32f37x_it.o(i.DMA2_Channel2_IRQHandler)
    DMA2_Channel3_IRQHandler                 0x08001955   Thumb Code    26  stm32f37x_it.o(i.DMA2_Channel3_IRQHandler)
    DebugMon_Handler                         0x08001979   Thumb Code     2  stm32f37x_it.o(i.DebugMon_Handler)
    Delay_ms                                 0x0800197d   Thumb Code    20  systick.o(i.Delay_ms)
    EXTI15_10_IRQHandler                     0x080019dd   Thumb Code    98  stm32f37x_it.o(i.EXTI15_10_IRQHandler)
    EXTI4_IRQHandler                         0x08001a4d   Thumb Code    94  stm32f37x_it.o(i.EXTI4_IRQHandler)
    EXTI9_5_IRQHandler                       0x08001abd   Thumb Code    18  stm32f37x_it.o(i.EXTI9_5_IRQHandler)
    EXTI_ClearITPendingBit                   0x08001ad1   Thumb Code     6  stm32f37x_exti.o(i.EXTI_ClearITPendingBit)
    EXTI_GetITStatus                         0x08001add   Thumb Code    34  stm32f37x_exti.o(i.EXTI_GetITStatus)
    FLASH_ErasePage                          0x08001b09   Thumb Code    70  stm32f37x_flash.o(i.FLASH_ErasePage)
    FLASH_GetStatus                          0x08001b55   Thumb Code    48  stm32f37x_flash.o(i.FLASH_GetStatus)
    FLASH_Lock                               0x08001b89   Thumb Code    14  stm32f37x_flash.o(i.FLASH_Lock)
    FLASH_ProgramHalfWord                    0x08001b9d   Thumb Code    62  stm32f37x_flash.o(i.FLASH_ProgramHalfWord)
    FLASH_Unlock                             0x08001be1   Thumb Code    22  stm32f37x_flash.o(i.FLASH_Unlock)
    FLASH_WaitForLastOperation               0x08001c05   Thumb Code    38  stm32f37x_flash.o(i.FLASH_WaitForLastOperation)
    GPIO_Init                                0x08001c2b   Thumb Code   144  stm32f37x_gpio.o(i.GPIO_Init)
    GPIO_PinAFConfig                         0x08001cbb   Thumb Code    70  stm32f37x_gpio.o(i.GPIO_PinAFConfig)
    GPIO_ReadInputDataBit                    0x08001d01   Thumb Code    18  stm32f37x_gpio.o(i.GPIO_ReadInputDataBit)
    GPIO_ReadOutputDataBit                   0x08001d13   Thumb Code    18  stm32f37x_gpio.o(i.GPIO_ReadOutputDataBit)
    GPIO_ResetBits                           0x08001d25   Thumb Code     4  stm32f37x_gpio.o(i.GPIO_ResetBits)
    GPIO_SetBits                             0x08001d29   Thumb Code     4  stm32f37x_gpio.o(i.GPIO_SetBits)
    GPIO_WriteBit                            0x08001d2d   Thumb Code    10  stm32f37x_gpio.o(i.GPIO_WriteBit)
    HardFault_Handler                        0x08001d37   Thumb Code     4  stm32f37x_it.o(i.HardFault_Handler)
    IO_Configuration_base                    0x08001d3d   Thumb Code   106  main.o(i.IO_Configuration_base)
    Initialize_DAQ_Parameters                0x08001dd9   Thumb Code    26  ccp2daq.o(i.Initialize_DAQ_Parameters)
    MemManage_Handler                        0x08001df3   Thumb Code     4  stm32f37x_it.o(i.MemManage_Handler)
    Move_MTA                                 0x08001ef1   Thumb Code    40  ccp2mem.o(i.Move_MTA)
    NMI_Handler                              0x08001f1d   Thumb Code     2  stm32f37x_it.o(i.NMI_Handler)
    NVIC_Init                                0x08001f21   Thumb Code   100  stm32f37x_misc.o(i.NVIC_Init)
    PWR_SDADCAnalogCmd                       0x08001ffd   Thumb Code    26  stm32f37x_pwr.o(i.PWR_SDADCAnalogCmd)
    PendSV_Handler                           0x0800201d   Thumb Code     2  stm32f37x_it.o(i.PendSV_Handler)
    RCC_ADCCLKConfig                         0x08002091   Thumb Code    22  stm32f37x_rcc.o(i.RCC_ADCCLKConfig)
    RCC_AHBPeriphClockCmd                    0x080020ad   Thumb Code    26  stm32f37x_rcc.o(i.RCC_AHBPeriphClockCmd)
    RCC_APB1PeriphClockCmd                   0x080020cd   Thumb Code    26  stm32f37x_rcc.o(i.RCC_APB1PeriphClockCmd)
    RCC_APB1PeriphResetCmd                   0x080020ed   Thumb Code    26  stm32f37x_rcc.o(i.RCC_APB1PeriphResetCmd)
    RCC_APB2PeriphClockCmd                   0x0800210d   Thumb Code    26  stm32f37x_rcc.o(i.RCC_APB2PeriphClockCmd)
    RCC_APB2PeriphResetCmd                   0x0800212d   Thumb Code    26  stm32f37x_rcc.o(i.RCC_APB2PeriphResetCmd)
    RCC_GetClocksFreq                        0x0800214d   Thumb Code   504  stm32f37x_rcc.o(i.RCC_GetClocksFreq)
    RCC_SDADCCLKConfig                       0x0800235d   Thumb Code    22  stm32f37x_rcc.o(i.RCC_SDADCCLKConfig)
    RTE_INITIAL                              0x08002379   Thumb Code   106  main.o(i.RTE_INITIAL)
    SDADC1_IRQHandler                        0x08002521   Thumb Code     2  stm32f37x_it.o(i.SDADC1_IRQHandler)
    SDADC2_Config                            0x08002525   Thumb Code   294  sdadc.o(i.SDADC2_Config)
    SDADC2_IRQHandler                        0x08002661   Thumb Code    60  stm32f37x_it.o(i.SDADC2_IRQHandler)
    SDADC3_IRQHandler                        0x080026b5   Thumb Code    60  stm32f37x_it.o(i.SDADC3_IRQHandler)
    SDADC_AINInit                            0x08002709   Thumb Code    30  stm32f37x_sdadc.o(i.SDADC_AINInit)
    SDADC_CalibrationSequenceConfig          0x08002727   Thumb Code    14  stm32f37x_sdadc.o(i.SDADC_CalibrationSequenceConfig)
    SDADC_ChannelConfig                      0x08002735   Thumb Code    30  stm32f37x_sdadc.o(i.SDADC_ChannelConfig)
    SDADC_Cmd                                0x08002759   Thumb Code    22  stm32f37x_sdadc.o(i.SDADC_Cmd)
    SDADC_DeInit                             0x08002771   Thumb Code    76  stm32f37x_sdadc.o(i.SDADC_DeInit)
    SDADC_GetFlagStatus                      0x080027c5   Thumb Code    18  stm32f37x_sdadc.o(i.SDADC_GetFlagStatus)
    SDADC_GetInjectedConversionValue         0x080027d9   Thumb Code    30  stm32f37x_sdadc.o(i.SDADC_GetInjectedConversionValue)
    SDADC_ITConfig                           0x080027fd   Thumb Code    18  stm32f37x_sdadc.o(i.SDADC_ITConfig)
    SDADC_InitModeCmd                        0x0800280f   Thumb Code    22  stm32f37x_sdadc.o(i.SDADC_InitModeCmd)
    SDADC_InjectedChannelSelect              0x08002825   Thumb Code     6  stm32f37x_sdadc.o(i.SDADC_InjectedChannelSelect)
    SDADC_InjectedContinuousModeCmd          0x0800282b   Thumb Code    22  stm32f37x_sdadc.o(i.SDADC_InjectedContinuousModeCmd)
    SDADC_SoftwareStartInjectedConv          0x08002841   Thumb Code    10  stm32f37x_sdadc.o(i.SDADC_SoftwareStartInjectedConv)
    SDADC_StartCalibration                   0x0800284b   Thumb Code    10  stm32f37x_sdadc.o(i.SDADC_StartCalibration)
    SDADC_VREFSelect                         0x08002855   Thumb Code    16  stm32f37x_sdadc.o(i.SDADC_VREFSelect)
    SPI1_Configuration                       0x08002869   Thumb Code   306  main.o(i.SPI1_Configuration)
    SPI1_IRQHandler                          0x080029a9   Thumb Code   146  stm32f37x_it.o(i.SPI1_IRQHandler)
    SPI1_ReadByte                            0x08002a55   Thumb Code    40  stm32f37x_it.o(i.SPI1_ReadByte)
    SPI2_IRQHandler                          0x08002a81   Thumb Code    60  stm32f37x_it.o(i.SPI2_IRQHandler)
    SPI2_ReadByte                            0x08002ac9   Thumb Code    14  stm32f37x_it.o(i.SPI2_ReadByte)
    SPIByte                                  0x08002add   Thumb Code   110  main.o(i.SPIByte)
    SPI_Cmd                                  0x08002b51   Thumb Code    24  stm32f37x_spi.o(i.SPI_Cmd)
    SPI_I2S_DeInit                           0x08002b69   Thumb Code    76  stm32f37x_spi.o(i.SPI_I2S_DeInit)
    SPI_I2S_GetFlagStatus                    0x08002bc1   Thumb Code    18  stm32f37x_spi.o(i.SPI_I2S_GetFlagStatus)
    SPI_I2S_ITConfig                         0x08002bd3   Thumb Code    32  stm32f37x_spi.o(i.SPI_I2S_ITConfig)
    SPI_I2S_ReceiveData16                    0x08002bf3   Thumb Code     6  stm32f37x_spi.o(i.SPI_I2S_ReceiveData16)
    SPI_Init                                 0x08002bf9   Thumb Code    80  stm32f37x_spi.o(i.SPI_Init)
    SPI_ReceiveData8                         0x08002c49   Thumb Code    12  stm32f37x_spi.o(i.SPI_ReceiveData8)
    SPI_RxFIFOThresholdConfig                0x08002c55   Thumb Code    18  stm32f37x_spi.o(i.SPI_RxFIFOThresholdConfig)
    SPI_SendData8                            0x08002c67   Thumb Code    10  stm32f37x_spi.o(i.SPI_SendData8)
    STMFLASH_Read                            0x08002c71   Thumb Code    34  main.o(i.STMFLASH_Read)
    STMFLASH_ReadHalfWord                    0x08002c93   Thumb Code     6  main.o(i.STMFLASH_ReadHalfWord)
    STMFLASH_Write                           0x08002c99   Thumb Code   222  main.o(i.STMFLASH_Write)
    STMFLASH_Write_NoCheck                   0x08002d81   Thumb Code    38  main.o(i.STMFLASH_Write_NoCheck)
    SVC_Handler                              0x08002da7   Thumb Code     2  stm32f37x_it.o(i.SVC_Handler)
    SysTick_Handler                          0x08002e6d   Thumb Code     8  stm32f37x_it.o(i.SysTick_Handler)
    SystemInit                               0x08002e75   Thumb Code   110  system_stm32f37x.o(i.SystemInit)
    TIM12_IRQHandler                         0x08002ef5   Thumb Code   248  stm32f37x_it.o(i.TIM12_IRQHandler)
    TIM19_IRQHandler                         0x08002ffd   Thumb Code   496  stm32f37x_it.o(i.TIM19_IRQHandler)
    TIM2_IRQHandler                          0x080031fd   Thumb Code    36  stm32f37x_it.o(i.TIM2_IRQHandler)
    TIM3_IRQHandler                          0x08003225   Thumb Code     2  stm32f37x_it.o(i.TIM3_IRQHandler)
    TIM5_IRQHandler                          0x08003229   Thumb Code    30  stm32f37x_it.o(i.TIM5_IRQHandler)
    TIM_ClearFlag                            0x0800324d   Thumb Code     6  stm32f37x_tim.o(i.TIM_ClearFlag)
    TIM_ClearITPendingBit                    0x08003253   Thumb Code     6  stm32f37x_tim.o(i.TIM_ClearITPendingBit)
    TIM_Cmd                                  0x08003259   Thumb Code    24  stm32f37x_tim.o(i.TIM_Cmd)
    TIM_DeInit                               0x08003271   Thumb Code   348  stm32f37x_tim.o(i.TIM_DeInit)
    TIM_GetCapture1                          0x08003401   Thumb Code     6  stm32f37x_tim.o(i.TIM_GetCapture1)
    TIM_GetCapture2                          0x08003407   Thumb Code     6  stm32f37x_tim.o(i.TIM_GetCapture2)
    TIM_GetCapture3                          0x0800340d   Thumb Code     6  stm32f37x_tim.o(i.TIM_GetCapture3)
    TIM_GetCapture4                          0x08003413   Thumb Code     6  stm32f37x_tim.o(i.TIM_GetCapture4)
    TIM_GetITStatus                          0x08003419   Thumb Code    34  stm32f37x_tim.o(i.TIM_GetITStatus)
    TIM_ITConfig                             0x0800343b   Thumb Code    18  stm32f37x_tim.o(i.TIM_ITConfig)
    TIM_TimeBaseInit                         0x0800344d   Thumb Code   110  stm32f37x_tim.o(i.TIM_TimeBaseInit)
    TimingDelay_Decrement                    0x080034e5   Thumb Code    18  systick.o(i.TimingDelay_Decrement)
    USART3_IRQHandler                        0x080034fd   Thumb Code   202  stm32f37x_it.o(i.USART3_IRQHandler)
    USART_ClearFlag                          0x080035e9   Thumb Code     4  stm32f37x_usart.o(i.USART_ClearFlag)
    USART_ClearITPendingBit                  0x080035ed   Thumb Code    18  stm32f37x_usart.o(i.USART_ClearITPendingBit)
    USART_GetFlagStatus                      0x080035ff   Thumb Code    18  stm32f37x_usart.o(i.USART_GetFlagStatus)
    USART_GetITStatus                        0x08003611   Thumb Code    74  stm32f37x_usart.o(i.USART_GetITStatus)
    USART_ReceiveData                        0x0800365b   Thumb Code    10  stm32f37x_usart.o(i.USART_ReceiveData)
    UsageFault_Handler                       0x080036c9   Thumb Code     4  stm32f37x_it.o(i.UsageFault_Handler)
    main                                     0x0800383d   Thumb Code  3050  main.o(i.main)
    virtual_PWM_OUTPUT                       0x0800445d   Thumb Code    88  main.o(i.virtual_PWM_OUTPUT)
    __aeabi_d2f                              0x080044c1   Thumb Code     0  d2f.o(x$fpl$d2f)
    _d2f                                     0x080044c1   Thumb Code    98  d2f.o(x$fpl$d2f)
    __aeabi_dadd                             0x08004525   Thumb Code     0  daddsub_clz.o(x$fpl$dadd)
    _dadd                                    0x08004525   Thumb Code   332  daddsub_clz.o(x$fpl$dadd)
    __fpl_dcmp_Inf                           0x08004675   Thumb Code    24  dcmpi.o(x$fpl$dcmpinf)
    __aeabi_ddiv                             0x0800468d   Thumb Code     0  ddiv.o(x$fpl$ddiv)
    _ddiv                                    0x0800468d   Thumb Code   552  ddiv.o(x$fpl$ddiv)
    __aeabi_ui2d                             0x0800493d   Thumb Code     0  dflt_clz.o(x$fpl$dfltu)
    _dfltu                                   0x0800493d   Thumb Code    38  dflt_clz.o(x$fpl$dfltu)
    __aeabi_cdcmple                          0x08004965   Thumb Code     0  dleqf.o(x$fpl$dleqf)
    _dcmple                                  0x08004965   Thumb Code   120  dleqf.o(x$fpl$dleqf)
    __fpl_dcmple_InfNaN                      0x080049c7   Thumb Code     0  dleqf.o(x$fpl$dleqf)
    __aeabi_dmul                             0x080049dd   Thumb Code     0  dmul.o(x$fpl$dmul)
    _dmul                                    0x080049dd   Thumb Code   332  dmul.o(x$fpl$dmul)
    __fpl_dnaninf                            0x08004b31   Thumb Code   156  dnaninf.o(x$fpl$dnaninf)
    __fpl_dretinf                            0x08004bcd   Thumb Code    12  dretinf.o(x$fpl$dretinf)
    __aeabi_cdrcmple                         0x08004bd9   Thumb Code     0  drleqf.o(x$fpl$drleqf)
    _drcmple                                 0x08004bd9   Thumb Code   108  drleqf.o(x$fpl$drleqf)
    __aeabi_dsub                             0x08004c45   Thumb Code     0  daddsub_clz.o(x$fpl$dsub)
    _dsub                                    0x08004c45   Thumb Code   464  daddsub_clz.o(x$fpl$dsub)
    __aeabi_f2d                              0x08004e19   Thumb Code     0  f2d.o(x$fpl$f2d)
    _f2d                                     0x08004e19   Thumb Code    86  f2d.o(x$fpl$f2d)
    __fpl_fnaninf                            0x08004e6f   Thumb Code   140  fnaninf.o(x$fpl$fnaninf)
    _fp_init                                 0x08004efb   Thumb Code    10  fpinit.o(x$fpl$fpinit)
    __fplib_config_fpu_vfp                   0x08004f03   Thumb Code     0  fpinit.o(x$fpl$fpinit)
    __fplib_config_pureend_doubles           0x08004f03   Thumb Code     0  fpinit.o(x$fpl$fpinit)
    __fpl_fretinf                            0x08004f05   Thumb Code    10  fretinf.o(x$fpl$fretinf)
    __I$use$fp                               0x08004f0e   Number         0  usenofp.o(x$fpl$usenofp)
    CCP_COMMAND_FCN_PTR                      0x08004f10   Data         144  ccp2conf.o(.constdata)
    CCP_DAQ_Configuration                    0x08004fa0   Data          64  ccp2conf.o(.constdata)
    CAN_Transmit_Message_Parameter_Table     0x08005000   Data         420  io_can_config.o(.constdata)
    CAN_Receive_Message_Parameter_Table      0x080051a4   Data          16  io_can_config.o(.constdata)
    Region$$Table$$Base                      0x080051b4   Number         0  anon$$obj.o(Region$$Table)
    Region$$Table$$Limit                     0x080051d4   Number         0  anon$$obj.o(Region$$Table)
    VfStep_Count                             0x20000028   Data           2  stm32f37x_it.o(.data)
    VfStep_Count_pre                         0x2000002c   Data           4  stm32f37x_it.o(.data)
    Uart2_Rx                                 0x20000030   Data           1  stm32f37x_it.o(.data)
    Uart2_Tx                                 0x20000031   Data           1  stm32f37x_it.o(.data)
    Vbstarttoreceive                         0x20000032   Data           1  stm32f37x_it.o(.data)
    uart_length                              0x20000033   Data           1  stm32f37x_it.o(.data)
    VbRTI_enable                             0x20000034   Data           1  stm32f37x_it.o(.data)
    rxmsgisok                                0x20000035   Data           1  stm32f37x_it.o(.data)
    Uarttimeout                              0x20000038   Data           4  stm32f37x_it.o(.data)
    test1                                    0x2000003c   Data           4  stm32f37x_it.o(.data)
    test2                                    0x20000040   Data           4  stm32f37x_it.o(.data)
    test3                                    0x20000044   Data           4  stm32f37x_it.o(.data)
    count_temp                               0x20000048   Data           1  stm32f37x_it.o(.data)
    test_can                                 0x20000049   Data           1  stm32f37x_it.o(.data)
    received_msg                             0x2000004a   Data           8  stm32f37x_it.o(.data)
    UR                                       0x20000052   Data           2  stm32f37x_it.o(.data)
    UA                                       0x20000054   Data           2  stm32f37x_it.o(.data)
    AD11                                     0x20000056   Data           2  stm32f37x_it.o(.data)
    AD12                                     0x20000058   Data           2  stm32f37x_it.o(.data)
    SPI_feedback                             0x2000005a   Data           2  stm32f37x_it.o(.data)
    numbersdadc                              0x2000005c   Data           2  stm32f37x_it.o(.data)
    UR2_7                                    0x2000005e   Data           2  stm32f37x_it.o(.data)
    UA3_7                                    0x20000060   Data           2  stm32f37x_it.o(.data)
    UW3_5                                    0x20000062   Data           2  stm32f37x_it.o(.data)
    UC2_5                                    0x20000064   Data           2  stm32f37x_it.o(.data)
    UD_3_5                                   0x20000066   Data           2  stm32f37x_it.o(.data)
    Vbleft                                   0x20000068   Data           1  stm32f37x_it.o(.data)
    Vbright                                  0x20000069   Data           1  stm32f37x_it.o(.data)
    crc                                      0x2000006c   Data           2  can.o(.data)
    status                                   0x2000006e   Data           1  can.o(.data)
    ret                                      0x20000070   Data           4  can.o(.data)
    can_message_id1                          0x20000074   Data           4  can.o(.data)
    temp_float                               0x20000078   Data           4  can.o(.data)
    Rxmessage10                              0x2000007c   Data           8  can.o(.data)
    RxMessage1                               0x20000084   Data           8  can.o(.data)
    VbNew_Message_Received                   0x2000008c   Data           1  can.o(.data)
    VbNew_Message10_Received                 0x2000008d   Data           1  can.o(.data)
    VbSend_RD_DIAG                           0x2000008e   Data           1  can.o(.data)
    VbSend_WR_INIT1                          0x2000008f   Data           1  can.o(.data)
    VbSend_WR_INIT2                          0x20000090   Data           1  can.o(.data)
    VcWR_INIT1                               0x20000091   Data           1  can.o(.data)
    VcWR_INIT2                               0x20000092   Data           1  can.o(.data)
    temp_count                               0x20000094   Data           4  main.o(.data)
    FLASHStatus                              0x20000098   Data           1  main.o(.data)
    InjectedConvData                         0x2000009a   Data           2  main.o(.data)
    InjectedConvData2                        0x2000009c   Data           2  main.o(.data)
    Output_V                                 0x2000009e   Data           2  main.o(.data)
    TimingDelay                              0x200000a0   Data           4  main.o(.data)
    test_dlc                                 0x200000a4   Data           8  main.o(.data)
    state_key                                0x200000ac   Data           1  main.o(.data)
    start_time                               0x200000b0   Data           4  main.o(.data)
    Vbfirst_run                              0x200000b4   Data           1  main.o(.data)
    htr_loop                                 0x200000b5   Data           1  main.o(.data)
    temp_readback                            0x200000b6   Data           2  main.o(.data)
    duty_cycle_temp                          0x200000b8   Data           4  main.o(.data)
    abc_delay                                0x200000bc   Data           1  main.o(.data)
    VcWatch_dog                              0x200000bd   Data           1  main.o(.data)
    count_loop                               0x200000be   Data           1  main.o(.data)
    uarttransmitlen                          0x200000bf   Data           1  main.o(.data)
    uarttransmit                             0x200000c0   Data           1  main.o(.data)
    VbtestForwork                            0x200000c1   Data           1  main.o(.data)
    VbtestForwork1                           0x200000c2   Data           1  main.o(.data)
    VbtestForwork_start                      0x200000c3   Data           1  main.o(.data)
    KO2_V_LamCalLoThres                      0x200000c4   Data           4  main.o(.data)
    KO2_V_LamCalHiThres                      0x200000c8   Data           4  main.o(.data)
    KO2_t_LamReCal                           0x200000cc   Data           4  main.o(.data)
    KO2_V_HtrEffDewPt                        0x200000d0   Data           4  main.o(.data)
    KO2_V_HtrEffHiLim                        0x200000d4   Data           4  main.o(.data)
    KO2_T_HtrEffDewPtTiming                  0x200000d8   Data           4  main.o(.data)
    KO2_V_HtrEffInit                         0x200000dc   Data           4  main.o(.data)
    Ua0                                      0x200000e0   Data           4  main.o(.data)
    Ur0                                      0x200000e4   Data           4  main.o(.data)
    ADC1ConvertedVoltage                     0x200000e8   Data           2  main.o(.data)
    ADC_float                                0x200000ec   Data           4  main.o(.data)
    Rx_ADC_float                             0x200000f0   Data           4  main.o(.data)
    Rx_CAL_A                                 0x200000f4   Data           4  main.o(.data)
    Rx_CAL_B                                 0x200000f8   Data           4  main.o(.data)
    Rx_ADC_float2                            0x200000fc   Data           4  main.o(.data)
    Output_voltage_count                     0x20000100   Data           2  main.o(.data)
    VcErrorCount                             0x20000102   Data           2  main.o(.data)
    SDADC1_DR_Address                        0x20000104   Data           2  main.o(.data)
    RegularConvData_Tab1                     0x20000106   Data           2  main.o(.data)
    RegularConvData_Tab11                    0x20000108   Data           2  main.o(.data)
    Vfsd1_9                                  0x2000010c   Data           4  main.o(.data)
    Vfsd1_7                                  0x20000110   Data           4  main.o(.data)
    LAMOFST                                  0x20000114   Data           4  main.o(.data)
    histroy_cal                              0x20000118   Data           4  main.o(.data)
    Val                                      0x2000011c   Data           2  main.o(.data)
    Vbauto_action                            0x2000011e   Data           1  main.o(.data)
    Vbmachine_reset                          0x2000011f   Data           1  main.o(.data)
    VbAuto_Start                             0x20000120   Data           1  main.o(.data)
    VbAuto_Stop                              0x20000121   Data           1  main.o(.data)
    Vbmachine_Stop                           0x20000122   Data           1  main.o(.data)
    Vbcalcbypass                             0x20000123   Data           1  main.o(.data)
    Vbmuryo_Check                            0x20000124   Data           1  main.o(.data)
    Vbbypass_con                             0x20000125   Data           1  main.o(.data)
    Vbtapebreak_Check                        0x20000126   Data           1  main.o(.data)
    Vbauto_stop_alarm                        0x20000127   Data           1  main.o(.data)
    VbPoint_abnormal                         0x20000128   Data           1  main.o(.data)
    VbHigh_limit_abn                         0x20000129   Data           1  main.o(.data)
    VbLow_limit_abn                          0x2000012a   Data           1  main.o(.data)
    VbHigh_limit_lost                        0x2000012b   Data           1  main.o(.data)
    VbBuffer_overlength                      0x2000012c   Data           1  main.o(.data)
    VbCount_reverse                          0x2000012d   Data           1  main.o(.data)
    VbCount_abnormal                         0x2000012e   Data           1  main.o(.data)
    testa                                    0x2000012f   Data           1  main.o(.data)
    testb                                    0x20000130   Data           1  main.o(.data)
    testc                                    0x20000131   Data           1  main.o(.data)
    testd                                    0x20000132   Data           1  main.o(.data)
    teste                                    0x20000133   Data           1  main.o(.data)
    testf                                    0x20000134   Data           1  main.o(.data)
    VfIpmeas                                 0x20000138   Data           4  main.o(.data)
    Vfvalue_air                              0x2000013c   Data           4  main.o(.data)
    Vua                                      0x20000140   Data           4  main.o(.data)
    Vur                                      0x20000144   Data           4  main.o(.data)
    Vfair_fuel                               0x20000148   Data           4  main.o(.data)
    temp_test_v                              0x2000014c   Data           4  main.o(.data)
    PT_VALUE                                 0x20000150   Data           4  main.o(.data)
    VF1                                      0x20000154   Data           4  main.o(.data)
    VF2                                      0x20000158   Data           4  main.o(.data)
    VcFault                                  0x2000015c   Data           2  main.o(.data)
    VcReset                                  0x2000015e   Data           2  main.o(.data)
    GPIO_Status                              0x20000160   Data           8  main.o(.data)
    Vfindex_of_tables                        0x20000168   Data           1  main.o(.data)
    SIFX_OUT                                 0x2000016c   Data           4  main.o(.data)
    ADC13ConvertedVoltage                    0x20000170   Data           4  main.o(.data)
    numberofupdated                          0x20000174   Data           1  main.o(.data)
    startbyte                                0x20000175   Data           1  main.o(.data)
    CANbps                                   0x20000176   Data           1  main.o(.data)
    stmCANID                                 0x20000177   Data           1  main.o(.data)
    uart485bps                               0x20000178   Data           1  main.o(.data)
    uart485id                                0x20000179   Data           1  main.o(.data)
    I2c_eepbuffer                            0x2000017a   Data           4  main.o(.data)
    temp2                                    0x2000017e   Data           2  main.o(.data)
    NumDataRead                              0x20000180   Data           2  main.o(.data)
    spi_message                              0x20000182   Data           2  main.o(.data)
    testTemp                                 0x20000184   Data          10  main.o(.data)
    InputVoltageMv1                          0x2000018e   Data           2  main.o(.data)
    TxMessage                                0x20000190   Data           8  main.o(.data)
    TxMessage1                               0x20000198   Data           8  main.o(.data)
    data1                                    0x200001a0   Data           4  main.o(.data)
    data2                                    0x200001a4   Data           4  main.o(.data)
    vad2                                     0x200001a8   Data           4  main.o(.data)
    a1                                       0x200001ac   Data           4  main.o(.data)
    b1                                       0x200001b0   Data           4  main.o(.data)
    c1                                       0x200001b4   Data           4  main.o(.data)
    a2                                       0x200001b8   Data           4  main.o(.data)
    b2                                       0x200001bc   Data           4  main.o(.data)
    c2                                       0x200001c0   Data           4  main.o(.data)
    ref                                      0x200001c4   Data           4  main.o(.data)
    RI                                       0x200001c8   Data           4  main.o(.data)
    Rpmes                                    0x200001cc   Data           4  main.o(.data)
    vad1                                     0x200001d0   Data           2  main.o(.data)
    Adc                                      0x200001d4   Data           4  main.o(.data)
    vf                                       0x200001d8   Data           4  main.o(.data)
    VRi                                      0x200001dc   Data           4  main.o(.data)
    output_pwm                               0x200001e0   Data           4  main.o(.data)
    VfDcelay_Time                            0x200001e4   Data           4  main.o(.data)
    ScHour                                   0x200001e8   Data           4  main.o(.data)
    old_rx_msg1                              0x200001ec   Data           2  main.o(.data)
    old_rx_msg                               0x200001ee   Data           2  main.o(.data)
    spi_status                               0x200001f0   Data           2  main.o(.data)
    ScOffset_work                            0x200001f2   Data           2  main.o(.data)
    ScWork_flow                              0x200001f4   Data           1  main.o(.data)
    CANID_Merge                              0x200001f5   Data           1  main.o(.data)
    ADC_value                                0x200001f6   Data           2  main.o(.data)
    ScBackVIC_Clamp_time                     0x200001f8   Data           1  main.o(.data)
    ScFrontVIC_Loosen_time                   0x200001f9   Data           1  main.o(.data)
    VcBuffer_B_Feed                          0x200001fa   Data           1  main.o(.data)
    ScFrontVIC_Clamp_time                    0x200001fb   Data           1  main.o(.data)
    ScBackVIC_Loosen_time                    0x200001fc   Data           1  main.o(.data)
    ScSecond                                 0x200001fd   Data           1  main.o(.data)
    ScMinute                                 0x200001fe   Data           1  main.o(.data)
    SbSwitch_OnOff                           0x200001ff   Data           1  main.o(.data)
    VbLostSensor_Saw                         0x20000200   Data           1  main.o(.data)
    VbLostSensor_Pump                        0x20000201   Data           1  main.o(.data)
    VbLostSensor_Press                       0x20000202   Data           1  main.o(.data)
    count_time                               0x20000204   Data           2  main.o(.data)
    work_count                               0x20000206   Data           2  main.o(.data)
    VcMotor_DC_count                         0x20000208   Data           2  main.o(.data)
    count_time1                              0x2000020a   Data           2  main.o(.data)
    Scdelay_time                             0x2000020c   Data           2  main.o(.data)
    VcTestRUN                                0x2000020e   Data           2  main.o(.data)
    VcRuntime                                0x20000210   Data           2  main.o(.data)
    VcLoop_Count                             0x20000212   Data           1  main.o(.data)
    VcLoop_Count_Act                         0x20000213   Data           1  main.o(.data)
    ScWork_AutoRun                           0x20000214   Data           1  main.o(.data)
    virtual_pwm                              0x20000215   Data           1  main.o(.data)
    virtual_periods                          0x20000216   Data           1  main.o(.data)
    virtual_pwm1                             0x20000217   Data           1  main.o(.data)
    virtual_periods1                         0x20000218   Data           1  main.o(.data)
    VcMotor_DC                               0x20000219   Data           1  main.o(.data)
    VcMotor_DC_Cur                           0x2000021a   Data           1  main.o(.data)
    VcMotor_DC_pre                           0x2000021b   Data           1  main.o(.data)
    Vcdelay_time                             0x2000021c   Data           1  main.o(.data)
    Vcdelay_time1                            0x2000021d   Data           1  main.o(.data)
    VbMotor_Start                            0x2000021e   Data           1  main.o(.data)
    Vbupdateforbutter                        0x2000021f   Data           1  main.o(.data)
    Vbneedgearoil                            0x20000220   Data           1  main.o(.data)
    VbPumpOn_Pre                             0x20000221   Data           1  main.o(.data)
    VbSawheel_high                           0x20000222   Data           1  main.o(.data)
    Vbpump_high                              0x20000223   Data           1  main.o(.data)
    VbAPP_Stop_up                            0x20000224   Data           1  main.o(.data)
    Vbstart_roll                             0x20000225   Data           1  main.o(.data)
    VbRun_test                               0x20000226   Data           1  main.o(.data)
    Vbtest_stop                              0x20000227   Data           1  main.o(.data)
    VbRun_test_pre                           0x20000228   Data           1  main.o(.data)
    Kfvalue_air                              0x2000022c   Data          36  main.o(.data)
    KfIpmeas                                 0x20000250   Data          36  main.o(.data)
    ADCConvertedValue_total                  0x20000274   Data           4  main.o(.data)
    ADC1ConvertedValuetemp                   0x20000278   Data           2  main.o(.data)
    destination_ptr                          0x2000027c   Data           4  ccp2daq.o(.data)
    temp_address1                            0x20000280   Data           4  ccp2daq.o(.data)
    ccp_session_configuration_id_NVM         0x20000290   Data           4  ccp2session_nvm.o(.data)
    ccp_session_status_NVM                   0x20000294   Data           1  ccp2session_nvm.o(.data)
    Uart2_Buffer                             0x20000298   Data         255  stm32f37x_it.o(.bss)
    RxMessage                                0x20000398   Data          20  stm32f37x_it.o(.bss)
    InjectedConvData1                        0x200003ac   Data          20  stm32f37x_it.o(.bss)
    InjectedConvData3                        0x200003c0   Data          20  stm32f37x_it.o(.bss)
    AD                                       0x200003d4   Data          28  stm32f37x_it.o(.bss)
    avgsdadc                                 0x200003f0   Data          20  stm32f37x_it.o(.bss)
    inputcapture                             0x20000404   Data          24  stm32f37x_it.o(.bss)
    inputcapture_pre                         0x2000041c   Data          24  stm32f37x_it.o(.bss)
    inputcapture_diff                        0x20000434   Data          24  stm32f37x_it.o(.bss)
    Master_Temp                              0x2000044c   Data         200  stm32f37x_it.o(.bss)
    uart_tx_buff                             0x20000514   Data          50  main.o(.bss)
    STMFLASH_BUF                             0x20000546   Data        2048  main.o(.bss)
    Rx_ADC_float1                            0x20000d46   Data         112  main.o(.bss)
    Uartsent_Buffer                          0x20000db6   Data          50  main.o(.bss)
    Uartsent_Buffer_old                      0x20000de8   Data          21  main.o(.bss)
    testarray                                0x20000dfd   Data          10  main.o(.bss)
    outputdata                               0x20000e07   Data          56  main.o(.bss)
    g_cala                                   0x20000e40   Data          56  main.o(.bss)
    g_calb                                   0x20000e78   Data          56  main.o(.bss)
    modbusbuffer                             0x20000eb0   Data          44  main.o(.bss)
    modbusbuffer1                            0x20000edc   Data          32  main.o(.bss)
    modbusbuffer2                            0x20000efc   Data          32  main.o(.bss)
    RxMessage0                               0x20000f1c   Data          20  main.o(.bss)
    ADCConvertedValue                        0x20000f30   Data         260  main.o(.bss)
    DAQ_List_Status                          0x200010ac   Data          80  ccp2daq.o(.bss)
    ccp                                      0x200010fc   Data          44  ccp2main.o(.bss)
    daq0_config_buffer_NVM                   0x20001128   Data          32  ccp2nvmd.o(.bss)
    daq1_config_buffer_NVM                   0x20001148   Data          32  ccp2nvmd.o(.bss)
    daq2_config_buffer_NVM                   0x20001168   Data          64  ccp2nvmd.o(.bss)
    daq3_config_buffer_NVM                   0x200011a8   Data          64  ccp2nvmd.o(.bss)
    CCP_DAQ_Resume_Data_NVM                  0x200011e8   Data          48  ccp2nvmd.o(.bss)
    __libspace_start                         0x20001218   Data          96  libspace.o(.bss)
    __temporary_stack_top$libspace           0x20001278   Data           0  libspace.o(.bss)



==============================================================================

Memory Map of the image

  Image Entry point : 0x08000249

  Load Region LR_1 (Base: 0x08000000, Size: 0x0000546c, Max: 0xffffffff, ABSOLUTE, COMPRESSED[0x00005258])

    Execution Region ER_RO (Base: 0x08000000, Size: 0x000051d4, Max: 0xffffffff, ABSOLUTE)

    Base Addr    Size         Type   Attr      Idx    E Section Name        Object

    0x08000000   0x00000188   Data   RO         5533    RESET               startup_stm32f37x.o
    0x08000188   0x00000008   Code   RO         5542  * !!!main             c_w.l(__main.o)
    0x08000190   0x00000034   Code   RO         5738    !!!scatter          c_w.l(__scatter.o)
    0x080001c4   0x0000003a   Code   RO         5736    !!dczerorl          c_w.l(__dczerorl.o)
    0x080001fe   0x00000002   PAD
    0x08000200   0x0000001c   Code   RO         5740    !!handler_zi        c_w.l(__scatter_zi.o)
    0x0800021c   0x00000002   Code   RO         5606    .ARM.Collect$$libinit$$00000000  c_w.l(libinit.o)
    0x0800021e   0x00000004   Code   RO         5612    .ARM.Collect$$libinit$$00000001  c_w.l(libinit2.o)
    0x08000222   0x00000000   Code   RO         5615    .ARM.Collect$$libinit$$00000004  c_w.l(libinit2.o)
    0x08000222   0x00000000   Code   RO         5618    .ARM.Collect$$libinit$$0000000A  c_w.l(libinit2.o)
    0x08000222   0x00000000   Code   RO         5620    .ARM.Collect$$libinit$$0000000C  c_w.l(libinit2.o)
    0x08000222   0x00000000   Code   RO         5622    .ARM.Collect$$libinit$$0000000E  c_w.l(libinit2.o)
    0x08000222   0x00000000   Code   RO         5625    .ARM.Collect$$libinit$$00000011  c_w.l(libinit2.o)
    0x08000222   0x00000000   Code   RO         5627    .ARM.Collect$$libinit$$00000013  c_w.l(libinit2.o)
    0x08000222   0x00000000   Code   RO         5629    .ARM.Collect$$libinit$$00000015  c_w.l(libinit2.o)
    0x08000222   0x00000000   Code   RO         5631    .ARM.Collect$$libinit$$00000017  c_w.l(libinit2.o)
    0x08000222   0x00000000   Code   RO         5633    .ARM.Collect$$libinit$$00000019  c_w.l(libinit2.o)
    0x08000222   0x00000000   Code   RO         5635    .ARM.Collect$$libinit$$0000001B  c_w.l(libinit2.o)
    0x08000222   0x00000000   Code   RO         5637    .ARM.Collect$$libinit$$0000001D  c_w.l(libinit2.o)
    0x08000222   0x00000000   Code   RO         5639    .ARM.Collect$$libinit$$0000001F  c_w.l(libinit2.o)
    0x08000222   0x00000000   Code   RO         5641    .ARM.Collect$$libinit$$00000021  c_w.l(libinit2.o)
    0x08000222   0x00000000   Code   RO         5643    .ARM.Collect$$libinit$$00000023  c_w.l(libinit2.o)
    0x08000222   0x00000000   Code   RO         5645    .ARM.Collect$$libinit$$00000025  c_w.l(libinit2.o)
    0x08000222   0x00000000   Code   RO         5649    .ARM.Collect$$libinit$$0000002C  c_w.l(libinit2.o)
    0x08000222   0x00000000   Code   RO         5651    .ARM.Collect$$libinit$$0000002E  c_w.l(libinit2.o)
    0x08000222   0x00000000   Code   RO         5653    .ARM.Collect$$libinit$$00000030  c_w.l(libinit2.o)
    0x08000222   0x00000000   Code   RO         5655    .ARM.Collect$$libinit$$00000032  c_w.l(libinit2.o)
    0x08000222   0x00000002   Code   RO         5656    .ARM.Collect$$libinit$$00000033  c_w.l(libinit2.o)
    0x08000224   0x00000002   Code   RO         5676    .ARM.Collect$$libshutdown$$00000000  c_w.l(libshutdown.o)
    0x08000226   0x00000000   Code   RO         5689    .ARM.Collect$$libshutdown$$00000002  c_w.l(libshutdown2.o)
    0x08000226   0x00000000   Code   RO         5691    .ARM.Collect$$libshutdown$$00000004  c_w.l(libshutdown2.o)
    0x08000226   0x00000000   Code   RO         5694    .ARM.Collect$$libshutdown$$00000007  c_w.l(libshutdown2.o)
    0x08000226   0x00000000   Code   RO         5697    .ARM.Collect$$libshutdown$$0000000A  c_w.l(libshutdown2.o)
    0x08000226   0x00000000   Code   RO         5699    .ARM.Collect$$libshutdown$$0000000C  c_w.l(libshutdown2.o)
    0x08000226   0x00000000   Code   RO         5702    .ARM.Collect$$libshutdown$$0000000F  c_w.l(libshutdown2.o)
    0x08000226   0x00000002   Code   RO         5703    .ARM.Collect$$libshutdown$$00000010  c_w.l(libshutdown2.o)
    0x08000228   0x00000000   Code   RO         5570    .ARM.Collect$$rtentry$$00000000  c_w.l(__rtentry.o)
    0x08000228   0x00000000   Code   RO         5583    .ARM.Collect$$rtentry$$00000002  c_w.l(__rtentry2.o)
    0x08000228   0x00000006   Code   RO         5595    .ARM.Collect$$rtentry$$00000004  c_w.l(__rtentry4.o)
    0x0800022e   0x00000000   Code   RO         5585    .ARM.Collect$$rtentry$$00000009  c_w.l(__rtentry2.o)
    0x0800022e   0x00000004   Code   RO         5586    .ARM.Collect$$rtentry$$0000000A  c_w.l(__rtentry2.o)
    0x08000232   0x00000000   Code   RO         5588    .ARM.Collect$$rtentry$$0000000C  c_w.l(__rtentry2.o)
    0x08000232   0x00000008   Code   RO         5589    .ARM.Collect$$rtentry$$0000000D  c_w.l(__rtentry2.o)
    0x0800023a   0x00000002   Code   RO         5610    .ARM.Collect$$rtexit$$00000000  c_w.l(rtexit.o)
    0x0800023c   0x00000000   Code   RO         5658    .ARM.Collect$$rtexit$$00000002  c_w.l(rtexit2.o)
    0x0800023c   0x00000004   Code   RO         5659    .ARM.Collect$$rtexit$$00000003  c_w.l(rtexit2.o)
    0x08000240   0x00000006   Code   RO         5660    .ARM.Collect$$rtexit$$00000004  c_w.l(rtexit2.o)
    0x08000246   0x00000002   PAD
    0x08000248   0x00000040   Code   RO         5534  * .text               startup_stm32f37x.o
    0x08000288   0x00000006   Code   RO         5540    .text               c_w.l(heapauxi.o)
    0x0800028e   0x0000004a   Code   RO         5597    .text               c_w.l(sys_stackheap_outer.o)
    0x080002d8   0x00000012   Code   RO         5599    .text               c_w.l(exit.o)
    0x080002ea   0x00000002   PAD
    0x080002ec   0x00000008   Code   RO         5607    .text               c_w.l(libspace.o)
    0x080002f4   0x0000000c   Code   RO         5668    .text               c_w.l(sys_exit.o)
    0x08000300   0x00000002   Code   RO         5679    .text               c_w.l(use_no_semi.o)
    0x08000302   0x00000000   Code   RO         5681    .text               c_w.l(indicate_semi.o)
    0x08000302   0x00000002   PAD
    0x08000304   0x000000b0   Code   RO         4564    i.ADC13_Init        main.o
    0x080003b4   0x00000016   Code   RO          401    i.ADC_Cmd           stm32f37x_adc.o
    0x080003ca   0x00000018   Code   RO          404    i.ADC_DeInit        stm32f37x_adc.o
    0x080003e2   0x00000014   Code   RO          410    i.ADC_GetCalibrationStatus  stm32f37x_adc.o
    0x080003f6   0x00000008   Code   RO          411    i.ADC_GetConversionValue  stm32f37x_adc.o
    0x080003fe   0x00000012   Code   RO          412    i.ADC_GetFlagStatus  stm32f37x_adc.o
    0x08000410   0x00000014   Code   RO          415    i.ADC_GetResetCalibrationStatus  stm32f37x_adc.o
    0x08000424   0x0000004c   Code   RO          419    i.ADC_Init          stm32f37x_adc.o
    0x08000470   0x000000b8   Code   RO          423    i.ADC_RegularChannelConfig  stm32f37x_adc.o
    0x08000528   0x0000000a   Code   RO          424    i.ADC_ResetCalibration  stm32f37x_adc.o
    0x08000532   0x0000000a   Code   RO          428    i.ADC_StartCalibration  stm32f37x_adc.o
    0x0800053c   0x00000010   Code   RO          429    i.ADC_StructInit    stm32f37x_adc.o
    0x0800054c   0x00000004   Code   RO         4212    i.BusFault_Handler  stm32f37x_it.o
    0x08000550   0x00000038   Code   RO         4213    i.CAN1_RX0_IRQHandler  stm32f37x_it.o
    0x08000588   0x000001c8   Code   RO         4506    i.CAN1_Receive_Msg  can.o
    0x08000750   0x000000bc   Code   RO         4507    i.CAN1_Send_Msg     can.o
    0x0800080c   0x00000100   Code   RO         4508    i.CAN_Config        can.o
    0x0800090c   0x00000024   Code   RO          633    i.CAN_DeInit        stm32f37x_can.o
    0x08000930   0x00000108   Code   RO          635    i.CAN_FilterInit    stm32f37x_can.o
    0x08000a38   0x00000012   Code   RO          641    i.CAN_ITConfig      stm32f37x_can.o
    0x08000a4a   0x00000114   Code   RO          642    i.CAN_Init          stm32f37x_can.o
    0x08000b5e   0x0000001e   Code   RO          643    i.CAN_MessagePending  stm32f37x_can.o
    0x08000b7c   0x000000f0   Code   RO          645    i.CAN_Receive       stm32f37x_can.o
    0x08000c6c   0x00000020   Code   RO          648    i.CAN_StructInit    stm32f37x_can.o
    0x08000c8c   0x00000128   Code   RO          650    i.CAN_Transmit      stm32f37x_can.o
    0x08000db4   0x000000a0   Code   RO          651    i.CAN_TransmitStatus  stm32f37x_can.o
    0x08000e54   0x0000004c   Code   RO         5086    i.CCP_Build_Chksum  ccp2mem.o
    0x08000ea0   0x00000098   Code   RO         5088    i.CCP_Clear_Memory  ccp2mem.o
    0x08000f38   0x00000018   Code   RO         4756    i.CCP_Clear_Session_Configuration_ID  ccp2conf.o
    0x08000f50   0x00000004   Code   RO         4757    i.CCP_Command_Unavailable  ccp2conf.o
    0x08000f54   0x00000078   Code   RO         5219    i.CCP_Connect       ccp2mode.o
    0x08000fcc   0x00000090   Code   RO         5220    i.CCP_Disconnect    ccp2mode.o
    0x0800105c   0x00000014   Code   RO         5089    i.CCP_Dnload        ccp2mem.o
    0x08001070   0x0000000c   Code   RO         5090    i.CCP_Dnload_6      ccp2mem.o
    0x0800107c   0x00000024   Code   RO         4758    i.CCP_Exchange_ID   ccp2conf.o
    0x080010a0   0x00000010   Code   RO         4759    i.CCP_Get_Active_Cal_Page  ccp2conf.o
    0x080010b0   0x00000014   Code   RO         5221    i.CCP_Get_CCP_Version  ccp2mode.o
    0x080010c4   0x000000ac   Code   RO         4875    i.CCP_Get_DAQ_Size  ccp2daq.o
    0x08001170   0x00000014   Code   RO         5222    i.CCP_Get_S_Status  ccp2mode.o
    0x08001184   0x00000010   Code   RO         5223    i.CCP_Get_Seed      ccp2mode.o
    0x08001194   0x00000020   Code   RO         5029    i.CCP_Initialize    ccp2main.o
    0x080011b4   0x00000018   Code   RO         4876    i.CCP_Initialize_Resume_Data  ccp2daq.o
    0x080011cc   0x00000038   Code   RO         4760    i.CCP_Initialize_User  ccp2conf.o
    0x08001204   0x00000068   Code   RO         4761    i.CCP_Location_Of_Address_User  ccp2conf.o
    0x0800126c   0x00000058   Code   RO         5091    i.CCP_Move          ccp2mem.o
    0x080012c4   0x00000014   Code   RO         5093    i.CCP_Program       ccp2mem.o
    0x080012d8   0x0000000c   Code   RO         5094    i.CCP_Program_6     ccp2mem.o
    0x080012e4   0x00000006   Code   RO         4762    i.CCP_Read_From_REGISTER_Memory_User  ccp2conf.o
    0x080012ea   0x00000002   PAD
    0x080012ec   0x000000bc   Code   RO         4877    i.CCP_Read_Resume_Data  ccp2daq.o
    0x080013a8   0x0000000c   Code   RO         4763    i.CCP_Read_Session_Status_User  ccp2conf.o
    0x080013b4   0x00000006   Code   RO         4764    i.CCP_Select_Cal_Page  ccp2conf.o
    0x080013ba   0x00000002   PAD
    0x080013bc   0x00000028   Code   RO         4878    i.CCP_Set_DAQ_Ptr   ccp2daq.o
    0x080013e4   0x00000014   Code   RO         5095    i.CCP_Set_MTA       ccp2mem.o
    0x080013f8   0x00000074   Code   RO         5224    i.CCP_Set_S_Status  ccp2mode.o
    0x0800146c   0x00000050   Code   RO         4766    i.CCP_Set_S_Status_User  ccp2conf.o
    0x080014bc   0x00000040   Code   RO         5096    i.CCP_Short_Up      ccp2mem.o
    0x080014fc   0x000000dc   Code   RO         4879    i.CCP_Start_Stop    ccp2daq.o
    0x080015d8   0x0000005c   Code   RO         4880    i.CCP_Start_Stop_All  ccp2daq.o
    0x08001634   0x000000ac   Code   RO         4881    i.CCP_Store_Resume_Data  ccp2daq.o
    0x080016e0   0x00000010   Code   RO         5225    i.CCP_Unlock        ccp2mode.o
    0x080016f0   0x00000048   Code   RO         5097    i.CCP_Upload        ccp2mem.o
    0x08001738   0x00000094   Code   RO         4883    i.CCP_Write_DAQ     ccp2daq.o
    0x080017cc   0x00000006   Code   RO         4768    i.CCP_Write_To_REGISTER_Memory_User  ccp2conf.o
    0x080017d2   0x00000002   PAD
    0x080017d4   0x00000058   Code   RO         4884    i.Clear_DAQ_List    ccp2daq.o
    0x0800182c   0x0000001c   Code   RO         1080    i.DAC_Cmd           stm32f37x_dac.o
    0x08001848   0x0000005c   Code   RO         4567    i.DAC_Config        main.o
    0x080018a4   0x0000002a   Code   RO         1088    i.DAC_Init          stm32f37x_dac.o
    0x080018ce   0x00000018   Code   RO         1089    i.DAC_SetChannel1Data  stm32f37x_dac.o
    0x080018e6   0x00000002   PAD
    0x080018e8   0x00000024   Code   RO         4885    i.DAQ_Starting_PID  ccp2daq.o
    0x0800190c   0x00000024   Code   RO         4214    i.DMA2_Channel1_IRQHandler  stm32f37x_it.o
    0x08001930   0x00000024   Code   RO         4215    i.DMA2_Channel2_IRQHandler  stm32f37x_it.o
    0x08001954   0x00000024   Code   RO         4216    i.DMA2_Channel3_IRQHandler  stm32f37x_it.o
    0x08001978   0x00000002   Code   RO         4217    i.DebugMon_Handler  stm32f37x_it.o
    0x0800197a   0x00000002   PAD
    0x0800197c   0x00000018   Code   RO          299    i.Delay_ms          systick.o
    0x08001994   0x00000048   Code   RO         5098    i.Download_Data     ccp2mem.o
    0x080019dc   0x00000070   Code   RO         4218    i.EXTI15_10_IRQHandler  stm32f37x_it.o
    0x08001a4c   0x00000070   Code   RO         4219    i.EXTI4_IRQHandler  stm32f37x_it.o
    0x08001abc   0x00000012   Code   RO         4220    i.EXTI9_5_IRQHandler  stm32f37x_it.o
    0x08001ace   0x00000002   PAD
    0x08001ad0   0x0000000c   Code   RO         1331    i.EXTI_ClearITPendingBit  stm32f37x_exti.o
    0x08001adc   0x00000028   Code   RO         1335    i.EXTI_GetITStatus  stm32f37x_exti.o
    0x08001b04   0x00000004   Code   RO         5099    i.Erase_All_Of_Flash  ccp2mem.o
    0x08001b08   0x0000004c   Code   RO         1398    i.FLASH_ErasePage   stm32f37x_flash.o
    0x08001b54   0x00000034   Code   RO         1400    i.FLASH_GetStatus   stm32f37x_flash.o
    0x08001b88   0x00000014   Code   RO         1403    i.FLASH_Lock        stm32f37x_flash.o
    0x08001b9c   0x00000044   Code   RO         1421    i.FLASH_ProgramHalfWord  stm32f37x_flash.o
    0x08001be0   0x00000024   Code   RO         1424    i.FLASH_Unlock      stm32f37x_flash.o
    0x08001c04   0x00000026   Code   RO         1425    i.FLASH_WaitForLastOperation  stm32f37x_flash.o
    0x08001c2a   0x00000090   Code   RO         1595    i.GPIO_Init         stm32f37x_gpio.o
    0x08001cba   0x00000046   Code   RO         1596    i.GPIO_PinAFConfig  stm32f37x_gpio.o
    0x08001d00   0x00000012   Code   RO         1599    i.GPIO_ReadInputDataBit  stm32f37x_gpio.o
    0x08001d12   0x00000012   Code   RO         1601    i.GPIO_ReadOutputDataBit  stm32f37x_gpio.o
    0x08001d24   0x00000004   Code   RO         1602    i.GPIO_ResetBits    stm32f37x_gpio.o
    0x08001d28   0x00000004   Code   RO         1603    i.GPIO_SetBits      stm32f37x_gpio.o
    0x08001d2c   0x0000000a   Code   RO         1606    i.GPIO_WriteBit     stm32f37x_gpio.o
    0x08001d36   0x00000004   Code   RO         4221    i.HardFault_Handler  stm32f37x_it.o
    0x08001d3a   0x00000002   PAD
    0x08001d3c   0x00000078   Code   RO         4572    i.IO_Configuration_base  main.o
    0x08001db4   0x00000024   Code   RO         4887    i.Initialize_DAQ_List_Status  ccp2daq.o
    0x08001dd8   0x0000001a   Code   RO         4888    i.Initialize_DAQ_Parameters  ccp2daq.o
    0x08001df2   0x00000004   Code   RO         4222    i.MemManage_Handler  stm32f37x_it.o
    0x08001df6   0x00000002   PAD
    0x08001df8   0x00000050   Code   RO         4889    i.Move_DAQ_Pointer  ccp2daq.o
    0x08001e48   0x00000060   Code   RO         4890    i.Move_DAQ_Pointer_Forward_One_Element  ccp2daq.o
    0x08001ea8   0x00000048   Code   RO         4891    i.Move_DAQ_Pointer_To_Next_ODT  ccp2daq.o
    0x08001ef0   0x0000002c   Code   RO         5101    i.Move_MTA          ccp2mem.o
    0x08001f1c   0x00000002   Code   RO         4223    i.NMI_Handler       stm32f37x_it.o
    0x08001f1e   0x00000002   PAD
    0x08001f20   0x00000070   Code   RO         2020    i.NVIC_Init         stm32f37x_misc.o
    0x08001f90   0x0000006c   Code   RO         4892    i.Number_Of_Bytes_Left_In_ODT  ccp2daq.o
    0x08001ffc   0x00000020   Code   RO         2077    i.PWR_SDADCAnalogCmd  stm32f37x_pwr.o
    0x0800201c   0x00000002   Code   RO         4224    i.PendSV_Handler    stm32f37x_it.o
    0x0800201e   0x00000002   PAD
    0x08002020   0x00000070   Code   RO         5102    i.Program_Data      ccp2mem.o
    0x08002090   0x0000001c   Code   RO         2152    i.RCC_ADCCLKConfig  stm32f37x_rcc.o
    0x080020ac   0x00000020   Code   RO         2153    i.RCC_AHBPeriphClockCmd  stm32f37x_rcc.o
    0x080020cc   0x00000020   Code   RO         2155    i.RCC_APB1PeriphClockCmd  stm32f37x_rcc.o
    0x080020ec   0x00000020   Code   RO         2156    i.RCC_APB1PeriphResetCmd  stm32f37x_rcc.o
    0x0800210c   0x00000020   Code   RO         2157    i.RCC_APB2PeriphClockCmd  stm32f37x_rcc.o
    0x0800212c   0x00000020   Code   RO         2158    i.RCC_APB2PeriphResetCmd  stm32f37x_rcc.o
    0x0800214c   0x00000210   Code   RO         2166    i.RCC_GetClocksFreq  stm32f37x_rcc.o
    0x0800235c   0x0000001c   Code   RO         2186    i.RCC_SDADCCLKConfig  stm32f37x_rcc.o
    0x08002378   0x0000006a   Code   RO         4573    i.RTE_INITIAL       main.o
    0x080023e2   0x00000002   PAD
    0x080023e4   0x0000009c   Code   RO         4893    i.Read_DAQ_Address_Size  ccp2daq.o
    0x08002480   0x00000068   Code   RO         5103    i.Read_From_RAM_Or_Register  ccp2mem.o
    0x080024e8   0x00000038   Code   RO         4894    i.Reset_DAQ_List_Status  ccp2daq.o
    0x08002520   0x00000002   Code   RO         4225    i.SDADC1_IRQHandler  stm32f37x_it.o
    0x08002522   0x00000002   PAD
    0x08002524   0x0000013c   Code   RO          261    i.SDADC2_Config     sdadc.o
    0x08002660   0x00000054   Code   RO         4226    i.SDADC2_IRQHandler  stm32f37x_it.o
    0x080026b4   0x00000054   Code   RO         4227    i.SDADC3_IRQHandler  stm32f37x_it.o
    0x08002708   0x0000001e   Code   RO         2740    i.SDADC_AINInit     stm32f37x_sdadc.o
    0x08002726   0x0000000e   Code   RO         2742    i.SDADC_CalibrationSequenceConfig  stm32f37x_sdadc.o
    0x08002734   0x00000024   Code   RO         2743    i.SDADC_ChannelConfig  stm32f37x_sdadc.o
    0x08002758   0x00000016   Code   RO         2747    i.SDADC_Cmd         stm32f37x_sdadc.o
    0x0800276e   0x00000002   PAD
    0x08002770   0x00000054   Code   RO         2750    i.SDADC_DeInit      stm32f37x_sdadc.o
    0x080027c4   0x00000012   Code   RO         2758    i.SDADC_GetFlagStatus  stm32f37x_sdadc.o
    0x080027d6   0x00000002   PAD
    0x080027d8   0x00000024   Code   RO         2763    i.SDADC_GetInjectedConversionValue  stm32f37x_sdadc.o
    0x080027fc   0x00000012   Code   RO         2764    i.SDADC_ITConfig    stm32f37x_sdadc.o
    0x0800280e   0x00000016   Code   RO         2766    i.SDADC_InitModeCmd  stm32f37x_sdadc.o
    0x08002824   0x00000006   Code   RO         2767    i.SDADC_InjectedChannelSelect  stm32f37x_sdadc.o
    0x0800282a   0x00000016   Code   RO         2768    i.SDADC_InjectedContinuousModeCmd  stm32f37x_sdadc.o
    0x08002840   0x0000000a   Code   RO         2774    i.SDADC_SoftwareStartInjectedConv  stm32f37x_sdadc.o
    0x0800284a   0x0000000a   Code   RO         2776    i.SDADC_StartCalibration  stm32f37x_sdadc.o
    0x08002854   0x00000014   Code   RO         2778    i.SDADC_VREFSelect  stm32f37x_sdadc.o
    0x08002868   0x00000140   Code   RO         4574    i.SPI1_Configuration  main.o
    0x080029a8   0x000000ac   Code   RO         4228    i.SPI1_IRQHandler   stm32f37x_it.o
    0x08002a54   0x0000002c   Code   RO         4229    i.SPI1_ReadByte     stm32f37x_it.o
    0x08002a80   0x00000048   Code   RO         4230    i.SPI2_IRQHandler   stm32f37x_it.o
    0x08002ac8   0x00000014   Code   RO         4231    i.SPI2_ReadByte     stm32f37x_it.o
    0x08002adc   0x00000074   Code   RO         4575    i.SPIByte           main.o
    0x08002b50   0x00000018   Code   RO         2998    i.SPI_Cmd           stm32f37x_spi.o
    0x08002b68   0x00000058   Code   RO         3006    i.SPI_I2S_DeInit    stm32f37x_spi.o
    0x08002bc0   0x00000012   Code   RO         3007    i.SPI_I2S_GetFlagStatus  stm32f37x_spi.o
    0x08002bd2   0x00000020   Code   RO         3009    i.SPI_I2S_ITConfig  stm32f37x_spi.o
    0x08002bf2   0x00000006   Code   RO         3010    i.SPI_I2S_ReceiveData16  stm32f37x_spi.o
    0x08002bf8   0x00000050   Code   RO         3012    i.SPI_Init          stm32f37x_spi.o
    0x08002c48   0x0000000c   Code   RO         3016    i.SPI_ReceiveData8  stm32f37x_spi.o
    0x08002c54   0x00000012   Code   RO         3017    i.SPI_RxFIFOThresholdConfig  stm32f37x_spi.o
    0x08002c66   0x0000000a   Code   RO         3019    i.SPI_SendData8     stm32f37x_spi.o
    0x08002c70   0x00000022   Code   RO         4577    i.STMFLASH_Read     main.o
    0x08002c92   0x00000006   Code   RO         4578    i.STMFLASH_ReadHalfWord  main.o
    0x08002c98   0x000000e8   Code   RO         4580    i.STMFLASH_Write    main.o
    0x08002d80   0x00000026   Code   RO         4581    i.STMFLASH_Write_NoCheck  main.o
    0x08002da6   0x00000002   Code   RO         4232    i.SVC_Handler       stm32f37x_it.o
    0x08002da8   0x000000c4   Code   RO         4429    i.SetSysClock       system_stm32f37x.o
    0x08002e6c   0x00000008   Code   RO         4233    i.SysTick_Handler   stm32f37x_it.o
    0x08002e74   0x00000080   Code   RO         4431    i.SystemInit        system_stm32f37x.o
    0x08002ef4   0x00000108   Code   RO         4234    i.TIM12_IRQHandler  stm32f37x_it.o
    0x08002ffc   0x00000200   Code   RO         4235    i.TIM19_IRQHandler  stm32f37x_it.o
    0x080031fc   0x00000028   Code   RO         4236    i.TIM2_IRQHandler   stm32f37x_it.o
    0x08003224   0x00000002   Code   RO         4237    i.TIM3_IRQHandler   stm32f37x_it.o
    0x08003226   0x00000002   PAD
    0x08003228   0x00000024   Code   RO         4238    i.TIM5_IRQHandler   stm32f37x_it.o
    0x0800324c   0x00000006   Code   RO         3284    i.TIM_ClearFlag     stm32f37x_tim.o
    0x08003252   0x00000006   Code   RO         3285    i.TIM_ClearITPendingBit  stm32f37x_tim.o
    0x08003258   0x00000018   Code   RO         3290    i.TIM_Cmd           stm32f37x_tim.o
    0x08003270   0x00000190   Code   RO         3295    i.TIM_DeInit        stm32f37x_tim.o
    0x08003400   0x00000006   Code   RO         3305    i.TIM_GetCapture1   stm32f37x_tim.o
    0x08003406   0x00000006   Code   RO         3306    i.TIM_GetCapture2   stm32f37x_tim.o
    0x0800340c   0x00000006   Code   RO         3307    i.TIM_GetCapture3   stm32f37x_tim.o
    0x08003412   0x00000006   Code   RO         3308    i.TIM_GetCapture4   stm32f37x_tim.o
    0x08003418   0x00000022   Code   RO         3311    i.TIM_GetITStatus   stm32f37x_tim.o
    0x0800343a   0x00000012   Code   RO         3315    i.TIM_ITConfig      stm32f37x_tim.o
    0x0800344c   0x00000098   Code   RO         3361    i.TIM_TimeBaseInit  stm32f37x_tim.o
    0x080034e4   0x00000018   Code   RO          301    i.TimingDelay_Decrement  systick.o
    0x080034fc   0x000000ec   Code   RO         4239    i.USART3_IRQHandler  stm32f37x_it.o
    0x080035e8   0x00000004   Code   RO         3837    i.USART_ClearFlag   stm32f37x_usart.o
    0x080035ec   0x00000012   Code   RO         3838    i.USART_ClearITPendingBit  stm32f37x_usart.o
    0x080035fe   0x00000012   Code   RO         3849    i.USART_GetFlagStatus  stm32f37x_usart.o
    0x08003610   0x0000004a   Code   RO         3850    i.USART_GetITStatus  stm32f37x_usart.o
    0x0800365a   0x0000000a   Code   RO         3865    i.USART_ReceiveData  stm32f37x_usart.o
    0x08003664   0x00000064   Code   RO         4897    i.Update_Session_Status_LOGGING  ccp2daq.o
    0x080036c8   0x00000004   Code   RO         4240    i.UsageFault_Handler  stm32f37x_it.o
    0x080036cc   0x00000028   Code   RO         5104    i.Write_To_EEPROM   ccp2mem.o
    0x080036f4   0x00000028   Code   RO         5105    i.Write_To_Flash    ccp2mem.o
    0x0800371c   0x00000070   Code   RO         5106    i.Write_To_RAM_Or_Register  ccp2mem.o
    0x0800378c   0x000000a4   Code   RO         4898    i.Write_to_Current_DAQ_Pointer  ccp2daq.o
    0x08003830   0x0000000c   Code   RO         4587    i.delay             main.o
    0x0800383c   0x00000c20   Code   RO         4588    i.main              main.o
    0x0800445c   0x00000064   Code   RO         4590    i.virtual_PWM_OUTPUT  main.o
    0x080044c0   0x00000062   Code   RO         5544    x$fpl$d2f           fz_wm.l(d2f.o)
    0x08004522   0x00000002   PAD
    0x08004524   0x00000150   Code   RO         5546    x$fpl$dadd          fz_wm.l(daddsub_clz.o)
    0x08004674   0x00000018   Code   RO         5571    x$fpl$dcmpinf       fz_wm.l(dcmpi.o)
    0x0800468c   0x000002b0   Code   RO         5553    x$fpl$ddiv          fz_wm.l(ddiv.o)
    0x0800493c   0x00000026   Code   RO         5556    x$fpl$dfltu         fz_wm.l(dflt_clz.o)
    0x08004962   0x00000002   PAD
    0x08004964   0x00000078   Code   RO         5562    x$fpl$dleqf         fz_wm.l(dleqf.o)
    0x080049dc   0x00000154   Code   RO         5564    x$fpl$dmul          fz_wm.l(dmul.o)
    0x08004b30   0x0000009c   Code   RO         5573    x$fpl$dnaninf       fz_wm.l(dnaninf.o)
    0x08004bcc   0x0000000c   Code   RO         5575    x$fpl$dretinf       fz_wm.l(dretinf.o)
    0x08004bd8   0x0000006c   Code   RO         5566    x$fpl$drleqf        fz_wm.l(drleqf.o)
    0x08004c44   0x000001d4   Code   RO         5548    x$fpl$dsub          fz_wm.l(daddsub_clz.o)
    0x08004e18   0x00000056   Code   RO         5568    x$fpl$f2d           fz_wm.l(f2d.o)
    0x08004e6e   0x0000008c   Code   RO         5577    x$fpl$fnaninf       fz_wm.l(fnaninf.o)
    0x08004efa   0x0000000a   Code   RO         5666    x$fpl$fpinit        fz_wm.l(fpinit.o)
    0x08004f04   0x0000000a   Code   RO         5579    x$fpl$fretinf       fz_wm.l(fretinf.o)
    0x08004f0e   0x00000000   Code   RO         5581    x$fpl$usenofp       fz_wm.l(usenofp.o)
    0x08004f0e   0x00000002   PAD
    0x08004f10   0x000000d0   Data   RO         4770    .constdata          ccp2conf.o
    0x08004fe0   0x0000001e   Data   RO         4900    .constdata          ccp2daq.o
    0x08004ffe   0x00000002   PAD
    0x08005000   0x000001b4   Data   RO         5467    .constdata          io_can_config.o
    0x080051b4   0x00000020   Data   RO         5734    Region$$Table       anon$$obj.o


    Execution Region ER_RW (Base: 0x20000000, Size: 0x00000298, Max: 0xffffffff, ABSOLUTE, COMPRESSED[0x00000084])

    Base Addr    Size         Type   Attr      Idx    E Section Name        Object

    0x20000000   0x00000004   Data   RW          302    .data               systick.o
    0x20000004   0x00000024   Data   RW         2191    .data               stm32f37x_rcc.o
    0x20000028   0x00000042   Data   RW         4242    .data               stm32f37x_it.o
    0x2000006a   0x00000002   PAD
    0x2000006c   0x00000027   Data   RW         4512    .data               can.o
    0x20000093   0x00000001   PAD
    0x20000094   0x000001e6   Data   RW         4592    .data               main.o
    0x2000027a   0x00000002   PAD
    0x2000027c   0x0000000b   Data   RW         4901    .data               ccp2daq.o
    0x20000287   0x00000001   PAD
    0x20000288   0x00000008   Data   RW         5107    .data               ccp2mem.o
    0x20000290   0x00000005   Data   RW         5280    .data               ccp2session_nvm.o


    Execution Region ER_ZI (Base: 0x20000298, Size: 0x000015e0, Max: 0xffffffff, ABSOLUTE)

    Base Addr    Size         Type   Attr      Idx    E Section Name        Object

    0x20000298   0x0000027c   Zero   RW         4241    .bss                stm32f37x_it.o
    0x20000514   0x00000b20   Zero   RW         4591    .bss                main.o
    0x20001034   0x00000078   Zero   RW         4769    .bss                ccp2conf.o
    0x200010ac   0x00000050   Zero   RW         4899    .bss                ccp2daq.o
    0x200010fc   0x0000002c   Zero   RW         5035    .bss                ccp2main.o
    0x20001128   0x000000f0   Zero   RW         5267    .bss                ccp2nvmd.o
    0x20001218   0x00000060   Zero   RW         5608    .bss                c_w.l(libspace.o)
    0x20001278   0x00000200   Zero   RW         5532    HEAP                startup_stm32f37x.o
    0x20001478   0x00000400   Zero   RW         5531    STACK               startup_stm32f37x.o


==============================================================================

Image component sizes


      Code (inc. data)   RO Data    RW Data    ZI Data      Debug   Object Name

       900         84          0         39          0       3993   can.o
       350         66        208          0        120      20399   ccp2conf.o
      2074        164         30         11         80      14868   ccp2daq.o
        32          4          0          0         44       4551   ccp2main.o
      1064         96          0          8          0      10876   ccp2mem.o
       452         36          0          0          0       3527   ccp2mode.o
         0          0          0          0        240        746   ccp2nvmd.o
         0          0          0          5          0        554   ccp2session_nvm.o
         0          0        436          0          0       3933   io_can_config.o
         0          0          0          0          0     266700   led.o
      4456        566          0        486       2848      47502   main.o
       316         22          0          0          0        868   sdadc.o
        64         26        392          0       1536        792   startup_stm32f37x.o
       408          6          0          0          0       6668   stm32f37x_adc.o
      1352         34          0          0          0       6476   stm32f37x_can.o
        94          0          0          0          0       2407   stm32f37x_dac.o
        52         12          0          0          0       1076   stm32f37x_exti.o
       290         36          0          0          0       3261   stm32f37x_flash.o
       268          0          0          0          0       4396   stm32f37x_gpio.o
      2006        252          0         66        636      18272   stm32f37x_it.o
       112         12          0          0          0        952   stm32f37x_misc.o
        32          6          0          0          0        533   stm32f37x_pwr.o
       744         66          0         36          0       6284   stm32f37x_rcc.o
       348         24          0          0          0       8231   stm32f37x_sdadc.o
       288         12          0          0          0       5468   stm32f37x_spi.o
       664         94          0          0          0       6587   stm32f37x_tim.o
       124          0          0          0          0       3554   stm32f37x_usart.o
       324         26          0          0          0       1373   system_stm32f37x.o
        48         10          0          4          0       1263   systick.o

    ----------------------------------------------------------------------
     16892       1654       1100        664       5504     456110   Object Totals
         0          0         32          0          0          0   (incl. Generated)
        30          0          2          9          0          0   (incl. Padding)

    ----------------------------------------------------------------------

      Code (inc. data)   RO Data    RW Data    ZI Data      Debug   Library Member Name

        58          0          0          0          0          0   __dczerorl.o
         8          0          0          0          0         68   __main.o
         0          0          0          0          0          0   __rtentry.o
        12          0          0          0          0          0   __rtentry2.o
         6          0          0          0          0          0   __rtentry4.o
        52          8          0          0          0          0   __scatter.o
        28          0          0          0          0          0   __scatter_zi.o
        18          0          0          0          0         80   exit.o
         6          0          0          0          0        152   heapauxi.o
         0          0          0          0          0          0   indicate_semi.o
         2          0          0          0          0          0   libinit.o
         6          0          0          0          0          0   libinit2.o
         2          0          0          0          0          0   libshutdown.o
         2          0          0          0          0          0   libshutdown2.o
         8          4          0          0         96         68   libspace.o
         2          0          0          0          0          0   rtexit.o
        10          0          0          0          0          0   rtexit2.o
        12          4          0          0          0         68   sys_exit.o
        74          0          0          0          0         80   sys_stackheap_outer.o
         2          0          0          0          0         68   use_no_semi.o
        98          4          0          0          0        140   d2f.o
       804         16          0          0          0        368   daddsub_clz.o
        24          0          0          0          0        116   dcmpi.o
       688        140          0          0          0        256   ddiv.o
        38          0          0          0          0        116   dflt_clz.o
       120          4          0          0          0        140   dleqf.o
       340         12          0          0          0        152   dmul.o
       156          4          0          0          0        140   dnaninf.o
        12          0          0          0          0        116   dretinf.o
       108          0          0          0          0        128   drleqf.o
        86          4          0          0          0        132   f2d.o
       140          4          0          0          0        132   fnaninf.o
        10          0          0          0          0        116   fpinit.o
        10          0          0          0          0        116   fretinf.o
         0          0          0          0          0          0   usenofp.o

    ----------------------------------------------------------------------
      2956        204          0          0         96       2752   Library Totals
        14          0          0          0          0          0   (incl. Padding)

    ----------------------------------------------------------------------

      Code (inc. data)   RO Data    RW Data    ZI Data      Debug   Library Name

       308         16          0          0         96        584   c_w.l
      2634        188          0          0          0       2168   fz_wm.l

    ----------------------------------------------------------------------
      2956        204          0          0         96       2752   Library Totals

    ----------------------------------------------------------------------

==============================================================================


      Code (inc. data)   RO Data    RW Data    ZI Data      Debug   

     19848       1858       1100        664       5600     438606   Grand Totals
     19848       1858       1100        132       5600     438606   ELF Image Totals (compressed)
     19848       1858       1100        132          0          0   ROM Totals

==============================================================================

    Total RO  Size (Code + RO Data)                20948 (  20.46kB)
    Total RW  Size (RW Data + ZI Data)              6264 (   6.12kB)
    Total ROM Size (Code + RO Data + RW Data)      21080 (  20.59kB)

==============================================================================

