Component: ARM Compiler 5.05 update 1 (build 106) Tool: armlink [4d0efa]

==============================================================================

Section Cross References

    startup_stm32f37x.o(RESET) refers to startup_stm32f37x.o(STACK) for __initial_sp
    startup_stm32f37x.o(RESET) refers to startup_stm32f37x.o(.text) for Reset_Handler
    startup_stm32f37x.o(RESET) refers to stm32f37x_it.o(i.NMI_Handler) for NMI_Handler
    startup_stm32f37x.o(RESET) refers to stm32f37x_it.o(i.HardFault_Handler) for HardFault_Handler
    startup_stm32f37x.o(RESET) refers to stm32f37x_it.o(i.MemManage_Handler) for MemManage_Handler
    startup_stm32f37x.o(RESET) refers to stm32f37x_it.o(i.BusFault_Handler) for BusFault_Handler
    startup_stm32f37x.o(RESET) refers to stm32f37x_it.o(i.UsageFault_Handler) for UsageFault_Handler
    startup_stm32f37x.o(RESET) refers to stm32f37x_it.o(i.SVC_Handler) for SVC_Handler
    startup_stm32f37x.o(RESET) refers to stm32f37x_it.o(i.DebugMon_Handler) for DebugMon_Handler
    startup_stm32f37x.o(RESET) refers to stm32f37x_it.o(i.PendSV_Handler) for PendSV_Handler
    startup_stm32f37x.o(RESET) refers to stm32f37x_it.o(i.SysTick_Handler) for SysTick_Handler
    startup_stm32f37x.o(RESET) refers to stm32f37x_it.o(i.CAN1_RX0_IRQHandler) for CAN1_RX0_IRQHandler
    startup_stm32f37x.o(RESET) refers to stm32f37x_it.o(i.TIM2_IRQHandler) for TIM2_IRQHandler
    startup_stm32f37x.o(RESET) refers to stm32f37x_it.o(i.SPI1_IRQHandler) for SPI1_IRQHandler
    startup_stm32f37x.o(RESET) refers to stm32f37x_it.o(i.SPI2_IRQHandler) for SPI2_IRQHandler
    startup_stm32f37x.o(RESET) refers to stm32f37x_it.o(i.USART3_IRQHandler) for USART3_IRQHandler
    startup_stm32f37x.o(RESET) refers to stm32f37x_it.o(i.TIM5_IRQHandler) for TIM5_IRQHandler
    startup_stm32f37x.o(RESET) refers to stm32f37x_it.o(i.DMA2_Channel1_IRQHandler) for DMA2_Channel1_IRQHandler
    startup_stm32f37x.o(RESET) refers to stm32f37x_it.o(i.DMA2_Channel2_IRQHandler) for DMA2_Channel2_IRQHandler
    startup_stm32f37x.o(RESET) refers to stm32f37x_it.o(i.DMA2_Channel3_IRQHandler) for DMA2_Channel3_IRQHandler
    startup_stm32f37x.o(RESET) refers to stm32f37x_it.o(i.SDADC2_IRQHandler) for SDADC2_IRQHandler
    startup_stm32f37x.o(RESET) refers to stm32f37x_it.o(i.SDADC3_IRQHandler) for SDADC3_IRQHandler
    startup_stm32f37x.o(.text) refers to system_stm32f37x.o(i.SystemInit) for SystemInit
    startup_stm32f37x.o(.text) refers to entry.o(.ARM.Collect$$$$00000000) for __main
    system_stm32f37x.o(i.SystemCoreClockUpdate) refers to system_stm32f37x.o(.data) for SystemCoreClock
    system_stm32f37x.o(i.SystemInit) refers to system_stm32f37x.o(i.SetSysClock) for SetSysClock
    uart.o(i.USART_Configuration) refers to stm32f37x_rcc.o(i.RCC_AHBPeriphClockCmd) for RCC_AHBPeriphClockCmd
    uart.o(i.USART_Configuration) refers to stm32f37x_rcc.o(i.RCC_APB1PeriphClockCmd) for RCC_APB1PeriphClockCmd
    uart.o(i.USART_Configuration) refers to stm32f37x_gpio.o(i.GPIO_PinAFConfig) for GPIO_PinAFConfig
    uart.o(i.USART_Configuration) refers to stm32f37x_gpio.o(i.GPIO_Init) for GPIO_Init
    uart.o(i.USART_Configuration) refers to stm32f37x_usart.o(i.USART_Init) for USART_Init
    uart.o(i.USART_Configuration) refers to stm32f37x_usart.o(i.USART_Cmd) for USART_Cmd
    uart.o(i.fputc) refers to stm32f37x_usart.o(i.USART_SendData) for USART_SendData
    uart.o(i.fputc) refers to stm32f37x_usart.o(i.USART_GetFlagStatus) for USART_GetFlagStatus
    sdadc.o(i.SDADC1_Config) refers to stm32f37x_rcc.o(i.RCC_APB2PeriphClockCmd) for RCC_APB2PeriphClockCmd
    sdadc.o(i.SDADC1_Config) refers to stm32f37x_rcc.o(i.RCC_APB1PeriphClockCmd) for RCC_APB1PeriphClockCmd
    sdadc.o(i.SDADC1_Config) refers to stm32f37x_pwr.o(i.PWR_SDADCAnalogCmd) for PWR_SDADCAnalogCmd
    sdadc.o(i.SDADC1_Config) refers to stm32f37x_rcc.o(i.RCC_SDADCCLKConfig) for RCC_SDADCCLKConfig
    sdadc.o(i.SDADC1_Config) refers to stm32f37x_rcc.o(i.RCC_AHBPeriphClockCmd) for RCC_AHBPeriphClockCmd
    sdadc.o(i.SDADC1_Config) refers to stm32f37x_gpio.o(i.GPIO_Init) for GPIO_Init
    sdadc.o(i.SDADC1_Config) refers to stm32f37x_sdadc.o(i.SDADC_VREFSelect) for SDADC_VREFSelect
    sdadc.o(i.SDADC1_Config) refers to systick.o(i.Delay_ms) for Delay_ms
    sdadc.o(i.SDADC1_Config) refers to stm32f37x_sdadc.o(i.SDADC_Cmd) for SDADC_Cmd
    sdadc.o(i.SDADC1_Config) refers to stm32f37x_sdadc.o(i.SDADC_InitModeCmd) for SDADC_InitModeCmd
    sdadc.o(i.SDADC1_Config) refers to stm32f37x_sdadc.o(i.SDADC_GetFlagStatus) for SDADC_GetFlagStatus
    sdadc.o(i.SDADC1_Config) refers to stm32f37x_sdadc.o(i.SDADC_AINInit) for SDADC_AINInit
    sdadc.o(i.SDADC1_Config) refers to stm32f37x_sdadc.o(i.SDADC_ChannelConfig) for SDADC_ChannelConfig
    sdadc.o(i.SDADC1_Config) refers to stm32f37x_sdadc.o(i.SDADC_InjectedChannelSelect) for SDADC_InjectedChannelSelect
    sdadc.o(i.SDADC1_Config) refers to stm32f37x_sdadc.o(i.SDADC_InjectedContinuousModeCmd) for SDADC_InjectedContinuousModeCmd
[...]
    Removing stm32f37x_flash.o(i.FLASH_OB_Lock), (20 bytes).
    Removing stm32f37x_flash.o(i.FLASH_OB_ProgramData), (72 bytes).
    Removing stm32f37x_flash.o(i.FLASH_OB_RDPConfig), (140 bytes).
    Removing stm32f37x_flash.o(i.FLASH_OB_SRAMParityConfig), (80 bytes).
    Removing stm32f37x_flash.o(i.FLASH_OB_Unlock), (36 bytes).
    Removing stm32f37x_flash.o(i.FLASH_OB_UserConfig), (88 bytes).
    Removing stm32f37x_flash.o(i.FLASH_OB_VDDAConfig), (80 bytes).
    Removing stm32f37x_flash.o(i.FLASH_OB_VDD_SD12Config), (80 bytes).
    Removing stm32f37x_flash.o(i.FLASH_OB_WriteUser), (80 bytes).
    Removing stm32f37x_flash.o(i.FLASH_PrefetchBufferCmd), (36 bytes).
    Removing stm32f37x_flash.o(i.FLASH_ProgramHalfWord), (68 bytes).
    Removing stm32f37x_flash.o(i.FLASH_ProgramWord), (108 bytes).
    Removing stm32f37x_flash.o(i.FLASH_SetLatency), (24 bytes).
    Removing stm32f37x_flash.o(i.FLASH_Unlock), (36 bytes).
    Removing stm32f37x_flash.o(i.FLASH_WaitForLastOperation), (38 bytes).
    Removing stm32f37x_dac.o(.rev16_text), (4 bytes).
    Removing stm32f37x_dac.o(.revsh_text), (4 bytes).
    Removing stm32f37x_dac.o(.rrx_text), (6 bytes).
    Removing stm32f37x_dac.o(i.DAC_ClearFlag), (8 bytes).
    Removing stm32f37x_dac.o(i.DAC_ClearITPendingBit), (8 bytes).
    Removing stm32f37x_dac.o(i.DAC_Cmd), (28 bytes).
    Removing stm32f37x_dac.o(i.DAC_DMACmd), (32 bytes).
    Removing stm32f37x_dac.o(i.DAC_DeInit), (56 bytes).
    Removing stm32f37x_dac.o(i.DAC_DualSoftwareTriggerCmd), (22 bytes).
    Removing stm32f37x_dac.o(i.DAC_GetDataOutputValue), (30 bytes).
    Removing stm32f37x_dac.o(i.DAC_GetFlagStatus), (24 bytes).
    Removing stm32f37x_dac.o(i.DAC_GetITStatus), (38 bytes).
    Removing stm32f37x_dac.o(i.DAC_ITConfig), (28 bytes).
    Removing stm32f37x_dac.o(i.DAC_Init), (42 bytes).
    Removing stm32f37x_dac.o(i.DAC_SetChannel1Data), (24 bytes).
    Removing stm32f37x_dac.o(i.DAC_SetChannel2Data), (24 bytes).
    Removing stm32f37x_dac.o(i.DAC_SetDualChannelData), (32 bytes).
    Removing stm32f37x_dac.o(i.DAC_SoftwareTriggerCmd), (32 bytes).
    Removing stm32f37x_dac.o(i.DAC_StructInit), (12 bytes).
    Removing stm32f37x_dac.o(i.DAC_WaveGenerationCmd), (28 bytes).
    Removing stm32f37x_spi.o(.rev16_text), (4 bytes).
    Removing stm32f37x_spi.o(.revsh_text), (4 bytes).
    Removing stm32f37x_spi.o(.rrx_text), (6 bytes).
    Removing stm32f37x_spi.o(i.I2S_Cmd), (24 bytes).
    Removing stm32f37x_spi.o(i.I2S_Init), (216 bytes).
    Removing stm32f37x_spi.o(i.I2S_StructInit), (20 bytes).
    Removing stm32f37x_spi.o(i.SPI_BiDirectionalLineConfig), (28 bytes).
    Removing stm32f37x_spi.o(i.SPI_CRCLengthConfig), (18 bytes).
    Removing stm32f37x_spi.o(i.SPI_CalculateCRC), (24 bytes).
    Removing stm32f37x_spi.o(i.SPI_Cmd), (24 bytes).
    Removing stm32f37x_spi.o(i.SPI_DataSizeConfig), (18 bytes).
    Removing stm32f37x_spi.o(i.SPI_GetCRC), (16 bytes).
    Removing stm32f37x_spi.o(i.SPI_GetCRCPolynomial), (6 bytes).
    Removing stm32f37x_spi.o(i.SPI_GetReceptionFIFOStatus), (10 bytes).
    Removing stm32f37x_spi.o(i.SPI_GetTransmissionFIFOStatus), (10 bytes).
    Removing stm32f37x_spi.o(i.SPI_I2S_ClearFlag), (6 bytes).
    Removing stm32f37x_spi.o(i.SPI_I2S_DMACmd), (18 bytes).
    Removing stm32f37x_spi.o(i.SPI_I2S_DeInit), (88 bytes).
    Removing stm32f37x_spi.o(i.SPI_I2S_GetFlagStatus), (18 bytes).
    Removing stm32f37x_spi.o(i.SPI_I2S_GetITStatus), (52 bytes).
    Removing stm32f37x_spi.o(i.SPI_I2S_ITConfig), (32 bytes).
    Removing stm32f37x_spi.o(i.SPI_I2S_SendData16), (6 bytes).
    Removing stm32f37x_spi.o(i.SPI_Init), (80 bytes).
    Removing stm32f37x_spi.o(i.SPI_LastDMATransferCmd), (18 bytes).
    Removing stm32f37x_spi.o(i.SPI_NSSInternalSoftwareConfig), (30 bytes).
    Removing stm32f37x_spi.o(i.SPI_NSSPulseModeCmd), (24 bytes).
    Removing stm32f37x_spi.o(i.SPI_ReceiveData8), (12 bytes).
    Removing stm32f37x_spi.o(i.SPI_RxFIFOThresholdConfig), (18 bytes).
    Removing stm32f37x_spi.o(i.SPI_SSOutputCmd), (24 bytes).
    Removing stm32f37x_spi.o(i.SPI_SendData8), (10 bytes).
    Removing stm32f37x_spi.o(i.SPI_StructInit), (30 bytes).
    Removing stm32f37x_spi.o(i.SPI_TIModeCmd), (24 bytes).
    Removing stm32f37x_spi.o(i.SPI_TransmitCRC), (10 bytes).
    Removing stm32f37x_tim.o(.rev16_text), (4 bytes).
    Removing stm32f37x_tim.o(.revsh_text), (4 bytes).
    Removing stm32f37x_tim.o(.rrx_text), (6 bytes).
    Removing stm32f37x_tim.o(i.TI1_Config), (58 bytes).
    Removing stm32f37x_tim.o(i.TI2_Config), (80 bytes).
    Removing stm32f37x_tim.o(i.TI3_Config), (72 bytes).
    Removing stm32f37x_tim.o(i.TI4_Config), (80 bytes).
    Removing stm32f37x_tim.o(i.TIM_ARRPreloadConfig), (24 bytes).
    Removing stm32f37x_tim.o(i.TIM_BDTRConfig), (38 bytes).
    Removing stm32f37x_tim.o(i.TIM_BDTRStructInit), (18 bytes).
    Removing stm32f37x_tim.o(i.TIM_CCPreloadControl), (24 bytes).
    Removing stm32f37x_tim.o(i.TIM_CCxCmd), (30 bytes).
    Removing stm32f37x_tim.o(i.TIM_CCxNCmd), (30 bytes).
    Removing stm32f37x_tim.o(i.TIM_ClearOC1Ref), (18 bytes).
    Removing stm32f37x_tim.o(i.TIM_ClearOC2Ref), (24 bytes).
    Removing stm32f37x_tim.o(i.TIM_ClearOC3Ref), (18 bytes).
    Removing stm32f37x_tim.o(i.TIM_ClearOC4Ref), (24 bytes).
    Removing stm32f37x_tim.o(i.TIM_CounterModeConfig), (18 bytes).
    Removing stm32f37x_tim.o(i.TIM_CtrlPWMOutputs), (30 bytes).
    Removing stm32f37x_tim.o(i.TIM_DMACmd), (18 bytes).
    Removing stm32f37x_tim.o(i.TIM_DMAConfig), (10 bytes).
    Removing stm32f37x_tim.o(i.TIM_ETRClockMode1Config), (54 bytes).
    Removing stm32f37x_tim.o(i.TIM_ETRClockMode2Config), (32 bytes).
    Removing stm32f37x_tim.o(i.TIM_ETRConfig), (28 bytes).
    Removing stm32f37x_tim.o(i.TIM_EncoderInterfaceConfig), (66 bytes).
    Removing stm32f37x_tim.o(i.TIM_ForcedOC1Config), (18 bytes).
    Removing stm32f37x_tim.o(i.TIM_ForcedOC2Config), (26 bytes).
    Removing stm32f37x_tim.o(i.TIM_ForcedOC3Config), (18 bytes).
    Removing stm32f37x_tim.o(i.TIM_ForcedOC4Config), (26 bytes).
    Removing stm32f37x_tim.o(i.TIM_GenerateEvent), (4 bytes).
    Removing stm32f37x_tim.o(i.TIM_GetCapture1), (6 bytes).
    Removing stm32f37x_tim.o(i.TIM_GetCapture2), (6 bytes).
    Removing stm32f37x_tim.o(i.TIM_GetCapture3), (6 bytes).
    Removing stm32f37x_tim.o(i.TIM_GetCapture4), (6 bytes).
    Removing stm32f37x_tim.o(i.TIM_GetCounter), (6 bytes).
    Removing stm32f37x_tim.o(i.TIM_GetFlagStatus), (18 bytes).
    Removing stm32f37x_tim.o(i.TIM_GetPrescaler), (6 bytes).
    Removing stm32f37x_tim.o(i.TIM_ICInit), (110 bytes).
    Removing stm32f37x_tim.o(i.TIM_ICStructInit), (18 bytes).
    Removing stm32f37x_tim.o(i.TIM_ITRxExternalClockConfig), (24 bytes).
    Removing stm32f37x_tim.o(i.TIM_InternalClockConfig), (12 bytes).
    Removing stm32f37x_tim.o(i.TIM_OC1FastConfig), (18 bytes).
    Removing stm32f37x_tim.o(i.TIM_OC1Init), (132 bytes).
    Removing stm32f37x_tim.o(i.TIM_OC1NPolarityConfig), (18 bytes).
    Removing stm32f37x_tim.o(i.TIM_OC1PolarityConfig), (18 bytes).
    Removing stm32f37x_tim.o(i.TIM_OC1PreloadConfig), (18 bytes).
    Removing stm32f37x_tim.o(i.TIM_OC2FastConfig), (26 bytes).
    Removing stm32f37x_tim.o(i.TIM_OC2Init), (82 bytes).
    Removing stm32f37x_tim.o(i.TIM_OC2PolarityConfig), (26 bytes).
    Removing stm32f37x_tim.o(i.TIM_OC2PreloadConfig), (26 bytes).
    Removing stm32f37x_tim.o(i.TIM_OC3FastConfig), (18 bytes).
    Removing stm32f37x_tim.o(i.TIM_OC3Init), (78 bytes).
    Removing stm32f37x_tim.o(i.TIM_OC3PolarityConfig), (26 bytes).
    Removing stm32f37x_tim.o(i.TIM_OC3PreloadConfig), (18 bytes).
    Removing stm32f37x_tim.o(i.TIM_OC4FastConfig), (26 bytes).
    Removing stm32f37x_tim.o(i.TIM_OC4Init), (82 bytes).
    Removing stm32f37x_tim.o(i.TIM_OC4PolarityConfig), (26 bytes).
    Removing stm32f37x_tim.o(i.TIM_OC4PreloadConfig), (26 bytes).
    Removing stm32f37x_tim.o(i.TIM_OCStructInit), (20 bytes).
    Removing stm32f37x_tim.o(i.TIM_PWMIConfig), (124 bytes).
    Removing stm32f37x_tim.o(i.TIM_PrescalerConfig), (6 bytes).
    Removing stm32f37x_tim.o(i.TIM_RemapConfig), (6 bytes).
    Removing stm32f37x_tim.o(i.TIM_SelectCCDMA), (24 bytes).
    Removing stm32f37x_tim.o(i.TIM_SelectCOM), (24 bytes).
    Removing stm32f37x_tim.o(i.TIM_SelectHallSensor), (24 bytes).
    Removing stm32f37x_tim.o(i.TIM_SelectInputTrigger), (18 bytes).
    Removing stm32f37x_tim.o(i.TIM_SelectMasterSlaveMode), (18 bytes).
    Removing stm32f37x_tim.o(i.TIM_SelectOCREFClear), (18 bytes).
    Removing stm32f37x_tim.o(i.TIM_SelectOCxM), (82 bytes).
    Removing stm32f37x_tim.o(i.TIM_SelectOnePulseMode), (18 bytes).
    Removing stm32f37x_tim.o(i.TIM_SelectOutputTrigger), (18 bytes).
    Removing stm32f37x_tim.o(i.TIM_SelectSlaveMode), (18 bytes).
    Removing stm32f37x_tim.o(i.TIM_SetAutoreload), (4 bytes).
    Removing stm32f37x_tim.o(i.TIM_SetClockDivision), (18 bytes).
    Removing stm32f37x_tim.o(i.TIM_SetCompare1), (4 bytes).
    Removing stm32f37x_tim.o(i.TIM_SetCompare2), (4 bytes).
    Removing stm32f37x_tim.o(i.TIM_SetCompare3), (4 bytes).
    Removing stm32f37x_tim.o(i.TIM_SetCompare4), (4 bytes).
    Removing stm32f37x_tim.o(i.TIM_SetCounter), (4 bytes).
    Removing stm32f37x_tim.o(i.TIM_SetIC1Prescaler), (18 bytes).
    Removing stm32f37x_tim.o(i.TIM_SetIC2Prescaler), (26 bytes).
    Removing stm32f37x_tim.o(i.TIM_SetIC3Prescaler), (18 bytes).
    Removing stm32f37x_tim.o(i.TIM_SetIC4Prescaler), (26 bytes).
    Removing stm32f37x_tim.o(i.TIM_TIxExternalClockConfig), (62 bytes).
    Removing stm32f37x_tim.o(i.TIM_TimeBaseStructInit), (18 bytes).
    Removing stm32f37x_tim.o(i.TIM_UpdateDisableConfig), (24 bytes).
    Removing stm32f37x_tim.o(i.TIM_UpdateRequestConfig), (24 bytes).

562 unused section(s) (total 24731 bytes) removed from the image.

==============================================================================

Image Symbol Table

    Local Symbols

    Symbol Name                              Value     Ov Type        Size  Object(Section)

    ../clib/../cmprslib/zerorunl2.c          0x00000000   Number         0  __dczerorl2.o ABSOLUTE
    ../clib/microlib/init/entry.s            0x00000000   Number         0  entry8a.o ABSOLUTE
    ../clib/microlib/init/entry.s            0x00000000   Number         0  entry11a.o ABSOLUTE
    ../clib/microlib/init/entry.s            0x00000000   Number         0  entry11b.o ABSOLUTE
    ../clib/microlib/init/entry.s            0x00000000   Number         0  entry7b.o ABSOLUTE
    ../clib/microlib/init/entry.s            0x00000000   Number         0  entry10a.o ABSOLUTE
    ../clib/microlib/init/entry.s            0x00000000   Number         0  entry7a.o ABSOLUTE
    ../clib/microlib/init/entry.s            0x00000000   Number         0  entry9b.o ABSOLUTE
    ../clib/microlib/init/entry.s            0x00000000   Number         0  entry5.o ABSOLUTE
    ../clib/microlib/init/entry.s            0x00000000   Number         0  entry9a.o ABSOLUTE
    ../clib/microlib/init/entry.s            0x00000000   Number         0  entry2.o ABSOLUTE
    ../clib/microlib/init/entry.s            0x00000000   Number         0  entry8b.o ABSOLUTE
    ../clib/microlib/init/entry.s            0x00000000   Number         0  entry10b.o ABSOLUTE
    ../clib/microlib/init/entry.s            0x00000000   Number         0  entry.o ABSOLUTE
    ../clib/microlib/longlong.c              0x00000000   Number         0  llshl.o ABSOLUTE
    ../clib/microlib/longlong.c              0x00000000   Number         0  llushr.o ABSOLUTE
    ../clib/microlib/stubs.s                 0x00000000   Number         0  iusefp.o ABSOLUTE
    ../fplib/microlib/d2f.c                  0x00000000   Number         0  d2f.o ABSOLUTE
    ../fplib/microlib/fpdiv.c                0x00000000   Number         0  ddiv.o ABSOLUTE
    ../fplib/microlib/fpepilogue.c           0x00000000   Number         0  fepilogue.o ABSOLUTE
    ../fplib/microlib/fpepilogue.c           0x00000000   Number         0  depilogue.o ABSOLUTE
    ../fplib/microlib/fpflt.c                0x00000000   Number         0  dfltui.o ABSOLUTE
    ../fplib/microlib/fpmul.c                0x00000000   Number         0  dmul.o ABSOLUTE
    ..\\drive\\sdadc.c                       0x00000000   Number         0  sdadc.o ABSOLUTE
    ..\\drive\\systick.c                     0x00000000   Number         0  systick.o ABSOLUTE
    ..\\drive\\uart.c                        0x00000000   Number         0  uart.o ABSOLUTE
    ..\\lib\\src\\stm32f37x_adc.c            0x00000000   Number         0  stm32f37x_adc.o ABSOLUTE
    ..\\lib\\src\\stm32f37x_can.c            0x00000000   Number         0  stm32f37x_can.o ABSOLUTE
    ..\\lib\\src\\stm32f37x_dac.c            0x00000000   Number         0  stm32f37x_dac.o ABSOLUTE
    ..\\lib\\src\\stm32f37x_dma.c            0x00000000   Number         0  stm32f37x_dma.o ABSOLUTE
    ..\\lib\\src\\stm32f37x_exti.c           0x00000000   Number         0  stm32f37x_exti.o ABSOLUTE
    ..\\lib\\src\\stm32f37x_flash.c          0x00000000   Number         0  stm32f37x_flash.o ABSOLUTE
    ..\\lib\\src\\stm32f37x_gpio.c           0x00000000   Number         0  stm32f37x_gpio.o ABSOLUTE
    ..\\lib\\src\\stm32f37x_misc.c           0x00000000   Number         0  stm32f37x_misc.o ABSOLUTE
    ..\\lib\\src\\stm32f37x_pwr.c            0x00000000   Number         0  stm32f37x_pwr.o ABSOLUTE
    ..\\lib\\src\\stm32f37x_rcc.c            0x00000000   Number         0  stm32f37x_rcc.o ABSOLUTE
    ..\\lib\\src\\stm32f37x_sdadc.c          0x00000000   Number         0  stm32f37x_sdadc.o ABSOLUTE
    ..\\lib\\src\\stm32f37x_spi.c            0x00000000   Number         0  stm32f37x_spi.o ABSOLUTE
    ..\\lib\\src\\stm32f37x_syscfg.c         0x00000000   Number         0  stm32f37x_syscfg.o ABSOLUTE
    ..\\lib\\src\\stm32f37x_tim.c            0x00000000   Number         0  stm32f37x_tim.o ABSOLUTE
    ..\\lib\\src\\stm32f37x_usart.c          0x00000000   Number         0  stm32f37x_usart.o ABSOLUTE
    ..\\stm32f3\\stm32f37x_it.c              0x00000000   Number         0  stm32f37x_it.o ABSOLUTE
    ..\\stm32f3\\system_stm32f37x.c          0x00000000   Number         0  system_stm32f37x.o ABSOLUTE
    ..\drive\sdadc.c                         0x00000000   Number         0  sdadc.o ABSOLUTE
    ..\drive\systick.c                       0x00000000   Number         0  systick.o ABSOLUTE
    ..\drive\uart.c                          0x00000000   Number         0  uart.o ABSOLUTE
    ..\lib\src\stm32f37x_adc.c               0x00000000   Number         0  stm32f37x_adc.o ABSOLUTE
    ..\lib\src\stm32f37x_can.c               0x00000000   Number         0  stm32f37x_can.o ABSOLUTE
    ..\lib\src\stm32f37x_dac.c               0x00000000   Number         0  stm32f37x_dac.o ABSOLUTE
    ..\lib\src\stm32f37x_dma.c               0x00000000   Number         0  stm32f37x_dma.o ABSOLUTE
    ..\lib\src\stm32f37x_exti.c              0x00000000   Number         0  stm32f37x_exti.o ABSOLUTE
    ..\lib\src\stm32f37x_flash.c             0x00000000   Number         0  stm32f37x_flash.o ABSOLUTE
    ..\lib\src\stm32f37x_gpio.c              0x00000000   Number         0  stm32f37x_gpio.o ABSOLUTE
    ..\lib\src\stm32f37x_misc.c              0x00000000   Number         0  stm32f37x_misc.o ABSOLUTE
    ..\lib\src\stm32f37x_pwr.c               0x00000000   Number         0  stm32f37x_pwr.o ABSOLUTE
    ..\lib\src\stm32f37x_rcc.c               0x00000000   Number         0  stm32f37x_rcc.o ABSOLUTE
    ..\lib\src\stm32f37x_sdadc.c             0x00000000   Number         0  stm32f37x_sdadc.o ABSOLUTE
    ..\lib\src\stm32f37x_spi.c               0x00000000   Number         0  stm32f37x_spi.o ABSOLUTE
    ..\lib\src\stm32f37x_syscfg.c            0x00000000   Number         0  stm32f37x_syscfg.o ABSOLUTE
    ..\lib\src\stm32f37x_tim.c               0x00000000   Number         0  stm32f37x_tim.o ABSOLUTE
    ..\lib\src\stm32f37x_usart.c             0x00000000   Number         0  stm32f37x_usart.o ABSOLUTE
    ..\stm32f3\stm32f37x_it.c                0x00000000   Number         0  stm32f37x_it.o ABSOLUTE
    ..\stm32f3\system_stm32f37x.c            0x00000000   Number         0  system_stm32f37x.o ABSOLUTE
    APP\APP_can.c                            0x00000000   Number         0  app_can.o ABSOLUTE
    APP\\APP_can.c                           0x00000000   Number         0  app_can.o ABSOLUTE
    APP\\can_xfer.c                          0x00000000   Number         0  can_xfer.o ABSOLUTE
    APP\\dd_can.c                            0x00000000   Number         0  dd_can.o ABSOLUTE
    APP\\initialize.c                        0x00000000   Number         0  initialize.o ABSOLUTE
    APP\\interrupt.c                         0x00000000   Number         0  interrupt.o ABSOLUTE
    APP\can_xfer.c                           0x00000000   Number         0  can_xfer.o ABSOLUTE
    APP\dd_can.c                             0x00000000   Number         0  dd_can.o ABSOLUTE
    APP\initialize.c                         0x00000000   Number         0  initialize.o ABSOLUTE
    APP\interrupt.c                          0x00000000   Number         0  interrupt.o ABSOLUTE
    CCP\\ccp2conf.c                          0x00000000   Number         0  ccp2conf.o ABSOLUTE
    CCP\\ccp2daq.c                           0x00000000   Number         0  ccp2daq.o ABSOLUTE
    CCP\\ccp2main.c                          0x00000000   Number         0  ccp2main.o ABSOLUTE
    CCP\\ccp2mem.c                           0x00000000   Number         0  ccp2mem.o ABSOLUTE
    CCP\\ccp2mode.c                          0x00000000   Number         0  ccp2mode.o ABSOLUTE
    CCP\\ccp2nvmd.c                          0x00000000   Number         0  ccp2nvmd.o ABSOLUTE
    CCP\\ccp2session_nvm.c                   0x00000000   Number         0  ccp2session_nvm.o ABSOLUTE
    CCP\ccp2conf.c                           0x00000000   Number         0  ccp2conf.o ABSOLUTE
    CCP\ccp2daq.c                            0x00000000   Number         0  ccp2daq.o ABSOLUTE
    CCP\ccp2main.c                           0x00000000   Number         0  ccp2main.o ABSOLUTE
    CCP\ccp2mem.c                            0x00000000   Number         0  ccp2mem.o ABSOLUTE
    CCP\ccp2mode.c                           0x00000000   Number         0  ccp2mode.o ABSOLUTE
    CCP\ccp2nvmd.c                           0x00000000   Number         0  ccp2nvmd.o ABSOLUTE
    CCP\ccp2session_nvm.c                    0x00000000   Number         0  ccp2session_nvm.o ABSOLUTE
    adc.c                                    0x00000000   Number         0  adc.o ABSOLUTE
    adc.c                                    0x00000000   Number         0  adc.o ABSOLUTE
    can.c                                    0x00000000   Number         0  can.o ABSOLUTE
    can.c                                    0x00000000   Number         0  can.o ABSOLUTE
    dc.s                                     0x00000000   Number         0  dc.o ABSOLUTE
    handlers.s                               0x00000000   Number         0  handlers.o ABSOLUTE
    init.s                                   0x00000000   Number         0  init.o ABSOLUTE
    io_config\\io_can_config.c               0x00000000   Number         0  io_can_config.o ABSOLUTE
    io_config\io_can_config.c                0x00000000   Number         0  io_can_config.o ABSOLUTE
    main.c                                   0x00000000   Number         0  main.o ABSOLUTE
    main.c                                   0x00000000   Number         0  main.o ABSOLUTE
    startup_stm32f37x.s                      0x00000000   Number         0  startup_stm32f37x.o ABSOLUTE
    RESET                                    0x08000000   Section      392  startup_stm32f37x.o(RESET)
    .ARM.Collect$$$$00000000                 0x08000188   Section        0  entry.o(.ARM.Collect$$$$00000000)
    .ARM.Collect$$$$00000001                 0x08000188   Section        4  entry2.o(.ARM.Collect$$$$00000001)
    .ARM.Collect$$$$00000004                 0x0800018c   Section        4  entry5.o(.ARM.Collect$$$$00000004)
    .ARM.Collect$$$$00000008                 0x08000190   Section        0  entry7b.o(.ARM.Collect$$$$00000008)
    .ARM.Collect$$$$0000000A                 0x08000190   Section        0  entry8b.o(.ARM.Collect$$$$0000000A)
    .ARM.Collect$$$$0000000B                 0x08000190   Section        8  entry9a.o(.ARM.Collect$$$$0000000B)
    .ARM.Collect$$$$0000000D                 0x08000198   Section        0  entry10a.o(.ARM.Collect$$$$0000000D)
    .ARM.Collect$$$$0000000F                 0x08000198   Section        0  entry11a.o(.ARM.Collect$$$$0000000F)
    .ARM.Collect$$$$00002712                 0x08000198   Section        4  entry2.o(.ARM.Collect$$$$00002712)
    __lit__00000000                          0x08000198   Data           4  entry2.o(.ARM.Collect$$$$00002712)
    .text                                    0x0800019c   Section       36  startup_stm32f37x.o(.text)
    $v0                                      0x0800019c   Number         0  startup_stm32f37x.o(.text)
    .text                                    0x080001c0   Section        0  dmul.o(.text)
    .text                                    0x080002a4   Section        0  ddiv.o(.text)
    .text                                    0x08000382   Section        0  dfltui.o(.text)
    .text                                    0x0800039c   Section        0  d2f.o(.text)
    .text                                    0x080003d4   Section        0  iusefp.o(.text)
    .text                                    0x080003d4   Section        0  fepilogue.o(.text)
    .text                                    0x08000442   Section        0  depilogue.o(.text)
    .text                                    0x080004fc   Section       36  init.o(.text)
    .text                                    0x08000520   Section        0  llshl.o(.text)
    .text                                    0x0800053e   Section        0  llushr.o(.text)
    .text                                    0x0800055e   Section        0  __dczerorl2.o(.text)
    i.BusFault_Handler                       0x080005b4   Section        0  stm32f37x_it.o(i.BusFault_Handler)
    i.CAN1_RX0_IRQHandler                    0x080005b8   Section        0  stm32f37x_it.o(i.CAN1_RX0_IRQHandler)
    i.CAN1_Receive_Msg                       0x080005e4   Section        0  can.o(i.CAN1_Receive_Msg)
    i.CAN_Config                             0x0800064c   Section        0  can.o(i.CAN_Config)
    i.CAN_DeInit                             0x0800074c   Section        0  stm32f37x_can.o(i.CAN_DeInit)
    i.CAN_FilterInit                         0x08000770   Section        0  stm32f37x_can.o(i.CAN_FilterInit)
    i.CAN_ITConfig                           0x08000878   Section        0  stm32f37x_can.o(i.CAN_ITConfig)
    i.CAN_Init                               0x0800088a   Section        0  stm32f37x_can.o(i.CAN_Init)
    i.CAN_MessagePending                     0x0800099e   Section        0  stm32f37x_can.o(i.CAN_MessagePending)
    i.CAN_Receive                            0x080009bc   Section        0  stm32f37x_can.o(i.CAN_Receive)
    i.CAN_StructInit                         0x08000aac   Section        0  stm32f37x_can.o(i.CAN_StructInit)
    i.CCP_Build_Chksum                       0x08000acc   Section        0  ccp2mem.o(i.CCP_Build_Chksum)
    i.CCP_Clear_Memory                       0x08000b18   Section        0  ccp2mem.o(i.CCP_Clear_Memory)
    i.CCP_Clear_Session_Configuration_ID     0x08000bb0   Section        0  ccp2conf.o(i.CCP_Clear_Session_Configuration_ID)
    CCP_Clear_Session_Configuration_ID       0x08000bb1   Thumb Code    20  ccp2conf.o(i.CCP_Clear_Session_Configuration_ID)
    i.CCP_Command_Unavailable                0x08000bc8   Section        0  ccp2conf.o(i.CCP_Command_Unavailable)
    i.CCP_Connect                            0x08000bcc   Section        0  ccp2mode.o(i.CCP_Connect)
    i.CCP_Disconnect                         0x08000c44   Section        0  ccp2mode.o(i.CCP_Disconnect)
    i.CCP_Dnload                             0x08000cd4   Section        0  ccp2mem.o(i.CCP_Dnload)
    i.CCP_Dnload_6                           0x08000ce8   Section        0  ccp2mem.o(i.CCP_Dnload_6)
    i.CCP_Exchange_ID                        0x08000cf4   Section        0  ccp2conf.o(i.CCP_Exchange_ID)
    i.CCP_Get_Active_Cal_Page                0x08000d18   Section        0  ccp2conf.o(i.CCP_Get_Active_Cal_Page)
    i.CCP_Get_CCP_Version                    0x08000d28   Section        0  ccp2mode.o(i.CCP_Get_CCP_Version)
    i.CCP_Get_DAQ_Size                       0x08000d3c   Section        0  ccp2daq.o(i.CCP_Get_DAQ_Size)
    i.CCP_Get_S_Status                       0x08000de8   Section        0  ccp2mode.o(i.CCP_Get_S_Status)
    i.CCP_Get_Seed                           0x08000dfc   Section        0  ccp2mode.o(i.CCP_Get_Seed)
    i.CCP_Initialize                         0x08000e0c   Section        0  ccp2main.o(i.CCP_Initialize)
    i.CCP_Initialize_Resume_Data             0x08000e2c   Section        0  ccp2daq.o(i.CCP_Initialize_Resume_Data)
    i.CCP_Initialize_User                    0x08000e44   Section        0  ccp2conf.o(i.CCP_Initialize_User)
    i.CCP_Location_Of_Address_User           0x08000e7c   Section        0  ccp2conf.o(i.CCP_Location_Of_Address_User)
    i.CCP_Move                               0x08000ee4   Section        0  ccp2mem.o(i.CCP_Move)
    i.CCP_Program                            0x08000f3c   Section        0  ccp2mem.o(i.CCP_Program)
    i.CCP_Program_6                          0x08000f50   Section        0  ccp2mem.o(i.CCP_Program_6)
    i.CCP_Read_From_REGISTER_Memory_User     0x08000f5c   Section        0  ccp2conf.o(i.CCP_Read_From_REGISTER_Memory_User)
    i.CCP_Read_Resume_Data                   0x08000f64   Section        0  ccp2daq.o(i.CCP_Read_Resume_Data)
    CCP_Read_Resume_Data                     0x08000f65   Thumb Code   176  ccp2daq.o(i.CCP_Read_Resume_Data)
    i.CCP_Read_Session_Status_User           0x08001020   Section        0  ccp2conf.o(i.CCP_Read_Session_Status_User)
    i.CCP_Select_Cal_Page                    0x0800102c   Section        0  ccp2conf.o(i.CCP_Select_Cal_Page)
    i.CCP_Set_DAQ_Ptr                        0x08001034   Section        0  ccp2daq.o(i.CCP_Set_DAQ_Ptr)
    i.CCP_Set_MTA                            0x0800105c   Section        0  ccp2mem.o(i.CCP_Set_MTA)
    i.CCP_Set_S_Status                       0x08001070   Section        0  ccp2mode.o(i.CCP_Set_S_Status)
    i.CCP_Set_S_Status_User                  0x080010e4   Section        0  ccp2conf.o(i.CCP_Set_S_Status_User)
    i.CCP_Short_Up                           0x08001134   Section        0  ccp2mem.o(i.CCP_Short_Up)
    i.CCP_Start_Stop                         0x08001174   Section        0  ccp2daq.o(i.CCP_Start_Stop)
    i.CCP_Start_Stop_All                     0x08001250   Section        0  ccp2daq.o(i.CCP_Start_Stop_All)
    i.CCP_Store_Resume_Data                  0x080012ac   Section        0  ccp2daq.o(i.CCP_Store_Resume_Data)
    i.CCP_Unlock                             0x08001358   Section        0  ccp2mode.o(i.CCP_Unlock)
    i.CCP_Upload                             0x08001368   Section        0  ccp2mem.o(i.CCP_Upload)
    i.CCP_Write_DAQ                          0x080013b0   Section        0  ccp2daq.o(i.CCP_Write_DAQ)
    i.CCP_Write_To_REGISTER_Memory_User      0x08001444   Section        0  ccp2conf.o(i.CCP_Write_To_REGISTER_Memory_User)
    i.Clear_DAQ_List                         0x0800144c   Section        0  ccp2daq.o(i.Clear_DAQ_List)
    Clear_DAQ_List                           0x0800144d   Thumb Code    82  ccp2daq.o(i.Clear_DAQ_List)
    i.DAQ_Starting_PID                       0x080014a4   Section        0  ccp2daq.o(i.DAQ_Starting_PID)
    DAQ_Starting_PID                         0x080014a5   Thumb Code    30  ccp2daq.o(i.DAQ_Starting_PID)
    i.DMA2_Channel1_IRQHandler               0x080014c8   Section        0  stm32f37x_it.o(i.DMA2_Channel1_IRQHandler)
    i.DMA2_Channel2_IRQHandler               0x080014ec   Section        0  stm32f37x_it.o(i.DMA2_Channel2_IRQHandler)
    i.DMA2_Channel3_IRQHandler               0x08001510   Section        0  stm32f37x_it.o(i.DMA2_Channel3_IRQHandler)
    i.DebugMon_Handler                       0x08001534   Section        0  stm32f37x_it.o(i.DebugMon_Handler)
    i.Download_Data                          0x08001538   Section        0  ccp2mem.o(i.Download_Data)
    Download_Data                            0x08001539   Thumb Code    62  ccp2mem.o(i.Download_Data)
    i.Erase_All_Of_Flash                     0x08001580   Section        0  ccp2mem.o(i.Erase_All_Of_Flash)
    Erase_All_Of_Flash                       0x08001581   Thumb Code     4  ccp2mem.o(i.Erase_All_Of_Flash)
    i.GPIO_Init                              0x08001584   Section        0  stm32f37x_gpio.o(i.GPIO_Init)
    i.GPIO_PinAFConfig                       0x08001614   Section        0  stm32f37x_gpio.o(i.GPIO_PinAFConfig)
    i.GPIO_ResetBits                         0x0800165a   Section        0  stm32f37x_gpio.o(i.GPIO_ResetBits)
    i.GPIO_SetBits                           0x0800165e   Section        0  stm32f37x_gpio.o(i.GPIO_SetBits)
    i.GPIO_WriteBit                          0x08001662   Section        0  stm32f37x_gpio.o(i.GPIO_WriteBit)
    i.HardFault_Handler                      0x0800166c   Section        0  stm32f37x_it.o(i.HardFault_Handler)
    i.IO_Configuration_base                  0x08001670   Section        0  main.o(i.IO_Configuration_base)
    i.Initialize_DAQ_List_Status             0x08001708   Section        0  ccp2daq.o(i.Initialize_DAQ_List_Status)
    Initialize_DAQ_List_Status               0x08001709   Thumb Code    30  ccp2daq.o(i.Initialize_DAQ_List_Status)
    i.Initialize_DAQ_Parameters              0x0800172c   Section        0  ccp2daq.o(i.Initialize_DAQ_Parameters)
    i.MemManage_Handler                      0x08001746   Section        0  stm32f37x_it.o(i.MemManage_Handler)
    i.Move_DAQ_Pointer                       0x0800174c   Section        0  ccp2daq.o(i.Move_DAQ_Pointer)
    Move_DAQ_Pointer                         0x0800174d   Thumb Code    70  ccp2daq.o(i.Move_DAQ_Pointer)
    i.Move_DAQ_Pointer_Forward_One_Element   0x0800179c   Section        0  ccp2daq.o(i.Move_DAQ_Pointer_Forward_One_Element)
    Move_DAQ_Pointer_Forward_One_Element     0x0800179d   Thumb Code    88  ccp2daq.o(i.Move_DAQ_Pointer_Forward_One_Element)
    i.Move_DAQ_Pointer_To_Next_ODT           0x080017fc   Section        0  ccp2daq.o(i.Move_DAQ_Pointer_To_Next_ODT)
    Move_DAQ_Pointer_To_Next_ODT             0x080017fd   Thumb Code    64  ccp2daq.o(i.Move_DAQ_Pointer_To_Next_ODT)
    i.Move_MTA                               0x08001844   Section        0  ccp2mem.o(i.Move_MTA)
    i.NMI_Handler                            0x08001870   Section        0  stm32f37x_it.o(i.NMI_Handler)
    i.NVIC_Init                              0x08001874   Section        0  stm32f37x_misc.o(i.NVIC_Init)
    i.Number_Of_Bytes_Left_In_ODT            0x080018e4   Section        0  ccp2daq.o(i.Number_Of_Bytes_Left_In_ODT)
    Number_Of_Bytes_Left_In_ODT              0x080018e5   Thumb Code    98  ccp2daq.o(i.Number_Of_Bytes_Left_In_ODT)
    i.PendSV_Handler                         0x08001950   Section        0  stm32f37x_it.o(i.PendSV_Handler)
    i.Program_Data                           0x08001954   Section        0  ccp2mem.o(i.Program_Data)
    Program_Data                             0x08001955   Thumb Code   102  ccp2mem.o(i.Program_Data)
    i.RCC_AHBPeriphClockCmd                  0x080019c4   Section        0  stm32f37x_rcc.o(i.RCC_AHBPeriphClockCmd)
    i.RCC_APB1PeriphClockCmd                 0x080019e4   Section        0  stm32f37x_rcc.o(i.RCC_APB1PeriphClockCmd)
    i.RCC_APB1PeriphResetCmd                 0x08001a04   Section        0  stm32f37x_rcc.o(i.RCC_APB1PeriphResetCmd)
    i.RCC_APB2PeriphResetCmd                 0x08001a24   Section        0  stm32f37x_rcc.o(i.RCC_APB2PeriphResetCmd)
    i.RCC_GetClocksFreq                      0x08001a44   Section        0  stm32f37x_rcc.o(i.RCC_GetClocksFreq)
    i.Read_DAQ_Address_Size                  0x08001c54   Section        0  ccp2daq.o(i.Read_DAQ_Address_Size)
    Read_DAQ_Address_Size                    0x08001c55   Thumb Code   146  ccp2daq.o(i.Read_DAQ_Address_Size)
    i.Read_From_RAM_Or_Register              0x08001cf0   Section        0  ccp2mem.o(i.Read_From_RAM_Or_Register)
    Read_From_RAM_Or_Register                0x08001cf1   Thumb Code   104  ccp2mem.o(i.Read_From_RAM_Or_Register)
    i.Reset_DAQ_List_Status                  0x08001d58   Section        0  ccp2daq.o(i.Reset_DAQ_List_Status)
    Reset_DAQ_List_Status                    0x08001d59   Thumb Code    52  ccp2daq.o(i.Reset_DAQ_List_Status)
    i.SDADC2_IRQHandler                      0x08001d90   Section        0  stm32f37x_it.o(i.SDADC2_IRQHandler)
    i.SDADC3_IRQHandler                      0x08001e8c   Section        0  stm32f37x_it.o(i.SDADC3_IRQHandler)
    i.SDADC_Cmd                              0x08001f78   Section        0  stm32f37x_sdadc.o(i.SDADC_Cmd)
    i.SDADC_GetFlagStatus                    0x08001f8e   Section        0  stm32f37x_sdadc.o(i.SDADC_GetFlagStatus)
    i.SDADC_GetInjectedConversionValue       0x08001fa0   Section        0  stm32f37x_sdadc.o(i.SDADC_GetInjectedConversionValue)
    i.SDADC_SoftwareStartInjectedConv        0x08001fc4   Section        0  stm32f37x_sdadc.o(i.SDADC_SoftwareStartInjectedConv)
    i.SPI1_IRQHandler                        0x08001fd0   Section        0  stm32f37x_it.o(i.SPI1_IRQHandler)
    i.SPI1_ReadByte                          0x0800200c   Section        0  stm32f37x_it.o(i.SPI1_ReadByte)
    i.SPI2_IRQHandler                        0x08002020   Section        0  stm32f37x_it.o(i.SPI2_IRQHandler)
    i.SPI2_ReadByte                          0x08002068   Section        0  stm32f37x_it.o(i.SPI2_ReadByte)
    i.SPI_I2S_ReceiveData16                  0x0800207c   Section        0  stm32f37x_spi.o(i.SPI_I2S_ReceiveData16)
    i.SVC_Handler                            0x08002082   Section        0  stm32f37x_it.o(i.SVC_Handler)
    i.SetSysClock                            0x08002084   Section        0  system_stm32f37x.o(i.SetSysClock)
    SetSysClock                              0x08002085   Thumb Code   188  system_stm32f37x.o(i.SetSysClock)
    i.SysTick_Handler                        0x08002148   Section        0  stm32f37x_it.o(i.SysTick_Handler)
    i.SystemInit                             0x08002150   Section        0  system_stm32f37x.o(i.SystemInit)
    i.TIM2_IRQHandler                        0x080021d0   Section        0  stm32f37x_it.o(i.TIM2_IRQHandler)
    i.TIM5_IRQHandler                        0x080021f8   Section        0  stm32f37x_it.o(i.TIM5_IRQHandler)
    i.TIM_ClearFlag                          0x08002220   Section        0  stm32f37x_tim.o(i.TIM_ClearFlag)
    i.TIM_ClearITPendingBit                  0x08002226   Section        0  stm32f37x_tim.o(i.TIM_ClearITPendingBit)
    i.TIM_Cmd                                0x0800222c   Section        0  stm32f37x_tim.o(i.TIM_Cmd)
    i.TIM_DeInit                             0x08002244   Section        0  stm32f37x_tim.o(i.TIM_DeInit)
    i.TIM_GetITStatus                        0x080023d4   Section        0  stm32f37x_tim.o(i.TIM_GetITStatus)
    i.TIM_ITConfig                           0x080023f6   Section        0  stm32f37x_tim.o(i.TIM_ITConfig)
    i.TIM_TimeBaseInit                       0x08002408   Section        0  stm32f37x_tim.o(i.TIM_TimeBaseInit)
    i.Timer_Configuration                    0x080024a0   Section        0  main.o(i.Timer_Configuration)
    i.TimingDelay_Decrement                  0x0800256c   Section        0  systick.o(i.TimingDelay_Decrement)
    i.USART3_IRQHandler                      0x08002584   Section        0  stm32f37x_it.o(i.USART3_IRQHandler)
    i.USART_ClearFlag                        0x08002670   Section        0  stm32f37x_usart.o(i.USART_ClearFlag)
    i.USART_ClearITPendingBit                0x08002674   Section        0  stm32f37x_usart.o(i.USART_ClearITPendingBit)
    i.USART_GetFlagStatus                    0x08002686   Section        0  stm32f37x_usart.o(i.USART_GetFlagStatus)
    i.USART_GetITStatus                      0x08002698   Section        0  stm32f37x_usart.o(i.USART_GetITStatus)
    i.USART_ITConfig                         0x080026e2   Section        0  stm32f37x_usart.o(i.USART_ITConfig)
    i.USART_ReceiveData                      0x0800271c   Section        0  stm32f37x_usart.o(i.USART_ReceiveData)
    i.Update_Session_Status_LOGGING          0x08002728   Section        0  ccp2daq.o(i.Update_Session_Status_LOGGING)
    Update_Session_Status_LOGGING            0x08002729   Thumb Code    92  ccp2daq.o(i.Update_Session_Status_LOGGING)
    i.UsageFault_Handler                     0x0800278c   Section        0  stm32f37x_it.o(i.UsageFault_Handler)
    i.Write_To_EEPROM                        0x08002790   Section        0  ccp2mem.o(i.Write_To_EEPROM)
    Write_To_EEPROM                          0x08002791   Thumb Code    36  ccp2mem.o(i.Write_To_EEPROM)
    i.Write_To_Flash                         0x080027b8   Section        0  ccp2mem.o(i.Write_To_Flash)
    Write_To_Flash                           0x080027b9   Thumb Code    36  ccp2mem.o(i.Write_To_Flash)
    i.Write_To_RAM_Or_Register               0x080027e0   Section        0  ccp2mem.o(i.Write_To_RAM_Or_Register)
    Write_To_RAM_Or_Register                 0x080027e1   Thumb Code   106  ccp2mem.o(i.Write_To_RAM_Or_Register)
    i.Write_to_Current_DAQ_Pointer           0x08002850   Section        0  ccp2daq.o(i.Write_to_Current_DAQ_Pointer)
    Write_to_Current_DAQ_Pointer             0x08002851   Thumb Code   154  ccp2daq.o(i.Write_to_Current_DAQ_Pointer)
    i.__scatterload_copy                     0x080028f4   Section       14  handlers.o(i.__scatterload_copy)
    i.__scatterload_null                     0x08002902   Section        2  handlers.o(i.__scatterload_null)
    i.__scatterload_zeroinit                 0x08002904   Section       14  handlers.o(i.__scatterload_zeroinit)
    i.main                                   0x08002914   Section        0  main.o(i.main)
    i.virtual_PWM_OUTPUT                     0x08002af8   Section        0  main.o(i.virtual_PWM_OUTPUT)
    .constdata                               0x08002c30   Section      208  ccp2conf.o(.constdata)
    .constdata                               0x08002d00   Section       30  ccp2daq.o(.constdata)
    remainder_mask                           0x08002d00   Data          30  ccp2daq.o(.constdata)
    .data                                    0x20000000   Section        4  systick.o(.data)
    TimingDelay                              0x20000000   Data           4  systick.o(.data)
    .data                                    0x20000004   Section       20  can.o(.data)
    .data                                    0x20000018   Section      254  main.o(.data)
    .data                                    0x20000118   Section       11  ccp2daq.o(.data)
    current_DAQ_ptr_reference                0x20000120   Data           3  ccp2daq.o(.data)
    .data                                    0x20000124   Section        8  ccp2mem.o(.data)
    MTA_ptr                                  0x20000124   Data           8  ccp2mem.o(.data)
    .data                                    0x2000012c   Section        5  ccp2session_nvm.o(.data)
    .data                                    0x20000131   Section       36  stm32f37x_rcc.o(.data)
    APBAHBPrescTable                         0x20000131   Data          16  stm32f37x_rcc.o(.data)
    ADCPrescTable                            0x20000141   Data           4  stm32f37x_rcc.o(.data)
    SDADCPrescTable                          0x20000145   Data          16  stm32f37x_rcc.o(.data)
    .data                                    0x20000158   Section       44  stm32f37x_it.o(.data)
    .bss                                     0x20000184   Section     2368  main.o(.bss)
    .bss                                     0x20000ac4   Section      120  ccp2conf.o(.bss)
    CCP_EIS                                  0x20000ac4   Data          36  ccp2conf.o(.bss)
    daq0_data_buffer                         0x20000ae8   Data          14  ccp2conf.o(.bss)
    daq1_data_buffer                         0x20000af6   Data          14  ccp2conf.o(.bss)
    daq2_data_buffer                         0x20000b04   Data          28  ccp2conf.o(.bss)
    daq3_data_buffer                         0x20000b20   Data          28  ccp2conf.o(.bss)
    .bss                                     0x20000b3c   Section       80  ccp2daq.o(.bss)
    .bss                                     0x20000b8c   Section       44  ccp2main.o(.bss)
    .bss                                     0x20000bb8   Section      240  ccp2nvmd.o(.bss)
    .bss                                     0x20000ca8   Section      496  stm32f37x_it.o(.bss)
    STACK                                    0x20000e98   Section     1024  startup_stm32f37x.o(STACK)

    Global Symbols

    Symbol Name                              Value     Ov Type        Size  Object(Section)

    BuildAttributes$$THM_ISAv4$E$P$D$K$B$S$7EM$VFPi3$EXTD16$VFPS$VFMA$PE$A:L22UL41UL21$X:L11$S22US41US21$IEEE1$IW$USESV6$~STKCKD$USESV7$~SHL$OTIME$ROPI$EBA8$MICROLIB$REQ8$PRES8$EABIv2 0x00000000   Number         0  anon$$obj.o ABSOLUTE
    __ARM_use_no_argv                        0x00000000   Number         0  main.o ABSOLUTE
    __cpp_initialize__aeabi_                  - Undefined Weak Reference
    __cxa_finalize                            - Undefined Weak Reference
    _clock_init                               - Undefined Weak Reference
    _microlib_exit                            - Undefined Weak Reference
    __Vectors_Size                           0x00000188   Number         0  startup_stm32f37x.o ABSOLUTE
    __Vectors                                0x08000000   Data           4  startup_stm32f37x.o(RESET)
    __Vectors_End                            0x08000188   Data           0  startup_stm32f37x.o(RESET)
    __main                                   0x08000189   Thumb Code     0  entry.o(.ARM.Collect$$$$00000000)
    _main_stk                                0x08000189   Thumb Code     0  entry2.o(.ARM.Collect$$$$00000001)
    _main_scatterload                        0x0800018d   Thumb Code     0  entry5.o(.ARM.Collect$$$$00000004)
    __main_after_scatterload                 0x08000191   Thumb Code     0  entry5.o(.ARM.Collect$$$$00000004)
    _main_clock                              0x08000191   Thumb Code     0  entry7b.o(.ARM.Collect$$$$00000008)
    _main_cpp_init                           0x08000191   Thumb Code     0  entry8b.o(.ARM.Collect$$$$0000000A)
    _main_init                               0x08000191   Thumb Code     0  entry9a.o(.ARM.Collect$$$$0000000B)
    __rt_final_cpp                           0x08000199   Thumb Code     0  entry10a.o(.ARM.Collect$$$$0000000D)
    __rt_final_exit                          0x08000199   Thumb Code     0  entry11a.o(.ARM.Collect$$$$0000000F)
    Reset_Handler                            0x0800019d   Thumb Code     8  startup_stm32f37x.o(.text)
    ADC1_IRQHandler                          0x080001b7   Thumb Code     0  startup_stm32f37x.o(.text)
    CAN1_RX1_IRQHandler                      0x080001b7   Thumb Code     0  startup_stm32f37x.o(.text)
    CAN1_SCE_IRQHandler                      0x080001b7   Thumb Code     0  startup_stm32f37x.o(.text)
    CAN1_TX_IRQHandler                       0x080001b7   Thumb Code     0  startup_stm32f37x.o(.text)
    CEC_IRQHandler                           0x080001b7   Thumb Code     0  startup_stm32f37x.o(.text)
    COMP_IRQHandler                          0x080001b7   Thumb Code     0  startup_stm32f37x.o(.text)
    DMA1_Channel1_IRQHandler                 0x080001b7   Thumb Code     0  startup_stm32f37x.o(.text)
    DMA1_Channel2_IRQHandler                 0x080001b7   Thumb Code     0  startup_stm32f37x.o(.text)
    DMA1_Channel3_IRQHandler                 0x080001b7   Thumb Code     0  startup_stm32f37x.o(.text)
    DMA1_Channel4_IRQHandler                 0x080001b7   Thumb Code     0  startup_stm32f37x.o(.text)
    DMA1_Channel5_IRQHandler                 0x080001b7   Thumb Code     0  startup_stm32f37x.o(.text)
    DMA1_Channel6_IRQHandler                 0x080001b7   Thumb Code     0  startup_stm32f37x.o(.text)
    DMA1_Channel7_IRQHandler                 0x080001b7   Thumb Code     0  startup_stm32f37x.o(.text)
    DMA2_Channel4_IRQHandler                 0x080001b7   Thumb Code     0  startup_stm32f37x.o(.text)
    DMA2_Channel5_IRQHandler                 0x080001b7   Thumb Code     0  startup_stm32f37x.o(.text)
    EXTI0_IRQHandler                         0x080001b7   Thumb Code     0  startup_stm32f37x.o(.text)
    EXTI15_10_IRQHandler                     0x080001b7   Thumb Code     0  startup_stm32f37x.o(.text)
    EXTI1_IRQHandler                         0x080001b7   Thumb Code     0  startup_stm32f37x.o(.text)
    EXTI2_TS_IRQHandler                      0x080001b7   Thumb Code     0  startup_stm32f37x.o(.text)
    EXTI3_IRQHandler                         0x080001b7   Thumb Code     0  startup_stm32f37x.o(.text)
    EXTI4_IRQHandler                         0x080001b7   Thumb Code     0  startup_stm32f37x.o(.text)
    EXTI9_5_IRQHandler                       0x080001b7   Thumb Code     0  startup_stm32f37x.o(.text)
    FLASH_IRQHandler                         0x080001b7   Thumb Code     0  startup_stm32f37x.o(.text)
    FPU_IRQHandler                           0x080001b7   Thumb Code     0  startup_stm32f37x.o(.text)
    I2C1_ER_IRQHandler                       0x080001b7   Thumb Code     0  startup_stm32f37x.o(.text)
    I2C1_EV_IRQHandler                       0x080001b7   Thumb Code     0  startup_stm32f37x.o(.text)
    I2C2_ER_IRQHandler                       0x080001b7   Thumb Code     0  startup_stm32f37x.o(.text)
    I2C2_EV_IRQHandler                       0x080001b7   Thumb Code     0  startup_stm32f37x.o(.text)
    PVD_IRQHandler                           0x080001b7   Thumb Code     0  startup_stm32f37x.o(.text)
    RCC_IRQHandler                           0x080001b7   Thumb Code     0  startup_stm32f37x.o(.text)
    RTC_Alarm_IRQHandler                     0x080001b7   Thumb Code     0  startup_stm32f37x.o(.text)
    RTC_WKUP_IRQHandler                      0x080001b7   Thumb Code     0  startup_stm32f37x.o(.text)
    SDADC1_IRQHandler                        0x080001b7   Thumb Code     0  startup_stm32f37x.o(.text)
    SPI3_IRQHandler                          0x080001b7   Thumb Code     0  startup_stm32f37x.o(.text)
    TAMPER_STAMP_IRQHandler                  0x080001b7   Thumb Code     0  startup_stm32f37x.o(.text)
    TIM12_IRQHandler                         0x080001b7   Thumb Code     0  startup_stm32f37x.o(.text)
    TIM13_IRQHandler                         0x080001b7   Thumb Code     0  startup_stm32f37x.o(.text)
    TIM14_IRQHandler                         0x080001b7   Thumb Code     0  startup_stm32f37x.o(.text)
    TIM15_IRQHandler                         0x080001b7   Thumb Code     0  startup_stm32f37x.o(.text)
    TIM16_IRQHandler                         0x080001b7   Thumb Code     0  startup_stm32f37x.o(.text)
    TIM17_IRQHandler                         0x080001b7   Thumb Code     0  startup_stm32f37x.o(.text)
    TIM18_DAC2_IRQHandler                    0x080001b7   Thumb Code     0  startup_stm32f37x.o(.text)
    TIM19_IRQHandler                         0x080001b7   Thumb Code     0  startup_stm32f37x.o(.text)
    TIM3_IRQHandler                          0x080001b7   Thumb Code     0  startup_stm32f37x.o(.text)
    TIM4_IRQHandler                          0x080001b7   Thumb Code     0  startup_stm32f37x.o(.text)
    TIM6_DAC1_IRQHandler                     0x080001b7   Thumb Code     0  startup_stm32f37x.o(.text)
    TIM7_IRQHandler                          0x080001b7   Thumb Code     0  startup_stm32f37x.o(.text)
    USART1_IRQHandler                        0x080001b7   Thumb Code     0  startup_stm32f37x.o(.text)
    USART2_IRQHandler                        0x080001b7   Thumb Code     0  startup_stm32f37x.o(.text)
    USBWakeUp_IRQHandler                     0x080001b7   Thumb Code     0  startup_stm32f37x.o(.text)
    USB_HP_IRQHandler                        0x080001b7   Thumb Code     0  startup_stm32f37x.o(.text)
    USB_LP_IRQHandler                        0x080001b7   Thumb Code     0  startup_stm32f37x.o(.text)
    WWDG_IRQHandler                          0x080001b7   Thumb Code     0  startup_stm32f37x.o(.text)
    __aeabi_dmul                             0x080001c1   Thumb Code   228  dmul.o(.text)
    __aeabi_ddiv                             0x080002a5   Thumb Code   222  ddiv.o(.text)
    __aeabi_ui2d                             0x08000383   Thumb Code    26  dfltui.o(.text)
    __aeabi_d2f                              0x0800039d   Thumb Code    56  d2f.o(.text)
    __I$use$fp                               0x080003d5   Thumb Code     0  iusefp.o(.text)
    _float_round                             0x080003d5   Thumb Code    18  fepilogue.o(.text)
    _float_epilogue                          0x080003e7   Thumb Code    92  fepilogue.o(.text)
    _double_round                            0x08000443   Thumb Code    30  depilogue.o(.text)
    _double_epilogue                         0x08000461   Thumb Code   156  depilogue.o(.text)
    __scatterload                            0x080004fd   Thumb Code    28  init.o(.text)
    __scatterload_rt2                        0x080004fd   Thumb Code     0  init.o(.text)
    __aeabi_llsl                             0x08000521   Thumb Code    30  llshl.o(.text)
    _ll_shift_l                              0x08000521   Thumb Code     0  llshl.o(.text)
    __aeabi_llsr                             0x0800053f   Thumb Code    32  llushr.o(.text)
    _ll_ushift_r                             0x0800053f   Thumb Code     0  llushr.o(.text)
    __decompress                             0x0800055f   Thumb Code     0  __dczerorl2.o(.text)
    __decompress1                            0x0800055f   Thumb Code    86  __dczerorl2.o(.text)
    BusFault_Handler                         0x080005b5   Thumb Code     4  stm32f37x_it.o(i.BusFault_Handler)
    CAN1_RX0_IRQHandler                      0x080005b9   Thumb Code    32  stm32f37x_it.o(i.CAN1_RX0_IRQHandler)
    CAN1_Receive_Msg                         0x080005e5   Thumb Code    90  can.o(i.CAN1_Receive_Msg)
    CAN_Config                               0x0800064d   Thumb Code   246  can.o(i.CAN_Config)
    CAN_DeInit                               0x0800074d   Thumb Code    30  stm32f37x_can.o(i.CAN_DeInit)
    CAN_FilterInit                           0x08000771   Thumb Code   258  stm32f37x_can.o(i.CAN_FilterInit)
    CAN_ITConfig                             0x08000879   Thumb Code    18  stm32f37x_can.o(i.CAN_ITConfig)
    CAN_Init                                 0x0800088b   Thumb Code   276  stm32f37x_can.o(i.CAN_Init)
    CAN_MessagePending                       0x0800099f   Thumb Code    30  stm32f37x_can.o(i.CAN_MessagePending)
    CAN_Receive                              0x080009bd   Thumb Code   240  stm32f37x_can.o(i.CAN_Receive)
    CAN_StructInit                           0x08000aad   Thumb Code    32  stm32f37x_can.o(i.CAN_StructInit)
    CCP_Build_Chksum                         0x08000acd   Thumb Code    68  ccp2mem.o(i.CCP_Build_Chksum)
    CCP_Clear_Memory                         0x08000b19   Thumb Code   142  ccp2mem.o(i.CCP_Clear_Memory)
    CCP_Command_Unavailable                  0x08000bc9   Thumb Code     4  ccp2conf.o(i.CCP_Command_Unavailable)
    CCP_Connect                              0x08000bcd   Thumb Code   114  ccp2mode.o(i.CCP_Connect)
    CCP_Disconnect                           0x08000c45   Thumb Code   140  ccp2mode.o(i.CCP_Disconnect)
    CCP_Dnload                               0x08000cd5   Thumb Code    14  ccp2mem.o(i.CCP_Dnload)
    CCP_Dnload_6                             0x08000ce9   Thumb Code    12  ccp2mem.o(i.CCP_Dnload_6)
    CCP_Exchange_ID                          0x08000cf5   Thumb Code    28  ccp2conf.o(i.CCP_Exchange_ID)
    CCP_Get_Active_Cal_Page                  0x08000d19   Thumb Code    10  ccp2conf.o(i.CCP_Get_Active_Cal_Page)
    CCP_Get_CCP_Version                      0x08000d29   Thumb Code    14  ccp2mode.o(i.CCP_Get_CCP_Version)
    CCP_Get_DAQ_Size                         0x08000d3d   Thumb Code   158  ccp2daq.o(i.CCP_Get_DAQ_Size)
    CCP_Get_S_Status                         0x08000de9   Thumb Code    16  ccp2mode.o(i.CCP_Get_S_Status)
    CCP_Get_Seed                             0x08000dfd   Thumb Code    10  ccp2mode.o(i.CCP_Get_Seed)
    CCP_Initialize                           0x08000e0d   Thumb Code    28  ccp2main.o(i.CCP_Initialize)
    CCP_Initialize_Resume_Data               0x08000e2d   Thumb Code    20  ccp2daq.o(i.CCP_Initialize_Resume_Data)
    CCP_Initialize_User                      0x08000e45   Thumb Code    44  ccp2conf.o(i.CCP_Initialize_User)
    CCP_Location_Of_Address_User             0x08000e7d   Thumb Code    86  ccp2conf.o(i.CCP_Location_Of_Address_User)
    CCP_Move                                 0x08000ee5   Thumb Code    78  ccp2mem.o(i.CCP_Move)
    CCP_Program                              0x08000f3d   Thumb Code    14  ccp2mem.o(i.CCP_Program)
    CCP_Program_6                            0x08000f51   Thumb Code    12  ccp2mem.o(i.CCP_Program_6)
    CCP_Read_From_REGISTER_Memory_User       0x08000f5d   Thumb Code     6  ccp2conf.o(i.CCP_Read_From_REGISTER_Memory_User)
    CCP_Read_Session_Status_User             0x08001021   Thumb Code     6  ccp2conf.o(i.CCP_Read_Session_Status_User)
    CCP_Select_Cal_Page                      0x0800102d   Thumb Code     6  ccp2conf.o(i.CCP_Select_Cal_Page)
    CCP_Set_DAQ_Ptr                          0x08001035   Thumb Code    34  ccp2daq.o(i.CCP_Set_DAQ_Ptr)
    CCP_Set_MTA                              0x0800105d   Thumb Code    14  ccp2mem.o(i.CCP_Set_MTA)
    CCP_Set_S_Status                         0x08001071   Thumb Code   112  ccp2mode.o(i.CCP_Set_S_Status)
    CCP_Set_S_Status_User                    0x080010e5   Thumb Code    68  ccp2conf.o(i.CCP_Set_S_Status_User)
    CCP_Short_Up                             0x08001135   Thumb Code    60  ccp2mem.o(i.CCP_Short_Up)
    CCP_Start_Stop                           0x08001175   Thumb Code   208  ccp2daq.o(i.CCP_Start_Stop)
    CCP_Start_Stop_All                       0x08001251   Thumb Code    82  ccp2daq.o(i.CCP_Start_Stop_All)
    CCP_Store_Resume_Data                    0x080012ad   Thumb Code   160  ccp2daq.o(i.CCP_Store_Resume_Data)
    CCP_Unlock                               0x08001359   Thumb Code    10  ccp2mode.o(i.CCP_Unlock)
    CCP_Upload                               0x08001369   Thumb Code    64  ccp2mem.o(i.CCP_Upload)
    CCP_Write_DAQ                            0x080013b1   Thumb Code   140  ccp2daq.o(i.CCP_Write_DAQ)
    CCP_Write_To_REGISTER_Memory_User        0x08001445   Thumb Code     6  ccp2conf.o(i.CCP_Write_To_REGISTER_Memory_User)
    DMA2_Channel1_IRQHandler                 0x080014c9   Thumb Code    26  stm32f37x_it.o(i.DMA2_Channel1_IRQHandler)
    DMA2_Channel2_IRQHandler                 0x080014ed   Thumb Code    26  stm32f37x_it.o(i.DMA2_Channel2_IRQHandler)
    DMA2_Channel3_IRQHandler                 0x08001511   Thumb Code    26  stm32f37x_it.o(i.DMA2_Channel3_IRQHandler)
    DebugMon_Handler                         0x08001535   Thumb Code     2  stm32f37x_it.o(i.DebugMon_Handler)
    GPIO_Init                                0x08001585   Thumb Code   144  stm32f37x_gpio.o(i.GPIO_Init)
    GPIO_PinAFConfig                         0x08001615   Thumb Code    70  stm32f37x_gpio.o(i.GPIO_PinAFConfig)
    GPIO_ResetBits                           0x0800165b   Thumb Code     4  stm32f37x_gpio.o(i.GPIO_ResetBits)
    GPIO_SetBits                             0x0800165f   Thumb Code     4  stm32f37x_gpio.o(i.GPIO_SetBits)
    GPIO_WriteBit                            0x08001663   Thumb Code    10  stm32f37x_gpio.o(i.GPIO_WriteBit)
    HardFault_Handler                        0x0800166d   Thumb Code     4  stm32f37x_it.o(i.HardFault_Handler)
    IO_Configuration_base                    0x08001671   Thumb Code   144  main.o(i.IO_Configuration_base)
    Initialize_DAQ_Parameters                0x0800172d   Thumb Code    26  ccp2daq.o(i.Initialize_DAQ_Parameters)
    MemManage_Handler                        0x08001747   Thumb Code     4  stm32f37x_it.o(i.MemManage_Handler)
    Move_MTA                                 0x08001845   Thumb Code    40  ccp2mem.o(i.Move_MTA)
    NMI_Handler                              0x08001871   Thumb Code     2  stm32f37x_it.o(i.NMI_Handler)
    NVIC_Init                                0x08001875   Thumb Code   100  stm32f37x_misc.o(i.NVIC_Init)
    PendSV_Handler                           0x08001951   Thumb Code     2  stm32f37x_it.o(i.PendSV_Handler)
    RCC_AHBPeriphClockCmd                    0x080019c5   Thumb Code    26  stm32f37x_rcc.o(i.RCC_AHBPeriphClockCmd)
    RCC_APB1PeriphClockCmd                   0x080019e5   Thumb Code    26  stm32f37x_rcc.o(i.RCC_APB1PeriphClockCmd)
    RCC_APB1PeriphResetCmd                   0x08001a05   Thumb Code    26  stm32f37x_rcc.o(i.RCC_APB1PeriphResetCmd)
    RCC_APB2PeriphResetCmd                   0x08001a25   Thumb Code    26  stm32f37x_rcc.o(i.RCC_APB2PeriphResetCmd)
    RCC_GetClocksFreq                        0x08001a45   Thumb Code   504  stm32f37x_rcc.o(i.RCC_GetClocksFreq)
    SDADC2_IRQHandler                        0x08001d91   Thumb Code   198  stm32f37x_it.o(i.SDADC2_IRQHandler)
    SDADC3_IRQHandler                        0x08001e8d   Thumb Code   188  stm32f37x_it.o(i.SDADC3_IRQHandler)
    SDADC_Cmd                                0x08001f79   Thumb Code    22  stm32f37x_sdadc.o(i.SDADC_Cmd)
    SDADC_GetFlagStatus                      0x08001f8f   Thumb Code    18  stm32f37x_sdadc.o(i.SDADC_GetFlagStatus)
    SDADC_GetInjectedConversionValue         0x08001fa1   Thumb Code    30  stm32f37x_sdadc.o(i.SDADC_GetInjectedConversionValue)
    SDADC_SoftwareStartInjectedConv          0x08001fc5   Thumb Code    10  stm32f37x_sdadc.o(i.SDADC_SoftwareStartInjectedConv)
    SPI1_IRQHandler                          0x08001fd1   Thumb Code    48  stm32f37x_it.o(i.SPI1_IRQHandler)
    SPI1_ReadByte                            0x0800200d   Thumb Code    14  stm32f37x_it.o(i.SPI1_ReadByte)
    SPI2_IRQHandler                          0x08002021   Thumb Code    60  stm32f37x_it.o(i.SPI2_IRQHandler)
    SPI2_ReadByte                            0x08002069   Thumb Code    14  stm32f37x_it.o(i.SPI2_ReadByte)
    SPI_I2S_ReceiveData16                    0x0800207d   Thumb Code     6  stm32f37x_spi.o(i.SPI_I2S_ReceiveData16)
    SVC_Handler                              0x08002083   Thumb Code     2  stm32f37x_it.o(i.SVC_Handler)
    SysTick_Handler                          0x08002149   Thumb Code     8  stm32f37x_it.o(i.SysTick_Handler)
    SystemInit                               0x08002151   Thumb Code   110  system_stm32f37x.o(i.SystemInit)
    TIM2_IRQHandler                          0x080021d1   Thumb Code    36  stm32f37x_it.o(i.TIM2_IRQHandler)
    TIM5_IRQHandler                          0x080021f9   Thumb Code    34  stm32f37x_it.o(i.TIM5_IRQHandler)
    TIM_ClearFlag                            0x08002221   Thumb Code     6  stm32f37x_tim.o(i.TIM_ClearFlag)
    TIM_ClearITPendingBit                    0x08002227   Thumb Code     6  stm32f37x_tim.o(i.TIM_ClearITPendingBit)
    TIM_Cmd                                  0x0800222d   Thumb Code    24  stm32f37x_tim.o(i.TIM_Cmd)
    TIM_DeInit                               0x08002245   Thumb Code   348  stm32f37x_tim.o(i.TIM_DeInit)
    TIM_GetITStatus                          0x080023d5   Thumb Code    34  stm32f37x_tim.o(i.TIM_GetITStatus)
    TIM_ITConfig                             0x080023f7   Thumb Code    18  stm32f37x_tim.o(i.TIM_ITConfig)
    TIM_TimeBaseInit                         0x08002409   Thumb Code   110  stm32f37x_tim.o(i.TIM_TimeBaseInit)
    Timer_Configuration                      0x080024a1   Thumb Code   198  main.o(i.Timer_Configuration)
    TimingDelay_Decrement                    0x0800256d   Thumb Code    18  systick.o(i.TimingDelay_Decrement)
    USART3_IRQHandler                        0x08002585   Thumb Code   202  stm32f37x_it.o(i.USART3_IRQHandler)
    USART_ClearFlag                          0x08002671   Thumb Code     4  stm32f37x_usart.o(i.USART_ClearFlag)
    USART_ClearITPendingBit                  0x08002675   Thumb Code    18  stm32f37x_usart.o(i.USART_ClearITPendingBit)
    USART_GetFlagStatus                      0x08002687   Thumb Code    18  stm32f37x_usart.o(i.USART_GetFlagStatus)
    USART_GetITStatus                        0x08002699   Thumb Code    74  stm32f37x_usart.o(i.USART_GetITStatus)
    USART_ITConfig                           0x080026e3   Thumb Code    58  stm32f37x_usart.o(i.USART_ITConfig)
    USART_ReceiveData                        0x0800271d   Thumb Code    10  stm32f37x_usart.o(i.USART_ReceiveData)
    UsageFault_Handler                       0x0800278d   Thumb Code     4  stm32f37x_it.o(i.UsageFault_Handler)
    __scatterload_copy                       0x080028f5   Thumb Code    14  handlers.o(i.__scatterload_copy)
    __scatterload_null                       0x08002903   Thumb Code     2  handlers.o(i.__scatterload_null)
    __scatterload_zeroinit                   0x08002905   Thumb Code    14  handlers.o(i.__scatterload_zeroinit)
    main                                     0x08002915   Thumb Code   390  main.o(i.main)
    virtual_PWM_OUTPUT                       0x08002af9   Thumb Code   280  main.o(i.virtual_PWM_OUTPUT)
    CCP_COMMAND_FCN_PTR                      0x08002c30   Data         144  ccp2conf.o(.constdata)
    CCP_DAQ_Configuration                    0x08002cc0   Data          64  ccp2conf.o(.constdata)
    Region$$Table$$Base                      0x08002d20   Number         0  anon$$obj.o(Region$$Table)
    Region$$Table$$Limit                     0x08002d40   Number         0  anon$$obj.o(Region$$Table)
    crc                                      0x20000004   Data           2  can.o(.data)
    status                                   0x20000006   Data           1  can.o(.data)
    ret                                      0x20000008   Data           4  can.o(.data)
    can_message_id1                          0x2000000c   Data           4  can.o(.data)
    Rxmessage10                              0x20000010   Data           8  can.o(.data)
    FLASHStatus                              0x20000018   Data           1  main.o(.data)
    InjectedConvData                         0x2000001a   Data           2  main.o(.data)
    InjectedConvData2                        0x2000001c   Data           2  main.o(.data)
    Output_V                                 0x2000001e   Data           2  main.o(.data)
    TimingDelay                              0x20000020   Data           4  main.o(.data)
    test_dlc                                 0x20000024   Data           8  main.o(.data)
    state_key                                0x2000002c   Data           1  main.o(.data)
    abc                                      0x2000002e   Data           2  main.o(.data)
    duty_cycle_temp                          0x20000030   Data           4  main.o(.data)
    abc_delay                                0x20000034   Data           1  main.o(.data)
    count_loop                               0x20000035   Data           1  main.o(.data)
    uarttransmitlen                          0x20000036   Data           1  main.o(.data)
    uarttransmit                             0x20000037   Data           1  main.o(.data)
    ADC1ConvertedVoltage                     0x20000038   Data           2  main.o(.data)
    SDADC1_DR_Address                        0x2000003a   Data           2  main.o(.data)
    RegularConvData_Tab1                     0x2000003c   Data           2  main.o(.data)
    RegularConvData_Tab11                    0x2000003e   Data           2  main.o(.data)
    Vbcalcbypass                             0x20000040   Data           1  main.o(.data)
    VfIpmeas                                 0x20000044   Data           4  main.o(.data)
    Vfvalue_air                              0x20000048   Data           4  main.o(.data)
    temp_test_v                              0x2000004c   Data           4  main.o(.data)
    PT_VALUE                                 0x20000050   Data           4  main.o(.data)
    VF1                                      0x20000054   Data           4  main.o(.data)
    VF2                                      0x20000058   Data           4  main.o(.data)
    GPIO_Status                              0x2000005c   Data           8  main.o(.data)
    Vfindex_of_tables                        0x20000064   Data           1  main.o(.data)
    SIFX_OUT                                 0x20000068   Data           4  main.o(.data)
    numberofupdated                          0x2000006c   Data           1  main.o(.data)
    startbyte                                0x2000006d   Data           1  main.o(.data)
    CANbps                                   0x2000006e   Data           1  main.o(.data)
    stmCANID                                 0x2000006f   Data           1  main.o(.data)
    uart485bps                               0x20000070   Data           1  main.o(.data)
    uart485id                                0x20000071   Data           1  main.o(.data)
    I2c_eepbuffer                            0x20000072   Data           4  main.o(.data)
    temp2                                    0x20000076   Data           2  main.o(.data)
    NumDataRead                              0x20000078   Data           2  main.o(.data)
    spi_message                              0x2000007a   Data           2  main.o(.data)
    InputVoltageMv1                          0x2000007c   Data           2  main.o(.data)
    data1                                    0x20000080   Data           4  main.o(.data)
    data2                                    0x20000084   Data           4  main.o(.data)
    vad2                                     0x20000088   Data           4  main.o(.data)
    a1                                       0x2000008c   Data           4  main.o(.data)
    b1                                       0x20000090   Data           4  main.o(.data)
    c1                                       0x20000094   Data           4  main.o(.data)
    a2                                       0x20000098   Data           4  main.o(.data)
    b2                                       0x2000009c   Data           4  main.o(.data)
    c2                                       0x200000a0   Data           4  main.o(.data)
    ref                                      0x200000a4   Data           4  main.o(.data)
    vad1                                     0x200000a8   Data           2  main.o(.data)
    Adre                                     0x200000ac   Data           4  main.o(.data)
    f2                                       0x200000b0   Data           4  main.o(.data)
    VRi                                      0x200000b4   Data           4  main.o(.data)
    aaa                                      0x200000b8   Data           4  main.o(.data)
    old_rx_msg1                              0x200000bc   Data           1  main.o(.data)
    old_rx_msg                               0x200000bd   Data           1  main.o(.data)
    temp_count                               0x200000be   Data           1  main.o(.data)
    spi_status                               0x200000bf   Data           1  main.o(.data)
    ScWork_flow                              0x200000c0   Data           1  main.o(.data)
    count_time                               0x200000c2   Data           2  main.o(.data)
    work_count                               0x200000c4   Data           2  main.o(.data)
    virtual_pwm                              0x200000c6   Data           1  main.o(.data)
    virtual_periods                          0x200000c7   Data           1  main.o(.data)
    virtual_pwm1                             0x200000c8   Data           1  main.o(.data)
    virtual_periods1                         0x200000c9   Data           1  main.o(.data)
    Kfvalue_air                              0x200000cc   Data          36  main.o(.data)
    KfIpmeas                                 0x200000f0   Data          36  main.o(.data)
    ADC1ConvertedValuetemp                   0x20000114   Data           2  main.o(.data)
    destination_ptr                          0x20000118   Data           4  ccp2daq.o(.data)
    temp_address1                            0x2000011c   Data           4  ccp2daq.o(.data)
    ccp_session_configuration_id_NVM         0x2000012c   Data           4  ccp2session_nvm.o(.data)
    ccp_session_status_NVM                   0x20000130   Data           1  ccp2session_nvm.o(.data)
    Uart2_Rx                                 0x20000158   Data           1  stm32f37x_it.o(.data)
    Uart2_Tx                                 0x20000159   Data           1  stm32f37x_it.o(.data)
    Vbstarttoreceive                         0x2000015a   Data           1  stm32f37x_it.o(.data)
    uart_length                              0x2000015b   Data           1  stm32f37x_it.o(.data)
    VbRTI_enable                             0x2000015c   Data           1  stm32f37x_it.o(.data)
    rxmsgisok                                0x2000015d   Data           1  stm32f37x_it.o(.data)
    Uarttimeout                              0x20000160   Data           4  stm32f37x_it.o(.data)
    test1                                    0x20000164   Data           4  stm32f37x_it.o(.data)
    test2                                    0x20000168   Data           4  stm32f37x_it.o(.data)
    test3                                    0x2000016c   Data           4  stm32f37x_it.o(.data)
    count_temp                               0x20000170   Data           1  stm32f37x_it.o(.data)
    test_can                                 0x20000171   Data           1  stm32f37x_it.o(.data)
    received_msg                             0x20000172   Data           8  stm32f37x_it.o(.data)
    UR                                       0x2000017c   Data           4  stm32f37x_it.o(.data)
    UA                                       0x20000180   Data           4  stm32f37x_it.o(.data)
    uart_tx_buff                             0x20000184   Data          50  main.o(.bss)
    STMFLASH_BUF                             0x200001b6   Data        2048  main.o(.bss)
    Uartsent_Buffer                          0x200009b6   Data          50  main.o(.bss)
    Uartsent_Buffer_old                      0x200009e8   Data          21  main.o(.bss)
    testarray                                0x200009fd   Data          10  main.o(.bss)
    modbusbuffer                             0x20000a08   Data          44  main.o(.bss)
    modbusbuffer1                            0x20000a34   Data          32  main.o(.bss)
    modbusbuffer2                            0x20000a54   Data          32  main.o(.bss)
    TxMessage                                0x20000a74   Data          20  main.o(.bss)
    TxMessage1                               0x20000a88   Data          20  main.o(.bss)
    RxMessage0                               0x20000a9c   Data          20  main.o(.bss)
    RxMessage1                               0x20000ab0   Data          20  main.o(.bss)
    DAQ_List_Status                          0x20000b3c   Data          80  ccp2daq.o(.bss)
    ccp                                      0x20000b8c   Data          44  ccp2main.o(.bss)
    daq0_config_buffer_NVM                   0x20000bb8   Data          32  ccp2nvmd.o(.bss)
    daq1_config_buffer_NVM                   0x20000bd8   Data          32  ccp2nvmd.o(.bss)
    daq2_config_buffer_NVM                   0x20000bf8   Data          64  ccp2nvmd.o(.bss)
    daq3_config_buffer_NVM                   0x20000c38   Data          64  ccp2nvmd.o(.bss)
    CCP_DAQ_Resume_Data_NVM                  0x20000c78   Data          48  ccp2nvmd.o(.bss)
    Uart2_Buffer                             0x20000ca8   Data         255  stm32f37x_it.o(.bss)
    RxMessage                                0x20000da8   Data          20  stm32f37x_it.o(.bss)
    InjectedConvData1                        0x20000dbc   Data          20  stm32f37x_it.o(.bss)
    Master_Temp                              0x20000dd0   Data         200  stm32f37x_it.o(.bss)
    __initial_sp                             0x20001298   Data           0  startup_stm32f37x.o(STACK)



==============================================================================

Memory Map of the image

  Image Entry point : 0x08000189

  Load Region LR_IROM1 (Base: 0x08000000, Size: 0x00002ec4, Max: 0x00020000, ABSOLUTE, COMPRESSED[0x00002db4])

    Execution Region ER_IROM1 (Base: 0x08000000, Size: 0x00002d40, Max: 0x00020000, ABSOLUTE)

    Base Addr    Size         Type   Attr      Idx    E Section Name        Object

    0x08000000   0x00000188   Data   RO            3    RESET               startup_stm32f37x.o
    0x08000188   0x00000000   Code   RO         4323  * .ARM.Collect$$$$00000000  mc_w.l(entry.o)
    0x08000188   0x00000004   Code   RO         4334    .ARM.Collect$$$$00000001  mc_w.l(entry2.o)
    0x0800018c   0x00000004   Code   RO         4337    .ARM.Collect$$$$00000004  mc_w.l(entry5.o)
    0x08000190   0x00000000   Code   RO         4339    .ARM.Collect$$$$00000008  mc_w.l(entry7b.o)
    0x08000190   0x00000000   Code   RO         4341    .ARM.Collect$$$$0000000A  mc_w.l(entry8b.o)
    0x08000190   0x00000008   Code   RO         4342    .ARM.Collect$$$$0000000B  mc_w.l(entry9a.o)
    0x08000198   0x00000000   Code   RO         4344    .ARM.Collect$$$$0000000D  mc_w.l(entry10a.o)
    0x08000198   0x00000000   Code   RO         4346    .ARM.Collect$$$$0000000F  mc_w.l(entry11a.o)
    0x08000198   0x00000004   Code   RO         4335    .ARM.Collect$$$$00002712  mc_w.l(entry2.o)
    0x0800019c   0x00000024   Code   RO            4    .text               startup_stm32f37x.o
    0x080001c0   0x000000e4   Code   RO         4326    .text               mf_w.l(dmul.o)
    0x080002a4   0x000000de   Code   RO         4328    .text               mf_w.l(ddiv.o)
    0x08000382   0x0000001a   Code   RO         4330    .text               mf_w.l(dfltui.o)
    0x0800039c   0x00000038   Code   RO         4332    .text               mf_w.l(d2f.o)
    0x080003d4   0x00000000   Code   RO         4348    .text               mc_w.l(iusefp.o)
    0x080003d4   0x0000006e   Code   RO         4349    .text               mf_w.l(fepilogue.o)
    0x08000442   0x000000ba   Code   RO         4351    .text               mf_w.l(depilogue.o)
    0x080004fc   0x00000024   Code   RO         4353    .text               mc_w.l(init.o)
    0x08000520   0x0000001e   Code   RO         4355    .text               mc_w.l(llshl.o)
    0x0800053e   0x00000020   Code   RO         4357    .text               mc_w.l(llushr.o)
    0x0800055e   0x00000056   Code   RO         4367    .text               mc_w.l(__dczerorl2.o)
    0x080005b4   0x00000004   Code   RO         2768    i.BusFault_Handler  stm32f37x_it.o
    0x080005b8   0x0000002c   Code   RO         2769    i.CAN1_RX0_IRQHandler  stm32f37x_it.o
    0x080005e4   0x00000068   Code   RO          286    i.CAN1_Receive_Msg  can.o
    0x0800064c   0x00000100   Code   RO          288    i.CAN_Config        can.o
    0x0800074c   0x00000024   Code   RO         2605    i.CAN_DeInit        stm32f37x_can.o
    0x08000770   0x00000108   Code   RO         2607    i.CAN_FilterInit    stm32f37x_can.o
    0x08000878   0x00000012   Code   RO         2613    i.CAN_ITConfig      stm32f37x_can.o
    0x0800088a   0x00000114   Code   RO         2614    i.CAN_Init          stm32f37x_can.o
    0x0800099e   0x0000001e   Code   RO         2615    i.CAN_MessagePending  stm32f37x_can.o
    0x080009bc   0x000000f0   Code   RO         2617    i.CAN_Receive       stm32f37x_can.o
    0x08000aac   0x00000020   Code   RO         2620    i.CAN_StructInit    stm32f37x_can.o
    0x08000acc   0x0000004c   Code   RO         1056    i.CCP_Build_Chksum  ccp2mem.o
    0x08000b18   0x00000098   Code   RO         1058    i.CCP_Clear_Memory  ccp2mem.o
    0x08000bb0   0x00000018   Code   RO          700    i.CCP_Clear_Session_Configuration_ID  ccp2conf.o
    0x08000bc8   0x00000004   Code   RO          701    i.CCP_Command_Unavailable  ccp2conf.o
    0x08000bcc   0x00000078   Code   RO         1201    i.CCP_Connect       ccp2mode.o
    0x08000c44   0x00000090   Code   RO         1202    i.CCP_Disconnect    ccp2mode.o
    0x08000cd4   0x00000014   Code   RO         1059    i.CCP_Dnload        ccp2mem.o
    0x08000ce8   0x0000000c   Code   RO         1060    i.CCP_Dnload_6      ccp2mem.o
    0x08000cf4   0x00000024   Code   RO          702    i.CCP_Exchange_ID   ccp2conf.o
    0x08000d18   0x00000010   Code   RO          703    i.CCP_Get_Active_Cal_Page  ccp2conf.o
    0x08000d28   0x00000014   Code   RO         1203    i.CCP_Get_CCP_Version  ccp2mode.o
    0x08000d3c   0x000000ac   Code   RO          821    i.CCP_Get_DAQ_Size  ccp2daq.o
    0x08000de8   0x00000014   Code   RO         1204    i.CCP_Get_S_Status  ccp2mode.o
    0x08000dfc   0x00000010   Code   RO         1205    i.CCP_Get_Seed      ccp2mode.o
    0x08000e0c   0x00000020   Code   RO          987    i.CCP_Initialize    ccp2main.o
    0x08000e2c   0x00000018   Code   RO          822    i.CCP_Initialize_Resume_Data  ccp2daq.o
    0x08000e44   0x00000038   Code   RO          704    i.CCP_Initialize_User  ccp2conf.o
    0x08000e7c   0x00000068   Code   RO          705    i.CCP_Location_Of_Address_User  ccp2conf.o
    0x08000ee4   0x00000058   Code   RO         1061    i.CCP_Move          ccp2mem.o
    0x08000f3c   0x00000014   Code   RO         1063    i.CCP_Program       ccp2mem.o
    0x08000f50   0x0000000c   Code   RO         1064    i.CCP_Program_6     ccp2mem.o
    0x08000f5c   0x00000006   Code   RO          706    i.CCP_Read_From_REGISTER_Memory_User  ccp2conf.o
    0x08000f62   0x00000002   PAD
    0x08000f64   0x000000bc   Code   RO          823    i.CCP_Read_Resume_Data  ccp2daq.o
    0x08001020   0x0000000c   Code   RO          707    i.CCP_Read_Session_Status_User  ccp2conf.o
    0x0800102c   0x00000006   Code   RO          708    i.CCP_Select_Cal_Page  ccp2conf.o
    0x08001032   0x00000002   PAD
    0x08001034   0x00000028   Code   RO          824    i.CCP_Set_DAQ_Ptr   ccp2daq.o
    0x0800105c   0x00000014   Code   RO         1065    i.CCP_Set_MTA       ccp2mem.o
    0x08001070   0x00000074   Code   RO         1206    i.CCP_Set_S_Status  ccp2mode.o
    0x080010e4   0x00000050   Code   RO          710    i.CCP_Set_S_Status_User  ccp2conf.o
    0x08001134   0x00000040   Code   RO         1066    i.CCP_Short_Up      ccp2mem.o
    0x08001174   0x000000dc   Code   RO          825    i.CCP_Start_Stop    ccp2daq.o
    0x08001250   0x0000005c   Code   RO          826    i.CCP_Start_Stop_All  ccp2daq.o
    0x080012ac   0x000000ac   Code   RO          827    i.CCP_Store_Resume_Data  ccp2daq.o
    0x08001358   0x00000010   Code   RO         1207    i.CCP_Unlock        ccp2mode.o
    0x08001368   0x00000048   Code   RO         1067    i.CCP_Upload        ccp2mem.o
    0x080013b0   0x00000094   Code   RO          829    i.CCP_Write_DAQ     ccp2daq.o
    0x08001444   0x00000006   Code   RO          712    i.CCP_Write_To_REGISTER_Memory_User  ccp2conf.o
    0x0800144a   0x00000002   PAD
    0x0800144c   0x00000058   Code   RO          830    i.Clear_DAQ_List    ccp2daq.o
    0x080014a4   0x00000024   Code   RO          831    i.DAQ_Starting_PID  ccp2daq.o
    0x080014c8   0x00000024   Code   RO         2770    i.DMA2_Channel1_IRQHandler  stm32f37x_it.o
    0x080014ec   0x00000024   Code   RO         2771    i.DMA2_Channel2_IRQHandler  stm32f37x_it.o
    0x08001510   0x00000024   Code   RO         2772    i.DMA2_Channel3_IRQHandler  stm32f37x_it.o
    0x08001534   0x00000002   Code   RO         2773    i.DebugMon_Handler  stm32f37x_it.o
    0x08001536   0x00000002   PAD
    0x08001538   0x00000048   Code   RO         1068    i.Download_Data     ccp2mem.o
    0x08001580   0x00000004   Code   RO         1069    i.Erase_All_Of_Flash  ccp2mem.o
    0x08001584   0x00000090   Code   RO         1724    i.GPIO_Init         stm32f37x_gpio.o
    0x08001614   0x00000046   Code   RO         1725    i.GPIO_PinAFConfig  stm32f37x_gpio.o
    0x0800165a   0x00000004   Code   RO         1731    i.GPIO_ResetBits    stm32f37x_gpio.o
    0x0800165e   0x00000004   Code   RO         1732    i.GPIO_SetBits      stm32f37x_gpio.o
    0x08001662   0x0000000a   Code   RO         1735    i.GPIO_WriteBit     stm32f37x_gpio.o
    0x0800166c   0x00000004   Code   RO         2774    i.HardFault_Handler  stm32f37x_it.o
    0x08001670   0x00000098   Code   RO          359    i.IO_Configuration_base  main.o
    0x08001708   0x00000024   Code   RO          833    i.Initialize_DAQ_List_Status  ccp2daq.o
    0x0800172c   0x0000001a   Code   RO          834    i.Initialize_DAQ_Parameters  ccp2daq.o
    0x08001746   0x00000004   Code   RO         2775    i.MemManage_Handler  stm32f37x_it.o
    0x0800174a   0x00000002   PAD
    0x0800174c   0x00000050   Code   RO          835    i.Move_DAQ_Pointer  ccp2daq.o
    0x0800179c   0x00000060   Code   RO          836    i.Move_DAQ_Pointer_Forward_One_Element  ccp2daq.o
    0x080017fc   0x00000048   Code   RO          837    i.Move_DAQ_Pointer_To_Next_ODT  ccp2daq.o
    0x08001844   0x0000002c   Code   RO         1071    i.Move_MTA          ccp2mem.o
    0x08001870   0x00000002   Code   RO         2776    i.NMI_Handler       stm32f37x_it.o
    0x08001872   0x00000002   PAD
    0x08001874   0x00000070   Code   RO         2137    i.NVIC_Init         stm32f37x_misc.o
    0x080018e4   0x0000006c   Code   RO          838    i.Number_Of_Bytes_Left_In_ODT  ccp2daq.o
    0x08001950   0x00000002   Code   RO         2777    i.PendSV_Handler    stm32f37x_it.o
    0x08001952   0x00000002   PAD
    0x08001954   0x00000070   Code   RO         1072    i.Program_Data      ccp2mem.o
    0x080019c4   0x00000020   Code   RO         2186    i.RCC_AHBPeriphClockCmd  stm32f37x_rcc.o
    0x080019e4   0x00000020   Code   RO         2188    i.RCC_APB1PeriphClockCmd  stm32f37x_rcc.o
    0x08001a04   0x00000020   Code   RO         2189    i.RCC_APB1PeriphResetCmd  stm32f37x_rcc.o
    0x08001a24   0x00000020   Code   RO         2191    i.RCC_APB2PeriphResetCmd  stm32f37x_rcc.o
    0x08001a44   0x00000210   Code   RO         2199    i.RCC_GetClocksFreq  stm32f37x_rcc.o
    0x08001c54   0x0000009c   Code   RO          839    i.Read_DAQ_Address_Size  ccp2daq.o
    0x08001cf0   0x00000068   Code   RO         1073    i.Read_From_RAM_Or_Register  ccp2mem.o
    0x08001d58   0x00000038   Code   RO          840    i.Reset_DAQ_List_Status  ccp2daq.o
    0x08001d90   0x000000fc   Code   RO         2778    i.SDADC2_IRQHandler  stm32f37x_it.o
    0x08001e8c   0x000000ec   Code   RO         2779    i.SDADC3_IRQHandler  stm32f37x_it.o
    0x08001f78   0x00000016   Code   RO         1826    i.SDADC_Cmd         stm32f37x_sdadc.o
    0x08001f8e   0x00000012   Code   RO         1837    i.SDADC_GetFlagStatus  stm32f37x_sdadc.o
    0x08001fa0   0x00000024   Code   RO         1842    i.SDADC_GetInjectedConversionValue  stm32f37x_sdadc.o
    0x08001fc4   0x0000000a   Code   RO         1853    i.SDADC_SoftwareStartInjectedConv  stm32f37x_sdadc.o
    0x08001fce   0x00000002   PAD
    0x08001fd0   0x0000003c   Code   RO         2780    i.SPI1_IRQHandler   stm32f37x_it.o
    0x0800200c   0x00000014   Code   RO         2781    i.SPI1_ReadByte     stm32f37x_it.o
    0x08002020   0x00000048   Code   RO         2782    i.SPI2_IRQHandler   stm32f37x_it.o
    0x08002068   0x00000014   Code   RO         2783    i.SPI2_ReadByte     stm32f37x_it.o
    0x0800207c   0x00000006   Code   RO         3580    i.SPI_I2S_ReceiveData16  stm32f37x_spi.o
    0x08002082   0x00000002   Code   RO         2784    i.SVC_Handler       stm32f37x_it.o
    0x08002084   0x000000c4   Code   RO           13    i.SetSysClock       system_stm32f37x.o
    0x08002148   0x00000008   Code   RO         2785    i.SysTick_Handler   stm32f37x_it.o
    0x08002150   0x00000080   Code   RO           15    i.SystemInit        system_stm32f37x.o
    0x080021d0   0x00000028   Code   RO         2786    i.TIM2_IRQHandler   stm32f37x_it.o
    0x080021f8   0x00000028   Code   RO         2787    i.TIM5_IRQHandler   stm32f37x_it.o
    0x08002220   0x00000006   Code   RO         3776    i.TIM_ClearFlag     stm32f37x_tim.o
    0x08002226   0x00000006   Code   RO         3777    i.TIM_ClearITPendingBit  stm32f37x_tim.o
    0x0800222c   0x00000018   Code   RO         3782    i.TIM_Cmd           stm32f37x_tim.o
    0x08002244   0x00000190   Code   RO         3787    i.TIM_DeInit        stm32f37x_tim.o
    0x080023d4   0x00000022   Code   RO         3803    i.TIM_GetITStatus   stm32f37x_tim.o
    0x080023f6   0x00000012   Code   RO         3807    i.TIM_ITConfig      stm32f37x_tim.o
    0x08002408   0x00000098   Code   RO         3853    i.TIM_TimeBaseInit  stm32f37x_tim.o
    0x080024a0   0x000000cc   Code   RO          369    i.Timer_Configuration  main.o
    0x0800256c   0x00000018   Code   RO          246    i.TimingDelay_Decrement  systick.o
    0x08002584   0x000000ec   Code   RO         2788    i.USART3_IRQHandler  stm32f37x_it.o
    0x08002670   0x00000004   Code   RO         1414    i.USART_ClearFlag   stm32f37x_usart.o
    0x08002674   0x00000012   Code   RO         1415    i.USART_ClearITPendingBit  stm32f37x_usart.o
    0x08002686   0x00000012   Code   RO         1426    i.USART_GetFlagStatus  stm32f37x_usart.o
    0x08002698   0x0000004a   Code   RO         1427    i.USART_GetITStatus  stm32f37x_usart.o
    0x080026e2   0x0000003a   Code   RO         1429    i.USART_ITConfig    stm32f37x_usart.o
    0x0800271c   0x0000000a   Code   RO         1442    i.USART_ReceiveData  stm32f37x_usart.o
    0x08002726   0x00000002   PAD
    0x08002728   0x00000064   Code   RO          843    i.Update_Session_Status_LOGGING  ccp2daq.o
    0x0800278c   0x00000004   Code   RO         2789    i.UsageFault_Handler  stm32f37x_it.o
    0x08002790   0x00000028   Code   RO         1074    i.Write_To_EEPROM   ccp2mem.o
    0x080027b8   0x00000028   Code   RO         1075    i.Write_To_Flash    ccp2mem.o
    0x080027e0   0x00000070   Code   RO         1076    i.Write_To_RAM_Or_Register  ccp2mem.o
    0x08002850   0x000000a4   Code   RO          844    i.Write_to_Current_DAQ_Pointer  ccp2daq.o
    0x080028f4   0x0000000e   Code   RO         4361    i.__scatterload_copy  mc_w.l(handlers.o)
    0x08002902   0x00000002   Code   RO         4362    i.__scatterload_null  mc_w.l(handlers.o)
    0x08002904   0x0000000e   Code   RO         4363    i.__scatterload_zeroinit  mc_w.l(handlers.o)
    0x08002912   0x00000002   PAD
    0x08002914   0x000001e4   Code   RO          373    i.main              main.o
    0x08002af8   0x00000138   Code   RO          375    i.virtual_PWM_OUTPUT  main.o
    0x08002c30   0x000000d0   Data   RO          714    .constdata          ccp2conf.o
    0x08002d00   0x0000001e   Data   RO          846    .constdata          ccp2daq.o
    0x08002d1e   0x00000002   PAD
    0x08002d20   0x00000020   Data   RO         4359    Region$$Table       anon$$obj.o


    Execution Region RW_IRAM1 (Base: 0x20000000, Size: 0x00001298, Max: 0x00006000, ABSOLUTE, COMPRESSED[0x00000074])

    Base Addr    Size         Type   Attr      Idx    E Section Name        Object

    0x20000000   0x00000004   Data   RW          247    .data               systick.o
    0x20000004   0x00000014   Data   RW          292    .data               can.o
    0x20000018   0x000000fe   Data   RW          377    .data               main.o
    0x20000116   0x00000002   PAD
    0x20000118   0x0000000b   Data   RW          847    .data               ccp2daq.o
    0x20000123   0x00000001   PAD
    0x20000124   0x00000008   Data   RW         1077    .data               ccp2mem.o
    0x2000012c   0x00000005   Data   RW         1286    .data               ccp2session_nvm.o
    0x20000131   0x00000024   Data   RW         2224    .data               stm32f37x_rcc.o
    0x20000155   0x00000003   PAD
    0x20000158   0x0000002c   Data   RW         2791    .data               stm32f37x_it.o
    0x20000184   0x00000940   Zero   RW          376    .bss                main.o
    0x20000ac4   0x00000078   Zero   RW          713    .bss                ccp2conf.o
    0x20000b3c   0x00000050   Zero   RW          845    .bss                ccp2daq.o
    0x20000b8c   0x0000002c   Zero   RW          993    .bss                ccp2main.o
    0x20000bb8   0x000000f0   Zero   RW         1261    .bss                ccp2nvmd.o
    0x20000ca8   0x000001f0   Zero   RW         2790    .bss                stm32f37x_it.o
    0x20000e98   0x00000400   Zero   RW            1    STACK               startup_stm32f37x.o


==============================================================================

Image component sizes


      Code (inc. data)   RO Data    RW Data    ZI Data      Debug   Object Name

       360         24          0         20          0       4116   can.o
       350         66        208          0        120      15303   ccp2conf.o
      2074        164         30         11         80      14716   ccp2daq.o
        32          4          0          0         44       4543   ccp2main.o
      1064         96          0          8          0      10660   ccp2mem.o
       452         36          0          0          0       3507   ccp2mode.o
         0          0          0          0        240        742   ccp2nvmd.o
         0          0          0          5          0        546   ccp2session_nvm.o
      1152        140          0        254       2368       9387   main.o
        36          8        392          0       1024        816   startup_stm32f37x.o
       896         12          0          0          0       5172   stm32f37x_can.o
       232          0          0          0          0       3251   stm32f37x_gpio.o
      1160        224          0         44        496      12580   stm32f37x_it.o
       112         12          0          0          0        980   stm32f37x_misc.o
       656         48          0         36          0       4847   stm32f37x_rcc.o
        86          6          0          0          0       2643   stm32f37x_sdadc.o
         6          0          0          0          0        964   stm32f37x_spi.o
       640         94          0          0          0       4615   stm32f37x_tim.o
       182          0          0          0          0       4387   stm32f37x_usart.o
       324         26          0          0          0     244313   system_stm32f37x.o
        24          6          0          4          0      26031   systick.o

    ----------------------------------------------------------------------
      9856        966        664        388       4372     374119   Object Totals
         0          0         32          0          0          0   (incl. Generated)
        18          0          2          6          0          0   (incl. Padding)

    ----------------------------------------------------------------------

      Code (inc. data)   RO Data    RW Data    ZI Data      Debug   Library Member Name

        86          0          0          0          0          0   __dczerorl2.o
         0          0          0          0          0          0   entry.o
         0          0          0          0          0          0   entry10a.o
         0          0          0          0          0          0   entry11a.o
         8          4          0          0          0          0   entry2.o
         4          0          0          0          0          0   entry5.o
         0          0          0          0          0          0   entry7b.o
         0          0          0          0          0          0   entry8b.o
         8          4          0          0          0          0   entry9a.o
        30          0          0          0          0          0   handlers.o
        36          8          0          0          0         68   init.o
         0          0          0          0          0          0   iusefp.o
        30          0          0          0          0         68   llshl.o
        32          0          0          0          0         68   llushr.o
        56          0          0          0          0         88   d2f.o
       222          0          0          0          0        100   ddiv.o
       186          0          0          0          0        176   depilogue.o
        26          0          0          0          0         76   dfltui.o
       228          0          0          0          0         96   dmul.o
       110          0          0          0          0        168   fepilogue.o

    ----------------------------------------------------------------------
      1064         16          0          0          0        908   Library Totals
         2          0          0          0          0          0   (incl. Padding)

    ----------------------------------------------------------------------

      Code (inc. data)   RO Data    RW Data    ZI Data      Debug   Library Name

       234         16          0          0          0        204   mc_w.l
       828          0          0          0          0        704   mf_w.l

    ----------------------------------------------------------------------
      1064         16          0          0          0        908   Library Totals

    ----------------------------------------------------------------------

==============================================================================


      Code (inc. data)   RO Data    RW Data    ZI Data      Debug   

     10920        982        664        388       4372     363147   Grand Totals
     10920        982        664        116       4372     363147   ELF Image Totals (compressed)
     10920        982        664        116          0          0   ROM Totals

==============================================================================

    Total RO  Size (Code + RO Data)                11584 (  11.31kB)
    Total RW  Size (RW Data + ZI Data)              4760 (   4.65kB)
    Total ROM Size (Code + RO Data + RW Data)      11700 (  11.43kB)

==============================================================================

