<!doctype html public "-//w3c//dtd html 4.0 transitional//en">
<html><head>
<title>Static Call Graph - [.\Saw_Machine.axf]</title></head>
<body><HR>
<H1>Static Call Graph for image .\Saw_Machine.axf</H1><HR>
<BR><P>#&#060CALLGRAPH&#062# ARM Linker, 5050106: Last Updated: Sat Jun 25 11:37:18 2016
<BR><P>
<H3>Maximum Stack Usage =        132 bytes + Unknown(Cycles, Untraceable Function Pointers)</H3><H3>
Call chain for Maximum Stack Depth:</H3>
main &rArr; CAN_Config &rArr; GPIO_PinAFConfig
<P>
<H3>
Mutually Recursive functions
</H3> <LI><a href="#[1c]">ADC1_IRQHandler</a>&nbsp;&nbsp;&nbsp;&rArr;&nbsp;&nbsp;&nbsp;<a href="#[1c]">ADC1_IRQHandler</a><BR>
</UL>
<P>
<H3>
Function Pointers
</H3><UL>
 <LI><a href="#[1c]">ADC1_IRQHandler</a> from startup_stm32f37x.o(.text) referenced from startup_stm32f37x.o(RESET)
 <LI><a href="#[4]">BusFault_Handler</a> from stm32f37x_it.o(i.BusFault_Handler) referenced from startup_stm32f37x.o(RESET)
 <LI><a href="#[1e]">CAN1_RX0_IRQHandler</a> from stm32f37x_it.o(i.CAN1_RX0_IRQHandler) referenced from startup_stm32f37x.o(RESET)
 <LI><a href="#[1f]">CAN1_RX1_IRQHandler</a> from startup_stm32f37x.o(.text) referenced from startup_stm32f37x.o(RESET)
 <LI><a href="#[20]">CAN1_SCE_IRQHandler</a> from startup_stm32f37x.o(.text) referenced from startup_stm32f37x.o(RESET)
 <LI><a href="#[1d]">CAN1_TX_IRQHandler</a> from startup_stm32f37x.o(.text) referenced from startup_stm32f37x.o(RESET)
 <LI><a href="#[58]">CCP_Build_Chksum</a> from ccp2mem.o(i.CCP_Build_Chksum) referenced from ccp2conf.o(.constdata)
 <LI><a href="#[5a]">CCP_Clear_Memory</a> from ccp2mem.o(i.CCP_Clear_Memory) referenced from ccp2conf.o(.constdata)
 <LI><a href="#[4d]">CCP_Command_Unavailable</a> from ccp2conf.o(i.CCP_Command_Unavailable) referenced 11 times from ccp2conf.o(.constdata)
 <LI><a href="#[4e]">CCP_Connect</a> from ccp2mode.o(i.CCP_Connect) referenced from ccp2conf.o(.constdata)
 <LI><a href="#[53]">CCP_Disconnect</a> from ccp2mode.o(i.CCP_Disconnect) referenced from ccp2conf.o(.constdata)
 <LI><a href="#[50]">CCP_Dnload</a> from ccp2mem.o(i.CCP_Dnload) referenced from ccp2conf.o(.constdata)
 <LI><a href="#[66]">CCP_Dnload_6</a> from ccp2mem.o(i.CCP_Dnload_6) referenced from ccp2conf.o(.constdata)
 <LI><a href="#[61]">CCP_Exchange_ID</a> from ccp2conf.o(i.CCP_Exchange_ID) referenced from ccp2conf.o(.constdata)
 <LI><a href="#[55]">CCP_Get_Active_Cal_Page</a> from ccp2conf.o(i.CCP_Get_Active_Cal_Page) referenced from ccp2conf.o(.constdata)
 <LI><a href="#[64]">CCP_Get_CCP_Version</a> from ccp2mode.o(i.CCP_Get_CCP_Version) referenced from ccp2conf.o(.constdata)
 <LI><a href="#[5e]">CCP_Get_DAQ_Size</a> from ccp2daq.o(i.CCP_Get_DAQ_Size) referenced from ccp2conf.o(.constdata)
 <LI><a href="#[57]">CCP_Get_S_Status</a> from ccp2mode.o(i.CCP_Get_S_Status) referenced from ccp2conf.o(.constdata)
 <LI><a href="#[5c]">CCP_Get_Seed</a> from ccp2mode.o(i.CCP_Get_Seed) referenced from ccp2conf.o(.constdata)
 <LI><a href="#[63]">CCP_Move</a> from ccp2mem.o(i.CCP_Move) referenced from ccp2conf.o(.constdata)
 <LI><a href="#[62]">CCP_Program</a> from ccp2mem.o(i.CCP_Program) referenced from ccp2conf.o(.constdata)
 <LI><a href="#[65]">CCP_Program_6</a> from ccp2mem.o(i.CCP_Program_6) referenced from ccp2conf.o(.constdata)
 <LI><a href="#[5b]">CCP_Select_Cal_Page</a> from ccp2conf.o(i.CCP_Select_Cal_Page) referenced from ccp2conf.o(.constdata)
 <LI><a href="#[5f]">CCP_Set_DAQ_Ptr</a> from ccp2daq.o(i.CCP_Set_DAQ_Ptr) referenced from ccp2conf.o(.constdata)
 <LI><a href="#[4f]">CCP_Set_MTA</a> from ccp2mem.o(i.CCP_Set_MTA) referenced from ccp2conf.o(.constdata)
 <LI><a href="#[56]">CCP_Set_S_Status</a> from ccp2mode.o(i.CCP_Set_S_Status) referenced from ccp2conf.o(.constdata)
 <LI><a href="#[59]">CCP_Short_Up</a> from ccp2mem.o(i.CCP_Short_Up) referenced from ccp2conf.o(.constdata)
 <LI><a href="#[52]">CCP_Start_Stop</a> from ccp2daq.o(i.CCP_Start_Stop) referenced from ccp2conf.o(.constdata)
 <LI><a href="#[54]">CCP_Start_Stop_All</a> from ccp2daq.o(i.CCP_Start_Stop_All) referenced from ccp2conf.o(.constdata)
 <LI><a href="#[5d]">CCP_Unlock</a> from ccp2mode.o(i.CCP_Unlock) referenced from ccp2conf.o(.constdata)
 <LI><a href="#[51]">CCP_Upload</a> from ccp2mem.o(i.CCP_Upload) referenced from ccp2conf.o(.constdata)
 <LI><a href="#[60]">CCP_Write_DAQ</a> from ccp2daq.o(i.CCP_Write_DAQ) referenced from ccp2conf.o(.constdata)
 <LI><a href="#[34]">CEC_IRQHandler</a> from startup_stm32f37x.o(.text) referenced from startup_stm32f37x.o(RESET)
 <LI><a href="#[44]">COMP_IRQHandler</a> from startup_stm32f37x.o(.text) referenced from startup_stm32f37x.o(RESET)
 <LI><a href="#[15]">DMA1_Channel1_IRQHandler</a> from startup_stm32f37x.o(.text) referenced from startup_stm32f37x.o(RESET)
 <LI><a href="#[16]">DMA1_Channel2_IRQHandler</a> from startup_stm32f37x.o(.text) referenced from startup_stm32f37x.o(RESET)
 <LI><a href="#[17]">DMA1_Channel3_IRQHandler</a> from startup_stm32f37x.o(.text) referenced from startup_stm32f37x.o(RESET)
 <LI><a href="#[18]">DMA1_Channel4_IRQHandler</a> from startup_stm32f37x.o(.text) referenced from startup_stm32f37x.o(RESET)
 <LI><a href="#[19]">DMA1_Channel5_IRQHandler</a> from startup_stm32f37x.o(.text) referenced from startup_stm32f37x.o(RESET)
 <LI><a href="#[1a]">DMA1_Channel6_IRQHandler</a> from startup_stm32f37x.o(.text) referenced from startup_stm32f37x.o(RESET)
 <LI><a href="#[1b]">DMA1_Channel7_IRQHandler</a> from startup_stm32f37x.o(.text) referenced from startup_stm32f37x.o(RESET)
 <LI><a href="#[3c]">DMA2_Channel1_IRQHandler</a> from stm32f37x_it.o(i.DMA2_Channel1_IRQHandler) referenced from startup_stm32f37x.o(RESET)
 <LI><a href="#[3d]">DMA2_Channel2_IRQHandler</a> from stm32f37x_it.o(i.DMA2_Channel2_IRQHandler) referenced from startup_stm32f37x.o(RESET)
 <LI><a href="#[3e]">DMA2_Channel3_IRQHandler</a> from stm32f37x_it.o(i.DMA2_Channel3_IRQHandler) referenced from startup_stm32f37x.o(RESET)
 <LI><a href="#[3f]">DMA2_Channel4_IRQHandler</a> from startup_stm32f37x.o(.text) referenced from startup_stm32f37x.o(RESET)
 <LI><a href="#[40]">DMA2_Channel5_IRQHandler</a> from startup_stm32f37x.o(.text) referenced from startup_stm32f37x.o(RESET)
 <LI><a href="#[7]">DebugMon_Handler</a> from stm32f37x_it.o(i.DebugMon_Handler) referenced from startup_stm32f37x.o(RESET)
 <LI><a href="#[10]">EXTI0_IRQHandler</a> from startup_stm32f37x.o(.text) referenced from startup_stm32f37x.o(RESET)
 <LI><a href="#[32]">EXTI15_10_IRQHandler</a> from startup_stm32f37x.o(.text) referenced from startup_stm32f37x.o(RESET)
 <LI><a href="#[11]">EXTI1_IRQHandler</a> from startup_stm32f37x.o(.text) referenced from startup_stm32f37x.o(RESET)
 <LI><a href="#[12]">EXTI2_TS_IRQHandler</a> from startup_stm32f37x.o(.text) referenced from startup_stm32f37x.o(RESET)
 <LI><a href="#[13]">EXTI3_IRQHandler</a> from startup_stm32f37x.o(.text) referenced from startup_stm32f37x.o(RESET)
 <LI><a href="#[14]">EXTI4_IRQHandler</a> from startup_stm32f37x.o(.text) referenced from startup_stm32f37x.o(RESET)
 <LI><a href="#[21]">EXTI9_5_IRQHandler</a> from startup_stm32f37x.o(.text) referenced from startup_stm32f37x.o(RESET)
 <LI><a href="#[e]">FLASH_IRQHandler</a> from startup_stm32f37x.o(.text) referenced from startup_stm32f37x.o(RESET)
 <LI><a href="#[49]">FPU_IRQHandler</a> from startup_stm32f37x.o(.text) referenced from startup_stm32f37x.o(RESET)
 <LI><a href="#[2]">HardFault_Handler</a> from stm32f37x_it.o(i.HardFault_Handler) referenced from startup_stm32f37x.o(RESET)
 <LI><a href="#[2a]">I2C1_ER_IRQHandler</a> from startup_stm32f37x.o(.text) referenced from startup_stm32f37x.o(RESET)
 <LI><a href="#[29]">I2C1_EV_IRQHandler</a> from startup_stm32f37x.o(.text) referenced from startup_stm32f37x.o(RESET)
 <LI><a href="#[2c]">I2C2_ER_IRQHandler</a> from startup_stm32f37x.o(.text) referenced from startup_stm32f37x.o(RESET)
 <LI><a href="#[2b]">I2C2_EV_IRQHandler</a> from startup_stm32f37x.o(.text) referenced from startup_stm32f37x.o(RESET)
 <LI><a href="#[3]">MemManage_Handler</a> from stm32f37x_it.o(i.MemManage_Handler) referenced from startup_stm32f37x.o(RESET)
 <LI><a href="#[1]">NMI_Handler</a> from stm32f37x_it.o(i.NMI_Handler) referenced from startup_stm32f37x.o(RESET)
 <LI><a href="#[b]">PVD_IRQHandler</a> from startup_stm32f37x.o(.text) referenced from startup_stm32f37x.o(RESET)
 <LI><a href="#[8]">PendSV_Handler</a> from stm32f37x_it.o(i.PendSV_Handler) referenced from startup_stm32f37x.o(RESET)
 <LI><a href="#[f]">RCC_IRQHandler</a> from startup_stm32f37x.o(.text) referenced from startup_stm32f37x.o(RESET)
 <LI><a href="#[33]">RTC_Alarm_IRQHandler</a> from startup_stm32f37x.o(.text) referenced from startup_stm32f37x.o(RESET)
 <LI><a href="#[d]">RTC_WKUP_IRQHandler</a> from startup_stm32f37x.o(.text) referenced from startup_stm32f37x.o(RESET)
 <LI><a href="#[0]">Reset_Handler</a> from startup_stm32f37x.o(.text) referenced from startup_stm32f37x.o(RESET)
 <LI><a href="#[41]">SDADC1_IRQHandler</a> from startup_stm32f37x.o(.text) referenced from startup_stm32f37x.o(RESET)
 <LI><a href="#[42]">SDADC2_IRQHandler</a> from stm32f37x_it.o(i.SDADC2_IRQHandler) referenced from startup_stm32f37x.o(RESET)
 <LI><a href="#[43]">SDADC3_IRQHandler</a> from stm32f37x_it.o(i.SDADC3_IRQHandler) referenced from startup_stm32f37x.o(RESET)
 <LI><a href="#[2d]">SPI1_IRQHandler</a> from stm32f37x_it.o(i.SPI1_IRQHandler) referenced from startup_stm32f37x.o(RESET)
 <LI><a href="#[2e]">SPI2_IRQHandler</a> from stm32f37x_it.o(i.SPI2_IRQHandler) referenced from startup_stm32f37x.o(RESET)
 <LI><a href="#[39]">SPI3_IRQHandler</a> from startup_stm32f37x.o(.text) referenced from startup_stm32f37x.o(RESET)
 <LI><a href="#[6]">SVC_Handler</a> from stm32f37x_it.o(i.SVC_Handler) referenced from startup_stm32f37x.o(RESET)
 <LI><a href="#[9]">SysTick_Handler</a> from stm32f37x_it.o(i.SysTick_Handler) referenced from startup_stm32f37x.o(RESET)
 <LI><a href="#[4b]">SystemInit</a> from system_stm32f37x.o(i.SystemInit) referenced from startup_stm32f37x.o(.text)
 <LI><a href="#[c]">TAMPER_STAMP_IRQHandler</a> from startup_stm32f37x.o(.text) referenced from startup_stm32f37x.o(RESET)
 <LI><a href="#[35]">TIM12_IRQHandler</a> from startup_stm32f37x.o(.text) referenced from startup_stm32f37x.o(RESET)
 <LI><a href="#[36]">TIM13_IRQHandler</a> from startup_stm32f37x.o(.text) referenced from startup_stm32f37x.o(RESET)
 <LI><a href="#[37]">TIM14_IRQHandler</a> from startup_stm32f37x.o(.text) referenced from startup_stm32f37x.o(RESET)
 <LI><a href="#[22]">TIM15_IRQHandler</a> from startup_stm32f37x.o(.text) referenced from startup_stm32f37x.o(RESET)
 <LI><a href="#[23]">TIM16_IRQHandler</a> from startup_stm32f37x.o(.text) referenced from startup_stm32f37x.o(RESET)
 <LI><a href="#[24]">TIM17_IRQHandler</a> from startup_stm32f37x.o(.text) referenced from startup_stm32f37x.o(RESET)
 <LI><a href="#[25]">TIM18_DAC2_IRQHandler</a> from startup_stm32f37x.o(.text) referenced from startup_stm32f37x.o(RESET)
 <LI><a href="#[48]">TIM19_IRQHandler</a> from startup_stm32f37x.o(.text) referenced from startup_stm32f37x.o(RESET)
 <LI><a href="#[26]">TIM2_IRQHandler</a> from stm32f37x_it.o(i.TIM2_IRQHandler) referenced from startup_stm32f37x.o(RESET)
 <LI><a href="#[27]">TIM3_IRQHandler</a> from startup_stm32f37x.o(.text) referenced from startup_stm32f37x.o(RESET)
 <LI><a href="#[28]">TIM4_IRQHandler</a> from startup_stm32f37x.o(.text) referenced from startup_stm32f37x.o(RESET)
 <LI><a href="#[38]">TIM5_IRQHandler</a> from stm32f37x_it.o(i.TIM5_IRQHandler) referenced from startup_stm32f37x.o(RESET)
 <LI><a href="#[3a]">TIM6_DAC1_IRQHandler</a> from startup_stm32f37x.o(.text) referenced from startup_stm32f37x.o(RESET)
 <LI><a href="#[3b]">TIM7_IRQHandler</a> from startup_stm32f37x.o(.text) referenced from startup_stm32f37x.o(RESET)
 <LI><a href="#[2f]">USART1_IRQHandler</a> from startup_stm32f37x.o(.text) referenced from startup_stm32f37x.o(RESET)
 <LI><a href="#[30]">USART2_IRQHandler</a> from startup_stm32f37x.o(.text) referenced from startup_stm32f37x.o(RESET)
 <LI><a href="#[31]">USART3_IRQHandler</a> from stm32f37x_it.o(i.USART3_IRQHandler) referenced from startup_stm32f37x.o(RESET)
 <LI><a href="#[47]">USBWakeUp_IRQHandler</a> from startup_stm32f37x.o(.text) referenced from startup_stm32f37x.o(RESET)
 <LI><a href="#[45]">USB_HP_IRQHandler</a> from startup_stm32f37x.o(.text) referenced from startup_stm32f37x.o(RESET)
 <LI><a href="#[46]">USB_LP_IRQHandler</a> from startup_stm32f37x.o(.text) referenced from startup_stm32f37x.o(RESET)
 <LI><a href="#[5]">UsageFault_Handler</a> from stm32f37x_it.o(i.UsageFault_Handler) referenced from startup_stm32f37x.o(RESET)
 <LI><a href="#[a]">WWDG_IRQHandler</a> from startup_stm32f37x.o(.text) referenced from startup_stm32f37x.o(RESET)
 <LI><a href="#[4c]">__main</a> from entry.o(.ARM.Collect$$$$00000000) referenced from startup_stm32f37x.o(.text)
 <LI><a href="#[4a]">main</a> from main.o(i.main) referenced from entry9a.o(.ARM.Collect$$$$0000000B)
</UL>
<P>
<H3>
Global Symbols
</H3>
<P><STRONG><a name="[4c]"></a>__main</STRONG> (Thumb, 0 bytes, Stack size unknown bytes, entry.o(.ARM.Collect$$$$00000000))
<BR>[Address Reference Count : 1]<UL><LI> startup_stm32f37x.o(.text)
</UL>
<P><STRONG><a name="[be]"></a>_main_stk</STRONG> (Thumb, 0 bytes, Stack size unknown bytes, entry2.o(.ARM.Collect$$$$00000001))

<P><STRONG><a name="[67]"></a>_main_scatterload</STRONG> (Thumb, 0 bytes, Stack size unknown bytes, entry5.o(.ARM.Collect$$$$00000004))
<BR><BR>[Calls]<UL><LI><a href="#[68]">&gt;&gt;</a>&nbsp;&nbsp;&nbsp;__scatterload
</UL>

<P><STRONG><a name="[70]"></a>__main_after_scatterload</STRONG> (Thumb, 0 bytes, Stack size unknown bytes, entry5.o(.ARM.Collect$$$$00000004))
<BR><BR>[Called By]<UL><LI><a href="#[68]">&gt;&gt;</a>&nbsp;&nbsp;&nbsp;__scatterload
</UL>

<P><STRONG><a name="[bf]"></a>_main_clock</STRONG> (Thumb, 0 bytes, Stack size unknown bytes, entry7b.o(.ARM.Collect$$$$00000008))

<P><STRONG><a name="[c0]"></a>_main_cpp_init</STRONG> (Thumb, 0 bytes, Stack size unknown bytes, entry8b.o(.ARM.Collect$$$$0000000A))

<P><STRONG><a name="[c1]"></a>_main_init</STRONG> (Thumb, 0 bytes, Stack size unknown bytes, entry9a.o(.ARM.Collect$$$$0000000B))

<P><STRONG><a name="[c2]"></a>__rt_final_cpp</STRONG> (Thumb, 0 bytes, Stack size unknown bytes, entry10a.o(.ARM.Collect$$$$0000000D))

<P><STRONG><a name="[c3]"></a>__rt_final_exit</STRONG> (Thumb, 0 bytes, Stack size unknown bytes, entry11a.o(.ARM.Collect$$$$0000000F))

<P><STRONG><a name="[0]"></a>Reset_Handler</STRONG> (Thumb, 8 bytes, Stack size 0 bytes, startup_stm32f37x.o(.text))
<BR>[Address Reference Count : 1]<UL><LI> startup_stm32f37x.o(RESET)
</UL>
<P><STRONG><a name="[1c]"></a>ADC1_IRQHandler</STRONG> (Thumb, 0 bytes, Stack size 0 bytes, startup_stm32f37x.o(.text))
<BR><BR>[Calls]<UL><LI><a href="#[1c]">&gt;&gt;</a>&nbsp;&nbsp;&nbsp;ADC1_IRQHandler
</UL>
<BR>[Called By]<UL><LI><a href="#[1c]">&gt;&gt;</a>&nbsp;&nbsp;&nbsp;ADC1_IRQHandler
</UL>
<BR>[Address Reference Count : 1]<UL><LI> startup_stm32f37x.o(RESET)
</UL>
<P><STRONG><a name="[1f]"></a>CAN1_RX1_IRQHandler</STRONG> (Thumb, 0 bytes, Stack size 0 bytes, startup_stm32f37x.o(.text))
<BR>[Address Reference Count : 1]<UL><LI> startup_stm32f37x.o(RESET)
</UL>
<P><STRONG><a name="[20]"></a>CAN1_SCE_IRQHandler</STRONG> (Thumb, 0 bytes, Stack size 0 bytes, startup_stm32f37x.o(.text))
<BR>[Address Reference Count : 1]<UL><LI> startup_stm32f37x.o(RESET)
</UL>
<P><STRONG><a name="[1d]"></a>CAN1_TX_IRQHandler</STRONG> (Thumb, 0 bytes, Stack size 0 bytes, startup_stm32f37x.o(.text))
<BR>[Address Reference Count : 1]<UL><LI> startup_stm32f37x.o(RESET)
</UL>
<P><STRONG><a name="[34]"></a>CEC_IRQHandler</STRONG> (Thumb, 0 bytes, Stack size 0 bytes, startup_stm32f37x.o(.text))
<BR>[Address Reference Count : 1]<UL><LI> startup_stm32f37x.o(RESET)
</UL>
<P><STRONG><a name="[44]"></a>COMP_IRQHandler</STRONG> (Thumb, 0 bytes, Stack size 0 bytes, startup_stm32f37x.o(.text))
<BR>[Address Reference Count : 1]<UL><LI> startup_stm32f37x.o(RESET)
</UL>
<P><STRONG><a name="[15]"></a>DMA1_Channel1_IRQHandler</STRONG> (Thumb, 0 bytes, Stack size 0 bytes, startup_stm32f37x.o(.text))
<BR>[Address Reference Count : 1]<UL><LI> startup_stm32f37x.o(RESET)
</UL>
<P><STRONG><a name="[16]"></a>DMA1_Channel2_IRQHandler</STRONG> (Thumb, 0 bytes, Stack size 0 bytes, startup_stm32f37x.o(.text))
<BR>[Address Reference Count : 1]<UL><LI> startup_stm32f37x.o(RESET)
</UL>
<P><STRONG><a name="[17]"></a>DMA1_Channel3_IRQHandler</STRONG> (Thumb, 0 bytes, Stack size 0 bytes, startup_stm32f37x.o(.text))
<BR>[Address Reference Count : 1]<UL><LI> startup_stm32f37x.o(RESET)
</UL>
<P><STRONG><a name="[18]"></a>DMA1_Channel4_IRQHandler</STRONG> (Thumb, 0 bytes, Stack size 0 bytes, startup_stm32f37x.o(.text))
<BR>[Address Reference Count : 1]<UL><LI> startup_stm32f37x.o(RESET)
</UL>
<P><STRONG><a name="[19]"></a>DMA1_Channel5_IRQHandler</STRONG> (Thumb, 0 bytes, Stack size 0 bytes, startup_stm32f37x.o(.text))
<BR>[Address Reference Count : 1]<UL><LI> startup_stm32f37x.o(RESET)
</UL>
<P><STRONG><a name="[1a]"></a>DMA1_Channel6_IRQHandler</STRONG> (Thumb, 0 bytes, Stack size 0 bytes, startup_stm32f37x.o(.text))
<BR>[Address Reference Count : 1]<UL><LI> startup_stm32f37x.o(RESET)
</UL>
<P><STRONG><a name="[1b]"></a>DMA1_Channel7_IRQHandler</STRONG> (Thumb, 0 bytes, Stack size 0 bytes, startup_stm32f37x.o(.text))
<BR>[Address Reference Count : 1]<UL><LI> startup_stm32f37x.o(RESET)
</UL>
<P><STRONG><a name="[3f]"></a>DMA2_Channel4_IRQHandler</STRONG> (Thumb, 0 bytes, Stack size 0 bytes, startup_stm32f37x.o(.text))
<BR>[Address Reference Count : 1]<UL><LI> startup_stm32f37x.o(RESET)
</UL>
<P><STRONG><a name="[40]"></a>DMA2_Channel5_IRQHandler</STRONG> (Thumb, 0 bytes, Stack size 0 bytes, startup_stm32f37x.o(.text))
<BR>[Address Reference Count : 1]<UL><LI> startup_stm32f37x.o(RESET)
</UL>
<P><STRONG><a name="[10]"></a>EXTI0_IRQHandler</STRONG> (Thumb, 0 bytes, Stack size 0 bytes, startup_stm32f37x.o(.text))
<BR>[Address Reference Count : 1]<UL><LI> startup_stm32f37x.o(RESET)
</UL>
<P><STRONG><a name="[32]"></a>EXTI15_10_IRQHandler</STRONG> (Thumb, 0 bytes, Stack size 0 bytes, startup_stm32f37x.o(.text))
<BR>[Address Reference Count : 1]<UL><LI> startup_stm32f37x.o(RESET)
</UL>
<P><STRONG><a name="[11]"></a>EXTI1_IRQHandler</STRONG> (Thumb, 0 bytes, Stack size 0 bytes, startup_stm32f37x.o(.text))
<BR>[Address Reference Count : 1]<UL><LI> startup_stm32f37x.o(RESET)
</UL>
<P><STRONG><a name="[12]"></a>EXTI2_TS_IRQHandler</STRONG> (Thumb, 0 bytes, Stack size 0 bytes, startup_stm32f37x.o(.text))
<BR>[Address Reference Count : 1]<UL><LI> startup_stm32f37x.o(RESET)
</UL>
<P><STRONG><a name="[13]"></a>EXTI3_IRQHandler</STRONG> (Thumb, 0 bytes, Stack size 0 bytes, startup_stm32f37x.o(.text))
<BR>[Address Reference Count : 1]<UL><LI> startup_stm32f37x.o(RESET)
</UL>
<P><STRONG><a name="[14]"></a>EXTI4_IRQHandler</STRONG> (Thumb, 0 bytes, Stack size 0 bytes, startup_stm32f37x.o(.text))
<BR>[Address Reference Count : 1]<UL><LI> startup_stm32f37x.o(RESET)
</UL>
<P><STRONG><a name="[21]"></a>EXTI9_5_IRQHandler</STRONG> (Thumb, 0 bytes, Stack size 0 bytes, startup_stm32f37x.o(.text))
<BR>[Address Reference Count : 1]<UL><LI> startup_stm32f37x.o(RESET)
</UL>
<P><STRONG><a name="[e]"></a>FLASH_IRQHandler</STRONG> (Thumb, 0 bytes, Stack size 0 bytes, startup_stm32f37x.o(.text))
<BR>[Address Reference Count : 1]<UL><LI> startup_stm32f37x.o(RESET)
</UL>
<P><STRONG><a name="[49]"></a>FPU_IRQHandler</STRONG> (Thumb, 0 bytes, Stack size 0 bytes, startup_stm32f37x.o(.text))
<BR>[Address Reference Count : 1]<UL><LI> startup_stm32f37x.o(RESET)
</UL>
<P><STRONG><a name="[2a]"></a>I2C1_ER_IRQHandler</STRONG> (Thumb, 0 bytes, Stack size 0 bytes, startup_stm32f37x.o(.text))
<BR>[Address Reference Count : 1]<UL><LI> startup_stm32f37x.o(RESET)
</UL>
<P><STRONG><a name="[29]"></a>I2C1_EV_IRQHandler</STRONG> (Thumb, 0 bytes, Stack size 0 bytes, startup_stm32f37x.o(.text))
<BR>[Address Reference Count : 1]<UL><LI> startup_stm32f37x.o(RESET)
</UL>
<P><STRONG><a name="[2c]"></a>I2C2_ER_IRQHandler</STRONG> (Thumb, 0 bytes, Stack size 0 bytes, startup_stm32f37x.o(.text))
<BR>[Address Reference Count : 1]<UL><LI> startup_stm32f37x.o(RESET)
</UL>
<P><STRONG><a name="[2b]"></a>I2C2_EV_IRQHandler</STRONG> (Thumb, 0 bytes, Stack size 0 bytes, startup_stm32f37x.o(.text))
<BR>[Address Reference Count : 1]<UL><LI> startup_stm32f37x.o(RESET)
</UL>
<P><STRONG><a name="[b]"></a>PVD_IRQHandler</STRONG> (Thumb, 0 bytes, Stack size 0 bytes, startup_stm32f37x.o(.text))
<BR>[Address Reference Count : 1]<UL><LI> startup_stm32f37x.o(RESET)
</UL>
<P><STRONG><a name="[f]"></a>RCC_IRQHandler</STRONG> (Thumb, 0 bytes, Stack size 0 bytes, startup_stm32f37x.o(.text))
<BR>[Address Reference Count : 1]<UL><LI> startup_stm32f37x.o(RESET)
</UL>
<P><STRONG><a name="[33]"></a>RTC_Alarm_IRQHandler</STRONG> (Thumb, 0 bytes, Stack size 0 bytes, startup_stm32f37x.o(.text))
<BR>[Address Reference Count : 1]<UL><LI> startup_stm32f37x.o(RESET)
</UL>
<P><STRONG><a name="[d]"></a>RTC_WKUP_IRQHandler</STRONG> (Thumb, 0 bytes, Stack size 0 bytes, startup_stm32f37x.o(.text))
<BR>[Address Reference Count : 1]<UL><LI> startup_stm32f37x.o(RESET)
</UL>
<P><STRONG><a name="[41]"></a>SDADC1_IRQHandler</STRONG> (Thumb, 0 bytes, Stack size 0 bytes, startup_stm32f37x.o(.text))
<BR>[Address Reference Count : 1]<UL><LI> startup_stm32f37x.o(RESET)
</UL>
<P><STRONG><a name="[39]"></a>SPI3_IRQHandler</STRONG> (Thumb, 0 bytes, Stack size 0 bytes, startup_stm32f37x.o(.text))
<BR>[Address Reference Count : 1]<UL><LI> startup_stm32f37x.o(RESET)
</UL>
<P><STRONG><a name="[c]"></a>TAMPER_STAMP_IRQHandler</STRONG> (Thumb, 0 bytes, Stack size 0 bytes, startup_stm32f37x.o(.text))
<BR>[Address Reference Count : 1]<UL><LI> startup_stm32f37x.o(RESET)
</UL>
<P><STRONG><a name="[35]"></a>TIM12_IRQHandler</STRONG> (Thumb, 0 bytes, Stack size 0 bytes, startup_stm32f37x.o(.text))
<BR>[Address Reference Count : 1]<UL><LI> startup_stm32f37x.o(RESET)
</UL>
<P><STRONG><a name="[36]"></a>TIM13_IRQHandler</STRONG> (Thumb, 0 bytes, Stack size 0 bytes, startup_stm32f37x.o(.text))
<BR>[Address Reference Count : 1]<UL><LI> startup_stm32f37x.o(RESET)
</UL>
<P><STRONG><a name="[37]"></a>TIM14_IRQHandler</STRONG> (Thumb, 0 bytes, Stack size 0 bytes, startup_stm32f37x.o(.text))
<BR>[Address Reference Count : 1]<UL><LI> startup_stm32f37x.o(RESET)
</UL>
<P><STRONG><a name="[22]"></a>TIM15_IRQHandler</STRONG> (Thumb, 0 bytes, Stack size 0 bytes, startup_stm32f37x.o(.text))
<BR>[Address Reference Count : 1]<UL><LI> startup_stm32f37x.o(RESET)
</UL>
<P><STRONG><a name="[23]"></a>TIM16_IRQHandler</STRONG> (Thumb, 0 bytes, Stack size 0 bytes, startup_stm32f37x.o(.text))
<BR>[Address Reference Count : 1]<UL><LI> startup_stm32f37x.o(RESET)
</UL>
<P><STRONG><a name="[24]"></a>TIM17_IRQHandler</STRONG> (Thumb, 0 bytes, Stack size 0 bytes, startup_stm32f37x.o(.text))
<BR>[Address Reference Count : 1]<UL><LI> startup_stm32f37x.o(RESET)
</UL>
<P><STRONG><a name="[25]"></a>TIM18_DAC2_IRQHandler</STRONG> (Thumb, 0 bytes, Stack size 0 bytes, startup_stm32f37x.o(.text))
<BR>[Address Reference Count : 1]<UL><LI> startup_stm32f37x.o(RESET)
</UL>
<P><STRONG><a name="[48]"></a>TIM19_IRQHandler</STRONG> (Thumb, 0 bytes, Stack size 0 bytes, startup_stm32f37x.o(.text))
<BR>[Address Reference Count : 1]<UL><LI> startup_stm32f37x.o(RESET)
</UL>
<P><STRONG><a name="[27]"></a>TIM3_IRQHandler</STRONG> (Thumb, 0 bytes, Stack size 0 bytes, startup_stm32f37x.o(.text))
<BR>[Address Reference Count : 1]<UL><LI> startup_stm32f37x.o(RESET)
</UL>
<P><STRONG><a name="[28]"></a>TIM4_IRQHandler</STRONG> (Thumb, 0 bytes, Stack size 0 bytes, startup_stm32f37x.o(.text))
<BR>[Address Reference Count : 1]<UL><LI> startup_stm32f37x.o(RESET)
</UL>
<P><STRONG><a name="[3a]"></a>TIM6_DAC1_IRQHandler</STRONG> (Thumb, 0 bytes, Stack size 0 bytes, startup_stm32f37x.o(.text))
<BR>[Address Reference Count : 1]<UL><LI> startup_stm32f37x.o(RESET)
</UL>
<P><STRONG><a name="[3b]"></a>TIM7_IRQHandler</STRONG> (Thumb, 0 bytes, Stack size 0 bytes, startup_stm32f37x.o(.text))
<BR>[Address Reference Count : 1]<UL><LI> startup_stm32f37x.o(RESET)
</UL>
<P><STRONG><a name="[2f]"></a>USART1_IRQHandler</STRONG> (Thumb, 0 bytes, Stack size 0 bytes, startup_stm32f37x.o(.text))
<BR>[Address Reference Count : 1]<UL><LI> startup_stm32f37x.o(RESET)
</UL>
<P><STRONG><a name="[30]"></a>USART2_IRQHandler</STRONG> (Thumb, 0 bytes, Stack size 0 bytes, startup_stm32f37x.o(.text))
<BR>[Address Reference Count : 1]<UL><LI> startup_stm32f37x.o(RESET)
</UL>
<P><STRONG><a name="[47]"></a>USBWakeUp_IRQHandler</STRONG> (Thumb, 0 bytes, Stack size 0 bytes, startup_stm32f37x.o(.text))
<BR>[Address Reference Count : 1]<UL><LI> startup_stm32f37x.o(RESET)
</UL>
<P><STRONG><a name="[45]"></a>USB_HP_IRQHandler</STRONG> (Thumb, 0 bytes, Stack size 0 bytes, startup_stm32f37x.o(.text))
<BR>[Address Reference Count : 1]<UL><LI> startup_stm32f37x.o(RESET)
</UL>
<P><STRONG><a name="[46]"></a>USB_LP_IRQHandler</STRONG> (Thumb, 0 bytes, Stack size 0 bytes, startup_stm32f37x.o(.text))
<BR>[Address Reference Count : 1]<UL><LI> startup_stm32f37x.o(RESET)
</UL>
<P><STRONG><a name="[a]"></a>WWDG_IRQHandler</STRONG> (Thumb, 0 bytes, Stack size 0 bytes, startup_stm32f37x.o(.text))
<BR>[Address Reference Count : 1]<UL><LI> startup_stm32f37x.o(RESET)
</UL>
<P><STRONG><a name="[69]"></a>__aeabi_dmul</STRONG> (Thumb, 228 bytes, Stack size 48 bytes, dmul.o(.text))
<BR><BR>[Stack]<UL><LI>Max Depth = 88<LI>Call Chain = __aeabi_dmul &rArr; _double_epilogue &rArr; _double_round
</UL>
<BR>[Calls]<UL><LI><a href="#[6a]">&gt;&gt;</a>&nbsp;&nbsp;&nbsp;_double_epilogue
</UL>
<BR>[Called By]<UL><LI><a href="#[43]">&gt;&gt;</a>&nbsp;&nbsp;&nbsp;SDADC3_IRQHandler
<LI><a href="#[42]">&gt;&gt;</a>&nbsp;&nbsp;&nbsp;SDADC2_IRQHandler
</UL>

<P><STRONG><a name="[6b]"></a>__aeabi_ddiv</STRONG> (Thumb, 222 bytes, Stack size 32 bytes, ddiv.o(.text))
<BR><BR>[Stack]<UL><LI>Max Depth = 40<LI>Call Chain = __aeabi_ddiv &rArr; _double_round
</UL>
<BR>[Calls]<UL><LI><a href="#[6c]">&gt;&gt;</a>&nbsp;&nbsp;&nbsp;_double_round
</UL>
<BR>[Called By]<UL><LI><a href="#[43]">&gt;&gt;</a>&nbsp;&nbsp;&nbsp;SDADC3_IRQHandler
<LI><a href="#[42]">&gt;&gt;</a>&nbsp;&nbsp;&nbsp;SDADC2_IRQHandler
</UL>

<P><STRONG><a name="[6d]"></a>__aeabi_ui2d</STRONG> (Thumb, 26 bytes, Stack size 16 bytes, dfltui.o(.text))
<BR><BR>[Stack]<UL><LI>Max Depth = 56<LI>Call Chain = __aeabi_ui2d &rArr; _double_epilogue &rArr; _double_round
</UL>
<BR>[Calls]<UL><LI><a href="#[6a]">&gt;&gt;</a>&nbsp;&nbsp;&nbsp;_double_epilogue
</UL>
<BR>[Called By]<UL><LI><a href="#[43]">&gt;&gt;</a>&nbsp;&nbsp;&nbsp;SDADC3_IRQHandler
<LI><a href="#[42]">&gt;&gt;</a>&nbsp;&nbsp;&nbsp;SDADC2_IRQHandler
</UL>

<P><STRONG><a name="[a1]"></a>__aeabi_d2f</STRONG> (Thumb, 56 bytes, Stack size 8 bytes, d2f.o(.text))
<BR><BR>[Stack]<UL><LI>Max Depth = 8<LI>Call Chain = __aeabi_d2f
</UL>
<BR>[Called By]<UL><LI><a href="#[43]">&gt;&gt;</a>&nbsp;&nbsp;&nbsp;SDADC3_IRQHandler
<LI><a href="#[42]">&gt;&gt;</a>&nbsp;&nbsp;&nbsp;SDADC2_IRQHandler
</UL>

<P><STRONG><a name="[c4]"></a>__I$use$fp</STRONG> (Thumb, 0 bytes, Stack size 0 bytes, iusefp.o(.text), UNUSED)

<P><STRONG><a name="[c5]"></a>_float_round</STRONG> (Thumb, 18 bytes, Stack size 0 bytes, fepilogue.o(.text), UNUSED)

<P><STRONG><a name="[c6]"></a>_float_epilogue</STRONG> (Thumb, 92 bytes, Stack size 4 bytes, fepilogue.o(.text), UNUSED)

<P><STRONG><a name="[6c]"></a>_double_round</STRONG> (Thumb, 30 bytes, Stack size 8 bytes, depilogue.o(.text))
<BR><BR>[Stack]<UL><LI>Max Depth = 8<LI>Call Chain = _double_round
</UL>
<BR>[Called By]<UL><LI><a href="#[6b]">&gt;&gt;</a>&nbsp;&nbsp;&nbsp;__aeabi_ddiv
<LI><a href="#[6a]">&gt;&gt;</a>&nbsp;&nbsp;&nbsp;_double_epilogue
</UL>

<P><STRONG><a name="[6a]"></a>_double_epilogue</STRONG> (Thumb, 156 bytes, Stack size 32 bytes, depilogue.o(.text))
<BR><BR>[Stack]<UL><LI>Max Depth = 40<LI>Call Chain = _double_epilogue &rArr; _double_round
</UL>
<BR>[Calls]<UL><LI><a href="#[6f]">&gt;&gt;</a>&nbsp;&nbsp;&nbsp;__aeabi_llsr
<LI><a href="#[6e]">&gt;&gt;</a>&nbsp;&nbsp;&nbsp;__aeabi_llsl
<LI><a href="#[6c]">&gt;&gt;</a>&nbsp;&nbsp;&nbsp;_double_round
</UL>
<BR>[Called By]<UL><LI><a href="#[6d]">&gt;&gt;</a>&nbsp;&nbsp;&nbsp;__aeabi_ui2d
<LI><a href="#[69]">&gt;&gt;</a>&nbsp;&nbsp;&nbsp;__aeabi_dmul
</UL>

<P><STRONG><a name="[68]"></a>__scatterload</STRONG> (Thumb, 28 bytes, Stack size 0 bytes, init.o(.text))
<BR><BR>[Calls]<UL><LI><a href="#[70]">&gt;&gt;</a>&nbsp;&nbsp;&nbsp;__main_after_scatterload
</UL>
<BR>[Called By]<UL><LI><a href="#[67]">&gt;&gt;</a>&nbsp;&nbsp;&nbsp;_main_scatterload
</UL>

<P><STRONG><a name="[c7]"></a>__scatterload_rt2</STRONG> (Thumb, 0 bytes, Stack size 0 bytes, init.o(.text), UNUSED)

<P><STRONG><a name="[6e]"></a>__aeabi_llsl</STRONG> (Thumb, 30 bytes, Stack size 0 bytes, llshl.o(.text))
<BR><BR>[Called By]<UL><LI><a href="#[6a]">&gt;&gt;</a>&nbsp;&nbsp;&nbsp;_double_epilogue
</UL>

<P><STRONG><a name="[c8]"></a>_ll_shift_l</STRONG> (Thumb, 0 bytes, Stack size 0 bytes, llshl.o(.text), UNUSED)

<P><STRONG><a name="[6f]"></a>__aeabi_llsr</STRONG> (Thumb, 32 bytes, Stack size 0 bytes, llushr.o(.text))
<BR><BR>[Called By]<UL><LI><a href="#[6a]">&gt;&gt;</a>&nbsp;&nbsp;&nbsp;_double_epilogue
</UL>

<P><STRONG><a name="[c9]"></a>_ll_ushift_r</STRONG> (Thumb, 0 bytes, Stack size 0 bytes, llushr.o(.text), UNUSED)

<P><STRONG><a name="[ca]"></a>__decompress</STRONG> (Thumb, 0 bytes, Stack size unknown bytes, __dczerorl2.o(.text), UNUSED)

<P><STRONG><a name="[cb]"></a>__decompress1</STRONG> (Thumb, 86 bytes, Stack size unknown bytes, __dczerorl2.o(.text), UNUSED)

<P><STRONG><a name="[4]"></a>BusFault_Handler</STRONG> (Thumb, 4 bytes, Stack size 0 bytes, stm32f37x_it.o(i.BusFault_Handler))
<BR>[Address Reference Count : 1]<UL><LI> startup_stm32f37x.o(RESET)
</UL>
<P><STRONG><a name="[1e]"></a>CAN1_RX0_IRQHandler</STRONG> (Thumb, 32 bytes, Stack size 8 bytes, stm32f37x_it.o(i.CAN1_RX0_IRQHandler))
<BR><BR>[Stack]<UL><LI>Max Depth = 32<LI>Call Chain = CAN1_RX0_IRQHandler &rArr; CAN1_Receive_Msg &rArr; CAN_Receive
</UL>
<BR>[Calls]<UL><LI><a href="#[71]">&gt;&gt;</a>&nbsp;&nbsp;&nbsp;CAN1_Receive_Msg
</UL>
<BR>[Address Reference Count : 1]<UL><LI> startup_stm32f37x.o(RESET)
</UL>
<P><STRONG><a name="[71]"></a>CAN1_Receive_Msg</STRONG> (Thumb, 90 bytes, Stack size 16 bytes, can.o(i.CAN1_Receive_Msg))
<BR><BR>[Stack]<UL><LI>Max Depth = 24<LI>Call Chain = CAN1_Receive_Msg &rArr; CAN_Receive
</UL>
<BR>[Calls]<UL><LI><a href="#[73]">&gt;&gt;</a>&nbsp;&nbsp;&nbsp;CAN_Receive
<LI><a href="#[72]">&gt;&gt;</a>&nbsp;&nbsp;&nbsp;CAN_MessagePending
</UL>
<BR>[Called By]<UL><LI><a href="#[1e]">&gt;&gt;</a>&nbsp;&nbsp;&nbsp;CAN1_RX0_IRQHandler
</UL>

<P><STRONG><a name="[74]"></a>CAN_Config</STRONG> (Thumb, 246 bytes, Stack size 48 bytes, can.o(i.CAN_Config))
<BR><BR>[Stack]<UL><LI>Max Depth = 68<LI>Call Chain = CAN_Config &rArr; GPIO_PinAFConfig
</UL>
<BR>[Calls]<UL><LI><a href="#[7b]">&gt;&gt;</a>&nbsp;&nbsp;&nbsp;CAN_StructInit
<LI><a href="#[7c]">&gt;&gt;</a>&nbsp;&nbsp;&nbsp;CAN_Init
<LI><a href="#[7e]">&gt;&gt;</a>&nbsp;&nbsp;&nbsp;CAN_ITConfig
<LI><a href="#[7d]">&gt;&gt;</a>&nbsp;&nbsp;&nbsp;CAN_FilterInit
<LI><a href="#[7a]">&gt;&gt;</a>&nbsp;&nbsp;&nbsp;CAN_DeInit
<LI><a href="#[78]">&gt;&gt;</a>&nbsp;&nbsp;&nbsp;NVIC_Init
<LI><a href="#[79]">&gt;&gt;</a>&nbsp;&nbsp;&nbsp;RCC_APB1PeriphClockCmd
<LI><a href="#[75]">&gt;&gt;</a>&nbsp;&nbsp;&nbsp;RCC_AHBPeriphClockCmd
<LI><a href="#[76]">&gt;&gt;</a>&nbsp;&nbsp;&nbsp;GPIO_PinAFConfig
<LI><a href="#[77]">&gt;&gt;</a>&nbsp;&nbsp;&nbsp;GPIO_Init
</UL>
<BR>[Called By]<UL><LI><a href="#[4a]">&gt;&gt;</a>&nbsp;&nbsp;&nbsp;main
</UL>

<P><STRONG><a name="[7a]"></a>CAN_DeInit</STRONG> (Thumb, 30 bytes, Stack size 8 bytes, stm32f37x_can.o(i.CAN_DeInit))
<BR><BR>[Stack]<UL><LI>Max Depth = 8<LI>Call Chain = CAN_DeInit
</UL>
<BR>[Calls]<UL><LI><a href="#[7f]">&gt;&gt;</a>&nbsp;&nbsp;&nbsp;RCC_APB1PeriphResetCmd
</UL>
<BR>[Called By]<UL><LI><a href="#[74]">&gt;&gt;</a>&nbsp;&nbsp;&nbsp;CAN_Config
</UL>

<P><STRONG><a name="[7d]"></a>CAN_FilterInit</STRONG> (Thumb, 258 bytes, Stack size 8 bytes, stm32f37x_can.o(i.CAN_FilterInit))
<BR><BR>[Stack]<UL><LI>Max Depth = 8<LI>Call Chain = CAN_FilterInit
</UL>
<BR>[Called By]<UL><LI><a href="#[74]">&gt;&gt;</a>&nbsp;&nbsp;&nbsp;CAN_Config
</UL>

<P><STRONG><a name="[7e]"></a>CAN_ITConfig</STRONG> (Thumb, 18 bytes, Stack size 0 bytes, stm32f37x_can.o(i.CAN_ITConfig))
<BR><BR>[Called By]<UL><LI><a href="#[74]">&gt;&gt;</a>&nbsp;&nbsp;&nbsp;CAN_Config
</UL>

<P><STRONG><a name="[7c]"></a>CAN_Init</STRONG> (Thumb, 276 bytes, Stack size 12 bytes, stm32f37x_can.o(i.CAN_Init))
<BR><BR>[Stack]<UL><LI>Max Depth = 12<LI>Call Chain = CAN_Init
</UL>
<BR>[Called By]<UL><LI><a href="#[74]">&gt;&gt;</a>&nbsp;&nbsp;&nbsp;CAN_Config
</UL>

<P><STRONG><a name="[72]"></a>CAN_MessagePending</STRONG> (Thumb, 30 bytes, Stack size 0 bytes, stm32f37x_can.o(i.CAN_MessagePending))
<BR><BR>[Called By]<UL><LI><a href="#[71]">&gt;&gt;</a>&nbsp;&nbsp;&nbsp;CAN1_Receive_Msg
</UL>

<P><STRONG><a name="[73]"></a>CAN_Receive</STRONG> (Thumb, 240 bytes, Stack size 8 bytes, stm32f37x_can.o(i.CAN_Receive))
<BR><BR>[Stack]<UL><LI>Max Depth = 8<LI>Call Chain = CAN_Receive
</UL>
<BR>[Called By]<UL><LI><a href="#[71]">&gt;&gt;</a>&nbsp;&nbsp;&nbsp;CAN1_Receive_Msg
</UL>

<P><STRONG><a name="[7b]"></a>CAN_StructInit</STRONG> (Thumb, 32 bytes, Stack size 0 bytes, stm32f37x_can.o(i.CAN_StructInit))
<BR><BR>[Called By]<UL><LI><a href="#[74]">&gt;&gt;</a>&nbsp;&nbsp;&nbsp;CAN_Config
</UL>

<P><STRONG><a name="[58]"></a>CCP_Build_Chksum</STRONG> (Thumb, 68 bytes, Stack size 8 bytes, ccp2mem.o(i.CCP_Build_Chksum))
<BR><BR>[Stack]<UL><LI>Max Depth = 8<LI>Call Chain = CCP_Build_Chksum
</UL>
<BR>[Calls]<UL><LI><a href="#[80]">&gt;&gt;</a>&nbsp;&nbsp;&nbsp;CCP_Location_Of_Address_User
</UL>
<BR>[Address Reference Count : 1]<UL><LI> ccp2conf.o(.constdata)
</UL>
<P><STRONG><a name="[5a]"></a>CCP_Clear_Memory</STRONG> (Thumb, 142 bytes, Stack size 32 bytes, ccp2mem.o(i.CCP_Clear_Memory))
<BR><BR>[Stack]<UL><LI>Max Depth = 48<LI>Call Chain = CCP_Clear_Memory &rArr; Write_To_RAM_Or_Register
</UL>
<BR>[Calls]<UL><LI><a href="#[82]">&gt;&gt;</a>&nbsp;&nbsp;&nbsp;Write_To_RAM_Or_Register
<LI><a href="#[83]">&gt;&gt;</a>&nbsp;&nbsp;&nbsp;Write_To_EEPROM
<LI><a href="#[81]">&gt;&gt;</a>&nbsp;&nbsp;&nbsp;Erase_All_Of_Flash
<LI><a href="#[84]">&gt;&gt;</a>&nbsp;&nbsp;&nbsp;Move_MTA
<LI><a href="#[80]">&gt;&gt;</a>&nbsp;&nbsp;&nbsp;CCP_Location_Of_Address_User
</UL>
<BR>[Address Reference Count : 1]<UL><LI> ccp2conf.o(.constdata)
</UL>
<P><STRONG><a name="[4d]"></a>CCP_Command_Unavailable</STRONG> (Thumb, 4 bytes, Stack size 0 bytes, ccp2conf.o(i.CCP_Command_Unavailable))
<BR>[Address Reference Count : 1]<UL><LI> ccp2conf.o(.constdata)
</UL>
<P><STRONG><a name="[4e]"></a>CCP_Connect</STRONG> (Thumb, 114 bytes, Stack size 8 bytes, ccp2mode.o(i.CCP_Connect))
<BR><BR>[Stack]<UL><LI>Max Depth = 24<LI>Call Chain = CCP_Connect &rArr; CCP_Set_S_Status_User
</UL>
<BR>[Calls]<UL><LI><a href="#[85]">&gt;&gt;</a>&nbsp;&nbsp;&nbsp;CCP_Set_S_Status_User
</UL>
<BR>[Address Reference Count : 1]<UL><LI> ccp2conf.o(.constdata)
</UL>
<P><STRONG><a name="[53]"></a>CCP_Disconnect</STRONG> (Thumb, 140 bytes, Stack size 16 bytes, ccp2mode.o(i.CCP_Disconnect))
<BR><BR>[Stack]<UL><LI>Max Depth = 32<LI>Call Chain = CCP_Disconnect &rArr; CCP_Set_S_Status_User
</UL>
<BR>[Calls]<UL><LI><a href="#[85]">&gt;&gt;</a>&nbsp;&nbsp;&nbsp;CCP_Set_S_Status_User
</UL>
<BR>[Address Reference Count : 1]<UL><LI> ccp2conf.o(.constdata)
</UL>
<P><STRONG><a name="[50]"></a>CCP_Dnload</STRONG> (Thumb, 14 bytes, Stack size 8 bytes, ccp2mem.o(i.CCP_Dnload))
<BR><BR>[Stack]<UL><LI>Max Depth = 48<LI>Call Chain = CCP_Dnload &rArr; Download_Data &rArr; Write_To_RAM_Or_Register
</UL>
<BR>[Calls]<UL><LI><a href="#[86]">&gt;&gt;</a>&nbsp;&nbsp;&nbsp;Download_Data
</UL>
<BR>[Address Reference Count : 1]<UL><LI> ccp2conf.o(.constdata)
</UL>
<P><STRONG><a name="[66]"></a>CCP_Dnload_6</STRONG> (Thumb, 12 bytes, Stack size 8 bytes, ccp2mem.o(i.CCP_Dnload_6))
<BR><BR>[Stack]<UL><LI>Max Depth = 48<LI>Call Chain = CCP_Dnload_6 &rArr; Download_Data &rArr; Write_To_RAM_Or_Register
</UL>
<BR>[Calls]<UL><LI><a href="#[86]">&gt;&gt;</a>&nbsp;&nbsp;&nbsp;Download_Data
</UL>
<BR>[Address Reference Count : 1]<UL><LI> ccp2conf.o(.constdata)
</UL>
<P><STRONG><a name="[61]"></a>CCP_Exchange_ID</STRONG> (Thumb, 28 bytes, Stack size 8 bytes, ccp2conf.o(i.CCP_Exchange_ID))
<BR><BR>[Stack]<UL><LI>Max Depth = 24<LI>Call Chain = CCP_Exchange_ID &rArr; Move_MTA
</UL>
<BR>[Calls]<UL><LI><a href="#[84]">&gt;&gt;</a>&nbsp;&nbsp;&nbsp;Move_MTA
</UL>
<BR>[Address Reference Count : 1]<UL><LI> ccp2conf.o(.constdata)
</UL>
<P><STRONG><a name="[55]"></a>CCP_Get_Active_Cal_Page</STRONG> (Thumb, 10 bytes, Stack size 0 bytes, ccp2conf.o(i.CCP_Get_Active_Cal_Page))
<BR>[Address Reference Count : 1]<UL><LI> ccp2conf.o(.constdata)
</UL>
<P><STRONG><a name="[64]"></a>CCP_Get_CCP_Version</STRONG> (Thumb, 14 bytes, Stack size 0 bytes, ccp2mode.o(i.CCP_Get_CCP_Version))
<BR>[Address Reference Count : 1]<UL><LI> ccp2conf.o(.constdata)
</UL>
<P><STRONG><a name="[5e]"></a>CCP_Get_DAQ_Size</STRONG> (Thumb, 158 bytes, Stack size 16 bytes, ccp2daq.o(i.CCP_Get_DAQ_Size))
<BR><BR>[Stack]<UL><LI>Max Depth = 36<LI>Call Chain = CCP_Get_DAQ_Size &rArr; Clear_DAQ_List
</UL>
<BR>[Calls]<UL><LI><a href="#[89]">&gt;&gt;</a>&nbsp;&nbsp;&nbsp;Move_DAQ_Pointer
<LI><a href="#[88]">&gt;&gt;</a>&nbsp;&nbsp;&nbsp;DAQ_Starting_PID
<LI><a href="#[87]">&gt;&gt;</a>&nbsp;&nbsp;&nbsp;Clear_DAQ_List
</UL>
<BR>[Address Reference Count : 1]<UL><LI> ccp2conf.o(.constdata)
</UL>
<P><STRONG><a name="[57]"></a>CCP_Get_S_Status</STRONG> (Thumb, 16 bytes, Stack size 0 bytes, ccp2mode.o(i.CCP_Get_S_Status))
<BR>[Address Reference Count : 1]<UL><LI> ccp2conf.o(.constdata)
</UL>
<P><STRONG><a name="[5c]"></a>CCP_Get_Seed</STRONG> (Thumb, 10 bytes, Stack size 0 bytes, ccp2mode.o(i.CCP_Get_Seed))
<BR>[Address Reference Count : 1]<UL><LI> ccp2conf.o(.constdata)
</UL>
<P><STRONG><a name="[8a]"></a>CCP_Initialize</STRONG> (Thumb, 28 bytes, Stack size 8 bytes, ccp2main.o(i.CCP_Initialize))
<BR><BR>[Stack]<UL><LI>Max Depth = 64<LI>Call Chain = CCP_Initialize &rArr; Initialize_DAQ_Parameters &rArr; CCP_Read_Resume_Data &rArr; Update_Session_Status_LOGGING &rArr; CCP_Set_S_Status_User
</UL>
<BR>[Calls]<UL><LI><a href="#[8d]">&gt;&gt;</a>&nbsp;&nbsp;&nbsp;Initialize_DAQ_Parameters
<LI><a href="#[8c]">&gt;&gt;</a>&nbsp;&nbsp;&nbsp;CCP_Read_Session_Status_User
<LI><a href="#[8b]">&gt;&gt;</a>&nbsp;&nbsp;&nbsp;CCP_Initialize_User
</UL>
<BR>[Called By]<UL><LI><a href="#[4a]">&gt;&gt;</a>&nbsp;&nbsp;&nbsp;main
</UL>

<P><STRONG><a name="[8e]"></a>CCP_Initialize_Resume_Data</STRONG> (Thumb, 20 bytes, Stack size 0 bytes, ccp2daq.o(i.CCP_Initialize_Resume_Data))
<BR><BR>[Called By]<UL><LI><a href="#[56]">&gt;&gt;</a>&nbsp;&nbsp;&nbsp;CCP_Set_S_Status
<LI><a href="#[8b]">&gt;&gt;</a>&nbsp;&nbsp;&nbsp;CCP_Initialize_User
</UL>

<P><STRONG><a name="[8b]"></a>CCP_Initialize_User</STRONG> (Thumb, 44 bytes, Stack size 8 bytes, ccp2conf.o(i.CCP_Initialize_User))
<BR><BR>[Stack]<UL><LI>Max Depth = 8<LI>Call Chain = CCP_Initialize_User
</UL>
<BR>[Calls]<UL><LI><a href="#[8e]">&gt;&gt;</a>&nbsp;&nbsp;&nbsp;CCP_Initialize_Resume_Data
<LI><a href="#[8f]">&gt;&gt;</a>&nbsp;&nbsp;&nbsp;CCP_Clear_Session_Configuration_ID
</UL>
<BR>[Called By]<UL><LI><a href="#[8a]">&gt;&gt;</a>&nbsp;&nbsp;&nbsp;CCP_Initialize
</UL>

<P><STRONG><a name="[80]"></a>CCP_Location_Of_Address_User</STRONG> (Thumb, 86 bytes, Stack size 0 bytes, ccp2conf.o(i.CCP_Location_Of_Address_User))
<BR><BR>[Called By]<UL><LI><a href="#[82]">&gt;&gt;</a>&nbsp;&nbsp;&nbsp;Write_To_RAM_Or_Register
<LI><a href="#[9f]">&gt;&gt;</a>&nbsp;&nbsp;&nbsp;Write_To_Flash
<LI><a href="#[83]">&gt;&gt;</a>&nbsp;&nbsp;&nbsp;Write_To_EEPROM
<LI><a href="#[94]">&gt;&gt;</a>&nbsp;&nbsp;&nbsp;Read_From_RAM_Or_Register
<LI><a href="#[90]">&gt;&gt;</a>&nbsp;&nbsp;&nbsp;Program_Data
<LI><a href="#[84]">&gt;&gt;</a>&nbsp;&nbsp;&nbsp;Move_MTA
<LI><a href="#[60]">&gt;&gt;</a>&nbsp;&nbsp;&nbsp;CCP_Write_DAQ
<LI><a href="#[63]">&gt;&gt;</a>&nbsp;&nbsp;&nbsp;CCP_Move
<LI><a href="#[5a]">&gt;&gt;</a>&nbsp;&nbsp;&nbsp;CCP_Clear_Memory
<LI><a href="#[58]">&gt;&gt;</a>&nbsp;&nbsp;&nbsp;CCP_Build_Chksum
</UL>

<P><STRONG><a name="[63]"></a>CCP_Move</STRONG> (Thumb, 78 bytes, Stack size 16 bytes, ccp2mem.o(i.CCP_Move))
<BR><BR>[Stack]<UL><LI>Max Depth = 16<LI>Call Chain = CCP_Move
</UL>
<BR>[Calls]<UL><LI><a href="#[80]">&gt;&gt;</a>&nbsp;&nbsp;&nbsp;CCP_Location_Of_Address_User
</UL>
<BR>[Address Reference Count : 1]<UL><LI> ccp2conf.o(.constdata)
</UL>
<P><STRONG><a name="[62]"></a>CCP_Program</STRONG> (Thumb, 14 bytes, Stack size 8 bytes, ccp2mem.o(i.CCP_Program))
<BR><BR>[Stack]<UL><LI>Max Depth = 48<LI>Call Chain = CCP_Program &rArr; Program_Data &rArr; Write_To_Flash
</UL>
<BR>[Calls]<UL><LI><a href="#[90]">&gt;&gt;</a>&nbsp;&nbsp;&nbsp;Program_Data
</UL>
<BR>[Address Reference Count : 1]<UL><LI> ccp2conf.o(.constdata)
</UL>
<P><STRONG><a name="[65]"></a>CCP_Program_6</STRONG> (Thumb, 12 bytes, Stack size 8 bytes, ccp2mem.o(i.CCP_Program_6))
<BR><BR>[Stack]<UL><LI>Max Depth = 48<LI>Call Chain = CCP_Program_6 &rArr; Program_Data &rArr; Write_To_Flash
</UL>
<BR>[Calls]<UL><LI><a href="#[90]">&gt;&gt;</a>&nbsp;&nbsp;&nbsp;Program_Data
</UL>
<BR>[Address Reference Count : 1]<UL><LI> ccp2conf.o(.constdata)
</UL>
<P><STRONG><a name="[a0]"></a>CCP_Read_From_REGISTER_Memory_User</STRONG> (Thumb, 6 bytes, Stack size 0 bytes, ccp2conf.o(i.CCP_Read_From_REGISTER_Memory_User))
<BR><BR>[Called By]<UL><LI><a href="#[94]">&gt;&gt;</a>&nbsp;&nbsp;&nbsp;Read_From_RAM_Or_Register
</UL>

<P><STRONG><a name="[8c]"></a>CCP_Read_Session_Status_User</STRONG> (Thumb, 6 bytes, Stack size 0 bytes, ccp2conf.o(i.CCP_Read_Session_Status_User))
<BR><BR>[Called By]<UL><LI><a href="#[8a]">&gt;&gt;</a>&nbsp;&nbsp;&nbsp;CCP_Initialize
</UL>

<P><STRONG><a name="[5b]"></a>CCP_Select_Cal_Page</STRONG> (Thumb, 6 bytes, Stack size 0 bytes, ccp2conf.o(i.CCP_Select_Cal_Page))
<BR>[Address Reference Count : 1]<UL><LI> ccp2conf.o(.constdata)
</UL>
<P><STRONG><a name="[5f]"></a>CCP_Set_DAQ_Ptr</STRONG> (Thumb, 34 bytes, Stack size 8 bytes, ccp2daq.o(i.CCP_Set_DAQ_Ptr))
<BR><BR>[Stack]<UL><LI>Max Depth = 16<LI>Call Chain = CCP_Set_DAQ_Ptr &rArr; Move_DAQ_Pointer
</UL>
<BR>[Calls]<UL><LI><a href="#[89]">&gt;&gt;</a>&nbsp;&nbsp;&nbsp;Move_DAQ_Pointer
</UL>
<BR>[Address Reference Count : 1]<UL><LI> ccp2conf.o(.constdata)
</UL>
<P><STRONG><a name="[4f]"></a>CCP_Set_MTA</STRONG> (Thumb, 14 bytes, Stack size 8 bytes, ccp2mem.o(i.CCP_Set_MTA))
<BR><BR>[Stack]<UL><LI>Max Depth = 24<LI>Call Chain = CCP_Set_MTA &rArr; Move_MTA
</UL>
<BR>[Calls]<UL><LI><a href="#[84]">&gt;&gt;</a>&nbsp;&nbsp;&nbsp;Move_MTA
</UL>
<BR>[Address Reference Count : 1]<UL><LI> ccp2conf.o(.constdata)
</UL>
<P><STRONG><a name="[56]"></a>CCP_Set_S_Status</STRONG> (Thumb, 112 bytes, Stack size 8 bytes, ccp2mode.o(i.CCP_Set_S_Status))
<BR><BR>[Stack]<UL><LI>Max Depth = 24<LI>Call Chain = CCP_Set_S_Status &rArr; CCP_Set_S_Status_User
</UL>
<BR>[Calls]<UL><LI><a href="#[93]">&gt;&gt;</a>&nbsp;&nbsp;&nbsp;CCP_Store_Resume_Data
<LI><a href="#[8e]">&gt;&gt;</a>&nbsp;&nbsp;&nbsp;CCP_Initialize_Resume_Data
<LI><a href="#[85]">&gt;&gt;</a>&nbsp;&nbsp;&nbsp;CCP_Set_S_Status_User
</UL>
<BR>[Address Reference Count : 1]<UL><LI> ccp2conf.o(.constdata)
</UL>
<P><STRONG><a name="[85]"></a>CCP_Set_S_Status_User</STRONG> (Thumb, 68 bytes, Stack size 16 bytes, ccp2conf.o(i.CCP_Set_S_Status_User))
<BR><BR>[Stack]<UL><LI>Max Depth = 16<LI>Call Chain = CCP_Set_S_Status_User
</UL>
<BR>[Calls]<UL><LI><a href="#[8f]">&gt;&gt;</a>&nbsp;&nbsp;&nbsp;CCP_Clear_Session_Configuration_ID
</UL>
<BR>[Called By]<UL><LI><a href="#[92]">&gt;&gt;</a>&nbsp;&nbsp;&nbsp;Update_Session_Status_LOGGING
<LI><a href="#[56]">&gt;&gt;</a>&nbsp;&nbsp;&nbsp;CCP_Set_S_Status
<LI><a href="#[53]">&gt;&gt;</a>&nbsp;&nbsp;&nbsp;CCP_Disconnect
<LI><a href="#[4e]">&gt;&gt;</a>&nbsp;&nbsp;&nbsp;CCP_Connect
</UL>

<P><STRONG><a name="[59]"></a>CCP_Short_Up</STRONG> (Thumb, 60 bytes, Stack size 24 bytes, ccp2mem.o(i.CCP_Short_Up))
<BR><BR>[Stack]<UL><LI>Max Depth = 40<LI>Call Chain = CCP_Short_Up &rArr; Read_From_RAM_Or_Register
</UL>
<BR>[Calls]<UL><LI><a href="#[94]">&gt;&gt;</a>&nbsp;&nbsp;&nbsp;Read_From_RAM_Or_Register
</UL>
<BR>[Address Reference Count : 1]<UL><LI> ccp2conf.o(.constdata)
</UL>
<P><STRONG><a name="[52]"></a>CCP_Start_Stop</STRONG> (Thumb, 208 bytes, Stack size 16 bytes, ccp2daq.o(i.CCP_Start_Stop))
<BR><BR>[Stack]<UL><LI>Max Depth = 48<LI>Call Chain = CCP_Start_Stop &rArr; Update_Session_Status_LOGGING &rArr; CCP_Set_S_Status_User
</UL>
<BR>[Calls]<UL><LI><a href="#[92]">&gt;&gt;</a>&nbsp;&nbsp;&nbsp;Update_Session_Status_LOGGING
<LI><a href="#[95]">&gt;&gt;</a>&nbsp;&nbsp;&nbsp;Reset_DAQ_List_Status
</UL>
<BR>[Address Reference Count : 1]<UL><LI> ccp2conf.o(.constdata)
</UL>
<P><STRONG><a name="[54]"></a>CCP_Start_Stop_All</STRONG> (Thumb, 82 bytes, Stack size 8 bytes, ccp2daq.o(i.CCP_Start_Stop_All))
<BR><BR>[Stack]<UL><LI>Max Depth = 40<LI>Call Chain = CCP_Start_Stop_All &rArr; Update_Session_Status_LOGGING &rArr; CCP_Set_S_Status_User
</UL>
<BR>[Calls]<UL><LI><a href="#[92]">&gt;&gt;</a>&nbsp;&nbsp;&nbsp;Update_Session_Status_LOGGING
</UL>
<BR>[Address Reference Count : 1]<UL><LI> ccp2conf.o(.constdata)
</UL>
<P><STRONG><a name="[93]"></a>CCP_Store_Resume_Data</STRONG> (Thumb, 160 bytes, Stack size 8 bytes, ccp2daq.o(i.CCP_Store_Resume_Data))
<BR><BR>[Stack]<UL><LI>Max Depth = 8<LI>Call Chain = CCP_Store_Resume_Data
</UL>
<BR>[Called By]<UL><LI><a href="#[56]">&gt;&gt;</a>&nbsp;&nbsp;&nbsp;CCP_Set_S_Status
</UL>

<P><STRONG><a name="[5d]"></a>CCP_Unlock</STRONG> (Thumb, 10 bytes, Stack size 0 bytes, ccp2mode.o(i.CCP_Unlock))
<BR>[Address Reference Count : 1]<UL><LI> ccp2conf.o(.constdata)
</UL>
<P><STRONG><a name="[51]"></a>CCP_Upload</STRONG> (Thumb, 64 bytes, Stack size 24 bytes, ccp2mem.o(i.CCP_Upload))
<BR><BR>[Stack]<UL><LI>Max Depth = 40<LI>Call Chain = CCP_Upload &rArr; Read_From_RAM_Or_Register
</UL>
<BR>[Calls]<UL><LI><a href="#[94]">&gt;&gt;</a>&nbsp;&nbsp;&nbsp;Read_From_RAM_Or_Register
<LI><a href="#[84]">&gt;&gt;</a>&nbsp;&nbsp;&nbsp;Move_MTA
</UL>
<BR>[Address Reference Count : 1]<UL><LI> ccp2conf.o(.constdata)
</UL>
<P><STRONG><a name="[60]"></a>CCP_Write_DAQ</STRONG> (Thumb, 140 bytes, Stack size 16 bytes, ccp2daq.o(i.CCP_Write_DAQ))
<BR><BR>[Stack]<UL><LI>Max Depth = 68<LI>Call Chain = CCP_Write_DAQ &rArr; Number_Of_Bytes_Left_In_ODT &rArr; Read_DAQ_Address_Size
</UL>
<BR>[Calls]<UL><LI><a href="#[98]">&gt;&gt;</a>&nbsp;&nbsp;&nbsp;Write_to_Current_DAQ_Pointer
<LI><a href="#[96]">&gt;&gt;</a>&nbsp;&nbsp;&nbsp;Number_Of_Bytes_Left_In_ODT
<LI><a href="#[97]">&gt;&gt;</a>&nbsp;&nbsp;&nbsp;Move_DAQ_Pointer_To_Next_ODT
<LI><a href="#[99]">&gt;&gt;</a>&nbsp;&nbsp;&nbsp;Move_DAQ_Pointer_Forward_One_Element
<LI><a href="#[80]">&gt;&gt;</a>&nbsp;&nbsp;&nbsp;CCP_Location_Of_Address_User
</UL>
<BR>[Address Reference Count : 1]<UL><LI> ccp2conf.o(.constdata)
</UL>
<P><STRONG><a name="[b9]"></a>CCP_Write_To_REGISTER_Memory_User</STRONG> (Thumb, 6 bytes, Stack size 0 bytes, ccp2conf.o(i.CCP_Write_To_REGISTER_Memory_User))
<BR><BR>[Called By]<UL><LI><a href="#[82]">&gt;&gt;</a>&nbsp;&nbsp;&nbsp;Write_To_RAM_Or_Register
</UL>

<P><STRONG><a name="[3c]"></a>DMA2_Channel1_IRQHandler</STRONG> (Thumb, 26 bytes, Stack size 8 bytes, stm32f37x_it.o(i.DMA2_Channel1_IRQHandler))
<BR><BR>[Stack]<UL><LI>Max Depth = 20<LI>Call Chain = DMA2_Channel1_IRQHandler &rArr; SDADC_GetInjectedConversionValue
</UL>
<BR>[Calls]<UL><LI><a href="#[9a]">&gt;&gt;</a>&nbsp;&nbsp;&nbsp;SDADC_GetFlagStatus
<LI><a href="#[9b]">&gt;&gt;</a>&nbsp;&nbsp;&nbsp;SDADC_GetInjectedConversionValue
</UL>
<BR>[Address Reference Count : 1]<UL><LI> startup_stm32f37x.o(RESET)
</UL>
<P><STRONG><a name="[3d]"></a>DMA2_Channel2_IRQHandler</STRONG> (Thumb, 26 bytes, Stack size 8 bytes, stm32f37x_it.o(i.DMA2_Channel2_IRQHandler))
<BR><BR>[Stack]<UL><LI>Max Depth = 20<LI>Call Chain = DMA2_Channel2_IRQHandler &rArr; SDADC_GetInjectedConversionValue
</UL>
<BR>[Calls]<UL><LI><a href="#[9a]">&gt;&gt;</a>&nbsp;&nbsp;&nbsp;SDADC_GetFlagStatus
<LI><a href="#[9b]">&gt;&gt;</a>&nbsp;&nbsp;&nbsp;SDADC_GetInjectedConversionValue
</UL>
<BR>[Address Reference Count : 1]<UL><LI> startup_stm32f37x.o(RESET)
</UL>
<P><STRONG><a name="[3e]"></a>DMA2_Channel3_IRQHandler</STRONG> (Thumb, 26 bytes, Stack size 8 bytes, stm32f37x_it.o(i.DMA2_Channel3_IRQHandler))
<BR><BR>[Stack]<UL><LI>Max Depth = 20<LI>Call Chain = DMA2_Channel3_IRQHandler &rArr; SDADC_GetInjectedConversionValue
</UL>
<BR>[Calls]<UL><LI><a href="#[9a]">&gt;&gt;</a>&nbsp;&nbsp;&nbsp;SDADC_GetFlagStatus
<LI><a href="#[9b]">&gt;&gt;</a>&nbsp;&nbsp;&nbsp;SDADC_GetInjectedConversionValue
</UL>
<BR>[Address Reference Count : 1]<UL><LI> startup_stm32f37x.o(RESET)
</UL>
<P><STRONG><a name="[7]"></a>DebugMon_Handler</STRONG> (Thumb, 2 bytes, Stack size 0 bytes, stm32f37x_it.o(i.DebugMon_Handler))
<BR>[Address Reference Count : 1]<UL><LI> startup_stm32f37x.o(RESET)
</UL>
<P><STRONG><a name="[77]"></a>GPIO_Init</STRONG> (Thumb, 144 bytes, Stack size 20 bytes, stm32f37x_gpio.o(i.GPIO_Init))
<BR><BR>[Stack]<UL><LI>Max Depth = 20<LI>Call Chain = GPIO_Init
</UL>
<BR>[Called By]<UL><LI><a href="#[9c]">&gt;&gt;</a>&nbsp;&nbsp;&nbsp;IO_Configuration_base
<LI><a href="#[74]">&gt;&gt;</a>&nbsp;&nbsp;&nbsp;CAN_Config
</UL>

<P><STRONG><a name="[76]"></a>GPIO_PinAFConfig</STRONG> (Thumb, 70 bytes, Stack size 20 bytes, stm32f37x_gpio.o(i.GPIO_PinAFConfig))
<BR><BR>[Stack]<UL><LI>Max Depth = 20<LI>Call Chain = GPIO_PinAFConfig
</UL>
<BR>[Called By]<UL><LI><a href="#[74]">&gt;&gt;</a>&nbsp;&nbsp;&nbsp;CAN_Config
</UL>

<P><STRONG><a name="[bd]"></a>GPIO_ResetBits</STRONG> (Thumb, 4 bytes, Stack size 0 bytes, stm32f37x_gpio.o(i.GPIO_ResetBits))
<BR><BR>[Called By]<UL><LI><a href="#[ad]">&gt;&gt;</a>&nbsp;&nbsp;&nbsp;virtual_PWM_OUTPUT
</UL>

<P><STRONG><a name="[a6]"></a>GPIO_SetBits</STRONG> (Thumb, 4 bytes, Stack size 0 bytes, stm32f37x_gpio.o(i.GPIO_SetBits))
<BR><BR>[Called By]<UL><LI><a href="#[ad]">&gt;&gt;</a>&nbsp;&nbsp;&nbsp;virtual_PWM_OUTPUT
<LI><a href="#[2e]">&gt;&gt;</a>&nbsp;&nbsp;&nbsp;SPI2_IRQHandler
</UL>

<P><STRONG><a name="[bc]"></a>GPIO_WriteBit</STRONG> (Thumb, 10 bytes, Stack size 0 bytes, stm32f37x_gpio.o(i.GPIO_WriteBit))
<BR><BR>[Called By]<UL><LI><a href="#[4a]">&gt;&gt;</a>&nbsp;&nbsp;&nbsp;main
</UL>

<P><STRONG><a name="[2]"></a>HardFault_Handler</STRONG> (Thumb, 4 bytes, Stack size 0 bytes, stm32f37x_it.o(i.HardFault_Handler))
<BR>[Address Reference Count : 1]<UL><LI> startup_stm32f37x.o(RESET)
</UL>
<P><STRONG><a name="[9c]"></a>IO_Configuration_base</STRONG> (Thumb, 144 bytes, Stack size 16 bytes, main.o(i.IO_Configuration_base))
<BR><BR>[Stack]<UL><LI>Max Depth = 36<LI>Call Chain = IO_Configuration_base &rArr; GPIO_Init
</UL>
<BR>[Calls]<UL><LI><a href="#[75]">&gt;&gt;</a>&nbsp;&nbsp;&nbsp;RCC_AHBPeriphClockCmd
<LI><a href="#[77]">&gt;&gt;</a>&nbsp;&nbsp;&nbsp;GPIO_Init
</UL>
<BR>[Called By]<UL><LI><a href="#[4a]">&gt;&gt;</a>&nbsp;&nbsp;&nbsp;main
</UL>

<P><STRONG><a name="[8d]"></a>Initialize_DAQ_Parameters</STRONG> (Thumb, 26 bytes, Stack size 8 bytes, ccp2daq.o(i.Initialize_DAQ_Parameters))
<BR><BR>[Stack]<UL><LI>Max Depth = 56<LI>Call Chain = Initialize_DAQ_Parameters &rArr; CCP_Read_Resume_Data &rArr; Update_Session_Status_LOGGING &rArr; CCP_Set_S_Status_User
</UL>
<BR>[Calls]<UL><LI><a href="#[9d]">&gt;&gt;</a>&nbsp;&nbsp;&nbsp;Initialize_DAQ_List_Status
<LI><a href="#[91]">&gt;&gt;</a>&nbsp;&nbsp;&nbsp;CCP_Read_Resume_Data
</UL>
<BR>[Called By]<UL><LI><a href="#[8a]">&gt;&gt;</a>&nbsp;&nbsp;&nbsp;CCP_Initialize
</UL>

<P><STRONG><a name="[3]"></a>MemManage_Handler</STRONG> (Thumb, 4 bytes, Stack size 0 bytes, stm32f37x_it.o(i.MemManage_Handler))
<BR>[Address Reference Count : 1]<UL><LI> startup_stm32f37x.o(RESET)
</UL>
<P><STRONG><a name="[84]"></a>Move_MTA</STRONG> (Thumb, 40 bytes, Stack size 16 bytes, ccp2mem.o(i.Move_MTA))
<BR><BR>[Stack]<UL><LI>Max Depth = 16<LI>Call Chain = Move_MTA
</UL>
<BR>[Calls]<UL><LI><a href="#[80]">&gt;&gt;</a>&nbsp;&nbsp;&nbsp;CCP_Location_Of_Address_User
</UL>
<BR>[Called By]<UL><LI><a href="#[90]">&gt;&gt;</a>&nbsp;&nbsp;&nbsp;Program_Data
<LI><a href="#[86]">&gt;&gt;</a>&nbsp;&nbsp;&nbsp;Download_Data
<LI><a href="#[51]">&gt;&gt;</a>&nbsp;&nbsp;&nbsp;CCP_Upload
<LI><a href="#[4f]">&gt;&gt;</a>&nbsp;&nbsp;&nbsp;CCP_Set_MTA
<LI><a href="#[5a]">&gt;&gt;</a>&nbsp;&nbsp;&nbsp;CCP_Clear_Memory
<LI><a href="#[61]">&gt;&gt;</a>&nbsp;&nbsp;&nbsp;CCP_Exchange_ID
</UL>

<P><STRONG><a name="[1]"></a>NMI_Handler</STRONG> (Thumb, 2 bytes, Stack size 0 bytes, stm32f37x_it.o(i.NMI_Handler))
<BR>[Address Reference Count : 1]<UL><LI> startup_stm32f37x.o(RESET)
</UL>
<P><STRONG><a name="[78]"></a>NVIC_Init</STRONG> (Thumb, 100 bytes, Stack size 16 bytes, stm32f37x_misc.o(i.NVIC_Init))
<BR><BR>[Stack]<UL><LI>Max Depth = 16<LI>Call Chain = NVIC_Init
</UL>
<BR>[Called By]<UL><LI><a href="#[b0]">&gt;&gt;</a>&nbsp;&nbsp;&nbsp;Timer_Configuration
<LI><a href="#[74]">&gt;&gt;</a>&nbsp;&nbsp;&nbsp;CAN_Config
</UL>

<P><STRONG><a name="[8]"></a>PendSV_Handler</STRONG> (Thumb, 2 bytes, Stack size 0 bytes, stm32f37x_it.o(i.PendSV_Handler))
<BR>[Address Reference Count : 1]<UL><LI> startup_stm32f37x.o(RESET)
</UL>
<P><STRONG><a name="[75]"></a>RCC_AHBPeriphClockCmd</STRONG> (Thumb, 26 bytes, Stack size 0 bytes, stm32f37x_rcc.o(i.RCC_AHBPeriphClockCmd))
<BR><BR>[Called By]<UL><LI><a href="#[9c]">&gt;&gt;</a>&nbsp;&nbsp;&nbsp;IO_Configuration_base
<LI><a href="#[74]">&gt;&gt;</a>&nbsp;&nbsp;&nbsp;CAN_Config
</UL>

<P><STRONG><a name="[79]"></a>RCC_APB1PeriphClockCmd</STRONG> (Thumb, 26 bytes, Stack size 0 bytes, stm32f37x_rcc.o(i.RCC_APB1PeriphClockCmd))
<BR><BR>[Called By]<UL><LI><a href="#[b0]">&gt;&gt;</a>&nbsp;&nbsp;&nbsp;Timer_Configuration
<LI><a href="#[74]">&gt;&gt;</a>&nbsp;&nbsp;&nbsp;CAN_Config
</UL>

<P><STRONG><a name="[7f]"></a>RCC_APB1PeriphResetCmd</STRONG> (Thumb, 26 bytes, Stack size 0 bytes, stm32f37x_rcc.o(i.RCC_APB1PeriphResetCmd))
<BR><BR>[Called By]<UL><LI><a href="#[ae]">&gt;&gt;</a>&nbsp;&nbsp;&nbsp;TIM_DeInit
<LI><a href="#[7a]">&gt;&gt;</a>&nbsp;&nbsp;&nbsp;CAN_DeInit
</UL>

<P><STRONG><a name="[af]"></a>RCC_APB2PeriphResetCmd</STRONG> (Thumb, 26 bytes, Stack size 0 bytes, stm32f37x_rcc.o(i.RCC_APB2PeriphResetCmd))
<BR><BR>[Called By]<UL><LI><a href="#[ae]">&gt;&gt;</a>&nbsp;&nbsp;&nbsp;TIM_DeInit
</UL>

<P><STRONG><a name="[ba]"></a>RCC_GetClocksFreq</STRONG> (Thumb, 504 bytes, Stack size 16 bytes, stm32f37x_rcc.o(i.RCC_GetClocksFreq))
<BR><BR>[Stack]<UL><LI>Max Depth = 16<LI>Call Chain = RCC_GetClocksFreq
</UL>
<BR>[Called By]<UL><LI><a href="#[4a]">&gt;&gt;</a>&nbsp;&nbsp;&nbsp;main
</UL>

<P><STRONG><a name="[42]"></a>SDADC2_IRQHandler</STRONG> (Thumb, 198 bytes, Stack size 32 bytes, stm32f37x_it.o(i.SDADC2_IRQHandler))
<BR><BR>[Stack]<UL><LI>Max Depth = 120<LI>Call Chain = SDADC2_IRQHandler &rArr; __aeabi_dmul &rArr; _double_epilogue &rArr; _double_round
</UL>
<BR>[Calls]<UL><LI><a href="#[a3]">&gt;&gt;</a>&nbsp;&nbsp;&nbsp;SDADC_SoftwareStartInjectedConv
<LI><a href="#[9a]">&gt;&gt;</a>&nbsp;&nbsp;&nbsp;SDADC_GetFlagStatus
<LI><a href="#[a2]">&gt;&gt;</a>&nbsp;&nbsp;&nbsp;SDADC_Cmd
<LI><a href="#[9b]">&gt;&gt;</a>&nbsp;&nbsp;&nbsp;SDADC_GetInjectedConversionValue
<LI><a href="#[6d]">&gt;&gt;</a>&nbsp;&nbsp;&nbsp;__aeabi_ui2d
<LI><a href="#[69]">&gt;&gt;</a>&nbsp;&nbsp;&nbsp;__aeabi_dmul
<LI><a href="#[6b]">&gt;&gt;</a>&nbsp;&nbsp;&nbsp;__aeabi_ddiv
<LI><a href="#[a1]">&gt;&gt;</a>&nbsp;&nbsp;&nbsp;__aeabi_d2f
</UL>
<BR>[Address Reference Count : 1]<UL><LI> startup_stm32f37x.o(RESET)
</UL>
<P><STRONG><a name="[43]"></a>SDADC3_IRQHandler</STRONG> (Thumb, 188 bytes, Stack size 32 bytes, stm32f37x_it.o(i.SDADC3_IRQHandler))
<BR><BR>[Stack]<UL><LI>Max Depth = 120<LI>Call Chain = SDADC3_IRQHandler &rArr; __aeabi_dmul &rArr; _double_epilogue &rArr; _double_round
</UL>
<BR>[Calls]<UL><LI><a href="#[a3]">&gt;&gt;</a>&nbsp;&nbsp;&nbsp;SDADC_SoftwareStartInjectedConv
<LI><a href="#[9a]">&gt;&gt;</a>&nbsp;&nbsp;&nbsp;SDADC_GetFlagStatus
<LI><a href="#[a2]">&gt;&gt;</a>&nbsp;&nbsp;&nbsp;SDADC_Cmd
<LI><a href="#[9b]">&gt;&gt;</a>&nbsp;&nbsp;&nbsp;SDADC_GetInjectedConversionValue
<LI><a href="#[6d]">&gt;&gt;</a>&nbsp;&nbsp;&nbsp;__aeabi_ui2d
<LI><a href="#[69]">&gt;&gt;</a>&nbsp;&nbsp;&nbsp;__aeabi_dmul
<LI><a href="#[6b]">&gt;&gt;</a>&nbsp;&nbsp;&nbsp;__aeabi_ddiv
<LI><a href="#[a1]">&gt;&gt;</a>&nbsp;&nbsp;&nbsp;__aeabi_d2f
</UL>
<BR>[Address Reference Count : 1]<UL><LI> startup_stm32f37x.o(RESET)
</UL>
<P><STRONG><a name="[a2]"></a>SDADC_Cmd</STRONG> (Thumb, 22 bytes, Stack size 0 bytes, stm32f37x_sdadc.o(i.SDADC_Cmd))
<BR><BR>[Called By]<UL><LI><a href="#[43]">&gt;&gt;</a>&nbsp;&nbsp;&nbsp;SDADC3_IRQHandler
<LI><a href="#[42]">&gt;&gt;</a>&nbsp;&nbsp;&nbsp;SDADC2_IRQHandler
</UL>

<P><STRONG><a name="[9a]"></a>SDADC_GetFlagStatus</STRONG> (Thumb, 18 bytes, Stack size 0 bytes, stm32f37x_sdadc.o(i.SDADC_GetFlagStatus))
<BR><BR>[Called By]<UL><LI><a href="#[43]">&gt;&gt;</a>&nbsp;&nbsp;&nbsp;SDADC3_IRQHandler
<LI><a href="#[42]">&gt;&gt;</a>&nbsp;&nbsp;&nbsp;SDADC2_IRQHandler
<LI><a href="#[3e]">&gt;&gt;</a>&nbsp;&nbsp;&nbsp;DMA2_Channel3_IRQHandler
<LI><a href="#[3d]">&gt;&gt;</a>&nbsp;&nbsp;&nbsp;DMA2_Channel2_IRQHandler
<LI><a href="#[3c]">&gt;&gt;</a>&nbsp;&nbsp;&nbsp;DMA2_Channel1_IRQHandler
</UL>

<P><STRONG><a name="[9b]"></a>SDADC_GetInjectedConversionValue</STRONG> (Thumb, 30 bytes, Stack size 12 bytes, stm32f37x_sdadc.o(i.SDADC_GetInjectedConversionValue))
<BR><BR>[Stack]<UL><LI>Max Depth = 12<LI>Call Chain = SDADC_GetInjectedConversionValue
</UL>
<BR>[Called By]<UL><LI><a href="#[43]">&gt;&gt;</a>&nbsp;&nbsp;&nbsp;SDADC3_IRQHandler
<LI><a href="#[42]">&gt;&gt;</a>&nbsp;&nbsp;&nbsp;SDADC2_IRQHandler
<LI><a href="#[3e]">&gt;&gt;</a>&nbsp;&nbsp;&nbsp;DMA2_Channel3_IRQHandler
<LI><a href="#[3d]">&gt;&gt;</a>&nbsp;&nbsp;&nbsp;DMA2_Channel2_IRQHandler
<LI><a href="#[3c]">&gt;&gt;</a>&nbsp;&nbsp;&nbsp;DMA2_Channel1_IRQHandler
</UL>

<P><STRONG><a name="[a3]"></a>SDADC_SoftwareStartInjectedConv</STRONG> (Thumb, 10 bytes, Stack size 0 bytes, stm32f37x_sdadc.o(i.SDADC_SoftwareStartInjectedConv))
<BR><BR>[Called By]<UL><LI><a href="#[43]">&gt;&gt;</a>&nbsp;&nbsp;&nbsp;SDADC3_IRQHandler
<LI><a href="#[42]">&gt;&gt;</a>&nbsp;&nbsp;&nbsp;SDADC2_IRQHandler
</UL>

<P><STRONG><a name="[2d]"></a>SPI1_IRQHandler</STRONG> (Thumb, 48 bytes, Stack size 8 bytes, stm32f37x_it.o(i.SPI1_IRQHandler))
<BR><BR>[Stack]<UL><LI>Max Depth = 24<LI>Call Chain = SPI1_IRQHandler &rArr; SPI1_ReadByte
</UL>
<BR>[Calls]<UL><LI><a href="#[a4]">&gt;&gt;</a>&nbsp;&nbsp;&nbsp;SPI1_ReadByte
</UL>
<BR>[Address Reference Count : 1]<UL><LI> startup_stm32f37x.o(RESET)
</UL>
<P><STRONG><a name="[a4]"></a>SPI1_ReadByte</STRONG> (Thumb, 14 bytes, Stack size 16 bytes, stm32f37x_it.o(i.SPI1_ReadByte))
<BR><BR>[Stack]<UL><LI>Max Depth = 16<LI>Call Chain = SPI1_ReadByte
</UL>
<BR>[Calls]<UL><LI><a href="#[a5]">&gt;&gt;</a>&nbsp;&nbsp;&nbsp;SPI_I2S_ReceiveData16
</UL>
<BR>[Called By]<UL><LI><a href="#[2d]">&gt;&gt;</a>&nbsp;&nbsp;&nbsp;SPI1_IRQHandler
</UL>

<P><STRONG><a name="[2e]"></a>SPI2_IRQHandler</STRONG> (Thumb, 60 bytes, Stack size 8 bytes, stm32f37x_it.o(i.SPI2_IRQHandler))
<BR><BR>[Stack]<UL><LI>Max Depth = 24<LI>Call Chain = SPI2_IRQHandler &rArr; SPI2_ReadByte
</UL>
<BR>[Calls]<UL><LI><a href="#[a6]">&gt;&gt;</a>&nbsp;&nbsp;&nbsp;GPIO_SetBits
<LI><a href="#[a7]">&gt;&gt;</a>&nbsp;&nbsp;&nbsp;SPI2_ReadByte
</UL>
<BR>[Address Reference Count : 1]<UL><LI> startup_stm32f37x.o(RESET)
</UL>
<P><STRONG><a name="[a7]"></a>SPI2_ReadByte</STRONG> (Thumb, 14 bytes, Stack size 16 bytes, stm32f37x_it.o(i.SPI2_ReadByte))
<BR><BR>[Stack]<UL><LI>Max Depth = 16<LI>Call Chain = SPI2_ReadByte
</UL>
<BR>[Calls]<UL><LI><a href="#[a5]">&gt;&gt;</a>&nbsp;&nbsp;&nbsp;SPI_I2S_ReceiveData16
</UL>
<BR>[Called By]<UL><LI><a href="#[2e]">&gt;&gt;</a>&nbsp;&nbsp;&nbsp;SPI2_IRQHandler
</UL>

<P><STRONG><a name="[a5]"></a>SPI_I2S_ReceiveData16</STRONG> (Thumb, 6 bytes, Stack size 0 bytes, stm32f37x_spi.o(i.SPI_I2S_ReceiveData16))
<BR><BR>[Called By]<UL><LI><a href="#[a7]">&gt;&gt;</a>&nbsp;&nbsp;&nbsp;SPI2_ReadByte
<LI><a href="#[a4]">&gt;&gt;</a>&nbsp;&nbsp;&nbsp;SPI1_ReadByte
</UL>

<P><STRONG><a name="[6]"></a>SVC_Handler</STRONG> (Thumb, 2 bytes, Stack size 0 bytes, stm32f37x_it.o(i.SVC_Handler))
<BR>[Address Reference Count : 1]<UL><LI> startup_stm32f37x.o(RESET)
</UL>
<P><STRONG><a name="[9]"></a>SysTick_Handler</STRONG> (Thumb, 8 bytes, Stack size 8 bytes, stm32f37x_it.o(i.SysTick_Handler))
<BR><BR>[Stack]<UL><LI>Max Depth = 8<LI>Call Chain = SysTick_Handler
</UL>
<BR>[Calls]<UL><LI><a href="#[a8]">&gt;&gt;</a>&nbsp;&nbsp;&nbsp;TimingDelay_Decrement
</UL>
<BR>[Address Reference Count : 1]<UL><LI> startup_stm32f37x.o(RESET)
</UL>
<P><STRONG><a name="[4b]"></a>SystemInit</STRONG> (Thumb, 110 bytes, Stack size 8 bytes, system_stm32f37x.o(i.SystemInit))
<BR><BR>[Stack]<UL><LI>Max Depth = 20<LI>Call Chain = SystemInit &rArr; SetSysClock
</UL>
<BR>[Calls]<UL><LI><a href="#[a9]">&gt;&gt;</a>&nbsp;&nbsp;&nbsp;SetSysClock
</UL>
<BR>[Address Reference Count : 1]<UL><LI> startup_stm32f37x.o(.text)
</UL>
<P><STRONG><a name="[26]"></a>TIM2_IRQHandler</STRONG> (Thumb, 36 bytes, Stack size 8 bytes, stm32f37x_it.o(i.TIM2_IRQHandler))
<BR><BR>[Stack]<UL><LI>Max Depth = 20<LI>Call Chain = TIM2_IRQHandler &rArr; TIM_GetITStatus
</UL>
<BR>[Calls]<UL><LI><a href="#[ac]">&gt;&gt;</a>&nbsp;&nbsp;&nbsp;TIM_ClearFlag
<LI><a href="#[aa]">&gt;&gt;</a>&nbsp;&nbsp;&nbsp;TIM_GetITStatus
<LI><a href="#[ab]">&gt;&gt;</a>&nbsp;&nbsp;&nbsp;TIM_ClearITPendingBit
</UL>
<BR>[Address Reference Count : 1]<UL><LI> startup_stm32f37x.o(RESET)
</UL>
<P><STRONG><a name="[38]"></a>TIM5_IRQHandler</STRONG> (Thumb, 34 bytes, Stack size 8 bytes, stm32f37x_it.o(i.TIM5_IRQHandler))
<BR><BR>[Stack]<UL><LI>Max Depth = 20<LI>Call Chain = TIM5_IRQHandler &rArr; TIM_GetITStatus
</UL>
<BR>[Calls]<UL><LI><a href="#[ac]">&gt;&gt;</a>&nbsp;&nbsp;&nbsp;TIM_ClearFlag
<LI><a href="#[ad]">&gt;&gt;</a>&nbsp;&nbsp;&nbsp;virtual_PWM_OUTPUT
<LI><a href="#[aa]">&gt;&gt;</a>&nbsp;&nbsp;&nbsp;TIM_GetITStatus
<LI><a href="#[ab]">&gt;&gt;</a>&nbsp;&nbsp;&nbsp;TIM_ClearITPendingBit
</UL>
<BR>[Address Reference Count : 1]<UL><LI> startup_stm32f37x.o(RESET)
</UL>
<P><STRONG><a name="[ac]"></a>TIM_ClearFlag</STRONG> (Thumb, 6 bytes, Stack size 0 bytes, stm32f37x_tim.o(i.TIM_ClearFlag))
<BR><BR>[Called By]<UL><LI><a href="#[b0]">&gt;&gt;</a>&nbsp;&nbsp;&nbsp;Timer_Configuration
<LI><a href="#[38]">&gt;&gt;</a>&nbsp;&nbsp;&nbsp;TIM5_IRQHandler
<LI><a href="#[26]">&gt;&gt;</a>&nbsp;&nbsp;&nbsp;TIM2_IRQHandler
</UL>

<P><STRONG><a name="[ab]"></a>TIM_ClearITPendingBit</STRONG> (Thumb, 6 bytes, Stack size 0 bytes, stm32f37x_tim.o(i.TIM_ClearITPendingBit))
<BR><BR>[Called By]<UL><LI><a href="#[38]">&gt;&gt;</a>&nbsp;&nbsp;&nbsp;TIM5_IRQHandler
<LI><a href="#[26]">&gt;&gt;</a>&nbsp;&nbsp;&nbsp;TIM2_IRQHandler
</UL>

<P><STRONG><a name="[b3]"></a>TIM_Cmd</STRONG> (Thumb, 24 bytes, Stack size 0 bytes, stm32f37x_tim.o(i.TIM_Cmd))
<BR><BR>[Called By]<UL><LI><a href="#[b0]">&gt;&gt;</a>&nbsp;&nbsp;&nbsp;Timer_Configuration
</UL>

<P><STRONG><a name="[ae]"></a>TIM_DeInit</STRONG> (Thumb, 348 bytes, Stack size 8 bytes, stm32f37x_tim.o(i.TIM_DeInit))
<BR><BR>[Stack]<UL><LI>Max Depth = 8<LI>Call Chain = TIM_DeInit
</UL>
<BR>[Calls]<UL><LI><a href="#[af]">&gt;&gt;</a>&nbsp;&nbsp;&nbsp;RCC_APB2PeriphResetCmd
<LI><a href="#[7f]">&gt;&gt;</a>&nbsp;&nbsp;&nbsp;RCC_APB1PeriphResetCmd
</UL>
<BR>[Called By]<UL><LI><a href="#[b0]">&gt;&gt;</a>&nbsp;&nbsp;&nbsp;Timer_Configuration
</UL>

<P><STRONG><a name="[aa]"></a>TIM_GetITStatus</STRONG> (Thumb, 34 bytes, Stack size 12 bytes, stm32f37x_tim.o(i.TIM_GetITStatus))
<BR><BR>[Stack]<UL><LI>Max Depth = 12<LI>Call Chain = TIM_GetITStatus
</UL>
<BR>[Called By]<UL><LI><a href="#[38]">&gt;&gt;</a>&nbsp;&nbsp;&nbsp;TIM5_IRQHandler
<LI><a href="#[26]">&gt;&gt;</a>&nbsp;&nbsp;&nbsp;TIM2_IRQHandler
</UL>

<P><STRONG><a name="[b2]"></a>TIM_ITConfig</STRONG> (Thumb, 18 bytes, Stack size 0 bytes, stm32f37x_tim.o(i.TIM_ITConfig))
<BR><BR>[Called By]<UL><LI><a href="#[b0]">&gt;&gt;</a>&nbsp;&nbsp;&nbsp;Timer_Configuration
</UL>

<P><STRONG><a name="[b1]"></a>TIM_TimeBaseInit</STRONG> (Thumb, 110 bytes, Stack size 0 bytes, stm32f37x_tim.o(i.TIM_TimeBaseInit))
<BR><BR>[Called By]<UL><LI><a href="#[b0]">&gt;&gt;</a>&nbsp;&nbsp;&nbsp;Timer_Configuration
</UL>

<P><STRONG><a name="[b0]"></a>Timer_Configuration</STRONG> (Thumb, 198 bytes, Stack size 24 bytes, main.o(i.Timer_Configuration))
<BR><BR>[Stack]<UL><LI>Max Depth = 40<LI>Call Chain = Timer_Configuration &rArr; NVIC_Init
</UL>
<BR>[Calls]<UL><LI><a href="#[b1]">&gt;&gt;</a>&nbsp;&nbsp;&nbsp;TIM_TimeBaseInit
<LI><a href="#[b2]">&gt;&gt;</a>&nbsp;&nbsp;&nbsp;TIM_ITConfig
<LI><a href="#[ae]">&gt;&gt;</a>&nbsp;&nbsp;&nbsp;TIM_DeInit
<LI><a href="#[b3]">&gt;&gt;</a>&nbsp;&nbsp;&nbsp;TIM_Cmd
<LI><a href="#[ac]">&gt;&gt;</a>&nbsp;&nbsp;&nbsp;TIM_ClearFlag
<LI><a href="#[78]">&gt;&gt;</a>&nbsp;&nbsp;&nbsp;NVIC_Init
<LI><a href="#[79]">&gt;&gt;</a>&nbsp;&nbsp;&nbsp;RCC_APB1PeriphClockCmd
</UL>
<BR>[Called By]<UL><LI><a href="#[4a]">&gt;&gt;</a>&nbsp;&nbsp;&nbsp;main
</UL>

<P><STRONG><a name="[a8]"></a>TimingDelay_Decrement</STRONG> (Thumb, 18 bytes, Stack size 0 bytes, systick.o(i.TimingDelay_Decrement))
<BR><BR>[Called By]<UL><LI><a href="#[9]">&gt;&gt;</a>&nbsp;&nbsp;&nbsp;SysTick_Handler
</UL>

<P><STRONG><a name="[31]"></a>USART3_IRQHandler</STRONG> (Thumb, 202 bytes, Stack size 8 bytes, stm32f37x_it.o(i.USART3_IRQHandler))
<BR><BR>[Stack]<UL><LI>Max Depth = 24<LI>Call Chain = USART3_IRQHandler &rArr; USART_GetITStatus
</UL>
<BR>[Calls]<UL><LI><a href="#[b7]">&gt;&gt;</a>&nbsp;&nbsp;&nbsp;USART_GetFlagStatus
<LI><a href="#[b6]">&gt;&gt;</a>&nbsp;&nbsp;&nbsp;USART_ReceiveData
<LI><a href="#[b4]">&gt;&gt;</a>&nbsp;&nbsp;&nbsp;USART_GetITStatus
<LI><a href="#[b5]">&gt;&gt;</a>&nbsp;&nbsp;&nbsp;USART_ClearITPendingBit
<LI><a href="#[b8]">&gt;&gt;</a>&nbsp;&nbsp;&nbsp;USART_ClearFlag
</UL>
<BR>[Address Reference Count : 1]<UL><LI> startup_stm32f37x.o(RESET)
</UL>
<P><STRONG><a name="[b8]"></a>USART_ClearFlag</STRONG> (Thumb, 4 bytes, Stack size 0 bytes, stm32f37x_usart.o(i.USART_ClearFlag))
<BR><BR>[Called By]<UL><LI><a href="#[31]">&gt;&gt;</a>&nbsp;&nbsp;&nbsp;USART3_IRQHandler
</UL>

<P><STRONG><a name="[b5]"></a>USART_ClearITPendingBit</STRONG> (Thumb, 18 bytes, Stack size 8 bytes, stm32f37x_usart.o(i.USART_ClearITPendingBit))
<BR><BR>[Stack]<UL><LI>Max Depth = 8<LI>Call Chain = USART_ClearITPendingBit
</UL>
<BR>[Called By]<UL><LI><a href="#[31]">&gt;&gt;</a>&nbsp;&nbsp;&nbsp;USART3_IRQHandler
</UL>

<P><STRONG><a name="[b7]"></a>USART_GetFlagStatus</STRONG> (Thumb, 18 bytes, Stack size 0 bytes, stm32f37x_usart.o(i.USART_GetFlagStatus))
<BR><BR>[Called By]<UL><LI><a href="#[31]">&gt;&gt;</a>&nbsp;&nbsp;&nbsp;USART3_IRQHandler
</UL>

<P><STRONG><a name="[b4]"></a>USART_GetITStatus</STRONG> (Thumb, 74 bytes, Stack size 16 bytes, stm32f37x_usart.o(i.USART_GetITStatus))
<BR><BR>[Stack]<UL><LI>Max Depth = 16<LI>Call Chain = USART_GetITStatus
</UL>
<BR>[Called By]<UL><LI><a href="#[31]">&gt;&gt;</a>&nbsp;&nbsp;&nbsp;USART3_IRQHandler
</UL>

<P><STRONG><a name="[bb]"></a>USART_ITConfig</STRONG> (Thumb, 58 bytes, Stack size 20 bytes, stm32f37x_usart.o(i.USART_ITConfig))
<BR><BR>[Stack]<UL><LI>Max Depth = 20<LI>Call Chain = USART_ITConfig
</UL>
<BR>[Called By]<UL><LI><a href="#[4a]">&gt;&gt;</a>&nbsp;&nbsp;&nbsp;main
</UL>

<P><STRONG><a name="[b6]"></a>USART_ReceiveData</STRONG> (Thumb, 10 bytes, Stack size 0 bytes, stm32f37x_usart.o(i.USART_ReceiveData))
<BR><BR>[Called By]<UL><LI><a href="#[31]">&gt;&gt;</a>&nbsp;&nbsp;&nbsp;USART3_IRQHandler
</UL>

<P><STRONG><a name="[5]"></a>UsageFault_Handler</STRONG> (Thumb, 4 bytes, Stack size 0 bytes, stm32f37x_it.o(i.UsageFault_Handler))
<BR>[Address Reference Count : 1]<UL><LI> startup_stm32f37x.o(RESET)
</UL>
<P><STRONG><a name="[cc]"></a>__scatterload_copy</STRONG> (Thumb, 14 bytes, Stack size unknown bytes, handlers.o(i.__scatterload_copy), UNUSED)

<P><STRONG><a name="[cd]"></a>__scatterload_null</STRONG> (Thumb, 2 bytes, Stack size unknown bytes, handlers.o(i.__scatterload_null), UNUSED)

<P><STRONG><a name="[ce]"></a>__scatterload_zeroinit</STRONG> (Thumb, 14 bytes, Stack size unknown bytes, handlers.o(i.__scatterload_zeroinit), UNUSED)

<P><STRONG><a name="[4a]"></a>main</STRONG> (Thumb, 390 bytes, Stack size 64 bytes, main.o(i.main))
<BR><BR>[Stack]<UL><LI>Max Depth = 132<LI>Call Chain = main &rArr; CAN_Config &rArr; GPIO_PinAFConfig
</UL>
<BR>[Calls]<UL><LI><a href="#[bb]">&gt;&gt;</a>&nbsp;&nbsp;&nbsp;USART_ITConfig
<LI><a href="#[ba]">&gt;&gt;</a>&nbsp;&nbsp;&nbsp;RCC_GetClocksFreq
<LI><a href="#[bc]">&gt;&gt;</a>&nbsp;&nbsp;&nbsp;GPIO_WriteBit
<LI><a href="#[8a]">&gt;&gt;</a>&nbsp;&nbsp;&nbsp;CCP_Initialize
<LI><a href="#[b0]">&gt;&gt;</a>&nbsp;&nbsp;&nbsp;Timer_Configuration
<LI><a href="#[9c]">&gt;&gt;</a>&nbsp;&nbsp;&nbsp;IO_Configuration_base
<LI><a href="#[74]">&gt;&gt;</a>&nbsp;&nbsp;&nbsp;CAN_Config
</UL>
<BR>[Address Reference Count : 1]<UL><LI> entry9a.o(.ARM.Collect$$$$0000000B)
</UL>
<P><STRONG><a name="[ad]"></a>virtual_PWM_OUTPUT</STRONG> (Thumb, 280 bytes, Stack size 8 bytes, main.o(i.virtual_PWM_OUTPUT))
<BR><BR>[Stack]<UL><LI>Max Depth = 8<LI>Call Chain = virtual_PWM_OUTPUT
</UL>
<BR>[Calls]<UL><LI><a href="#[a6]">&gt;&gt;</a>&nbsp;&nbsp;&nbsp;GPIO_SetBits
<LI><a href="#[bd]">&gt;&gt;</a>&nbsp;&nbsp;&nbsp;GPIO_ResetBits
</UL>
<BR>[Called By]<UL><LI><a href="#[38]">&gt;&gt;</a>&nbsp;&nbsp;&nbsp;TIM5_IRQHandler
</UL>
<P>
<H3>
Local Symbols
</H3>
<P><STRONG><a name="[a9]"></a>SetSysClock</STRONG> (Thumb, 188 bytes, Stack size 12 bytes, system_stm32f37x.o(i.SetSysClock))
<BR><BR>[Stack]<UL><LI>Max Depth = 12<LI>Call Chain = SetSysClock
</UL>
<BR>[Called By]<UL><LI><a href="#[4b]">&gt;&gt;</a>&nbsp;&nbsp;&nbsp;SystemInit
</UL>

<P><STRONG><a name="[8f]"></a>CCP_Clear_Session_Configuration_ID</STRONG> (Thumb, 20 bytes, Stack size 0 bytes, ccp2conf.o(i.CCP_Clear_Session_Configuration_ID))
<BR><BR>[Called By]<UL><LI><a href="#[85]">&gt;&gt;</a>&nbsp;&nbsp;&nbsp;CCP_Set_S_Status_User
<LI><a href="#[8b]">&gt;&gt;</a>&nbsp;&nbsp;&nbsp;CCP_Initialize_User
</UL>

<P><STRONG><a name="[91]"></a>CCP_Read_Resume_Data</STRONG> (Thumb, 176 bytes, Stack size 16 bytes, ccp2daq.o(i.CCP_Read_Resume_Data))
<BR><BR>[Stack]<UL><LI>Max Depth = 48<LI>Call Chain = CCP_Read_Resume_Data &rArr; Update_Session_Status_LOGGING &rArr; CCP_Set_S_Status_User
</UL>
<BR>[Calls]<UL><LI><a href="#[92]">&gt;&gt;</a>&nbsp;&nbsp;&nbsp;Update_Session_Status_LOGGING
</UL>
<BR>[Called By]<UL><LI><a href="#[8d]">&gt;&gt;</a>&nbsp;&nbsp;&nbsp;Initialize_DAQ_Parameters
</UL>

<P><STRONG><a name="[87]"></a>Clear_DAQ_List</STRONG> (Thumb, 82 bytes, Stack size 20 bytes, ccp2daq.o(i.Clear_DAQ_List))
<BR><BR>[Stack]<UL><LI>Max Depth = 20<LI>Call Chain = Clear_DAQ_List
</UL>
<BR>[Called By]<UL><LI><a href="#[5e]">&gt;&gt;</a>&nbsp;&nbsp;&nbsp;CCP_Get_DAQ_Size
</UL>

<P><STRONG><a name="[88]"></a>DAQ_Starting_PID</STRONG> (Thumb, 30 bytes, Stack size 0 bytes, ccp2daq.o(i.DAQ_Starting_PID))
<BR><BR>[Called By]<UL><LI><a href="#[5e]">&gt;&gt;</a>&nbsp;&nbsp;&nbsp;CCP_Get_DAQ_Size
</UL>

<P><STRONG><a name="[9d]"></a>Initialize_DAQ_List_Status</STRONG> (Thumb, 30 bytes, Stack size 8 bytes, ccp2daq.o(i.Initialize_DAQ_List_Status))
<BR><BR>[Stack]<UL><LI>Max Depth = 8<LI>Call Chain = Initialize_DAQ_List_Status
</UL>
<BR>[Called By]<UL><LI><a href="#[8d]">&gt;&gt;</a>&nbsp;&nbsp;&nbsp;Initialize_DAQ_Parameters
<LI><a href="#[95]">&gt;&gt;</a>&nbsp;&nbsp;&nbsp;Reset_DAQ_List_Status
</UL>

<P><STRONG><a name="[89]"></a>Move_DAQ_Pointer</STRONG> (Thumb, 70 bytes, Stack size 8 bytes, ccp2daq.o(i.Move_DAQ_Pointer))
<BR><BR>[Stack]<UL><LI>Max Depth = 8<LI>Call Chain = Move_DAQ_Pointer
</UL>
<BR>[Called By]<UL><LI><a href="#[97]">&gt;&gt;</a>&nbsp;&nbsp;&nbsp;Move_DAQ_Pointer_To_Next_ODT
<LI><a href="#[99]">&gt;&gt;</a>&nbsp;&nbsp;&nbsp;Move_DAQ_Pointer_Forward_One_Element
<LI><a href="#[5f]">&gt;&gt;</a>&nbsp;&nbsp;&nbsp;CCP_Set_DAQ_Ptr
<LI><a href="#[5e]">&gt;&gt;</a>&nbsp;&nbsp;&nbsp;CCP_Get_DAQ_Size
</UL>

<P><STRONG><a name="[99]"></a>Move_DAQ_Pointer_Forward_One_Element</STRONG> (Thumb, 88 bytes, Stack size 16 bytes, ccp2daq.o(i.Move_DAQ_Pointer_Forward_One_Element))
<BR><BR>[Stack]<UL><LI>Max Depth = 40<LI>Call Chain = Move_DAQ_Pointer_Forward_One_Element &rArr; Move_DAQ_Pointer_To_Next_ODT &rArr; Move_DAQ_Pointer
</UL>
<BR>[Calls]<UL><LI><a href="#[97]">&gt;&gt;</a>&nbsp;&nbsp;&nbsp;Move_DAQ_Pointer_To_Next_ODT
<LI><a href="#[89]">&gt;&gt;</a>&nbsp;&nbsp;&nbsp;Move_DAQ_Pointer
</UL>
<BR>[Called By]<UL><LI><a href="#[60]">&gt;&gt;</a>&nbsp;&nbsp;&nbsp;CCP_Write_DAQ
</UL>

<P><STRONG><a name="[97]"></a>Move_DAQ_Pointer_To_Next_ODT</STRONG> (Thumb, 64 bytes, Stack size 16 bytes, ccp2daq.o(i.Move_DAQ_Pointer_To_Next_ODT))
<BR><BR>[Stack]<UL><LI>Max Depth = 24<LI>Call Chain = Move_DAQ_Pointer_To_Next_ODT &rArr; Move_DAQ_Pointer
</UL>
<BR>[Calls]<UL><LI><a href="#[89]">&gt;&gt;</a>&nbsp;&nbsp;&nbsp;Move_DAQ_Pointer
</UL>
<BR>[Called By]<UL><LI><a href="#[99]">&gt;&gt;</a>&nbsp;&nbsp;&nbsp;Move_DAQ_Pointer_Forward_One_Element
<LI><a href="#[60]">&gt;&gt;</a>&nbsp;&nbsp;&nbsp;CCP_Write_DAQ
</UL>

<P><STRONG><a name="[96]"></a>Number_Of_Bytes_Left_In_ODT</STRONG> (Thumb, 98 bytes, Stack size 24 bytes, ccp2daq.o(i.Number_Of_Bytes_Left_In_ODT))
<BR><BR>[Stack]<UL><LI>Max Depth = 52<LI>Call Chain = Number_Of_Bytes_Left_In_ODT &rArr; Read_DAQ_Address_Size
</UL>
<BR>[Calls]<UL><LI><a href="#[9e]">&gt;&gt;</a>&nbsp;&nbsp;&nbsp;Read_DAQ_Address_Size
</UL>
<BR>[Called By]<UL><LI><a href="#[60]">&gt;&gt;</a>&nbsp;&nbsp;&nbsp;CCP_Write_DAQ
</UL>

<P><STRONG><a name="[9e]"></a>Read_DAQ_Address_Size</STRONG> (Thumb, 146 bytes, Stack size 28 bytes, ccp2daq.o(i.Read_DAQ_Address_Size))
<BR><BR>[Stack]<UL><LI>Max Depth = 28<LI>Call Chain = Read_DAQ_Address_Size
</UL>
<BR>[Called By]<UL><LI><a href="#[96]">&gt;&gt;</a>&nbsp;&nbsp;&nbsp;Number_Of_Bytes_Left_In_ODT
</UL>

<P><STRONG><a name="[95]"></a>Reset_DAQ_List_Status</STRONG> (Thumb, 52 bytes, Stack size 16 bytes, ccp2daq.o(i.Reset_DAQ_List_Status))
<BR><BR>[Stack]<UL><LI>Max Depth = 24<LI>Call Chain = Reset_DAQ_List_Status &rArr; Initialize_DAQ_List_Status
</UL>
<BR>[Calls]<UL><LI><a href="#[9d]">&gt;&gt;</a>&nbsp;&nbsp;&nbsp;Initialize_DAQ_List_Status
</UL>
<BR>[Called By]<UL><LI><a href="#[52]">&gt;&gt;</a>&nbsp;&nbsp;&nbsp;CCP_Start_Stop
</UL>

<P><STRONG><a name="[92]"></a>Update_Session_Status_LOGGING</STRONG> (Thumb, 92 bytes, Stack size 16 bytes, ccp2daq.o(i.Update_Session_Status_LOGGING))
<BR><BR>[Stack]<UL><LI>Max Depth = 32<LI>Call Chain = Update_Session_Status_LOGGING &rArr; CCP_Set_S_Status_User
</UL>
<BR>[Calls]<UL><LI><a href="#[85]">&gt;&gt;</a>&nbsp;&nbsp;&nbsp;CCP_Set_S_Status_User
</UL>
<BR>[Called By]<UL><LI><a href="#[91]">&gt;&gt;</a>&nbsp;&nbsp;&nbsp;CCP_Read_Resume_Data
<LI><a href="#[54]">&gt;&gt;</a>&nbsp;&nbsp;&nbsp;CCP_Start_Stop_All
<LI><a href="#[52]">&gt;&gt;</a>&nbsp;&nbsp;&nbsp;CCP_Start_Stop
</UL>

<P><STRONG><a name="[98]"></a>Write_to_Current_DAQ_Pointer</STRONG> (Thumb, 154 bytes, Stack size 28 bytes, ccp2daq.o(i.Write_to_Current_DAQ_Pointer))
<BR><BR>[Stack]<UL><LI>Max Depth = 28<LI>Call Chain = Write_to_Current_DAQ_Pointer
</UL>
<BR>[Called By]<UL><LI><a href="#[60]">&gt;&gt;</a>&nbsp;&nbsp;&nbsp;CCP_Write_DAQ
</UL>

<P><STRONG><a name="[86]"></a>Download_Data</STRONG> (Thumb, 62 bytes, Stack size 24 bytes, ccp2mem.o(i.Download_Data))
<BR><BR>[Stack]<UL><LI>Max Depth = 40<LI>Call Chain = Download_Data &rArr; Write_To_RAM_Or_Register
</UL>
<BR>[Calls]<UL><LI><a href="#[82]">&gt;&gt;</a>&nbsp;&nbsp;&nbsp;Write_To_RAM_Or_Register
<LI><a href="#[84]">&gt;&gt;</a>&nbsp;&nbsp;&nbsp;Move_MTA
</UL>
<BR>[Called By]<UL><LI><a href="#[66]">&gt;&gt;</a>&nbsp;&nbsp;&nbsp;CCP_Dnload_6
<LI><a href="#[50]">&gt;&gt;</a>&nbsp;&nbsp;&nbsp;CCP_Dnload
</UL>

<P><STRONG><a name="[81]"></a>Erase_All_Of_Flash</STRONG> (Thumb, 4 bytes, Stack size 0 bytes, ccp2mem.o(i.Erase_All_Of_Flash))
<BR><BR>[Called By]<UL><LI><a href="#[5a]">&gt;&gt;</a>&nbsp;&nbsp;&nbsp;CCP_Clear_Memory
</UL>

<P><STRONG><a name="[90]"></a>Program_Data</STRONG> (Thumb, 102 bytes, Stack size 24 bytes, ccp2mem.o(i.Program_Data))
<BR><BR>[Stack]<UL><LI>Max Depth = 40<LI>Call Chain = Program_Data &rArr; Write_To_Flash
</UL>
<BR>[Calls]<UL><LI><a href="#[9f]">&gt;&gt;</a>&nbsp;&nbsp;&nbsp;Write_To_Flash
<LI><a href="#[83]">&gt;&gt;</a>&nbsp;&nbsp;&nbsp;Write_To_EEPROM
<LI><a href="#[84]">&gt;&gt;</a>&nbsp;&nbsp;&nbsp;Move_MTA
<LI><a href="#[80]">&gt;&gt;</a>&nbsp;&nbsp;&nbsp;CCP_Location_Of_Address_User
</UL>
<BR>[Called By]<UL><LI><a href="#[65]">&gt;&gt;</a>&nbsp;&nbsp;&nbsp;CCP_Program_6
<LI><a href="#[62]">&gt;&gt;</a>&nbsp;&nbsp;&nbsp;CCP_Program
</UL>

<P><STRONG><a name="[94]"></a>Read_From_RAM_Or_Register</STRONG> (Thumb, 104 bytes, Stack size 16 bytes, ccp2mem.o(i.Read_From_RAM_Or_Register))
<BR><BR>[Stack]<UL><LI>Max Depth = 16<LI>Call Chain = Read_From_RAM_Or_Register
</UL>
<BR>[Calls]<UL><LI><a href="#[a0]">&gt;&gt;</a>&nbsp;&nbsp;&nbsp;CCP_Read_From_REGISTER_Memory_User
<LI><a href="#[80]">&gt;&gt;</a>&nbsp;&nbsp;&nbsp;CCP_Location_Of_Address_User
</UL>
<BR>[Called By]<UL><LI><a href="#[51]">&gt;&gt;</a>&nbsp;&nbsp;&nbsp;CCP_Upload
<LI><a href="#[59]">&gt;&gt;</a>&nbsp;&nbsp;&nbsp;CCP_Short_Up
</UL>

<P><STRONG><a name="[83]"></a>Write_To_EEPROM</STRONG> (Thumb, 36 bytes, Stack size 16 bytes, ccp2mem.o(i.Write_To_EEPROM))
<BR><BR>[Stack]<UL><LI>Max Depth = 16<LI>Call Chain = Write_To_EEPROM
</UL>
<BR>[Calls]<UL><LI><a href="#[80]">&gt;&gt;</a>&nbsp;&nbsp;&nbsp;CCP_Location_Of_Address_User
</UL>
<BR>[Called By]<UL><LI><a href="#[90]">&gt;&gt;</a>&nbsp;&nbsp;&nbsp;Program_Data
<LI><a href="#[5a]">&gt;&gt;</a>&nbsp;&nbsp;&nbsp;CCP_Clear_Memory
</UL>

<P><STRONG><a name="[9f]"></a>Write_To_Flash</STRONG> (Thumb, 36 bytes, Stack size 16 bytes, ccp2mem.o(i.Write_To_Flash))
<BR><BR>[Stack]<UL><LI>Max Depth = 16<LI>Call Chain = Write_To_Flash
</UL>
<BR>[Calls]<UL><LI><a href="#[80]">&gt;&gt;</a>&nbsp;&nbsp;&nbsp;CCP_Location_Of_Address_User
</UL>
<BR>[Called By]<UL><LI><a href="#[90]">&gt;&gt;</a>&nbsp;&nbsp;&nbsp;Program_Data
</UL>

<P><STRONG><a name="[82]"></a>Write_To_RAM_Or_Register</STRONG> (Thumb, 106 bytes, Stack size 16 bytes, ccp2mem.o(i.Write_To_RAM_Or_Register))
<BR><BR>[Stack]<UL><LI>Max Depth = 16<LI>Call Chain = Write_To_RAM_Or_Register
</UL>
<BR>[Calls]<UL><LI><a href="#[b9]">&gt;&gt;</a>&nbsp;&nbsp;&nbsp;CCP_Write_To_REGISTER_Memory_User
<LI><a href="#[80]">&gt;&gt;</a>&nbsp;&nbsp;&nbsp;CCP_Location_Of_Address_User
</UL>
<BR>[Called By]<UL><LI><a href="#[86]">&gt;&gt;</a>&nbsp;&nbsp;&nbsp;Download_Data
<LI><a href="#[5a]">&gt;&gt;</a>&nbsp;&nbsp;&nbsp;CCP_Clear_Memory
</UL>
<P>
<H3>
Undefined Global Symbols
</H3><HR></body></html>
