Component: ARM Compiler 5.05 update 1 (build 106) Tool: armlink [4d0efa]

==============================================================================

Section Cross References

    startup_stm32f37x.o(RESET) refers to startup_stm32f37x.o(STACK) for __initial_sp
    startup_stm32f37x.o(RESET) refers to startup_stm32f37x.o(.text) for Reset_Handler
    startup_stm32f37x.o(RESET) refers to stm32f37x_it.o(i.NMI_Handler) for NMI_Handler
    startup_stm32f37x.o(RESET) refers to stm32f37x_it.o(i.HardFault_Handler) for HardFault_Handler
    startup_stm32f37x.o(RESET) refers to stm32f37x_it.o(i.MemManage_Handler) for MemManage_Handler
    startup_stm32f37x.o(RESET) refers to stm32f37x_it.o(i.BusFault_Handler) for BusFault_Handler
    startup_stm32f37x.o(RESET) refers to stm32f37x_it.o(i.UsageFault_Handler) for UsageFault_Handler
    startup_stm32f37x.o(RESET) refers to stm32f37x_it.o(i.SVC_Handler) for SVC_Handler
    startup_stm32f37x.o(RESET) refers to stm32f37x_it.o(i.DebugMon_Handler) for DebugMon_Handler
    startup_stm32f37x.o(RESET) refers to stm32f37x_it.o(i.PendSV_Handler) for PendSV_Handler
    startup_stm32f37x.o(RESET) refers to stm32f37x_it.o(i.SysTick_Handler) for SysTick_Handler
    startup_stm32f37x.o(RESET) refers to stm32f37x_it.o(i.EXTI4_IRQHandler) for EXTI4_IRQHandler
    startup_stm32f37x.o(RESET) refers to stm32f37x_it.o(i.CAN1_RX0_IRQHandler) for CAN1_RX0_IRQHandler
    startup_stm32f37x.o(RESET) refers to stm32f37x_it.o(i.EXTI9_5_IRQHandler) for EXTI9_5_IRQHandler
    startup_stm32f37x.o(RESET) refers to stm32f37x_it.o(i.TIM2_IRQHandler) for TIM2_IRQHandler
    startup_stm32f37x.o(RESET) refers to stm32f37x_it.o(i.TIM3_IRQHandler) for TIM3_IRQHandler
    startup_stm32f37x.o(RESET) refers to stm32f37x_it.o(i.SPI1_IRQHandler) for SPI1_IRQHandler
    startup_stm32f37x.o(RESET) refers to stm32f37x_it.o(i.SPI2_IRQHandler) for SPI2_IRQHandler
    startup_stm32f37x.o(RESET) refers to stm32f37x_it.o(i.USART3_IRQHandler) for USART3_IRQHandler
    startup_stm32f37x.o(RESET) refers to stm32f37x_it.o(i.EXTI15_10_IRQHandler) for EXTI15_10_IRQHandler
    startup_stm32f37x.o(RESET) refers to stm32f37x_it.o(i.TIM5_IRQHandler) for TIM5_IRQHandler
    startup_stm32f37x.o(RESET) refers to stm32f37x_it.o(i.DMA2_Channel1_IRQHandler) for DMA2_Channel1_IRQHandler
    startup_stm32f37x.o(RESET) refers to stm32f37x_it.o(i.DMA2_Channel2_IRQHandler) for DMA2_Channel2_IRQHandler
    startup_stm32f37x.o(RESET) refers to stm32f37x_it.o(i.DMA2_Channel3_IRQHandler) for DMA2_Channel3_IRQHandler
    startup_stm32f37x.o(RESET) refers to stm32f37x_it.o(i.SDADC1_IRQHandler) for SDADC1_IRQHandler
    startup_stm32f37x.o(RESET) refers to stm32f37x_it.o(i.SDADC2_IRQHandler) for SDADC2_IRQHandler
    startup_stm32f37x.o(RESET) refers to stm32f37x_it.o(i.SDADC3_IRQHandler) for SDADC3_IRQHandler
    startup_stm32f37x.o(.text) refers to system_stm32f37x.o(i.SystemInit) for SystemInit
    startup_stm32f37x.o(.text) refers to entry.o(.ARM.Collect$$$$00000000) for __main
    system_stm32f37x.o(i.SystemCoreClockUpdate) refers to system_stm32f37x.o(.data) for SystemCoreClock
    system_stm32f37x.o(i.SystemInit) refers to system_stm32f37x.o(i.SetSysClock) for SetSysClock
    uart.o(i.USART_Configuration) refers to stm32f37x_rcc.o(i.RCC_AHBPeriphClockCmd) for RCC_AHBPeriphClockCmd
    uart.o(i.USART_Configuration) refers to stm32f37x_rcc.o(i.RCC_APB1PeriphClockCmd) for RCC_APB1PeriphClockCmd
    uart.o(i.USART_Configuration) refers to stm32f37x_gpio.o(i.GPIO_PinAFConfig) for GPIO_PinAFConfig
    uart.o(i.USART_Configuration) refers to stm32f37x_gpio.o(i.GPIO_Init) for GPIO_Init
    uart.o(i.USART_Configuration) refers to stm32f37x_usart.o(i.USART_Init) for USART_Init
    uart.o(i.USART_Configuration) refers to stm32f37x_usart.o(i.USART_Cmd) for USART_Cmd
    uart.o(i.fputc) refers to stm32f37x_usart.o(i.USART_SendData) for USART_SendData
    uart.o(i.fputc) refers to stm32f37x_usart.o(i.USART_GetFlagStatus) for USART_GetFlagStatus
    sdadc.o(i.SDADC1_Config) refers to stm32f37x_rcc.o(i.RCC_APB2PeriphClockCmd) for RCC_APB2PeriphClockCmd
    sdadc.o(i.SDADC1_Config) refers to stm32f37x_rcc.o(i.RCC_APB1PeriphClockCmd) for RCC_APB1PeriphClockCmd
    sdadc.o(i.SDADC1_Config) refers to stm32f37x_pwr.o(i.PWR_SDADCAnalogCmd) for PWR_SDADCAnalogCmd
    sdadc.o(i.SDADC1_Config) refers to stm32f37x_rcc.o(i.RCC_SDADCCLKConfig) for RCC_SDADCCLKConfig
    sdadc.o(i.SDADC1_Config) refers to stm32f37x_rcc.o(i.RCC_AHBPeriphClockCmd) for RCC_AHBPeriphClockCmd
    sdadc.o(i.SDADC1_Config) refers to stm32f37x_gpio.o(i.GPIO_Init) for GPIO_Init
    sdadc.o(i.SDADC1_Config) refers to stm32f37x_sdadc.o(i.SDADC_VREFSelect) for SDADC_VREFSelect
    sdadc.o(i.SDADC1_Config) refers to systick.o(i.Delay_ms) for Delay_ms
    sdadc.o(i.SDADC1_Config) refers to stm32f37x_sdadc.o(i.SDADC_Cmd) for SDADC_Cmd
    sdadc.o(i.SDADC1_Config) refers to stm32f37x_sdadc.o(i.SDADC_InitModeCmd) for SDADC_InitModeCmd
[...]
    .text                                    0x0800019c   Section       36  startup_stm32f37x.o(.text)
    $v0                                      0x0800019c   Number         0  startup_stm32f37x.o(.text)
    .text                                    0x080001c0   Section        0  dadd.o(.text)
    .text                                    0x0800030e   Section        0  dmul.o(.text)
    .text                                    0x080003f2   Section        0  ddiv.o(.text)
    .text                                    0x080004d0   Section        0  dfltui.o(.text)
    .text                                    0x080004ea   Section        0  f2d.o(.text)
    .text                                    0x08000510   Section        0  d2f.o(.text)
    .text                                    0x08000548   Section        0  llshl.o(.text)
    .text                                    0x08000566   Section        0  llsshr.o(.text)
    .text                                    0x0800058a   Section        0  iusefp.o(.text)
    .text                                    0x0800058a   Section        0  fepilogue.o(.text)
    .text                                    0x080005f8   Section        0  depilogue.o(.text)
    .text                                    0x080006b4   Section       36  init.o(.text)
    .text                                    0x080006d8   Section        0  llushr.o(.text)
    .text                                    0x080006f8   Section        0  __dczerorl2.o(.text)
    i.APP_Stop                               0x08000750   Section        0  main.o(i.APP_Stop)
    i.App_Auto_Action                        0x080007e8   Section        0  main.o(i.App_Auto_Action)
    i.BusFault_Handler                       0x08000acc   Section        0  stm32f37x_it.o(i.BusFault_Handler)
    i.CAN1_RX0_IRQHandler                    0x08000ad0   Section        0  stm32f37x_it.o(i.CAN1_RX0_IRQHandler)
    i.CAN1_Receive_Msg                       0x08000afc   Section        0  can.o(i.CAN1_Receive_Msg)
    i.CAN1_Send_Msg                          0x08000b88   Section        0  can.o(i.CAN1_Send_Msg)
    i.CAN_Config                             0x08000c50   Section        0  can.o(i.CAN_Config)
    i.CAN_DeInit                             0x08000d50   Section        0  stm32f37x_can.o(i.CAN_DeInit)
    i.CAN_FilterInit                         0x08000d74   Section        0  stm32f37x_can.o(i.CAN_FilterInit)
    i.CAN_ITConfig                           0x08000e7c   Section        0  stm32f37x_can.o(i.CAN_ITConfig)
    i.CAN_Init                               0x08000e8e   Section        0  stm32f37x_can.o(i.CAN_Init)
    i.CAN_MessagePending                     0x08000fa2   Section        0  stm32f37x_can.o(i.CAN_MessagePending)
    i.CAN_Receive                            0x08000fc0   Section        0  stm32f37x_can.o(i.CAN_Receive)
    i.CAN_StructInit                         0x080010b0   Section        0  stm32f37x_can.o(i.CAN_StructInit)
    i.CAN_Transmit                           0x080010d0   Section        0  stm32f37x_can.o(i.CAN_Transmit)
    i.CAN_TransmitStatus                     0x080011f8   Section        0  stm32f37x_can.o(i.CAN_TransmitStatus)
    i.CCP_Build_Chksum                       0x08001298   Section        0  ccp2mem.o(i.CCP_Build_Chksum)
    i.CCP_Clear_Memory                       0x080012e4   Section        0  ccp2mem.o(i.CCP_Clear_Memory)
    i.CCP_Clear_Session_Configuration_ID     0x0800137c   Section        0  ccp2conf.o(i.CCP_Clear_Session_Configuration_ID)
    CCP_Clear_Session_Configuration_ID       0x0800137d   Thumb Code    20  ccp2conf.o(i.CCP_Clear_Session_Configuration_ID)
    i.CCP_Command_Unavailable                0x08001394   Section        0  ccp2conf.o(i.CCP_Command_Unavailable)
    i.CCP_Connect                            0x08001398   Section        0  ccp2mode.o(i.CCP_Connect)
    i.CCP_Disconnect                         0x08001410   Section        0  ccp2mode.o(i.CCP_Disconnect)
    i.CCP_Dnload                             0x080014a0   Section        0  ccp2mem.o(i.CCP_Dnload)
    i.CCP_Dnload_6                           0x080014b4   Section        0  ccp2mem.o(i.CCP_Dnload_6)
    i.CCP_Exchange_ID                        0x080014c0   Section        0  ccp2conf.o(i.CCP_Exchange_ID)
    i.CCP_Get_Active_Cal_Page                0x080014e4   Section        0  ccp2conf.o(i.CCP_Get_Active_Cal_Page)
    i.CCP_Get_CCP_Version                    0x080014f4   Section        0  ccp2mode.o(i.CCP_Get_CCP_Version)
    i.CCP_Get_DAQ_Size                       0x08001508   Section        0  ccp2daq.o(i.CCP_Get_DAQ_Size)
    i.CCP_Get_S_Status                       0x080015b4   Section        0  ccp2mode.o(i.CCP_Get_S_Status)
    i.CCP_Get_Seed                           0x080015c8   Section        0  ccp2mode.o(i.CCP_Get_Seed)
    i.CCP_Initialize                         0x080015d8   Section        0  ccp2main.o(i.CCP_Initialize)
    i.CCP_Initialize_Resume_Data             0x080015f8   Section        0  ccp2daq.o(i.CCP_Initialize_Resume_Data)
    i.CCP_Initialize_User                    0x08001610   Section        0  ccp2conf.o(i.CCP_Initialize_User)
    i.CCP_Location_Of_Address_User           0x08001648   Section        0  ccp2conf.o(i.CCP_Location_Of_Address_User)
    i.CCP_Move                               0x080016b0   Section        0  ccp2mem.o(i.CCP_Move)
    i.CCP_Program                            0x08001708   Section        0  ccp2mem.o(i.CCP_Program)
    i.CCP_Program_6                          0x0800171c   Section        0  ccp2mem.o(i.CCP_Program_6)
    i.CCP_Read_From_REGISTER_Memory_User     0x08001728   Section        0  ccp2conf.o(i.CCP_Read_From_REGISTER_Memory_User)
    i.CCP_Read_Resume_Data                   0x08001730   Section        0  ccp2daq.o(i.CCP_Read_Resume_Data)
    CCP_Read_Resume_Data                     0x08001731   Thumb Code   176  ccp2daq.o(i.CCP_Read_Resume_Data)
    i.CCP_Read_Session_Status_User           0x080017ec   Section        0  ccp2conf.o(i.CCP_Read_Session_Status_User)
    i.CCP_Select_Cal_Page                    0x080017f8   Section        0  ccp2conf.o(i.CCP_Select_Cal_Page)
    i.CCP_Set_DAQ_Ptr                        0x08001800   Section        0  ccp2daq.o(i.CCP_Set_DAQ_Ptr)
    i.CCP_Set_MTA                            0x08001828   Section        0  ccp2mem.o(i.CCP_Set_MTA)
    i.CCP_Set_S_Status                       0x0800183c   Section        0  ccp2mode.o(i.CCP_Set_S_Status)
    i.CCP_Set_S_Status_User                  0x080018b0   Section        0  ccp2conf.o(i.CCP_Set_S_Status_User)
    i.CCP_Short_Up                           0x08001900   Section        0  ccp2mem.o(i.CCP_Short_Up)
    i.CCP_Start_Stop                         0x08001940   Section        0  ccp2daq.o(i.CCP_Start_Stop)
    i.CCP_Start_Stop_All                     0x08001a1c   Section        0  ccp2daq.o(i.CCP_Start_Stop_All)
    i.CCP_Store_Resume_Data                  0x08001a78   Section        0  ccp2daq.o(i.CCP_Store_Resume_Data)
    i.CCP_Unlock                             0x08001b24   Section        0  ccp2mode.o(i.CCP_Unlock)
    i.CCP_Upload                             0x08001b34   Section        0  ccp2mem.o(i.CCP_Upload)
    i.CCP_Write_DAQ                          0x08001b7c   Section        0  ccp2daq.o(i.CCP_Write_DAQ)
    i.CCP_Write_To_REGISTER_Memory_User      0x08001c10   Section        0  ccp2conf.o(i.CCP_Write_To_REGISTER_Memory_User)
    i.Clear_DAQ_List                         0x08001c18   Section        0  ccp2daq.o(i.Clear_DAQ_List)
    Clear_DAQ_List                           0x08001c19   Thumb Code    82  ccp2daq.o(i.Clear_DAQ_List)
    i.DAQ_Starting_PID                       0x08001c70   Section        0  ccp2daq.o(i.DAQ_Starting_PID)
    DAQ_Starting_PID                         0x08001c71   Thumb Code    30  ccp2daq.o(i.DAQ_Starting_PID)
    i.DMA2_Channel1_IRQHandler               0x08001c94   Section        0  stm32f37x_it.o(i.DMA2_Channel1_IRQHandler)
    i.DMA2_Channel2_IRQHandler               0x08001cb8   Section        0  stm32f37x_it.o(i.DMA2_Channel2_IRQHandler)
    i.DMA2_Channel3_IRQHandler               0x08001cdc   Section        0  stm32f37x_it.o(i.DMA2_Channel3_IRQHandler)
    i.DebugMon_Handler                       0x08001d00   Section        0  stm32f37x_it.o(i.DebugMon_Handler)
    i.Delay_ms                               0x08001d04   Section        0  systick.o(i.Delay_ms)
    i.Diagnostic                             0x08001d1c   Section        0  main.o(i.Diagnostic)
    i.Download_Data                          0x08001f78   Section        0  ccp2mem.o(i.Download_Data)
    Download_Data                            0x08001f79   Thumb Code    62  ccp2mem.o(i.Download_Data)
    i.EXTI15_10_IRQHandler                   0x08001fc0   Section        0  stm32f37x_it.o(i.EXTI15_10_IRQHandler)
    i.EXTI4_IRQHandler                       0x0800202c   Section        0  stm32f37x_it.o(i.EXTI4_IRQHandler)
    i.EXTI9_5_IRQHandler                     0x08002098   Section        0  stm32f37x_it.o(i.EXTI9_5_IRQHandler)
    i.EXTI_ClearITPendingBit                 0x080020ac   Section        0  stm32f37x_exti.o(i.EXTI_ClearITPendingBit)
    i.EXTI_GetITStatus                       0x080020b8   Section        0  stm32f37x_exti.o(i.EXTI_GetITStatus)
    i.EXTI_Init                              0x080020e0   Section        0  stm32f37x_exti.o(i.EXTI_Init)
    i.Erase_All_Of_Flash                     0x08002174   Section        0  ccp2mem.o(i.Erase_All_Of_Flash)
    Erase_All_Of_Flash                       0x08002175   Thumb Code     4  ccp2mem.o(i.Erase_All_Of_Flash)
    i.GPIO_Init                              0x08002178   Section        0  stm32f37x_gpio.o(i.GPIO_Init)
    i.GPIO_PinAFConfig                       0x08002208   Section        0  stm32f37x_gpio.o(i.GPIO_PinAFConfig)
    i.GPIO_ReadInputDataBit                  0x0800224e   Section        0  stm32f37x_gpio.o(i.GPIO_ReadInputDataBit)
    i.GPIO_ReadOutputDataBit                 0x08002260   Section        0  stm32f37x_gpio.o(i.GPIO_ReadOutputDataBit)
    i.GPIO_ResetBits                         0x08002272   Section        0  stm32f37x_gpio.o(i.GPIO_ResetBits)
    i.GPIO_SetBits                           0x08002276   Section        0  stm32f37x_gpio.o(i.GPIO_SetBits)
    i.GPIO_WriteBit                          0x0800227a   Section        0  stm32f37x_gpio.o(i.GPIO_WriteBit)
    i.HardFault_Handler                      0x08002284   Section        0  stm32f37x_it.o(i.HardFault_Handler)
    i.IO_Configuration_base                  0x08002288   Section        0  main.o(i.IO_Configuration_base)
    i.Initialize_DAQ_List_Status             0x08002400   Section        0  ccp2daq.o(i.Initialize_DAQ_List_Status)
    Initialize_DAQ_List_Status               0x08002401   Thumb Code    30  ccp2daq.o(i.Initialize_DAQ_List_Status)
    i.Initialize_DAQ_Parameters              0x08002424   Section        0  ccp2daq.o(i.Initialize_DAQ_Parameters)
    i.MemManage_Handler                      0x0800243e   Section        0  stm32f37x_it.o(i.MemManage_Handler)
    i.Move_DAQ_Pointer                       0x08002444   Section        0  ccp2daq.o(i.Move_DAQ_Pointer)
    Move_DAQ_Pointer                         0x08002445   Thumb Code    70  ccp2daq.o(i.Move_DAQ_Pointer)
    i.Move_DAQ_Pointer_Forward_One_Element   0x08002494   Section        0  ccp2daq.o(i.Move_DAQ_Pointer_Forward_One_Element)
    Move_DAQ_Pointer_Forward_One_Element     0x08002495   Thumb Code    88  ccp2daq.o(i.Move_DAQ_Pointer_Forward_One_Element)
    i.Move_DAQ_Pointer_To_Next_ODT           0x080024f4   Section        0  ccp2daq.o(i.Move_DAQ_Pointer_To_Next_ODT)
    Move_DAQ_Pointer_To_Next_ODT             0x080024f5   Thumb Code    64  ccp2daq.o(i.Move_DAQ_Pointer_To_Next_ODT)
    i.Move_MTA                               0x0800253c   Section        0  ccp2mem.o(i.Move_MTA)
    i.NMI_Handler                            0x08002568   Section        0  stm32f37x_it.o(i.NMI_Handler)
    i.NVIC_Init                              0x0800256c   Section        0  stm32f37x_misc.o(i.NVIC_Init)
    i.NVIC_PriorityGroupConfig               0x080025dc   Section        0  stm32f37x_misc.o(i.NVIC_PriorityGroupConfig)
    i.Number_Of_Bytes_Left_In_ODT            0x080025f0   Section        0  ccp2daq.o(i.Number_Of_Bytes_Left_In_ODT)
    Number_Of_Bytes_Left_In_ODT              0x080025f1   Thumb Code    98  ccp2daq.o(i.Number_Of_Bytes_Left_In_ODT)
    i.PWR_SDADCAnalogCmd                     0x0800265c   Section        0  stm32f37x_pwr.o(i.PWR_SDADCAnalogCmd)
    i.PendSV_Handler                         0x0800267c   Section        0  stm32f37x_it.o(i.PendSV_Handler)
    i.Program_Data                           0x08002680   Section        0  ccp2mem.o(i.Program_Data)
    Program_Data                             0x08002681   Thumb Code   102  ccp2mem.o(i.Program_Data)
    i.RCC_AHBPeriphClockCmd                  0x080026f0   Section        0  stm32f37x_rcc.o(i.RCC_AHBPeriphClockCmd)
    i.RCC_APB1PeriphClockCmd                 0x08002710   Section        0  stm32f37x_rcc.o(i.RCC_APB1PeriphClockCmd)
    i.RCC_APB1PeriphResetCmd                 0x08002730   Section        0  stm32f37x_rcc.o(i.RCC_APB1PeriphResetCmd)
    i.RCC_APB2PeriphClockCmd                 0x08002750   Section        0  stm32f37x_rcc.o(i.RCC_APB2PeriphClockCmd)
    i.RCC_APB2PeriphResetCmd                 0x08002770   Section        0  stm32f37x_rcc.o(i.RCC_APB2PeriphResetCmd)
    i.RCC_GetClocksFreq                      0x08002790   Section        0  stm32f37x_rcc.o(i.RCC_GetClocksFreq)
    i.RCC_SDADCCLKConfig                     0x080029a0   Section        0  stm32f37x_rcc.o(i.RCC_SDADCCLKConfig)
    i.Read_DAQ_Address_Size                  0x080029bc   Section        0  ccp2daq.o(i.Read_DAQ_Address_Size)
    Read_DAQ_Address_Size                    0x080029bd   Thumb Code   146  ccp2daq.o(i.Read_DAQ_Address_Size)
    i.Read_From_RAM_Or_Register              0x08002a58   Section        0  ccp2mem.o(i.Read_From_RAM_Or_Register)
    Read_From_RAM_Or_Register                0x08002a59   Thumb Code   104  ccp2mem.o(i.Read_From_RAM_Or_Register)
    i.Reset_DAQ_List_Status                  0x08002ac0   Section        0  ccp2daq.o(i.Reset_DAQ_List_Status)
    Reset_DAQ_List_Status                    0x08002ac1   Thumb Code    52  ccp2daq.o(i.Reset_DAQ_List_Status)
    i.SDADC1_Config                          0x08002af8   Section        0  sdadc.o(i.SDADC1_Config)
    i.SDADC1_IRQHandler                      0x08002df8   Section        0  stm32f37x_it.o(i.SDADC1_IRQHandler)
    i.SDADC2_IRQHandler                      0x08002ed0   Section        0  stm32f37x_it.o(i.SDADC2_IRQHandler)
    i.SDADC3_IRQHandler                      0x08003008   Section        0  stm32f37x_it.o(i.SDADC3_IRQHandler)
    i.SDADC_AINInit                          0x08003100   Section        0  stm32f37x_sdadc.o(i.SDADC_AINInit)
    i.SDADC_CalibrationSequenceConfig        0x0800311e   Section        0  stm32f37x_sdadc.o(i.SDADC_CalibrationSequenceConfig)
    i.SDADC_ChannelConfig                    0x0800312c   Section        0  stm32f37x_sdadc.o(i.SDADC_ChannelConfig)
    i.SDADC_Cmd                              0x08003150   Section        0  stm32f37x_sdadc.o(i.SDADC_Cmd)
    i.SDADC_GetFlagStatus                    0x08003166   Section        0  stm32f37x_sdadc.o(i.SDADC_GetFlagStatus)
    i.SDADC_GetInjectedConversionValue       0x08003178   Section        0  stm32f37x_sdadc.o(i.SDADC_GetInjectedConversionValue)
    i.SDADC_ITConfig                         0x0800319c   Section        0  stm32f37x_sdadc.o(i.SDADC_ITConfig)
    i.SDADC_InitModeCmd                      0x080031ae   Section        0  stm32f37x_sdadc.o(i.SDADC_InitModeCmd)
    i.SDADC_InjectedChannelSelect            0x080031c4   Section        0  stm32f37x_sdadc.o(i.SDADC_InjectedChannelSelect)
    i.SDADC_InjectedContinuousModeCmd        0x080031ca   Section        0  stm32f37x_sdadc.o(i.SDADC_InjectedContinuousModeCmd)
    i.SDADC_SoftwareStartInjectedConv        0x080031e0   Section        0  stm32f37x_sdadc.o(i.SDADC_SoftwareStartInjectedConv)
    i.SDADC_StartCalibration                 0x080031ea   Section        0  stm32f37x_sdadc.o(i.SDADC_StartCalibration)
    i.SDADC_VREFSelect                       0x080031f4   Section        0  stm32f37x_sdadc.o(i.SDADC_VREFSelect)
    i.SPI1_IRQHandler                        0x08003208   Section        0  stm32f37x_it.o(i.SPI1_IRQHandler)
    i.SPI1_ReadByte                          0x08003244   Section        0  stm32f37x_it.o(i.SPI1_ReadByte)
    i.SPI2_IRQHandler                        0x08003258   Section        0  stm32f37x_it.o(i.SPI2_IRQHandler)
    i.SPI2_ReadByte                          0x080032a0   Section        0  stm32f37x_it.o(i.SPI2_ReadByte)
    i.SPI_I2S_ReceiveData16                  0x080032b4   Section        0  stm32f37x_spi.o(i.SPI_I2S_ReceiveData16)
    i.SVC_Handler                            0x080032ba   Section        0  stm32f37x_it.o(i.SVC_Handler)
    i.SYSCFG_EXTILineConfig                  0x080032bc   Section        0  stm32f37x_syscfg.o(i.SYSCFG_EXTILineConfig)
    i.SetSysClock                            0x080032fc   Section        0  system_stm32f37x.o(i.SetSysClock)
    SetSysClock                              0x080032fd   Thumb Code   188  system_stm32f37x.o(i.SetSysClock)
    i.Setio_BACKVLC_Clamp_Off                0x080033c0   Section        0  main.o(i.Setio_BACKVLC_Clamp_Off)
    i.Setio_BACKVLC_Clamp_On                 0x080033d4   Section        0  main.o(i.Setio_BACKVLC_Clamp_On)
    i.Setio_BACKVLC_Loosen_Off               0x080033e8   Section        0  main.o(i.Setio_BACKVLC_Loosen_Off)
    i.Setio_BACKVLC_Loosen_On                0x080033fc   Section        0  main.o(i.Setio_BACKVLC_Loosen_On)
    i.Setio_B_FEED_Off                       0x08003410   Section        0  main.o(i.Setio_B_FEED_Off)
    i.Setio_B_RETREAT_Off                    0x08003424   Section        0  main.o(i.Setio_B_RETREAT_Off)
    i.Setio_B_RETREAT_On                     0x08003434   Section        0  main.o(i.Setio_B_RETREAT_On)
    i.Setio_Fast_B_FEED_Off                  0x08003444   Section        0  main.o(i.Setio_Fast_B_FEED_Off)
    i.Setio_Fast_B_FEED_On                   0x08003468   Section        0  main.o(i.Setio_Fast_B_FEED_On)
    i.Setio_FrontVLC_Clamp_Off               0x08003488   Section        0  main.o(i.Setio_FrontVLC_Clamp_Off)
    i.Setio_FrontVLC_Clamp_On                0x0800349c   Section        0  main.o(i.Setio_FrontVLC_Clamp_On)
    i.Setio_FrontVLC_Loosen_Off              0x080034b0   Section        0  main.o(i.Setio_FrontVLC_Loosen_Off)
    i.Setio_FrontVLC_Loosen_On               0x080034c4   Section        0  main.o(i.Setio_FrontVLC_Loosen_On)
    i.Setio_SawWheel_Off                     0x080034d8   Section        0  main.o(i.Setio_SawWheel_Off)
    i.Setio_SawWheel_On                      0x080034ec   Section        0  main.o(i.Setio_SawWheel_On)
    i.Setio_W_FEED_Off                       0x08003500   Section        0  main.o(i.Setio_W_FEED_Off)
    i.Setio_W_FEED_On                        0x08003514   Section        0  main.o(i.Setio_W_FEED_On)
    i.SysTick_Handler                        0x08003528   Section        0  stm32f37x_it.o(i.SysTick_Handler)
    i.SystemInit                             0x08003530   Section        0  system_stm32f37x.o(i.SystemInit)
    i.TIM2_IRQHandler                        0x080035b0   Section        0  stm32f37x_it.o(i.TIM2_IRQHandler)
    i.TIM3_IRQHandler                        0x080035d8   Section        0  stm32f37x_it.o(i.TIM3_IRQHandler)
    i.TIM5_IRQHandler                        0x080035dc   Section        0  stm32f37x_it.o(i.TIM5_IRQHandler)
    i.TIM_ClearFlag                          0x08003604   Section        0  stm32f37x_tim.o(i.TIM_ClearFlag)
    i.TIM_ClearITPendingBit                  0x0800360a   Section        0  stm32f37x_tim.o(i.TIM_ClearITPendingBit)
    i.TIM_Cmd                                0x08003610   Section        0  stm32f37x_tim.o(i.TIM_Cmd)
    i.TIM_DeInit                             0x08003628   Section        0  stm32f37x_tim.o(i.TIM_DeInit)
    i.TIM_GetCounter                         0x080037b8   Section        0  stm32f37x_tim.o(i.TIM_GetCounter)
    i.TIM_GetITStatus                        0x080037be   Section        0  stm32f37x_tim.o(i.TIM_GetITStatus)
    i.TIM_ITConfig                           0x080037e0   Section        0  stm32f37x_tim.o(i.TIM_ITConfig)
    i.TIM_TimeBaseInit                       0x080037f4   Section        0  stm32f37x_tim.o(i.TIM_TimeBaseInit)
    i.Timer_Configuration                    0x0800388c   Section        0  main.o(i.Timer_Configuration)
    i.TimingDelay_Decrement                  0x08003958   Section        0  systick.o(i.TimingDelay_Decrement)
    i.USART3_IRQHandler                      0x08003970   Section        0  stm32f37x_it.o(i.USART3_IRQHandler)
    i.USART_ClearFlag                        0x08003a5c   Section        0  stm32f37x_usart.o(i.USART_ClearFlag)
    i.USART_ClearITPendingBit                0x08003a60   Section        0  stm32f37x_usart.o(i.USART_ClearITPendingBit)
    i.USART_GetFlagStatus                    0x08003a72   Section        0  stm32f37x_usart.o(i.USART_GetFlagStatus)
    i.USART_GetITStatus                      0x08003a84   Section        0  stm32f37x_usart.o(i.USART_GetITStatus)
    i.USART_ReceiveData                      0x08003ace   Section        0  stm32f37x_usart.o(i.USART_ReceiveData)
    i.Update_From_CAN                        0x08003ad8   Section        0  main.o(i.Update_From_CAN)
    i.Update_Session_Status_LOGGING          0x08003c70   Section        0  ccp2daq.o(i.Update_Session_Status_LOGGING)
    Update_Session_Status_LOGGING            0x08003c71   Thumb Code    92  ccp2daq.o(i.Update_Session_Status_LOGGING)
    i.UsageFault_Handler                     0x08003cd4   Section        0  stm32f37x_it.o(i.UsageFault_Handler)
    i.Write_To_EEPROM                        0x08003cd8   Section        0  ccp2mem.o(i.Write_To_EEPROM)
    Write_To_EEPROM                          0x08003cd9   Thumb Code    36  ccp2mem.o(i.Write_To_EEPROM)
    i.Write_To_Flash                         0x08003d00   Section        0  ccp2mem.o(i.Write_To_Flash)
    Write_To_Flash                           0x08003d01   Thumb Code    36  ccp2mem.o(i.Write_To_Flash)
    i.Write_To_RAM_Or_Register               0x08003d28   Section        0  ccp2mem.o(i.Write_To_RAM_Or_Register)
    Write_To_RAM_Or_Register                 0x08003d29   Thumb Code   106  ccp2mem.o(i.Write_To_RAM_Or_Register)
    i.Write_to_Current_DAQ_Pointer           0x08003d98   Section        0  ccp2daq.o(i.Write_to_Current_DAQ_Pointer)
    Write_to_Current_DAQ_Pointer             0x08003d99   Thumb Code   154  ccp2daq.o(i.Write_to_Current_DAQ_Pointer)
    i.__scatterload_copy                     0x08003e3c   Section       14  handlers.o(i.__scatterload_copy)
    i.__scatterload_null                     0x08003e4a   Section        2  handlers.o(i.__scatterload_null)
    i.__scatterload_zeroinit                 0x08003e4c   Section       14  handlers.o(i.__scatterload_zeroinit)
    i.main                                   0x08003e5c   Section        0  main.o(i.main)
    i.update_machine_status                  0x08004570   Section        0  main.o(i.update_machine_status)
    i.virtual_PWM_OUTPUT                     0x08004660   Section        0  main.o(i.virtual_PWM_OUTPUT)
    .constdata                               0x08004798   Section      208  ccp2conf.o(.constdata)
    .constdata                               0x08004868   Section       30  ccp2daq.o(.constdata)
    remainder_mask                           0x08004868   Data          30  ccp2daq.o(.constdata)
    .constdata                               0x08004888   Section      196  io_can_config.o(.constdata)
    .data                                    0x20000000   Section        4  systick.o(.data)
    TimingDelay                              0x20000000   Data           4  systick.o(.data)
    .data                                    0x20000004   Section       28  can.o(.data)
    .data                                    0x20000020   Section      334  main.o(.data)
    .data                                    0x20000170   Section       11  ccp2daq.o(.data)
    current_DAQ_ptr_reference                0x20000178   Data           3  ccp2daq.o(.data)
    .data                                    0x2000017c   Section        8  ccp2mem.o(.data)
    MTA_ptr                                  0x2000017c   Data           8  ccp2mem.o(.data)
    .data                                    0x20000184   Section        5  ccp2session_nvm.o(.data)
    .data                                    0x20000189   Section       36  stm32f37x_rcc.o(.data)
    APBAHBPrescTable                         0x20000189   Data          16  stm32f37x_rcc.o(.data)
    ADCPrescTable                            0x20000199   Data           4  stm32f37x_rcc.o(.data)
    SDADCPrescTable                          0x2000019d   Data          16  stm32f37x_rcc.o(.data)
    .data                                    0x200001b0   Section       62  stm32f37x_it.o(.data)
    .bss                                     0x200001f0   Section      120  ccp2conf.o(.bss)
    CCP_EIS                                  0x200001f0   Data          36  ccp2conf.o(.bss)
    daq0_data_buffer                         0x20000214   Data          14  ccp2conf.o(.bss)
    daq1_data_buffer                         0x20000222   Data          14  ccp2conf.o(.bss)
    daq2_data_buffer                         0x20000230   Data          28  ccp2conf.o(.bss)
    daq3_data_buffer                         0x2000024c   Data          28  ccp2conf.o(.bss)
    .bss                                     0x20000268   Section       80  ccp2daq.o(.bss)
    .bss                                     0x200002b8   Section       44  ccp2main.o(.bss)
    .bss                                     0x200002e4   Section      240  ccp2nvmd.o(.bss)
    .bss                                     0x200003d4   Section      516  stm32f37x_it.o(.bss)
    STACK                                    0x200005d8   Section     1024  startup_stm32f37x.o(STACK)

    Global Symbols

    Symbol Name                              Value     Ov Type        Size  Object(Section)

    BuildAttributes$$THM_ISAv4$E$P$D$K$B$S$7EM$VFPi3$EXTD16$VFPS$VFMA$PE$A:L22UL41UL21$X:L11$S22US41US21$IEEE1$IW$USESV6$~STKCKD$USESV7$~SHL$OTIME$ROPI$EBA8$MICROLIB$REQ8$PRES8$EABIv2 0x00000000   Number         0  anon$$obj.o ABSOLUTE
    __ARM_use_no_argv                        0x00000000   Number         0  main.o ABSOLUTE
    __cpp_initialize__aeabi_                  - Undefined Weak Reference
    __cxa_finalize                            - Undefined Weak Reference
    _clock_init                               - Undefined Weak Reference
    _microlib_exit                            - Undefined Weak Reference
    __Vectors_Size                           0x00000188   Number         0  startup_stm32f37x.o ABSOLUTE
    __Vectors                                0x08000000   Data           4  startup_stm32f37x.o(RESET)
    __Vectors_End                            0x08000188   Data           0  startup_stm32f37x.o(RESET)
    __main                                   0x08000189   Thumb Code     0  entry.o(.ARM.Collect$$$$00000000)
    _main_stk                                0x08000189   Thumb Code     0  entry2.o(.ARM.Collect$$$$00000001)
    _main_scatterload                        0x0800018d   Thumb Code     0  entry5.o(.ARM.Collect$$$$00000004)
    __main_after_scatterload                 0x08000191   Thumb Code     0  entry5.o(.ARM.Collect$$$$00000004)
    _main_clock                              0x08000191   Thumb Code     0  entry7b.o(.ARM.Collect$$$$00000008)
    _main_cpp_init                           0x08000191   Thumb Code     0  entry8b.o(.ARM.Collect$$$$0000000A)
    _main_init                               0x08000191   Thumb Code     0  entry9a.o(.ARM.Collect$$$$0000000B)
    __rt_final_cpp                           0x08000199   Thumb Code     0  entry10a.o(.ARM.Collect$$$$0000000D)
    __rt_final_exit                          0x08000199   Thumb Code     0  entry11a.o(.ARM.Collect$$$$0000000F)
    Reset_Handler                            0x0800019d   Thumb Code     8  startup_stm32f37x.o(.text)
    ADC1_IRQHandler                          0x080001b7   Thumb Code     0  startup_stm32f37x.o(.text)
    CAN1_RX1_IRQHandler                      0x080001b7   Thumb Code     0  startup_stm32f37x.o(.text)
    CAN1_SCE_IRQHandler                      0x080001b7   Thumb Code     0  startup_stm32f37x.o(.text)
    CAN1_TX_IRQHandler                       0x080001b7   Thumb Code     0  startup_stm32f37x.o(.text)
    CEC_IRQHandler                           0x080001b7   Thumb Code     0  startup_stm32f37x.o(.text)
    COMP_IRQHandler                          0x080001b7   Thumb Code     0  startup_stm32f37x.o(.text)
    DMA1_Channel1_IRQHandler                 0x080001b7   Thumb Code     0  startup_stm32f37x.o(.text)
    DMA1_Channel2_IRQHandler                 0x080001b7   Thumb Code     0  startup_stm32f37x.o(.text)
    DMA1_Channel3_IRQHandler                 0x080001b7   Thumb Code     0  startup_stm32f37x.o(.text)
    DMA1_Channel4_IRQHandler                 0x080001b7   Thumb Code     0  startup_stm32f37x.o(.text)
    DMA1_Channel5_IRQHandler                 0x080001b7   Thumb Code     0  startup_stm32f37x.o(.text)
    DMA1_Channel6_IRQHandler                 0x080001b7   Thumb Code     0  startup_stm32f37x.o(.text)
    DMA1_Channel7_IRQHandler                 0x080001b7   Thumb Code     0  startup_stm32f37x.o(.text)
    DMA2_Channel4_IRQHandler                 0x080001b7   Thumb Code     0  startup_stm32f37x.o(.text)
    DMA2_Channel5_IRQHandler                 0x080001b7   Thumb Code     0  startup_stm32f37x.o(.text)
    EXTI0_IRQHandler                         0x080001b7   Thumb Code     0  startup_stm32f37x.o(.text)
    EXTI1_IRQHandler                         0x080001b7   Thumb Code     0  startup_stm32f37x.o(.text)
    EXTI2_TS_IRQHandler                      0x080001b7   Thumb Code     0  startup_stm32f37x.o(.text)
    EXTI3_IRQHandler                         0x080001b7   Thumb Code     0  startup_stm32f37x.o(.text)
    FLASH_IRQHandler                         0x080001b7   Thumb Code     0  startup_stm32f37x.o(.text)
    FPU_IRQHandler                           0x080001b7   Thumb Code     0  startup_stm32f37x.o(.text)
    I2C1_ER_IRQHandler                       0x080001b7   Thumb Code     0  startup_stm32f37x.o(.text)
    I2C1_EV_IRQHandler                       0x080001b7   Thumb Code     0  startup_stm32f37x.o(.text)
    I2C2_ER_IRQHandler                       0x080001b7   Thumb Code     0  startup_stm32f37x.o(.text)
    I2C2_EV_IRQHandler                       0x080001b7   Thumb Code     0  startup_stm32f37x.o(.text)
    PVD_IRQHandler                           0x080001b7   Thumb Code     0  startup_stm32f37x.o(.text)
    RCC_IRQHandler                           0x080001b7   Thumb Code     0  startup_stm32f37x.o(.text)
    RTC_Alarm_IRQHandler                     0x080001b7   Thumb Code     0  startup_stm32f37x.o(.text)
    RTC_WKUP_IRQHandler                      0x080001b7   Thumb Code     0  startup_stm32f37x.o(.text)
    SPI3_IRQHandler                          0x080001b7   Thumb Code     0  startup_stm32f37x.o(.text)
    TAMPER_STAMP_IRQHandler                  0x080001b7   Thumb Code     0  startup_stm32f37x.o(.text)
    TIM12_IRQHandler                         0x080001b7   Thumb Code     0  startup_stm32f37x.o(.text)
    TIM13_IRQHandler                         0x080001b7   Thumb Code     0  startup_stm32f37x.o(.text)
    TIM14_IRQHandler                         0x080001b7   Thumb Code     0  startup_stm32f37x.o(.text)
    TIM15_IRQHandler                         0x080001b7   Thumb Code     0  startup_stm32f37x.o(.text)
    TIM16_IRQHandler                         0x080001b7   Thumb Code     0  startup_stm32f37x.o(.text)
    TIM17_IRQHandler                         0x080001b7   Thumb Code     0  startup_stm32f37x.o(.text)
    TIM18_DAC2_IRQHandler                    0x080001b7   Thumb Code     0  startup_stm32f37x.o(.text)
    TIM19_IRQHandler                         0x080001b7   Thumb Code     0  startup_stm32f37x.o(.text)
    TIM4_IRQHandler                          0x080001b7   Thumb Code     0  startup_stm32f37x.o(.text)
    TIM6_DAC1_IRQHandler                     0x080001b7   Thumb Code     0  startup_stm32f37x.o(.text)
    TIM7_IRQHandler                          0x080001b7   Thumb Code     0  startup_stm32f37x.o(.text)
    USART1_IRQHandler                        0x080001b7   Thumb Code     0  startup_stm32f37x.o(.text)
    USART2_IRQHandler                        0x080001b7   Thumb Code     0  startup_stm32f37x.o(.text)
    USBWakeUp_IRQHandler                     0x080001b7   Thumb Code     0  startup_stm32f37x.o(.text)
    USB_HP_IRQHandler                        0x080001b7   Thumb Code     0  startup_stm32f37x.o(.text)
    USB_LP_IRQHandler                        0x080001b7   Thumb Code     0  startup_stm32f37x.o(.text)
    WWDG_IRQHandler                          0x080001b7   Thumb Code     0  startup_stm32f37x.o(.text)
    __aeabi_dadd                             0x080001c1   Thumb Code   322  dadd.o(.text)
    __aeabi_dsub                             0x08000303   Thumb Code     6  dadd.o(.text)
    __aeabi_drsub                            0x08000309   Thumb Code     6  dadd.o(.text)
    __aeabi_dmul                             0x0800030f   Thumb Code   228  dmul.o(.text)
    __aeabi_ddiv                             0x080003f3   Thumb Code   222  ddiv.o(.text)
    __aeabi_ui2d                             0x080004d1   Thumb Code    26  dfltui.o(.text)
    __aeabi_f2d                              0x080004eb   Thumb Code    38  f2d.o(.text)
    __aeabi_d2f                              0x08000511   Thumb Code    56  d2f.o(.text)
    __aeabi_llsl                             0x08000549   Thumb Code    30  llshl.o(.text)
    _ll_shift_l                              0x08000549   Thumb Code     0  llshl.o(.text)
    __aeabi_lasr                             0x08000567   Thumb Code    36  llsshr.o(.text)
    _ll_sshift_r                             0x08000567   Thumb Code     0  llsshr.o(.text)
    __I$use$fp                               0x0800058b   Thumb Code     0  iusefp.o(.text)
    _float_round                             0x0800058b   Thumb Code    18  fepilogue.o(.text)
    _float_epilogue                          0x0800059d   Thumb Code    92  fepilogue.o(.text)
    _double_round                            0x080005f9   Thumb Code    30  depilogue.o(.text)
    _double_epilogue                         0x08000617   Thumb Code   156  depilogue.o(.text)
    __scatterload                            0x080006b5   Thumb Code    28  init.o(.text)
    __scatterload_rt2                        0x080006b5   Thumb Code     0  init.o(.text)
    __aeabi_llsr                             0x080006d9   Thumb Code    32  llushr.o(.text)
    _ll_ushift_r                             0x080006d9   Thumb Code     0  llushr.o(.text)
    __decompress                             0x080006f9   Thumb Code     0  __dczerorl2.o(.text)
    __decompress1                            0x080006f9   Thumb Code    86  __dczerorl2.o(.text)
    APP_Stop                                 0x08000751   Thumb Code   142  main.o(i.APP_Stop)
    App_Auto_Action                          0x080007e9   Thumb Code   686  main.o(i.App_Auto_Action)
    BusFault_Handler                         0x08000acd   Thumb Code     4  stm32f37x_it.o(i.BusFault_Handler)
    CAN1_RX0_IRQHandler                      0x08000ad1   Thumb Code    32  stm32f37x_it.o(i.CAN1_RX0_IRQHandler)
    CAN1_Receive_Msg                         0x08000afd   Thumb Code   124  can.o(i.CAN1_Receive_Msg)
    CAN1_Send_Msg                            0x08000b89   Thumb Code   182  can.o(i.CAN1_Send_Msg)
    CAN_Config                               0x08000c51   Thumb Code   246  can.o(i.CAN_Config)
    CAN_DeInit                               0x08000d51   Thumb Code    30  stm32f37x_can.o(i.CAN_DeInit)
    CAN_FilterInit                           0x08000d75   Thumb Code   258  stm32f37x_can.o(i.CAN_FilterInit)
    CAN_ITConfig                             0x08000e7d   Thumb Code    18  stm32f37x_can.o(i.CAN_ITConfig)
    CAN_Init                                 0x08000e8f   Thumb Code   276  stm32f37x_can.o(i.CAN_Init)
    CAN_MessagePending                       0x08000fa3   Thumb Code    30  stm32f37x_can.o(i.CAN_MessagePending)
    CAN_Receive                              0x08000fc1   Thumb Code   240  stm32f37x_can.o(i.CAN_Receive)
    CAN_StructInit                           0x080010b1   Thumb Code    32  stm32f37x_can.o(i.CAN_StructInit)
    CAN_Transmit                             0x080010d1   Thumb Code   294  stm32f37x_can.o(i.CAN_Transmit)
    CAN_TransmitStatus                       0x080011f9   Thumb Code   138  stm32f37x_can.o(i.CAN_TransmitStatus)
    CCP_Build_Chksum                         0x08001299   Thumb Code    68  ccp2mem.o(i.CCP_Build_Chksum)
    CCP_Clear_Memory                         0x080012e5   Thumb Code   142  ccp2mem.o(i.CCP_Clear_Memory)
    CCP_Command_Unavailable                  0x08001395   Thumb Code     4  ccp2conf.o(i.CCP_Command_Unavailable)
    CCP_Connect                              0x08001399   Thumb Code   114  ccp2mode.o(i.CCP_Connect)
    CCP_Disconnect                           0x08001411   Thumb Code   140  ccp2mode.o(i.CCP_Disconnect)
    CCP_Dnload                               0x080014a1   Thumb Code    14  ccp2mem.o(i.CCP_Dnload)
    CCP_Dnload_6                             0x080014b5   Thumb Code    12  ccp2mem.o(i.CCP_Dnload_6)
    CCP_Exchange_ID                          0x080014c1   Thumb Code    28  ccp2conf.o(i.CCP_Exchange_ID)
    CCP_Get_Active_Cal_Page                  0x080014e5   Thumb Code    10  ccp2conf.o(i.CCP_Get_Active_Cal_Page)
    CCP_Get_CCP_Version                      0x080014f5   Thumb Code    14  ccp2mode.o(i.CCP_Get_CCP_Version)
    CCP_Get_DAQ_Size                         0x08001509   Thumb Code   158  ccp2daq.o(i.CCP_Get_DAQ_Size)
    CCP_Get_S_Status                         0x080015b5   Thumb Code    16  ccp2mode.o(i.CCP_Get_S_Status)
    CCP_Get_Seed                             0x080015c9   Thumb Code    10  ccp2mode.o(i.CCP_Get_Seed)
    CCP_Initialize                           0x080015d9   Thumb Code    28  ccp2main.o(i.CCP_Initialize)
    CCP_Initialize_Resume_Data               0x080015f9   Thumb Code    20  ccp2daq.o(i.CCP_Initialize_Resume_Data)
    CCP_Initialize_User                      0x08001611   Thumb Code    44  ccp2conf.o(i.CCP_Initialize_User)
    CCP_Location_Of_Address_User             0x08001649   Thumb Code    86  ccp2conf.o(i.CCP_Location_Of_Address_User)
    CCP_Move                                 0x080016b1   Thumb Code    78  ccp2mem.o(i.CCP_Move)
    CCP_Program                              0x08001709   Thumb Code    14  ccp2mem.o(i.CCP_Program)
    CCP_Program_6                            0x0800171d   Thumb Code    12  ccp2mem.o(i.CCP_Program_6)
    CCP_Read_From_REGISTER_Memory_User       0x08001729   Thumb Code     6  ccp2conf.o(i.CCP_Read_From_REGISTER_Memory_User)
    CCP_Read_Session_Status_User             0x080017ed   Thumb Code     6  ccp2conf.o(i.CCP_Read_Session_Status_User)
    CCP_Select_Cal_Page                      0x080017f9   Thumb Code     6  ccp2conf.o(i.CCP_Select_Cal_Page)
    CCP_Set_DAQ_Ptr                          0x08001801   Thumb Code    34  ccp2daq.o(i.CCP_Set_DAQ_Ptr)
    CCP_Set_MTA                              0x08001829   Thumb Code    14  ccp2mem.o(i.CCP_Set_MTA)
    CCP_Set_S_Status                         0x0800183d   Thumb Code   112  ccp2mode.o(i.CCP_Set_S_Status)
    CCP_Set_S_Status_User                    0x080018b1   Thumb Code    68  ccp2conf.o(i.CCP_Set_S_Status_User)
    CCP_Short_Up                             0x08001901   Thumb Code    60  ccp2mem.o(i.CCP_Short_Up)
    CCP_Start_Stop                           0x08001941   Thumb Code   208  ccp2daq.o(i.CCP_Start_Stop)
    CCP_Start_Stop_All                       0x08001a1d   Thumb Code    82  ccp2daq.o(i.CCP_Start_Stop_All)
    CCP_Store_Resume_Data                    0x08001a79   Thumb Code   160  ccp2daq.o(i.CCP_Store_Resume_Data)
    CCP_Unlock                               0x08001b25   Thumb Code    10  ccp2mode.o(i.CCP_Unlock)
    CCP_Upload                               0x08001b35   Thumb Code    64  ccp2mem.o(i.CCP_Upload)
    CCP_Write_DAQ                            0x08001b7d   Thumb Code   140  ccp2daq.o(i.CCP_Write_DAQ)
    CCP_Write_To_REGISTER_Memory_User        0x08001c11   Thumb Code     6  ccp2conf.o(i.CCP_Write_To_REGISTER_Memory_User)
    DMA2_Channel1_IRQHandler                 0x08001c95   Thumb Code    26  stm32f37x_it.o(i.DMA2_Channel1_IRQHandler)
    DMA2_Channel2_IRQHandler                 0x08001cb9   Thumb Code    26  stm32f37x_it.o(i.DMA2_Channel2_IRQHandler)
    DMA2_Channel3_IRQHandler                 0x08001cdd   Thumb Code    26  stm32f37x_it.o(i.DMA2_Channel3_IRQHandler)
    DebugMon_Handler                         0x08001d01   Thumb Code     2  stm32f37x_it.o(i.DebugMon_Handler)
    Delay_ms                                 0x08001d05   Thumb Code    20  systick.o(i.Delay_ms)
    Diagnostic                               0x08001d1d   Thumb Code   522  main.o(i.Diagnostic)
    EXTI15_10_IRQHandler                     0x08001fc1   Thumb Code    94  stm32f37x_it.o(i.EXTI15_10_IRQHandler)
    EXTI4_IRQHandler                         0x0800202d   Thumb Code    90  stm32f37x_it.o(i.EXTI4_IRQHandler)
    EXTI9_5_IRQHandler                       0x08002099   Thumb Code    18  stm32f37x_it.o(i.EXTI9_5_IRQHandler)
    EXTI_ClearITPendingBit                   0x080020ad   Thumb Code     6  stm32f37x_exti.o(i.EXTI_ClearITPendingBit)
    EXTI_GetITStatus                         0x080020b9   Thumb Code    34  stm32f37x_exti.o(i.EXTI_GetITStatus)
    EXTI_Init                                0x080020e1   Thumb Code   142  stm32f37x_exti.o(i.EXTI_Init)
    GPIO_Init                                0x08002179   Thumb Code   144  stm32f37x_gpio.o(i.GPIO_Init)
    GPIO_PinAFConfig                         0x08002209   Thumb Code    70  stm32f37x_gpio.o(i.GPIO_PinAFConfig)
    GPIO_ReadInputDataBit                    0x0800224f   Thumb Code    18  stm32f37x_gpio.o(i.GPIO_ReadInputDataBit)
    GPIO_ReadOutputDataBit                   0x08002261   Thumb Code    18  stm32f37x_gpio.o(i.GPIO_ReadOutputDataBit)
    GPIO_ResetBits                           0x08002273   Thumb Code     4  stm32f37x_gpio.o(i.GPIO_ResetBits)
    GPIO_SetBits                             0x08002277   Thumb Code     4  stm32f37x_gpio.o(i.GPIO_SetBits)
    GPIO_WriteBit                            0x0800227b   Thumb Code    10  stm32f37x_gpio.o(i.GPIO_WriteBit)
    HardFault_Handler                        0x08002285   Thumb Code     4  stm32f37x_it.o(i.HardFault_Handler)
    IO_Configuration_base                    0x08002289   Thumb Code   364  main.o(i.IO_Configuration_base)
    Initialize_DAQ_Parameters                0x08002425   Thumb Code    26  ccp2daq.o(i.Initialize_DAQ_Parameters)
    MemManage_Handler                        0x0800243f   Thumb Code     4  stm32f37x_it.o(i.MemManage_Handler)
    Move_MTA                                 0x0800253d   Thumb Code    40  ccp2mem.o(i.Move_MTA)
    NMI_Handler                              0x08002569   Thumb Code     2  stm32f37x_it.o(i.NMI_Handler)
    NVIC_Init                                0x0800256d   Thumb Code   100  stm32f37x_misc.o(i.NVIC_Init)
    NVIC_PriorityGroupConfig                 0x080025dd   Thumb Code    10  stm32f37x_misc.o(i.NVIC_PriorityGroupConfig)
    PWR_SDADCAnalogCmd                       0x0800265d   Thumb Code    26  stm32f37x_pwr.o(i.PWR_SDADCAnalogCmd)
    PendSV_Handler                           0x0800267d   Thumb Code     2  stm32f37x_it.o(i.PendSV_Handler)
    RCC_AHBPeriphClockCmd                    0x080026f1   Thumb Code    26  stm32f37x_rcc.o(i.RCC_AHBPeriphClockCmd)
    RCC_APB1PeriphClockCmd                   0x08002711   Thumb Code    26  stm32f37x_rcc.o(i.RCC_APB1PeriphClockCmd)
    RCC_APB1PeriphResetCmd                   0x08002731   Thumb Code    26  stm32f37x_rcc.o(i.RCC_APB1PeriphResetCmd)
    RCC_APB2PeriphClockCmd                   0x08002751   Thumb Code    26  stm32f37x_rcc.o(i.RCC_APB2PeriphClockCmd)
    RCC_APB2PeriphResetCmd                   0x08002771   Thumb Code    26  stm32f37x_rcc.o(i.RCC_APB2PeriphResetCmd)
    RCC_GetClocksFreq                        0x08002791   Thumb Code   504  stm32f37x_rcc.o(i.RCC_GetClocksFreq)
    RCC_SDADCCLKConfig                       0x080029a1   Thumb Code    22  stm32f37x_rcc.o(i.RCC_SDADCCLKConfig)
    SDADC1_Config                            0x08002af9   Thumb Code   730  sdadc.o(i.SDADC1_Config)
    SDADC1_IRQHandler                        0x08002df9   Thumb Code   166  stm32f37x_it.o(i.SDADC1_IRQHandler)
    SDADC2_IRQHandler                        0x08002ed1   Thumb Code   254  stm32f37x_it.o(i.SDADC2_IRQHandler)
    SDADC3_IRQHandler                        0x08003009   Thumb Code   196  stm32f37x_it.o(i.SDADC3_IRQHandler)
    SDADC_AINInit                            0x08003101   Thumb Code    30  stm32f37x_sdadc.o(i.SDADC_AINInit)
    SDADC_CalibrationSequenceConfig          0x0800311f   Thumb Code    14  stm32f37x_sdadc.o(i.SDADC_CalibrationSequenceConfig)
    SDADC_ChannelConfig                      0x0800312d   Thumb Code    30  stm32f37x_sdadc.o(i.SDADC_ChannelConfig)
    SDADC_Cmd                                0x08003151   Thumb Code    22  stm32f37x_sdadc.o(i.SDADC_Cmd)
    SDADC_GetFlagStatus                      0x08003167   Thumb Code    18  stm32f37x_sdadc.o(i.SDADC_GetFlagStatus)
    SDADC_GetInjectedConversionValue         0x08003179   Thumb Code    30  stm32f37x_sdadc.o(i.SDADC_GetInjectedConversionValue)
    SDADC_ITConfig                           0x0800319d   Thumb Code    18  stm32f37x_sdadc.o(i.SDADC_ITConfig)
    SDADC_InitModeCmd                        0x080031af   Thumb Code    22  stm32f37x_sdadc.o(i.SDADC_InitModeCmd)
    SDADC_InjectedChannelSelect              0x080031c5   Thumb Code     6  stm32f37x_sdadc.o(i.SDADC_InjectedChannelSelect)
    SDADC_InjectedContinuousModeCmd          0x080031cb   Thumb Code    22  stm32f37x_sdadc.o(i.SDADC_InjectedContinuousModeCmd)
    SDADC_SoftwareStartInjectedConv          0x080031e1   Thumb Code    10  stm32f37x_sdadc.o(i.SDADC_SoftwareStartInjectedConv)
    SDADC_StartCalibration                   0x080031eb   Thumb Code    10  stm32f37x_sdadc.o(i.SDADC_StartCalibration)
    SDADC_VREFSelect                         0x080031f5   Thumb Code    16  stm32f37x_sdadc.o(i.SDADC_VREFSelect)
    SPI1_IRQHandler                          0x08003209   Thumb Code    48  stm32f37x_it.o(i.SPI1_IRQHandler)
    SPI1_ReadByte                            0x08003245   Thumb Code    14  stm32f37x_it.o(i.SPI1_ReadByte)
    SPI2_IRQHandler                          0x08003259   Thumb Code    60  stm32f37x_it.o(i.SPI2_IRQHandler)
    SPI2_ReadByte                            0x080032a1   Thumb Code    14  stm32f37x_it.o(i.SPI2_ReadByte)
    SPI_I2S_ReceiveData16                    0x080032b5   Thumb Code     6  stm32f37x_spi.o(i.SPI_I2S_ReceiveData16)
    SVC_Handler                              0x080032bb   Thumb Code     2  stm32f37x_it.o(i.SVC_Handler)
    SYSCFG_EXTILineConfig                    0x080032bd   Thumb Code    60  stm32f37x_syscfg.o(i.SYSCFG_EXTILineConfig)
    Setio_BACKVLC_Clamp_Off                  0x080033c1   Thumb Code    14  main.o(i.Setio_BACKVLC_Clamp_Off)
    Setio_BACKVLC_Clamp_On                   0x080033d5   Thumb Code    14  main.o(i.Setio_BACKVLC_Clamp_On)
    Setio_BACKVLC_Loosen_Off                 0x080033e9   Thumb Code    16  main.o(i.Setio_BACKVLC_Loosen_Off)
    Setio_BACKVLC_Loosen_On                  0x080033fd   Thumb Code    14  main.o(i.Setio_BACKVLC_Loosen_On)
    Setio_B_FEED_Off                         0x08003411   Thumb Code    16  main.o(i.Setio_B_FEED_Off)
    Setio_B_RETREAT_Off                      0x08003425   Thumb Code    16  main.o(i.Setio_B_RETREAT_Off)
    Setio_B_RETREAT_On                       0x08003435   Thumb Code    16  main.o(i.Setio_B_RETREAT_On)
    Setio_Fast_B_FEED_Off                    0x08003445   Thumb Code    28  main.o(i.Setio_Fast_B_FEED_Off)
    Setio_Fast_B_FEED_On                     0x08003469   Thumb Code    24  main.o(i.Setio_Fast_B_FEED_On)
    Setio_FrontVLC_Clamp_Off                 0x08003489   Thumb Code    14  main.o(i.Setio_FrontVLC_Clamp_Off)
    Setio_FrontVLC_Clamp_On                  0x0800349d   Thumb Code    14  main.o(i.Setio_FrontVLC_Clamp_On)
    Setio_FrontVLC_Loosen_Off                0x080034b1   Thumb Code    16  main.o(i.Setio_FrontVLC_Loosen_Off)
    Setio_FrontVLC_Loosen_On                 0x080034c5   Thumb Code    14  main.o(i.Setio_FrontVLC_Loosen_On)
    Setio_SawWheel_Off                       0x080034d9   Thumb Code    14  main.o(i.Setio_SawWheel_Off)
    Setio_SawWheel_On                        0x080034ed   Thumb Code    14  main.o(i.Setio_SawWheel_On)
    Setio_W_FEED_Off                         0x08003501   Thumb Code    16  main.o(i.Setio_W_FEED_Off)
    Setio_W_FEED_On                          0x08003515   Thumb Code    14  main.o(i.Setio_W_FEED_On)
    SysTick_Handler                          0x08003529   Thumb Code     8  stm32f37x_it.o(i.SysTick_Handler)
    SystemInit                               0x08003531   Thumb Code   110  system_stm32f37x.o(i.SystemInit)
    TIM2_IRQHandler                          0x080035b1   Thumb Code    36  stm32f37x_it.o(i.TIM2_IRQHandler)
    TIM3_IRQHandler                          0x080035d9   Thumb Code     2  stm32f37x_it.o(i.TIM3_IRQHandler)
    TIM5_IRQHandler                          0x080035dd   Thumb Code    34  stm32f37x_it.o(i.TIM5_IRQHandler)
    TIM_ClearFlag                            0x08003605   Thumb Code     6  stm32f37x_tim.o(i.TIM_ClearFlag)
    TIM_ClearITPendingBit                    0x0800360b   Thumb Code     6  stm32f37x_tim.o(i.TIM_ClearITPendingBit)
    TIM_Cmd                                  0x08003611   Thumb Code    24  stm32f37x_tim.o(i.TIM_Cmd)
    TIM_DeInit                               0x08003629   Thumb Code   348  stm32f37x_tim.o(i.TIM_DeInit)
    TIM_GetCounter                           0x080037b9   Thumb Code     6  stm32f37x_tim.o(i.TIM_GetCounter)
    TIM_GetITStatus                          0x080037bf   Thumb Code    34  stm32f37x_tim.o(i.TIM_GetITStatus)
    TIM_ITConfig                             0x080037e1   Thumb Code    18  stm32f37x_tim.o(i.TIM_ITConfig)
    TIM_TimeBaseInit                         0x080037f5   Thumb Code   110  stm32f37x_tim.o(i.TIM_TimeBaseInit)
    Timer_Configuration                      0x0800388d   Thumb Code   198  main.o(i.Timer_Configuration)
    TimingDelay_Decrement                    0x08003959   Thumb Code    18  systick.o(i.TimingDelay_Decrement)
    USART3_IRQHandler                        0x08003971   Thumb Code   202  stm32f37x_it.o(i.USART3_IRQHandler)
    USART_ClearFlag                          0x08003a5d   Thumb Code     4  stm32f37x_usart.o(i.USART_ClearFlag)
    USART_ClearITPendingBit                  0x08003a61   Thumb Code    18  stm32f37x_usart.o(i.USART_ClearITPendingBit)
    USART_GetFlagStatus                      0x08003a73   Thumb Code    18  stm32f37x_usart.o(i.USART_GetFlagStatus)
    USART_GetITStatus                        0x08003a85   Thumb Code    74  stm32f37x_usart.o(i.USART_GetITStatus)
    USART_ReceiveData                        0x08003acf   Thumb Code    10  stm32f37x_usart.o(i.USART_ReceiveData)
    Update_From_CAN                          0x08003ad9   Thumb Code   300  main.o(i.Update_From_CAN)
    UsageFault_Handler                       0x08003cd5   Thumb Code     4  stm32f37x_it.o(i.UsageFault_Handler)
    __scatterload_copy                       0x08003e3d   Thumb Code    14  handlers.o(i.__scatterload_copy)
    __scatterload_null                       0x08003e4b   Thumb Code     2  handlers.o(i.__scatterload_null)
    __scatterload_zeroinit                   0x08003e4d   Thumb Code    14  handlers.o(i.__scatterload_zeroinit)
    main                                     0x08003e5d   Thumb Code  1766  main.o(i.main)
    update_machine_status                    0x08004571   Thumb Code   222  main.o(i.update_machine_status)
    virtual_PWM_OUTPUT                       0x08004661   Thumb Code   280  main.o(i.virtual_PWM_OUTPUT)
    CCP_COMMAND_FCN_PTR                      0x08004798   Data         144  ccp2conf.o(.constdata)
    CCP_DAQ_Configuration                    0x08004828   Data          64  ccp2conf.o(.constdata)
    CAN_Transmit_Message_Parameter_Table     0x08004888   Data         180  io_can_config.o(.constdata)
    CAN_Receive_Message_Parameter_Table      0x0800493c   Data          16  io_can_config.o(.constdata)
    Region$$Table$$Base                      0x0800494c   Number         0  anon$$obj.o(Region$$Table)
    Region$$Table$$Limit                     0x0800496c   Number         0  anon$$obj.o(Region$$Table)
    crc                                      0x20000004   Data           2  can.o(.data)
    status                                   0x20000006   Data           1  can.o(.data)
    ret                                      0x20000008   Data           4  can.o(.data)
    can_message_id1                          0x2000000c   Data           4  can.o(.data)
    Rxmessage10                              0x20000010   Data           8  can.o(.data)
    RxMessage1                               0x20000018   Data           8  can.o(.data)
    temp_count                               0x20000020   Data           4  main.o(.data)
    FLASHStatus                              0x20000024   Data           1  main.o(.data)
    InjectedConvData                         0x20000026   Data           2  main.o(.data)
    InjectedConvData2                        0x20000028   Data           2  main.o(.data)
    Output_V                                 0x2000002a   Data           2  main.o(.data)
    TimingDelay                              0x2000002c   Data           4  main.o(.data)
    test_dlc                                 0x20000030   Data           8  main.o(.data)
    state_key                                0x20000038   Data           1  main.o(.data)
    abc                                      0x2000003a   Data           2  main.o(.data)
    duty_cycle_temp                          0x2000003c   Data           4  main.o(.data)
    abc_delay                                0x20000040   Data           1  main.o(.data)
    count_loop                               0x20000041   Data           1  main.o(.data)
    uarttransmitlen                          0x20000042   Data           1  main.o(.data)
    uarttransmit                             0x20000043   Data           1  main.o(.data)
    Vftemp                                   0x20000044   Data           4  main.o(.data)
    Vftemp_test                              0x20000048   Data           4  main.o(.data)
    Vftemp_test1                             0x2000004c   Data           4  main.o(.data)
    Vftemp_pre                               0x20000050   Data           4  main.o(.data)
    Vftemp_test_pre                          0x20000054   Data           4  main.o(.data)
    Vftemp_test1_pre                         0x20000058   Data           4  main.o(.data)
    ADC1ConvertedVoltage                     0x2000005c   Data           2  main.o(.data)
    VcErrorCount                             0x2000005e   Data           2  main.o(.data)
    SDADC1_DR_Address                        0x20000060   Data           2  main.o(.data)
    RegularConvData_Tab1                     0x20000062   Data           2  main.o(.data)
    RegularConvData_Tab11                    0x20000064   Data           2  main.o(.data)
    Vbauto_action                            0x20000066   Data           1  main.o(.data)
    Vbmachine_reset                          0x20000067   Data           1  main.o(.data)
    VbAuto_Start                             0x20000068   Data           1  main.o(.data)
    VbAuto_Stop                              0x20000069   Data           1  main.o(.data)
    Vbmachine_Stop                           0x2000006a   Data           1  main.o(.data)
    Vbcalcbypass                             0x2000006b   Data           1  main.o(.data)
    Vbmuryo_Check                            0x2000006c   Data           1  main.o(.data)
    Vbtapebreak_Check                        0x2000006d   Data           1  main.o(.data)
    Vbauto_stop_alarm                        0x2000006e   Data           1  main.o(.data)
    VbPoint_abnormal                         0x2000006f   Data           1  main.o(.data)
    VbHigh_limit_abn                         0x20000070   Data           1  main.o(.data)
    VbLow_limit_abn                          0x20000071   Data           1  main.o(.data)
    VbHigh_limit_lost                        0x20000072   Data           1  main.o(.data)
    VbBuffer_overlength                      0x20000073   Data           1  main.o(.data)
    VbCount_reverse                          0x20000074   Data           1  main.o(.data)
    VbCount_abnormal                         0x20000075   Data           1  main.o(.data)
    VfIpmeas                                 0x20000078   Data           4  main.o(.data)
    Vfvalue_air                              0x2000007c   Data           4  main.o(.data)
    temp_test_v                              0x20000080   Data           4  main.o(.data)
    PT_VALUE                                 0x20000084   Data           4  main.o(.data)
    VF1                                      0x20000088   Data           4  main.o(.data)
    VF2                                      0x2000008c   Data           4  main.o(.data)
    GPIO_Status                              0x20000090   Data           8  main.o(.data)
    Vfindex_of_tables                        0x20000098   Data           1  main.o(.data)
    SIFX_OUT                                 0x2000009c   Data           4  main.o(.data)
    numberofupdated                          0x200000a0   Data           1  main.o(.data)
    startbyte                                0x200000a1   Data           1  main.o(.data)
    CANbps                                   0x200000a2   Data           1  main.o(.data)
    stmCANID                                 0x200000a3   Data           1  main.o(.data)
    uart485bps                               0x200000a4   Data           1  main.o(.data)
    uart485id                                0x200000a5   Data           1  main.o(.data)
    I2c_eepbuffer                            0x200000a6   Data           4  main.o(.data)
    temp2                                    0x200000aa   Data           2  main.o(.data)
    NumDataRead                              0x200000ac   Data           2  main.o(.data)
    spi_message                              0x200000ae   Data           2  main.o(.data)
    InputVoltageMv1                          0x200000b0   Data           2  main.o(.data)
    TxMessage                                0x200000b2   Data           8  main.o(.data)
    TxMessage1                               0x200000ba   Data           8  main.o(.data)
    data1                                    0x200000c4   Data           4  main.o(.data)
    data2                                    0x200000c8   Data           4  main.o(.data)
    vad2                                     0x200000cc   Data           4  main.o(.data)
    a1                                       0x200000d0   Data           4  main.o(.data)
    b1                                       0x200000d4   Data           4  main.o(.data)
    c1                                       0x200000d8   Data           4  main.o(.data)
    a2                                       0x200000dc   Data           4  main.o(.data)
    b2                                       0x200000e0   Data           4  main.o(.data)
    c2                                       0x200000e4   Data           4  main.o(.data)
    ref                                      0x200000e8   Data           4  main.o(.data)
    vad1                                     0x200000ec   Data           2  main.o(.data)
    Adre                                     0x200000f0   Data           4  main.o(.data)
    f2                                       0x200000f4   Data           4  main.o(.data)
    VRi                                      0x200000f8   Data           4  main.o(.data)
    VfDelay_Time                             0x200000fc   Data           4  main.o(.data)
    old_rx_msg1                              0x20000100   Data           2  main.o(.data)
    old_rx_msg                               0x20000102   Data           2  main.o(.data)
    spi_status                               0x20000104   Data           2  main.o(.data)
    ScWork_flow                              0x20000106   Data           2  main.o(.data)
    ScOffset_work                            0x20000108   Data           2  main.o(.data)
    ScBackVIC_Clamp_time                     0x2000010a   Data           1  main.o(.data)
    ScFrontVIC_Loosen_time                   0x2000010b   Data           1  main.o(.data)
    VcBuffer_B_Feed                          0x2000010c   Data           1  main.o(.data)
    ScFrontVIC_Clamp_time                    0x2000010d   Data           1  main.o(.data)
    ScBackVIC_Loosen_time                    0x2000010e   Data           1  main.o(.data)
    SbSwitch_OnOff                           0x2000010f   Data           1  main.o(.data)
    count_time                               0x20000110   Data           2  main.o(.data)
    work_count                               0x20000112   Data           2  main.o(.data)
    VcMotor_DC_count                         0x20000114   Data           2  main.o(.data)
    VcLoop_Count                             0x20000116   Data           1  main.o(.data)
    VcLoop_Count_Act                         0x20000117   Data           1  main.o(.data)
    ScWork_AutoRun                           0x20000118   Data           1  main.o(.data)
    virtual_pwm                              0x20000119   Data           1  main.o(.data)
    virtual_periods                          0x2000011a   Data           1  main.o(.data)
    VcMotor_DC                               0x2000011b   Data           1  main.o(.data)
    VcMotor_DC_Cur                           0x2000011c   Data           1  main.o(.data)
    VcMotor_DC_pre                           0x2000011d   Data           1  main.o(.data)
    VbMotor_Start                            0x2000011e   Data           1  main.o(.data)
    virtual_pwm1                             0x2000011f   Data           1  main.o(.data)
    virtual_periods1                         0x20000120   Data           1  main.o(.data)
    Kfvalue_air                              0x20000124   Data          36  main.o(.data)
    KfIpmeas                                 0x20000148   Data          36  main.o(.data)
    ADC1ConvertedValuetemp                   0x2000016c   Data           2  main.o(.data)
    destination_ptr                          0x20000170   Data           4  ccp2daq.o(.data)
    temp_address1                            0x20000174   Data           4  ccp2daq.o(.data)
    ccp_session_configuration_id_NVM         0x20000184   Data           4  ccp2session_nvm.o(.data)
    ccp_session_status_NVM                   0x20000188   Data           1  ccp2session_nvm.o(.data)
    VfStep_Count                             0x200001b0   Data           4  stm32f37x_it.o(.data)
    VfStep_Count_pre                         0x200001b4   Data           4  stm32f37x_it.o(.data)
    Uart2_Rx                                 0x200001b8   Data           1  stm32f37x_it.o(.data)
    Uart2_Tx                                 0x200001b9   Data           1  stm32f37x_it.o(.data)
    Vbstarttoreceive                         0x200001ba   Data           1  stm32f37x_it.o(.data)
    uart_length                              0x200001bb   Data           1  stm32f37x_it.o(.data)
    VbRTI_enable                             0x200001bc   Data           1  stm32f37x_it.o(.data)
    rxmsgisok                                0x200001bd   Data           1  stm32f37x_it.o(.data)
    Uarttimeout                              0x200001c0   Data           4  stm32f37x_it.o(.data)
    test1                                    0x200001c4   Data           4  stm32f37x_it.o(.data)
    test2                                    0x200001c8   Data           4  stm32f37x_it.o(.data)
    test3                                    0x200001cc   Data           4  stm32f37x_it.o(.data)
    count_temp                               0x200001d0   Data           1  stm32f37x_it.o(.data)
    test_can                                 0x200001d1   Data           1  stm32f37x_it.o(.data)
    received_msg                             0x200001d2   Data           8  stm32f37x_it.o(.data)
    UR                                       0x200001dc   Data           4  stm32f37x_it.o(.data)
    UA                                       0x200001e0   Data           4  stm32f37x_it.o(.data)
    UW                                       0x200001e4   Data           4  stm32f37x_it.o(.data)
    UC                                       0x200001e8   Data           4  stm32f37x_it.o(.data)
    Vbleft                                   0x200001ec   Data           1  stm32f37x_it.o(.data)
    Vbright                                  0x200001ed   Data           1  stm32f37x_it.o(.data)
    DAQ_List_Status                          0x20000268   Data          80  ccp2daq.o(.bss)
    ccp                                      0x200002b8   Data          44  ccp2main.o(.bss)
    daq0_config_buffer_NVM                   0x200002e4   Data          32  ccp2nvmd.o(.bss)
    daq1_config_buffer_NVM                   0x20000304   Data          32  ccp2nvmd.o(.bss)
    daq2_config_buffer_NVM                   0x20000324   Data          64  ccp2nvmd.o(.bss)
    daq3_config_buffer_NVM                   0x20000364   Data          64  ccp2nvmd.o(.bss)
    CCP_DAQ_Resume_Data_NVM                  0x200003a4   Data          48  ccp2nvmd.o(.bss)
    Uart2_Buffer                             0x200003d4   Data         255  stm32f37x_it.o(.bss)
    RxMessage                                0x200004d4   Data          20  stm32f37x_it.o(.bss)
    InjectedConvData1                        0x200004e8   Data          20  stm32f37x_it.o(.bss)
    InjectedConvData3                        0x200004fc   Data          20  stm32f37x_it.o(.bss)
    Master_Temp                              0x20000510   Data         200  stm32f37x_it.o(.bss)
    __initial_sp                             0x200009d8   Data           0  startup_stm32f37x.o(STACK)



==============================================================================

Memory Map of the image

  Image Entry point : 0x08000189

  Load Region LR_IROM1 (Base: 0x08000000, Size: 0x00004b5c, Max: 0x00020000, ABSOLUTE, COMPRESSED[0x000049e0])

    Execution Region ER_IROM1 (Base: 0x08000000, Size: 0x0000496c, Max: 0x00020000, ABSOLUTE)

    Base Addr    Size         Type   Attr      Idx    E Section Name        Object

    0x08000000   0x00000188   Data   RO            3    RESET               startup_stm32f37x.o
    0x08000188   0x00000000   Code   RO         4497  * .ARM.Collect$$$$00000000  mc_w.l(entry.o)
    0x08000188   0x00000004   Code   RO         4512    .ARM.Collect$$$$00000001  mc_w.l(entry2.o)
    0x0800018c   0x00000004   Code   RO         4515    .ARM.Collect$$$$00000004  mc_w.l(entry5.o)
    0x08000190   0x00000000   Code   RO         4517    .ARM.Collect$$$$00000008  mc_w.l(entry7b.o)
    0x08000190   0x00000000   Code   RO         4519    .ARM.Collect$$$$0000000A  mc_w.l(entry8b.o)
    0x08000190   0x00000008   Code   RO         4520    .ARM.Collect$$$$0000000B  mc_w.l(entry9a.o)
    0x08000198   0x00000000   Code   RO         4522    .ARM.Collect$$$$0000000D  mc_w.l(entry10a.o)
    0x08000198   0x00000000   Code   RO         4524    .ARM.Collect$$$$0000000F  mc_w.l(entry11a.o)
    0x08000198   0x00000004   Code   RO         4513    .ARM.Collect$$$$00002712  mc_w.l(entry2.o)
    0x0800019c   0x00000024   Code   RO            4    .text               startup_stm32f37x.o
    0x080001c0   0x0000014e   Code   RO         4500    .text               mf_w.l(dadd.o)
    0x0800030e   0x000000e4   Code   RO         4502    .text               mf_w.l(dmul.o)
    0x080003f2   0x000000de   Code   RO         4504    .text               mf_w.l(ddiv.o)
    0x080004d0   0x0000001a   Code   RO         4506    .text               mf_w.l(dfltui.o)
    0x080004ea   0x00000026   Code   RO         4508    .text               mf_w.l(f2d.o)
    0x08000510   0x00000038   Code   RO         4510    .text               mf_w.l(d2f.o)
    0x08000548   0x0000001e   Code   RO         4526    .text               mc_w.l(llshl.o)
    0x08000566   0x00000024   Code   RO         4528    .text               mc_w.l(llsshr.o)
    0x0800058a   0x00000000   Code   RO         4530    .text               mc_w.l(iusefp.o)
    0x0800058a   0x0000006e   Code   RO         4531    .text               mf_w.l(fepilogue.o)
    0x080005f8   0x000000ba   Code   RO         4533    .text               mf_w.l(depilogue.o)
    0x080006b2   0x00000002   PAD
    0x080006b4   0x00000024   Code   RO         4535    .text               mc_w.l(init.o)
    0x080006d8   0x00000020   Code   RO         4537    .text               mc_w.l(llushr.o)
    0x080006f8   0x00000056   Code   RO         4547    .text               mc_w.l(__dczerorl2.o)
    0x0800074e   0x00000002   PAD
    0x08000750   0x00000098   Code   RO          352    i.APP_Stop          main.o
    0x080007e8   0x000002e4   Code   RO          353    i.App_Auto_Action   main.o
    0x08000acc   0x00000004   Code   RO         2912    i.BusFault_Handler  stm32f37x_it.o
    0x08000ad0   0x0000002c   Code   RO         2913    i.CAN1_RX0_IRQHandler  stm32f37x_it.o
    0x08000afc   0x0000008c   Code   RO          286    i.CAN1_Receive_Msg  can.o
    0x08000b88   0x000000c8   Code   RO          287    i.CAN1_Send_Msg     can.o
    0x08000c50   0x00000100   Code   RO          288    i.CAN_Config        can.o
    0x08000d50   0x00000024   Code   RO         2749    i.CAN_DeInit        stm32f37x_can.o
    0x08000d74   0x00000108   Code   RO         2751    i.CAN_FilterInit    stm32f37x_can.o
    0x08000e7c   0x00000012   Code   RO         2757    i.CAN_ITConfig      stm32f37x_can.o
    0x08000e8e   0x00000114   Code   RO         2758    i.CAN_Init          stm32f37x_can.o
    0x08000fa2   0x0000001e   Code   RO         2759    i.CAN_MessagePending  stm32f37x_can.o
    0x08000fc0   0x000000f0   Code   RO         2761    i.CAN_Receive       stm32f37x_can.o
    0x080010b0   0x00000020   Code   RO         2764    i.CAN_StructInit    stm32f37x_can.o
    0x080010d0   0x00000126   Code   RO         2766    i.CAN_Transmit      stm32f37x_can.o
    0x080011f6   0x00000002   PAD
    0x080011f8   0x000000a0   Code   RO         2767    i.CAN_TransmitStatus  stm32f37x_can.o
    0x08001298   0x0000004c   Code   RO         1200    i.CCP_Build_Chksum  ccp2mem.o
    0x080012e4   0x00000098   Code   RO         1202    i.CCP_Clear_Memory  ccp2mem.o
    0x0800137c   0x00000018   Code   RO          844    i.CCP_Clear_Session_Configuration_ID  ccp2conf.o
    0x08001394   0x00000004   Code   RO          845    i.CCP_Command_Unavailable  ccp2conf.o
    0x08001398   0x00000078   Code   RO         1345    i.CCP_Connect       ccp2mode.o
    0x08001410   0x00000090   Code   RO         1346    i.CCP_Disconnect    ccp2mode.o
    0x080014a0   0x00000014   Code   RO         1203    i.CCP_Dnload        ccp2mem.o
    0x080014b4   0x0000000c   Code   RO         1204    i.CCP_Dnload_6      ccp2mem.o
    0x080014c0   0x00000024   Code   RO          846    i.CCP_Exchange_ID   ccp2conf.o
    0x080014e4   0x00000010   Code   RO          847    i.CCP_Get_Active_Cal_Page  ccp2conf.o
    0x080014f4   0x00000014   Code   RO         1347    i.CCP_Get_CCP_Version  ccp2mode.o
    0x08001508   0x000000ac   Code   RO          965    i.CCP_Get_DAQ_Size  ccp2daq.o
    0x080015b4   0x00000014   Code   RO         1348    i.CCP_Get_S_Status  ccp2mode.o
    0x080015c8   0x00000010   Code   RO         1349    i.CCP_Get_Seed      ccp2mode.o
    0x080015d8   0x00000020   Code   RO         1131    i.CCP_Initialize    ccp2main.o
    0x080015f8   0x00000018   Code   RO          966    i.CCP_Initialize_Resume_Data  ccp2daq.o
    0x08001610   0x00000038   Code   RO          848    i.CCP_Initialize_User  ccp2conf.o
    0x08001648   0x00000068   Code   RO          849    i.CCP_Location_Of_Address_User  ccp2conf.o
    0x080016b0   0x00000058   Code   RO         1205    i.CCP_Move          ccp2mem.o
    0x08001708   0x00000014   Code   RO         1207    i.CCP_Program       ccp2mem.o
    0x0800171c   0x0000000c   Code   RO         1208    i.CCP_Program_6     ccp2mem.o
    0x08001728   0x00000006   Code   RO          850    i.CCP_Read_From_REGISTER_Memory_User  ccp2conf.o
    0x0800172e   0x00000002   PAD
    0x08001730   0x000000bc   Code   RO          967    i.CCP_Read_Resume_Data  ccp2daq.o
    0x080017ec   0x0000000c   Code   RO          851    i.CCP_Read_Session_Status_User  ccp2conf.o
    0x080017f8   0x00000006   Code   RO          852    i.CCP_Select_Cal_Page  ccp2conf.o
    0x080017fe   0x00000002   PAD
    0x08001800   0x00000028   Code   RO          968    i.CCP_Set_DAQ_Ptr   ccp2daq.o
    0x08001828   0x00000014   Code   RO         1209    i.CCP_Set_MTA       ccp2mem.o
    0x0800183c   0x00000074   Code   RO         1350    i.CCP_Set_S_Status  ccp2mode.o
    0x080018b0   0x00000050   Code   RO          854    i.CCP_Set_S_Status_User  ccp2conf.o
    0x08001900   0x00000040   Code   RO         1210    i.CCP_Short_Up      ccp2mem.o
    0x08001940   0x000000dc   Code   RO          969    i.CCP_Start_Stop    ccp2daq.o
    0x08001a1c   0x0000005c   Code   RO          970    i.CCP_Start_Stop_All  ccp2daq.o
    0x08001a78   0x000000ac   Code   RO          971    i.CCP_Store_Resume_Data  ccp2daq.o
    0x08001b24   0x00000010   Code   RO         1351    i.CCP_Unlock        ccp2mode.o
    0x08001b34   0x00000048   Code   RO         1211    i.CCP_Upload        ccp2mem.o
    0x08001b7c   0x00000094   Code   RO          973    i.CCP_Write_DAQ     ccp2daq.o
    0x08001c10   0x00000006   Code   RO          856    i.CCP_Write_To_REGISTER_Memory_User  ccp2conf.o
    0x08001c16   0x00000002   PAD
    0x08001c18   0x00000058   Code   RO          974    i.Clear_DAQ_List    ccp2daq.o
    0x08001c70   0x00000024   Code   RO          975    i.DAQ_Starting_PID  ccp2daq.o
    0x08001c94   0x00000024   Code   RO         2914    i.DMA2_Channel1_IRQHandler  stm32f37x_it.o
    0x08001cb8   0x00000024   Code   RO         2915    i.DMA2_Channel2_IRQHandler  stm32f37x_it.o
    0x08001cdc   0x00000024   Code   RO         2916    i.DMA2_Channel3_IRQHandler  stm32f37x_it.o
    0x08001d00   0x00000002   Code   RO         2917    i.DebugMon_Handler  stm32f37x_it.o
    0x08001d02   0x00000002   PAD
    0x08001d04   0x00000018   Code   RO          244    i.Delay_ms          systick.o
    0x08001d1c   0x0000025c   Code   RO          359    i.Diagnostic        main.o
    0x08001f78   0x00000048   Code   RO         1212    i.Download_Data     ccp2mem.o
    0x08001fc0   0x0000006c   Code   RO         2918    i.EXTI15_10_IRQHandler  stm32f37x_it.o
    0x0800202c   0x0000006c   Code   RO         2919    i.EXTI4_IRQHandler  stm32f37x_it.o
    0x08002098   0x00000012   Code   RO         2920    i.EXTI9_5_IRQHandler  stm32f37x_it.o
    0x080020aa   0x00000002   PAD
    0x080020ac   0x0000000c   Code   RO         2216    i.EXTI_ClearITPendingBit  stm32f37x_exti.o
    0x080020b8   0x00000028   Code   RO         2220    i.EXTI_GetITStatus  stm32f37x_exti.o
    0x080020e0   0x00000094   Code   RO         2221    i.EXTI_Init         stm32f37x_exti.o
    0x08002174   0x00000004   Code   RO         1213    i.Erase_All_Of_Flash  ccp2mem.o
    0x08002178   0x00000090   Code   RO         1868    i.GPIO_Init         stm32f37x_gpio.o
    0x08002208   0x00000046   Code   RO         1869    i.GPIO_PinAFConfig  stm32f37x_gpio.o
    0x0800224e   0x00000012   Code   RO         1872    i.GPIO_ReadInputDataBit  stm32f37x_gpio.o
    0x08002260   0x00000012   Code   RO         1874    i.GPIO_ReadOutputDataBit  stm32f37x_gpio.o
    0x08002272   0x00000004   Code   RO         1875    i.GPIO_ResetBits    stm32f37x_gpio.o
    0x08002276   0x00000004   Code   RO         1876    i.GPIO_SetBits      stm32f37x_gpio.o
    0x0800227a   0x0000000a   Code   RO         1879    i.GPIO_WriteBit     stm32f37x_gpio.o
    0x08002284   0x00000004   Code   RO         2921    i.HardFault_Handler  stm32f37x_it.o
    0x08002288   0x00000178   Code   RO          361    i.IO_Configuration_base  main.o
    0x08002400   0x00000024   Code   RO          977    i.Initialize_DAQ_List_Status  ccp2daq.o
    0x08002424   0x0000001a   Code   RO          978    i.Initialize_DAQ_Parameters  ccp2daq.o
    0x0800243e   0x00000004   Code   RO         2922    i.MemManage_Handler  stm32f37x_it.o
    0x08002442   0x00000002   PAD
    0x08002444   0x00000050   Code   RO          979    i.Move_DAQ_Pointer  ccp2daq.o
    0x08002494   0x00000060   Code   RO          980    i.Move_DAQ_Pointer_Forward_One_Element  ccp2daq.o
    0x080024f4   0x00000048   Code   RO          981    i.Move_DAQ_Pointer_To_Next_ODT  ccp2daq.o
    0x0800253c   0x0000002c   Code   RO         1215    i.Move_MTA          ccp2mem.o
    0x08002568   0x00000002   Code   RO         2923    i.NMI_Handler       stm32f37x_it.o
    0x0800256a   0x00000002   PAD
    0x0800256c   0x00000070   Code   RO         2281    i.NVIC_Init         stm32f37x_misc.o
    0x080025dc   0x00000014   Code   RO         2282    i.NVIC_PriorityGroupConfig  stm32f37x_misc.o
    0x080025f0   0x0000006c   Code   RO          982    i.Number_Of_Bytes_Left_In_ODT  ccp2daq.o
    0x0800265c   0x00000020   Code   RO         2670    i.PWR_SDADCAnalogCmd  stm32f37x_pwr.o
    0x0800267c   0x00000002   Code   RO         2924    i.PendSV_Handler    stm32f37x_it.o
    0x0800267e   0x00000002   PAD
    0x08002680   0x00000070   Code   RO         1216    i.Program_Data      ccp2mem.o
    0x080026f0   0x00000020   Code   RO         2330    i.RCC_AHBPeriphClockCmd  stm32f37x_rcc.o
    0x08002710   0x00000020   Code   RO         2332    i.RCC_APB1PeriphClockCmd  stm32f37x_rcc.o
    0x08002730   0x00000020   Code   RO         2333    i.RCC_APB1PeriphResetCmd  stm32f37x_rcc.o
    0x08002750   0x00000020   Code   RO         2334    i.RCC_APB2PeriphClockCmd  stm32f37x_rcc.o
    0x08002770   0x00000020   Code   RO         2335    i.RCC_APB2PeriphResetCmd  stm32f37x_rcc.o
    0x08002790   0x00000210   Code   RO         2343    i.RCC_GetClocksFreq  stm32f37x_rcc.o
    0x080029a0   0x0000001c   Code   RO         2363    i.RCC_SDADCCLKConfig  stm32f37x_rcc.o
    0x080029bc   0x0000009c   Code   RO          983    i.Read_DAQ_Address_Size  ccp2daq.o
    0x08002a58   0x00000068   Code   RO         1217    i.Read_From_RAM_Or_Register  ccp2mem.o
    0x08002ac0   0x00000038   Code   RO          984    i.Reset_DAQ_List_Status  ccp2daq.o
    0x08002af8   0x00000300   Code   RO          208    i.SDADC1_Config     sdadc.o
    0x08002df8   0x000000d8   Code   RO         2925    i.SDADC1_IRQHandler  stm32f37x_it.o
    0x08002ed0   0x00000138   Code   RO         2926    i.SDADC2_IRQHandler  stm32f37x_it.o
    0x08003008   0x000000f8   Code   RO         2927    i.SDADC3_IRQHandler  stm32f37x_it.o
    0x08003100   0x0000001e   Code   RO         1963    i.SDADC_AINInit     stm32f37x_sdadc.o
    0x0800311e   0x0000000e   Code   RO         1965    i.SDADC_CalibrationSequenceConfig  stm32f37x_sdadc.o
    0x0800312c   0x00000024   Code   RO         1966    i.SDADC_ChannelConfig  stm32f37x_sdadc.o
    0x08003150   0x00000016   Code   RO         1970    i.SDADC_Cmd         stm32f37x_sdadc.o
    0x08003166   0x00000012   Code   RO         1981    i.SDADC_GetFlagStatus  stm32f37x_sdadc.o
    0x08003178   0x00000024   Code   RO         1986    i.SDADC_GetInjectedConversionValue  stm32f37x_sdadc.o
    0x0800319c   0x00000012   Code   RO         1987    i.SDADC_ITConfig    stm32f37x_sdadc.o
    0x080031ae   0x00000016   Code   RO         1989    i.SDADC_InitModeCmd  stm32f37x_sdadc.o
    0x080031c4   0x00000006   Code   RO         1990    i.SDADC_InjectedChannelSelect  stm32f37x_sdadc.o
    0x080031ca   0x00000016   Code   RO         1991    i.SDADC_InjectedContinuousModeCmd  stm32f37x_sdadc.o
    0x080031e0   0x0000000a   Code   RO         1997    i.SDADC_SoftwareStartInjectedConv  stm32f37x_sdadc.o
    0x080031ea   0x0000000a   Code   RO         1999    i.SDADC_StartCalibration  stm32f37x_sdadc.o
    0x080031f4   0x00000014   Code   RO         2001    i.SDADC_VREFSelect  stm32f37x_sdadc.o
    0x08003208   0x0000003c   Code   RO         2928    i.SPI1_IRQHandler   stm32f37x_it.o
    0x08003244   0x00000014   Code   RO         2929    i.SPI1_ReadByte     stm32f37x_it.o
    0x08003258   0x00000048   Code   RO         2930    i.SPI2_IRQHandler   stm32f37x_it.o
    0x080032a0   0x00000014   Code   RO         2931    i.SPI2_ReadByte     stm32f37x_it.o
    0x080032b4   0x00000006   Code   RO         4314    i.SPI_I2S_ReceiveData16  stm32f37x_spi.o
    0x080032ba   0x00000002   Code   RO         2932    i.SVC_Handler       stm32f37x_it.o
    0x080032bc   0x00000040   Code   RO         2587    i.SYSCFG_EXTILineConfig  stm32f37x_syscfg.o
    0x080032fc   0x000000c4   Code   RO           13    i.SetSysClock       system_stm32f37x.o
    0x080033c0   0x00000014   Code   RO          369    i.Setio_BACKVLC_Clamp_Off  main.o
    0x080033d4   0x00000014   Code   RO          370    i.Setio_BACKVLC_Clamp_On  main.o
    0x080033e8   0x00000014   Code   RO          371    i.Setio_BACKVLC_Loosen_Off  main.o
    0x080033fc   0x00000014   Code   RO          372    i.Setio_BACKVLC_Loosen_On  main.o
    0x08003410   0x00000014   Code   RO          373    i.Setio_B_FEED_Off  main.o
    0x08003424   0x00000010   Code   RO          375    i.Setio_B_RETREAT_Off  main.o
    0x08003434   0x00000010   Code   RO          376    i.Setio_B_RETREAT_On  main.o
    0x08003444   0x00000024   Code   RO          377    i.Setio_Fast_B_FEED_Off  main.o
    0x08003468   0x00000020   Code   RO          378    i.Setio_Fast_B_FEED_On  main.o
    0x08003488   0x00000014   Code   RO          379    i.Setio_FrontVLC_Clamp_Off  main.o
    0x0800349c   0x00000014   Code   RO          380    i.Setio_FrontVLC_Clamp_On  main.o
    0x080034b0   0x00000014   Code   RO          381    i.Setio_FrontVLC_Loosen_Off  main.o
    0x080034c4   0x00000014   Code   RO          382    i.Setio_FrontVLC_Loosen_On  main.o
    0x080034d8   0x00000014   Code   RO          385    i.Setio_SawWheel_Off  main.o
    0x080034ec   0x00000014   Code   RO          386    i.Setio_SawWheel_On  main.o
    0x08003500   0x00000014   Code   RO          389    i.Setio_W_FEED_Off  main.o
    0x08003514   0x00000014   Code   RO          390    i.Setio_W_FEED_On   main.o
    0x08003528   0x00000008   Code   RO         2933    i.SysTick_Handler   stm32f37x_it.o
    0x08003530   0x00000080   Code   RO           15    i.SystemInit        system_stm32f37x.o
    0x080035b0   0x00000028   Code   RO         2934    i.TIM2_IRQHandler   stm32f37x_it.o
    0x080035d8   0x00000002   Code   RO         2935    i.TIM3_IRQHandler   stm32f37x_it.o
    0x080035da   0x00000002   PAD
    0x080035dc   0x00000028   Code   RO         2936    i.TIM5_IRQHandler   stm32f37x_it.o
    0x08003604   0x00000006   Code   RO         3626    i.TIM_ClearFlag     stm32f37x_tim.o
    0x0800360a   0x00000006   Code   RO         3627    i.TIM_ClearITPendingBit  stm32f37x_tim.o
    0x08003610   0x00000018   Code   RO         3632    i.TIM_Cmd           stm32f37x_tim.o
    0x08003628   0x00000190   Code   RO         3637    i.TIM_DeInit        stm32f37x_tim.o
    0x080037b8   0x00000006   Code   RO         3651    i.TIM_GetCounter    stm32f37x_tim.o
    0x080037be   0x00000022   Code   RO         3653    i.TIM_GetITStatus   stm32f37x_tim.o
    0x080037e0   0x00000012   Code   RO         3657    i.TIM_ITConfig      stm32f37x_tim.o
    0x080037f2   0x00000002   PAD
    0x080037f4   0x00000098   Code   RO         3703    i.TIM_TimeBaseInit  stm32f37x_tim.o
    0x0800388c   0x000000cc   Code   RO          394    i.Timer_Configuration  main.o
    0x08003958   0x00000018   Code   RO          246    i.TimingDelay_Decrement  systick.o
    0x08003970   0x000000ec   Code   RO         2937    i.USART3_IRQHandler  stm32f37x_it.o
    0x08003a5c   0x00000004   Code   RO         1558    i.USART_ClearFlag   stm32f37x_usart.o
    0x08003a60   0x00000012   Code   RO         1559    i.USART_ClearITPendingBit  stm32f37x_usart.o
    0x08003a72   0x00000012   Code   RO         1570    i.USART_GetFlagStatus  stm32f37x_usart.o
    0x08003a84   0x0000004a   Code   RO         1571    i.USART_GetITStatus  stm32f37x_usart.o
    0x08003ace   0x0000000a   Code   RO         1586    i.USART_ReceiveData  stm32f37x_usart.o
    0x08003ad8   0x00000198   Code   RO          395    i.Update_From_CAN   main.o
    0x08003c70   0x00000064   Code   RO          987    i.Update_Session_Status_LOGGING  ccp2daq.o
    0x08003cd4   0x00000004   Code   RO         2938    i.UsageFault_Handler  stm32f37x_it.o
    0x08003cd8   0x00000028   Code   RO         1218    i.Write_To_EEPROM   ccp2mem.o
    0x08003d00   0x00000028   Code   RO         1219    i.Write_To_Flash    ccp2mem.o
    0x08003d28   0x00000070   Code   RO         1220    i.Write_To_RAM_Or_Register  ccp2mem.o
    0x08003d98   0x000000a4   Code   RO          988    i.Write_to_Current_DAQ_Pointer  ccp2daq.o
    0x08003e3c   0x0000000e   Code   RO         4541    i.__scatterload_copy  mc_w.l(handlers.o)
    0x08003e4a   0x00000002   Code   RO         4542    i.__scatterload_null  mc_w.l(handlers.o)
    0x08003e4c   0x0000000e   Code   RO         4543    i.__scatterload_zeroinit  mc_w.l(handlers.o)
    0x08003e5a   0x00000002   PAD
    0x08003e5c   0x00000714   Code   RO          397    i.main              main.o
    0x08004570   0x000000f0   Code   RO          398    i.update_machine_status  main.o
    0x08004660   0x00000138   Code   RO          399    i.virtual_PWM_OUTPUT  main.o
    0x08004798   0x000000d0   Data   RO          858    .constdata          ccp2conf.o
    0x08004868   0x0000001e   Data   RO          990    .constdata          ccp2daq.o
    0x08004886   0x00000002   PAD
    0x08004888   0x000000c4   Data   RO         1461    .constdata          io_can_config.o
    0x0800494c   0x00000020   Data   RO         4539    Region$$Table       anon$$obj.o


    Execution Region RW_IRAM1 (Base: 0x20000000, Size: 0x000009d8, Max: 0x00006000, ABSOLUTE, COMPRESSED[0x00000074])

    Base Addr    Size         Type   Attr      Idx    E Section Name        Object

    0x20000000   0x00000004   Data   RW          247    .data               systick.o
    0x20000004   0x0000001c   Data   RW          292    .data               can.o
    0x20000020   0x0000014e   Data   RW          401    .data               main.o
    0x2000016e   0x00000002   PAD
    0x20000170   0x0000000b   Data   RW          991    .data               ccp2daq.o
    0x2000017b   0x00000001   PAD
    0x2000017c   0x00000008   Data   RW         1221    .data               ccp2mem.o
    0x20000184   0x00000005   Data   RW         1430    .data               ccp2session_nvm.o
    0x20000189   0x00000024   Data   RW         2368    .data               stm32f37x_rcc.o
    0x200001ad   0x00000003   PAD
    0x200001b0   0x0000003e   Data   RW         2940    .data               stm32f37x_it.o
    0x200001ee   0x00000002   PAD
    0x200001f0   0x00000078   Zero   RW          857    .bss                ccp2conf.o
    0x20000268   0x00000050   Zero   RW          989    .bss                ccp2daq.o
    0x200002b8   0x0000002c   Zero   RW         1137    .bss                ccp2main.o
    0x200002e4   0x000000f0   Zero   RW         1405    .bss                ccp2nvmd.o
    0x200003d4   0x00000204   Zero   RW         2939    .bss                stm32f37x_it.o
    0x200005d8   0x00000400   Zero   RW            1    STACK               startup_stm32f37x.o


==============================================================================

Image component sizes


      Code (inc. data)   RO Data    RW Data    ZI Data      Debug   Object Name

       596         44          0         28          0       5104   can.o
       350         66        208          0        120      15303   ccp2conf.o
      2074        164         30         11         80      14716   ccp2daq.o
        32          4          0          0         44       4543   ccp2main.o
      1064         96          0          8          0      10660   ccp2mem.o
       452         36          0          0          0       3507   ccp2mode.o
         0          0          0          0        240        742   ccp2nvmd.o
         0          0          0          5          0        546   ccp2session_nvm.o
         0          0        196          0          0       3725   io_can_config.o
      5208        638          0        334          0      22679   main.o
       768         38          0          0          0       1168   sdadc.o
        36          8        392          0       1024        816   startup_stm32f37x.o
      1350         34          0          0          0       6552   stm32f37x_can.o
       200         18          0          0          0       2008   stm32f37x_exti.o
       268          0          0          0          0       4444   stm32f37x_gpio.o
      1684        314          0         62        516      15506   stm32f37x_it.o
       132         22          0          0          0       1499   stm32f37x_misc.o
        32          6          0          0          0        549   stm32f37x_pwr.o
       716         60          0         36          0       5901   stm32f37x_rcc.o
       264         16          0          0          0       7816   stm32f37x_sdadc.o
         6          0          0          0          0        964   stm32f37x_spi.o
        64          4          0          0          0        616   stm32f37x_syscfg.o
       646         94          0          0          0       5120   stm32f37x_tim.o
       124          0          0          0          0       3586   stm32f37x_usart.o
       324         26          0          0          0     246901   system_stm32f37x.o
        48         10          0          4          0      26490   systick.o

    ----------------------------------------------------------------------
     16460       1698        860        496       2024     411461   Object Totals
         0          0         32          0          0          0   (incl. Generated)
        22          0          2          8          0          0   (incl. Padding)

    ----------------------------------------------------------------------

      Code (inc. data)   RO Data    RW Data    ZI Data      Debug   Library Member Name

        86          0          0          0          0          0   __dczerorl2.o
         0          0          0          0          0          0   entry.o
         0          0          0          0          0          0   entry10a.o
         0          0          0          0          0          0   entry11a.o
         8          4          0          0          0          0   entry2.o
         4          0          0          0          0          0   entry5.o
         0          0          0          0          0          0   entry7b.o
         0          0          0          0          0          0   entry8b.o
         8          4          0          0          0          0   entry9a.o
        30          0          0          0          0          0   handlers.o
        36          8          0          0          0         68   init.o
         0          0          0          0          0          0   iusefp.o
        30          0          0          0          0         68   llshl.o
        36          0          0          0          0         68   llsshr.o
        32          0          0          0          0         68   llushr.o
        56          0          0          0          0         88   d2f.o
       334          0          0          0          0        148   dadd.o
       222          0          0          0          0        100   ddiv.o
       186          0          0          0          0        176   depilogue.o
        26          0          0          0          0         76   dfltui.o
       228          0          0          0          0         96   dmul.o
        38          0          0          0          0         68   f2d.o
       110          0          0          0          0        168   fepilogue.o

    ----------------------------------------------------------------------
      1476         16          0          0          0       1192   Library Totals
         6          0          0          0          0          0   (incl. Padding)

    ----------------------------------------------------------------------

      Code (inc. data)   RO Data    RW Data    ZI Data      Debug   Library Name

       270         16          0          0          0        272   mc_w.l
      1200          0          0          0          0        920   mf_w.l

    ----------------------------------------------------------------------
      1476         16          0          0          0       1192   Library Totals

    ----------------------------------------------------------------------

==============================================================================


      Code (inc. data)   RO Data    RW Data    ZI Data      Debug   

     17936       1714        860        496       2024     395669   Grand Totals
     17936       1714        860        116       2024     395669   ELF Image Totals (compressed)
     17936       1714        860        116          0          0   ROM Totals

==============================================================================

    Total RO  Size (Code + RO Data)                18796 (  18.36kB)
    Total RW  Size (RW Data + ZI Data)              2520 (   2.46kB)
    Total ROM Size (Code + RO Data + RW Data)      18912 (  18.47kB)

==============================================================================

