<html>
<body>
<pre>
<h1>µVision Build Log</h1>
<h2>Tool Versions:</h2>
IDE-Version: ¦ÌVision V5.20.0.0
Copyright (C) 2016 ARM Ltd and ARM Germany GmbH. All rights reserved.
License Information: a a, a, LIC=----
 
Tool Versions:
Toolchain:       MDK-Lite  Version: 5.20
Toolchain Path:  C:\Keil_v5\ARM\ARMCC\Bin
C Compiler:      Armcc.exe V5.06 update 2 (build 183)
Assembler:       Armasm.exe V5.06 update 2 (build 183)
Linker/Locator:  ArmLink.exe V5.06 update 2 (build 183)
Library Manager: ArmAr.exe V5.06 update 2 (build 183)
Hex Converter:   FromElf.exe V5.06 update 2 (build 183)
CPU DLL:         SARMCM3.DLL V5.20
Dialog DLL:      DCM.DLL V1.13.7.0
Target DLL:      Segger\JL2CM3.dll V2.99.20.0
Dialog DLL:      TCM.DLL V1.14.9.0
 
<h2>Project:</h2>
C:\work\work\lambda\lambda.uvprojx
Project File Date:  12/04/2016

<h2>Output:</h2>
*** Using Compiler 'V5.06 update 2 (build 183)', folder: 'C:\Keil_v5\ARM\ARMCC\Bin'
Rebuild target 'Target 1'
compiling led.c...
compiling sdadc.c...
drive\sdadc.c(11): warning:  #177-D: variable "SDADC_InitStructure" was declared but never referenced
    SDADC_InitTypeDef SDADC_InitStructure;
drive\sdadc.c(216): warning:  #177-D: variable "DMA_InitStruct" was declared but never referenced
    DMA_InitTypeDef     DMA_InitStruct;
drive\sdadc.c: 2 warnings, 0 errors
compiling sd.c...
compiling systick.c...
compiling uart.c...
compiling stm32f37x_adc.c...
compiling stm32f37x_cec.c...
compiling stm32f37x_comp.c...
compiling stm32f37x_can.c...
compiling stm32f37x_crc.c...
compiling stm32f37x_dbgmcu.c...
compiling stm32f37x_dac.c...
compiling stm32f37x_exti.c...
compiling stm32f37x_dma.c...
compiling stm32f37x_flash.c...
compiling stm32f37x_gpio.c...
compiling stm32f37x_iwdg.c...
compiling stm32f37x_i2c.c...
compiling stm32f37x_misc.c...
compiling stm32f37x_pwr.c...
compiling stm32f37x_rcc.c...
compiling stm32f37x_sdadc.c...
compiling stm32f37x_rtc.c...
compiling stm32f37x_spi.c...
lib\src\stm32f37x_spi.c(746): warning:  #177-D: variable "spixbase" was declared but never referenced
    uint32_t spixbase = 0x00;
lib\src\stm32f37x_spi.c: 1 warning, 0 errors
compiling stm32f37x_syscfg.c...
compiling stm32f37x_usart.c...
compiling stm32f37x_tim.c...
compiling stm32f37x_wwdg.c...
compiling system_stm32f37x.c...
compiling stm32f37x_it.c...
stm32f3\stm32f37x_it.c(252): warning:  #177-D: variable "ChannelIndex" was declared but never referenced
    uint32_t ChannelIndex;
stm32f3\stm32f37x_it.c(253): warning:  #177-D: variable "temp" was declared but never referenced
    uint16_t temp;
stm32f3\stm32f37x_it.c(289): warning:  #177-D: variable "ChannelIndex" was declared but never referenced
     uint32_t ChannelIndex,ChannelIndex2;
stm32f3\stm32f37x_it.c(318): warning:  #223-D: function "CAN1_Receive_Msg" declared implicitly
           CAN1_Receive_Msg(&received_msg);
stm32f3\stm32f37x_it.c(329): warning:  #177-D: variable "i" was declared but never referenced
     uint16_t i;
stm32f3\stm32f37x_it.c(340): warning:  #177-D: variable "i" was declared but never referenced
     uint16_t i;
stm32f3\stm32f37x_it.c(350): warning:  #177-D: variable "i" was declared but never referenced
     	uint16_t i;
stm32f3\stm32f37x_it.c(378): warning:  #177-D: variable "i" was declared but never referenced
     	uint16_t i;
stm32f3\stm32f37x_it.c(448): warning:  #188-D: enumerated type mixed with another type
              Vbleft = 1;
stm32f3\stm32f37x_it.c(449): warning:  #188-D: enumerated type mixed with another type
              Vbright = 0;
stm32f3\stm32f37x_it.c(455): warning:  #188-D: enumerated type mixed with another type
              Vbleft = 0;
stm32f3\stm32f37x_it.c(456): warning:  #188-D: enumerated type mixed with another type
              Vbright = 1;
stm32f3\stm32f37x_it.c(469): warning:  #188-D: enumerated type mixed with another type
              Vbleft = 0;
stm32f3\stm32f37x_it.c(470): warning:  #188-D: enumerated type mixed with another type
              Vbright = 1;
stm32f3\stm32f37x_it.c(480): warning:  #188-D: enumerated type mixed with another type
              Vbleft = 1;
stm32f3\stm32f37x_it.c(481): warning:  #188-D: enumerated type mixed with another type
              Vbright = 0;
stm32f3\stm32f37x_it.c(495): warning:  #188-D: enumerated type mixed with another type
           Vbstarttoreceive = 1;
stm32f3\stm32f37x_it.c(531): warning:  #177-D: variable "retry" was declared but never referenced
       u8 retry=0;    
stm32f3\stm32f37x_it.c(572): warning:  #188-D: enumerated type mixed with another type
               GPIO_WriteBit(
PIOF,
PIO_Pin_9,1);
stm32f3\stm32f37x_it.c(576): warning:  #188-D: enumerated type mixed with another type
              GPIO_WriteBit(
PIOB,
PIO_Pin_0,0);
stm32f3\stm32f37x_it.c: 20 warnings, 0 errors
compiling adc.c...
compiling ccp2conf.c...
user\CCP\ccp2conf.c(340): warning:  #550-D: variable "requested_page" was set but never used
     INST_Calibration_Page_T requested_page;
user\CCP\ccp2conf.c(485): warning:  #177-D: function "CCP_WorkingPage_Switch_Rquest" was declared but never referenced
  static bool CCP_WorkingPage_Switch_Rquest(uint8_t* address)
user\CCP\ccp2conf.c: 2 warnings, 0 errors
compiling can.c...
user\can.c(321): warning:  #940-D: missing return statement at end of non-void function "CAN1_Send_Msg"
  }
user\can.c(352): warning:  #223-D: function "STMFLASH_Write" declared implicitly
        STMFLASH_Write(STARTADDR ,(uint16_t *)Rx_ADC_float1,56);
user\can.c: 2 warnings, 0 errors
compiling ccp2daq.c...
compiling ccp2main.c...
compiling ccp2mem.c...
compiling ccp2mode.c...
compiling ccp2nvmd.c...
compiling ccp2session_nvm.c...
compiling APP_can.c...
user\APP\APP_can.c(99): warning:  #177-D: function "APP_PeriodicTask_CANDiag" was declared but never referenced
  static void APP_PeriodicTask_CANDiag(bool msg_updated, CAN_Recv_Message_List_T index)
user\APP\APP_can.c: 1 warning, 0 errors
compiling main.c...
user\reuse.h(65): warning:  #47-D: incompatible redefinition of macro "NULL" (declared at line 61 of "C:\Keil_v5\ARM\ARMCC\Bin\..\include\stdio.h")
  #define NULL  ( (void*) 0 )
user\main.c(66): warning:  #69-D: integer conversion resulted in truncation
  uint16_t  VcErrorCount, SDADC1_DR_Address = 0x20000;
user\main.c(309): warning:  #188-D: enumerated type mixed with another type
     GPIO_WriteBit(
PIOB,
PIO_Pin_0, 1);
user\main.c(318): warning:  #188-D: enumerated type mixed with another type
     GPIO_WriteBit(
PIOB,
PIO_Pin_0, 1);
user\main.c(321): warning:  #188-D: enumerated type mixed with another type
     GPIO_WriteBit(
PIOB,
PIO_Pin_0, 1);
user\main.c(324): warning:  #188-D: enumerated type mixed with another type
     GPIO_WriteBit(
PIOB,
PIO_Pin_0, 1);
user\main.c(351): warning:  #188-D: enumerated type mixed with another type
             GPIO_WriteBit(
PIOB,
PIO_Pin_0, 1);
user\main.c(360): warning:  #188-D: enumerated type mixed with another type
            GPIO_WriteBit(
PIOF,
PIO_Pin_9,0);
user\main.c(362): warning:  #188-D: enumerated type mixed with another type
            GPIO_WriteBit(
PIOF,
PIO_Pin_9,1);
user\main.c(433): warning:  #1035-D: single-precision operand implicitly converted to double-precision
  				VfIpmeas = (float)( Rpmes - 1.5) /8.0/61.9*1000.0;//1052.3=17,495.2=8  IP ma
user\main.c(433): warning:  #1035-D: single-precision operand implicitly converted to double-precision
  				VfIpmeas = (float)( Rpmes - 1.5) /8.0/61.9*1000.0;//1052.3=17,495.2=8  IP ma
user\main.c(439): warning:  #1035-D: single-precision operand implicitly converted to double-precision
  				if(Vfair_fuel>32.77 || Vfair_fuel<0.1)
user\main.c(439): warning:  #1035-D: single-precision operand implicitly converted to double-precision
  				if(Vfair_fuel>32.77 || Vfair_fuel<0.1)
user\main.c(442): warning:  #1035-D: single-precision operand implicitly converted to double-precision
  				RI = (float)((float)(Vfvalue_air - 0.2941 ) / (float)(2449) * 1000000);//RI 
user\main.c(451): warning:  #1035-D: single-precision operand implicitly converted to double-precision
  					heat_pwm+=0.005*(0.01*heatpwmmax);
user\main.c(453): warning:  #1035-D: single-precision operand implicitly converted to double-precision
  					heat_pwm-=0.5;
user\main.c(455): warning:  #1035-D: single-precision operand implicitly converted to double-precision
  					heat_pwm-=0.01*(0.01*heatpwmmax);
user\main.c(517): warning:  #223-D: function "CAN1_Send_Msg" declared implicitly
           CAN1_Send_Msg(1944,&outputdata[0]);//1944
user\main.c(238): warning:  #177-D: variable "canbuf" was declared but never referenced
     u8 canbuf[8];
user\main.c(239): warning:  #177-D: variable "res" was declared but never referenced
     u8 res;
user\main.c(240): warning:  #177-D: variable "key" was declared but never referenced
     u8 key;
user\main.c(241): warning:  #177-D: variable "offset" was declared but never referenced
     u8 i, offset, address_eep, j, c = 0,spi_ns=0;
user\main.c(241): warning:  #177-D: variable "address_eep" was declared but never referenced
     u8 i, offset, address_eep, j, c = 0,spi_ns=0;
user\main.c(241): warning:  #177-D: variable "c" was declared but never referenced
     u8 i, offset, address_eep, j, c = 0,spi_ns=0;
user\main.c(242): warning:  #177-D: variable "checksum" was declared but never referenced
     u16 checksum, temp_value;
user\main.c(242): warning:  #177-D: variable "temp_value" was declared but never referenced
     u16 checksum, temp_value;
user\main.c(245): warning:  #177-D: variable "status" was declared but never referenced
      TestStatus status;
user\main.c(246): warning:  #177-D: variable "ADC1ConvertedValue" was declared but never referenced
      	 uint16_t  ADC1ConvertedValue = 0;
user\main.c(610): warning:  #177-D: variable "i" was declared but never referenced
     u8 i;
user\main.c(1052): warning:  #188-D: enumerated type mixed with another type
        GPIO_WriteBit(
PIOC, 
PIO_Pin_0,0);
user\main.c(1053): warning:  #188-D: enumerated type mixed with another type
        GPIO_WriteBit(
PIOB, 
PIO_Pin_0,1);
user\main.c(1157): warning:  #177-D: variable "temp" was declared but never referenced
  	u8 temp;
user\main.c(1239): warning:  #177-D: variable "GPIO_InitStructure" was declared but never referenced
  	GPIO_InitTypeDef GPIO_InitStructure; 
user\main.c(1242): warning:  #177-D: variable "TIM_ICInitStructure" was declared but never referenced
  	TIM_ICInitTypeDef TIM_ICInitStructure;
user\main.c(1339): warning:  #177-D: variable "EXTI_InitStructure" was declared but never referenced
    EXTI_InitTypeDef   EXTI_InitStructure, EXTI_InitStructure1;
user\main.c(1339): warning:  #177-D: variable "EXTI_InitStructure1" was declared but never referenced
    EXTI_InitTypeDef   EXTI_InitStructure, EXTI_InitStructure1;
user\main.c(1340): warning:  #177-D: variable "NVIC_InitStructure" was declared but never referenced
    NVIC_InitTypeDef NVIC_InitStructure,NVIC_InitStructure1;    
user\main.c(1340): warning:  #177-D: variable "NVIC_InitStructure1" was declared but never referenced
    NVIC_InitTypeDef NVIC_InitStructure,NVIC_InitStructure1;    
user\main.c(1439): warning:  #177-D: variable "NVIC_InitStructure" was declared but never referenced
     NVIC_InitTypeDef  NVIC_InitStructure;
user\main.c(1531): warning:  #177-D: variable "DMA_InitStructure" was declared but never referenced
    DMA_InitTypeDef DMA_InitStructure; 
user\main.c(1574): warning:  #550-D: variable "Vfref_Voltage" was set but never used
     float Vfref_Voltage;
user\main.c: 41 warnings, 0 errors
compiling dd_can.c...
compiling can_xfer.c...
user\APP\can_xfer.c(401): warning:  #767-D: conversion from pointer to smaller integer
           ( uint8_t * )( ( uint16_t )Transmit_Buffer_Ctl_Ptr[loop_counter]->buffer_base_address +
user\APP\can_xfer.c(438): warning:  #767-D: conversion from pointer to smaller integer
              ( ( uint16_t )Receive_Buffer_Ctl_Ptr[loop_counter]->
user\APP\can_xfer.c(484): warning:  #767-D: conversion from pointer to smaller integer
     buffer_pointer = ( uint8_t * ) ( ( uint16_t ) buffer_pointer +
user\APP\can_xfer.c: 3 warnings, 0 errors
compiling initialize.c...
user\APP\initialize.c(48): warning:  #9-D: nested comment is not allowed
  struct _tagStartup _startupData;	/* read-only: */
user\APP\initialize.c(74): warning:  #9-D: nested comment is not allowed
  /*===========================================================================
user\APP\initialize.c: 2 warnings, 0 errors
compiling interrupt.c...
user\APP\interrupt.c(51): warning:  #161-D: unrecognized #pragma
  #pragma CODE_SEG ISR_SEC
user\APP\interrupt.c(56): warning:  #161-D: unrecognized #pragma
  #pragma CODE_SEG DEFAULT
user\APP\interrupt.c: 2 warnings, 0 errors
assembling startup_stm32f37x.s...
compiling io_can_config.c...
user\io_config\io_can_config.c(130): warning:  #177-D: variable "reset_reprog_pattern" was declared but never referenced
  uint16_t reset_reprog_pattern;
user\io_config\io_can_config.c(132): warning:  #177-D: variable "carrier" was declared but never referenced
  uint8_t  carrier;
user\io_config\io_can_config.c: 2 warnings, 0 errors
linking...
Program Size: Code=19848 RO-data=1100 RW-data=664 ZI-data=5600  
".\Objects\Show_demo.axf" - 0 Error(s), 78 Warning(s).

<h2>Collection of Component include folders:</h2>
  C:\work\work\lambda\RTE
  C:\Keil_v5\ARM\PACK\Keil\STM32F3xx_DFP\1.3.0\Device\Include

<h2>Collection of Component Files used:</h2>
Build Time Elapsed:  00:00:11
</pre>
</body>
</html>
