<!doctype html public "-//w3c//dtd html 4.0 transitional//en">
<html><head>
<title>Static Call Graph - [.\Objects\Show_demo.axf]</title></head>
<body><HR>
<H1>Static Call Graph for image .\Objects\Show_demo.axf</H1><HR>
<BR><P>#&#060CALLGRAPH&#062# ARM Linker, 5060183: Last Updated: Thu Dec 29 21:28:35 2016
<BR><P>
<H3>Maximum Stack Usage =        196 bytes + Unknown(Functions without stacksize, Cycles, Untraceable Function Pointers)</H3><H3>
Call chain for Maximum Stack Depth:</H3>
__rt_entry_main &rArr; main &rArr; CAN_Config &rArr; GPIO_PinAFConfig
<P>
<H3>
Functions with no stack information
</H3><UL>
 <LI><a href="#[6a]">__user_initial_stackheap</a>
</UL>
</UL>
<P>
<H3>
Mutually Recursive functions
</H3> <LI><a href="#[1e]">ADC1_IRQHandler</a>&nbsp;&nbsp;&nbsp;&rArr;&nbsp;&nbsp;&nbsp;<a href="#[1e]">ADC1_IRQHandler</a><BR>
</UL>
<P>
<H3>
Function Pointers
</H3><UL>
 <LI><a href="#[1e]">ADC1_IRQHandler</a> from startup_stm32f37x.o(.text) referenced from startup_stm32f37x.o(RESET)
 <LI><a href="#[6]">BusFault_Handler</a> from stm32f37x_it.o(i.BusFault_Handler) referenced from startup_stm32f37x.o(RESET)
 <LI><a href="#[20]">CAN1_RX0_IRQHandler</a> from stm32f37x_it.o(i.CAN1_RX0_IRQHandler) referenced from startup_stm32f37x.o(RESET)
 <LI><a href="#[21]">CAN1_RX1_IRQHandler</a> from startup_stm32f37x.o(.text) referenced from startup_stm32f37x.o(RESET)
 <LI><a href="#[22]">CAN1_SCE_IRQHandler</a> from startup_stm32f37x.o(.text) referenced from startup_stm32f37x.o(RESET)
 <LI><a href="#[1f]">CAN1_TX_IRQHandler</a> from startup_stm32f37x.o(.text) referenced from startup_stm32f37x.o(RESET)
 <LI><a href="#[59]">CCP_Build_Chksum</a> from ccp2mem.o(i.CCP_Build_Chksum) referenced from ccp2conf.o(.constdata)
 <LI><a href="#[5b]">CCP_Clear_Memory</a> from ccp2mem.o(i.CCP_Clear_Memory) referenced from ccp2conf.o(.constdata)
 <LI><a href="#[4e]">CCP_Command_Unavailable</a> from ccp2conf.o(i.CCP_Command_Unavailable) referenced 11 times from ccp2conf.o(.constdata)
 <LI><a href="#[4f]">CCP_Connect</a> from ccp2mode.o(i.CCP_Connect) referenced from ccp2conf.o(.constdata)
 <LI><a href="#[54]">CCP_Disconnect</a> from ccp2mode.o(i.CCP_Disconnect) referenced from ccp2conf.o(.constdata)
 <LI><a href="#[51]">CCP_Dnload</a> from ccp2mem.o(i.CCP_Dnload) referenced from ccp2conf.o(.constdata)
 <LI><a href="#[67]">CCP_Dnload_6</a> from ccp2mem.o(i.CCP_Dnload_6) referenced from ccp2conf.o(.constdata)
 <LI><a href="#[62]">CCP_Exchange_ID</a> from ccp2conf.o(i.CCP_Exchange_ID) referenced from ccp2conf.o(.constdata)
 <LI><a href="#[56]">CCP_Get_Active_Cal_Page</a> from ccp2conf.o(i.CCP_Get_Active_Cal_Page) referenced from ccp2conf.o(.constdata)
 <LI><a href="#[65]">CCP_Get_CCP_Version</a> from ccp2mode.o(i.CCP_Get_CCP_Version) referenced from ccp2conf.o(.constdata)
 <LI><a href="#[5f]">CCP_Get_DAQ_Size</a> from ccp2daq.o(i.CCP_Get_DAQ_Size) referenced from ccp2conf.o(.constdata)
 <LI><a href="#[58]">CCP_Get_S_Status</a> from ccp2mode.o(i.CCP_Get_S_Status) referenced from ccp2conf.o(.constdata)
 <LI><a href="#[5d]">CCP_Get_Seed</a> from ccp2mode.o(i.CCP_Get_Seed) referenced from ccp2conf.o(.constdata)
 <LI><a href="#[64]">CCP_Move</a> from ccp2mem.o(i.CCP_Move) referenced from ccp2conf.o(.constdata)
 <LI><a href="#[63]">CCP_Program</a> from ccp2mem.o(i.CCP_Program) referenced from ccp2conf.o(.constdata)
 <LI><a href="#[66]">CCP_Program_6</a> from ccp2mem.o(i.CCP_Program_6) referenced from ccp2conf.o(.constdata)
 <LI><a href="#[5c]">CCP_Select_Cal_Page</a> from ccp2conf.o(i.CCP_Select_Cal_Page) referenced from ccp2conf.o(.constdata)
 <LI><a href="#[60]">CCP_Set_DAQ_Ptr</a> from ccp2daq.o(i.CCP_Set_DAQ_Ptr) referenced from ccp2conf.o(.constdata)
 <LI><a href="#[50]">CCP_Set_MTA</a> from ccp2mem.o(i.CCP_Set_MTA) referenced from ccp2conf.o(.constdata)
 <LI><a href="#[57]">CCP_Set_S_Status</a> from ccp2mode.o(i.CCP_Set_S_Status) referenced from ccp2conf.o(.constdata)
 <LI><a href="#[5a]">CCP_Short_Up</a> from ccp2mem.o(i.CCP_Short_Up) referenced from ccp2conf.o(.constdata)
 <LI><a href="#[53]">CCP_Start_Stop</a> from ccp2daq.o(i.CCP_Start_Stop) referenced from ccp2conf.o(.constdata)
 <LI><a href="#[55]">CCP_Start_Stop_All</a> from ccp2daq.o(i.CCP_Start_Stop_All) referenced from ccp2conf.o(.constdata)
 <LI><a href="#[5e]">CCP_Unlock</a> from ccp2mode.o(i.CCP_Unlock) referenced from ccp2conf.o(.constdata)
 <LI><a href="#[52]">CCP_Upload</a> from ccp2mem.o(i.CCP_Upload) referenced from ccp2conf.o(.constdata)
 <LI><a href="#[61]">CCP_Write_DAQ</a> from ccp2daq.o(i.CCP_Write_DAQ) referenced from ccp2conf.o(.constdata)
 <LI><a href="#[36]">CEC_IRQHandler</a> from startup_stm32f37x.o(.text) referenced from startup_stm32f37x.o(RESET)
 <LI><a href="#[46]">COMP_IRQHandler</a> from startup_stm32f37x.o(.text) referenced from startup_stm32f37x.o(RESET)
 <LI><a href="#[17]">DMA1_Channel1_IRQHandler</a> from startup_stm32f37x.o(.text) referenced from startup_stm32f37x.o(RESET)
 <LI><a href="#[18]">DMA1_Channel2_IRQHandler</a> from startup_stm32f37x.o(.text) referenced from startup_stm32f37x.o(RESET)
 <LI><a href="#[19]">DMA1_Channel3_IRQHandler</a> from startup_stm32f37x.o(.text) referenced from startup_stm32f37x.o(RESET)
 <LI><a href="#[1a]">DMA1_Channel4_IRQHandler</a> from startup_stm32f37x.o(.text) referenced from startup_stm32f37x.o(RESET)
 <LI><a href="#[1b]">DMA1_Channel5_IRQHandler</a> from startup_stm32f37x.o(.text) referenced from startup_stm32f37x.o(RESET)
 <LI><a href="#[1c]">DMA1_Channel6_IRQHandler</a> from startup_stm32f37x.o(.text) referenced from startup_stm32f37x.o(RESET)
 <LI><a href="#[1d]">DMA1_Channel7_IRQHandler</a> from startup_stm32f37x.o(.text) referenced from startup_stm32f37x.o(RESET)
 <LI><a href="#[3e]">DMA2_Channel1_IRQHandler</a> from stm32f37x_it.o(i.DMA2_Channel1_IRQHandler) referenced from startup_stm32f37x.o(RESET)
 <LI><a href="#[3f]">DMA2_Channel2_IRQHandler</a> from stm32f37x_it.o(i.DMA2_Channel2_IRQHandler) referenced from startup_stm32f37x.o(RESET)
 <LI><a href="#[40]">DMA2_Channel3_IRQHandler</a> from stm32f37x_it.o(i.DMA2_Channel3_IRQHandler) referenced from startup_stm32f37x.o(RESET)
 <LI><a href="#[41]">DMA2_Channel4_IRQHandler</a> from startup_stm32f37x.o(.text) referenced from startup_stm32f37x.o(RESET)
 <LI><a href="#[42]">DMA2_Channel5_IRQHandler</a> from startup_stm32f37x.o(.text) referenced from startup_stm32f37x.o(RESET)
 <LI><a href="#[9]">DebugMon_Handler</a> from stm32f37x_it.o(i.DebugMon_Handler) referenced from startup_stm32f37x.o(RESET)
 <LI><a href="#[12]">EXTI0_IRQHandler</a> from startup_stm32f37x.o(.text) referenced from startup_stm32f37x.o(RESET)
 <LI><a href="#[34]">EXTI15_10_IRQHandler</a> from stm32f37x_it.o(i.EXTI15_10_IRQHandler) referenced from startup_stm32f37x.o(RESET)
 <LI><a href="#[13]">EXTI1_IRQHandler</a> from startup_stm32f37x.o(.text) referenced from startup_stm32f37x.o(RESET)
 <LI><a href="#[14]">EXTI2_TS_IRQHandler</a> from startup_stm32f37x.o(.text) referenced from startup_stm32f37x.o(RESET)
 <LI><a href="#[15]">EXTI3_IRQHandler</a> from startup_stm32f37x.o(.text) referenced from startup_stm32f37x.o(RESET)
 <LI><a href="#[16]">EXTI4_IRQHandler</a> from stm32f37x_it.o(i.EXTI4_IRQHandler) referenced from startup_stm32f37x.o(RESET)
 <LI><a href="#[23]">EXTI9_5_IRQHandler</a> from stm32f37x_it.o(i.EXTI9_5_IRQHandler) referenced from startup_stm32f37x.o(RESET)
 <LI><a href="#[10]">FLASH_IRQHandler</a> from startup_stm32f37x.o(.text) referenced from startup_stm32f37x.o(RESET)
 <LI><a href="#[4b]">FPU_IRQHandler</a> from startup_stm32f37x.o(.text) referenced from startup_stm32f37x.o(RESET)
 <LI><a href="#[4]">HardFault_Handler</a> from stm32f37x_it.o(i.HardFault_Handler) referenced from startup_stm32f37x.o(RESET)
 <LI><a href="#[2c]">I2C1_ER_IRQHandler</a> from startup_stm32f37x.o(.text) referenced from startup_stm32f37x.o(RESET)
 <LI><a href="#[2b]">I2C1_EV_IRQHandler</a> from startup_stm32f37x.o(.text) referenced from startup_stm32f37x.o(RESET)
 <LI><a href="#[2e]">I2C2_ER_IRQHandler</a> from startup_stm32f37x.o(.text) referenced from startup_stm32f37x.o(RESET)
 <LI><a href="#[2d]">I2C2_EV_IRQHandler</a> from startup_stm32f37x.o(.text) referenced from startup_stm32f37x.o(RESET)
 <LI><a href="#[5]">MemManage_Handler</a> from stm32f37x_it.o(i.MemManage_Handler) referenced from startup_stm32f37x.o(RESET)
 <LI><a href="#[3]">NMI_Handler</a> from stm32f37x_it.o(i.NMI_Handler) referenced from startup_stm32f37x.o(RESET)
 <LI><a href="#[d]">PVD_IRQHandler</a> from startup_stm32f37x.o(.text) referenced from startup_stm32f37x.o(RESET)
 <LI><a href="#[a]">PendSV_Handler</a> from stm32f37x_it.o(i.PendSV_Handler) referenced from startup_stm32f37x.o(RESET)
 <LI><a href="#[11]">RCC_IRQHandler</a> from startup_stm32f37x.o(.text) referenced from startup_stm32f37x.o(RESET)
 <LI><a href="#[35]">RTC_Alarm_IRQHandler</a> from startup_stm32f37x.o(.text) referenced from startup_stm32f37x.o(RESET)
 <LI><a href="#[f]">RTC_WKUP_IRQHandler</a> from startup_stm32f37x.o(.text) referenced from startup_stm32f37x.o(RESET)
 <LI><a href="#[68]">Reset_Handler</a> from startup_stm32f37x.o(.text) referenced from startup_stm32f37x.o(RESET)
 <LI><a href="#[43]">SDADC1_IRQHandler</a> from stm32f37x_it.o(i.SDADC1_IRQHandler) referenced from startup_stm32f37x.o(RESET)
 <LI><a href="#[44]">SDADC2_IRQHandler</a> from stm32f37x_it.o(i.SDADC2_IRQHandler) referenced from startup_stm32f37x.o(RESET)
 <LI><a href="#[45]">SDADC3_IRQHandler</a> from stm32f37x_it.o(i.SDADC3_IRQHandler) referenced from startup_stm32f37x.o(RESET)
 <LI><a href="#[2f]">SPI1_IRQHandler</a> from stm32f37x_it.o(i.SPI1_IRQHandler) referenced from startup_stm32f37x.o(RESET)
 <LI><a href="#[30]">SPI2_IRQHandler</a> from stm32f37x_it.o(i.SPI2_IRQHandler) referenced from startup_stm32f37x.o(RESET)
 <LI><a href="#[3b]">SPI3_IRQHandler</a> from startup_stm32f37x.o(.text) referenced from startup_stm32f37x.o(RESET)
 <LI><a href="#[8]">SVC_Handler</a> from stm32f37x_it.o(i.SVC_Handler) referenced from startup_stm32f37x.o(RESET)
 <LI><a href="#[b]">SysTick_Handler</a> from stm32f37x_it.o(i.SysTick_Handler) referenced from startup_stm32f37x.o(RESET)
 <LI><a href="#[4c]">SystemInit</a> from system_stm32f37x.o(i.SystemInit) referenced from startup_stm32f37x.o(.text)
 <LI><a href="#[e]">TAMPER_STAMP_IRQHandler</a> from startup_stm32f37x.o(.text) referenced from startup_stm32f37x.o(RESET)
 <LI><a href="#[37]">TIM12_IRQHandler</a> from stm32f37x_it.o(i.TIM12_IRQHandler) referenced from startup_stm32f37x.o(RESET)
 <LI><a href="#[38]">TIM13_IRQHandler</a> from startup_stm32f37x.o(.text) referenced from startup_stm32f37x.o(RESET)
 <LI><a href="#[39]">TIM14_IRQHandler</a> from startup_stm32f37x.o(.text) referenced from startup_stm32f37x.o(RESET)
 <LI><a href="#[24]">TIM15_IRQHandler</a> from startup_stm32f37x.o(.text) referenced from startup_stm32f37x.o(RESET)
 <LI><a href="#[25]">TIM16_IRQHandler</a> from startup_stm32f37x.o(.text) referenced from startup_stm32f37x.o(RESET)
 <LI><a href="#[26]">TIM17_IRQHandler</a> from startup_stm32f37x.o(.text) referenced from startup_stm32f37x.o(RESET)
 <LI><a href="#[27]">TIM18_DAC2_IRQHandler</a> from startup_stm32f37x.o(.text) referenced from startup_stm32f37x.o(RESET)
 <LI><a href="#[4a]">TIM19_IRQHandler</a> from stm32f37x_it.o(i.TIM19_IRQHandler) referenced from startup_stm32f37x.o(RESET)
 <LI><a href="#[28]">TIM2_IRQHandler</a> from stm32f37x_it.o(i.TIM2_IRQHandler) referenced from startup_stm32f37x.o(RESET)
 <LI><a href="#[29]">TIM3_IRQHandler</a> from stm32f37x_it.o(i.TIM3_IRQHandler) referenced from startup_stm32f37x.o(RESET)
 <LI><a href="#[2a]">TIM4_IRQHandler</a> from startup_stm32f37x.o(.text) referenced from startup_stm32f37x.o(RESET)
 <LI><a href="#[3a]">TIM5_IRQHandler</a> from stm32f37x_it.o(i.TIM5_IRQHandler) referenced from startup_stm32f37x.o(RESET)
 <LI><a href="#[3c]">TIM6_DAC1_IRQHandler</a> from startup_stm32f37x.o(.text) referenced from startup_stm32f37x.o(RESET)
 <LI><a href="#[3d]">TIM7_IRQHandler</a> from startup_stm32f37x.o(.text) referenced from startup_stm32f37x.o(RESET)
 <LI><a href="#[31]">USART1_IRQHandler</a> from startup_stm32f37x.o(.text) referenced from startup_stm32f37x.o(RESET)
 <LI><a href="#[32]">USART2_IRQHandler</a> from startup_stm32f37x.o(.text) referenced from startup_stm32f37x.o(RESET)
 <LI><a href="#[33]">USART3_IRQHandler</a> from stm32f37x_it.o(i.USART3_IRQHandler) referenced from startup_stm32f37x.o(RESET)
 <LI><a href="#[49]">USBWakeUp_IRQHandler</a> from startup_stm32f37x.o(.text) referenced from startup_stm32f37x.o(RESET)
 <LI><a href="#[47]">USB_HP_IRQHandler</a> from startup_stm32f37x.o(.text) referenced from startup_stm32f37x.o(RESET)
 <LI><a href="#[48]">USB_LP_IRQHandler</a> from startup_stm32f37x.o(.text) referenced from startup_stm32f37x.o(RESET)
 <LI><a href="#[7]">UsageFault_Handler</a> from stm32f37x_it.o(i.UsageFault_Handler) referenced from startup_stm32f37x.o(RESET)
 <LI><a href="#[c]">WWDG_IRQHandler</a> from startup_stm32f37x.o(.text) referenced from startup_stm32f37x.o(RESET)
 <LI><a href="#[69]">__main</a> from __main.o(!!!main) referenced from startup_stm32f37x.o(.text)
</UL>
<P>
<H3>
Global Symbols
</H3>
<P><STRONG><a name="[69]"></a>__main</STRONG> (Thumb, 8 bytes, Stack size 0 bytes, __main.o(!!!main))
<BR><BR>[Calls]<UL><LI><a href="#[6b]">&gt;&gt;</a>&nbsp;&nbsp;&nbsp;__scatterload
<LI><a href="#[6c]">&gt;&gt;</a>&nbsp;&nbsp;&nbsp;__rt_entry
</UL>

<P><STRONG><a name="[6b]"></a>__scatterload</STRONG> (Thumb, 0 bytes, Stack size unknown bytes, __scatter.o(!!!scatter))
<BR><BR>[Called By]<UL><LI><a href="#[69]">&gt;&gt;</a>&nbsp;&nbsp;&nbsp;__main
</UL>

<P><STRONG><a name="[6d]"></a>__scatterload_rt2</STRONG> (Thumb, 44 bytes, Stack size unknown bytes, __scatter.o(!!!scatter), UNUSED)
<BR><BR>[Calls]<UL><LI><a href="#[6c]">&gt;&gt;</a>&nbsp;&nbsp;&nbsp;__rt_entry
</UL>

<P><STRONG><a name="[121]"></a>__scatterload_rt2_thumb_only</STRONG> (Thumb, 0 bytes, Stack size unknown bytes, __scatter.o(!!!scatter), UNUSED)

<P><STRONG><a name="[122]"></a>__scatterload_null</STRONG> (Thumb, 0 bytes, Stack size unknown bytes, __scatter.o(!!!scatter), UNUSED)

<P><STRONG><a name="[123]"></a>__decompress</STRONG> (Thumb, 58 bytes, Stack size unknown bytes, __dczerorl.o(!!dczerorl), UNUSED)

<P><STRONG><a name="[124]"></a>__decompress0</STRONG> (Thumb, 0 bytes, Stack size unknown bytes, __dczerorl.o(!!dczerorl), UNUSED)

<P><STRONG><a name="[125]"></a>__scatterload_zeroinit</STRONG> (Thumb, 28 bytes, Stack size unknown bytes, __scatter_zi.o(!!handler_zi), UNUSED)

<P><STRONG><a name="[73]"></a>__rt_lib_init</STRONG> (Thumb, 0 bytes, Stack size unknown bytes, libinit.o(.ARM.Collect$$libinit$$00000000))
<BR><BR>[Called By]<UL><LI><a href="#[72]">&gt;&gt;</a>&nbsp;&nbsp;&nbsp;__rt_entry_li
</UL>

<P><STRONG><a name="[6e]"></a>__rt_lib_init_fp_1</STRONG> (Thumb, 0 bytes, Stack size unknown bytes, libinit2.o(.ARM.Collect$$libinit$$00000001))
<BR><BR>[Calls]<UL><LI><a href="#[6f]">&gt;&gt;</a>&nbsp;&nbsp;&nbsp;_fp_init
</UL>

<P><STRONG><a name="[126]"></a>__rt_lib_init_alloca_1</STRONG> (Thumb, 0 bytes, Stack size unknown bytes, libinit2.o(.ARM.Collect$$libinit$$0000002E))

<P><STRONG><a name="[127]"></a>__rt_lib_init_argv_1</STRONG> (Thumb, 0 bytes, Stack size unknown bytes, libinit2.o(.ARM.Collect$$libinit$$0000002C))

<P><STRONG><a name="[128]"></a>__rt_lib_init_atexit_1</STRONG> (Thumb, 0 bytes, Stack size unknown bytes, libinit2.o(.ARM.Collect$$libinit$$0000001B))

<P><STRONG><a name="[129]"></a>__rt_lib_init_clock_1</STRONG> (Thumb, 0 bytes, Stack size unknown bytes, libinit2.o(.ARM.Collect$$libinit$$00000021))

<P><STRONG><a name="[12a]"></a>__rt_lib_init_cpp_1</STRONG> (Thumb, 0 bytes, Stack size unknown bytes, libinit2.o(.ARM.Collect$$libinit$$00000032))

<P><STRONG><a name="[12b]"></a>__rt_lib_init_exceptions_1</STRONG> (Thumb, 0 bytes, Stack size unknown bytes, libinit2.o(.ARM.Collect$$libinit$$00000030))

<P><STRONG><a name="[12c]"></a>__rt_lib_init_fp_trap_1</STRONG> (Thumb, 0 bytes, Stack size unknown bytes, libinit2.o(.ARM.Collect$$libinit$$0000001F))

<P><STRONG><a name="[12d]"></a>__rt_lib_init_getenv_1</STRONG> (Thumb, 0 bytes, Stack size unknown bytes, libinit2.o(.ARM.Collect$$libinit$$00000023))

<P><STRONG><a name="[12e]"></a>__rt_lib_init_heap_1</STRONG> (Thumb, 0 bytes, Stack size unknown bytes, libinit2.o(.ARM.Collect$$libinit$$0000000A))

<P><STRONG><a name="[12f]"></a>__rt_lib_init_lc_collate_1</STRONG> (Thumb, 0 bytes, Stack size unknown bytes, libinit2.o(.ARM.Collect$$libinit$$00000011))

<P><STRONG><a name="[130]"></a>__rt_lib_init_lc_ctype_1</STRONG> (Thumb, 0 bytes, Stack size unknown bytes, libinit2.o(.ARM.Collect$$libinit$$00000013))

<P><STRONG><a name="[131]"></a>__rt_lib_init_lc_monetary_1</STRONG> (Thumb, 0 bytes, Stack size unknown bytes, libinit2.o(.ARM.Collect$$libinit$$00000015))

<P><STRONG><a name="[132]"></a>__rt_lib_init_lc_numeric_1</STRONG> (Thumb, 0 bytes, Stack size unknown bytes, libinit2.o(.ARM.Collect$$libinit$$00000017))

<P><STRONG><a name="[133]"></a>__rt_lib_init_lc_time_1</STRONG> (Thumb, 0 bytes, Stack size unknown bytes, libinit2.o(.ARM.Collect$$libinit$$00000019))

<P><STRONG><a name="[134]"></a>__rt_lib_init_preinit_1</STRONG> (Thumb, 0 bytes, Stack size unknown bytes, libinit2.o(.ARM.Collect$$libinit$$00000004))

<P><STRONG><a name="[135]"></a>__rt_lib_init_rand_1</STRONG> (Thumb, 0 bytes, Stack size unknown bytes, libinit2.o(.ARM.Collect$$libinit$$0000000E))

<P><STRONG><a name="[136]"></a>__rt_lib_init_return</STRONG> (Thumb, 0 bytes, Stack size unknown bytes, libinit2.o(.ARM.Collect$$libinit$$00000033))

<P><STRONG><a name="[137]"></a>__rt_lib_init_signal_1</STRONG> (Thumb, 0 bytes, Stack size unknown bytes, libinit2.o(.ARM.Collect$$libinit$$0000001D))

<P><STRONG><a name="[138]"></a>__rt_lib_init_stdio_1</STRONG> (Thumb, 0 bytes, Stack size unknown bytes, libinit2.o(.ARM.Collect$$libinit$$00000025))

<P><STRONG><a name="[139]"></a>__rt_lib_init_user_alloc_1</STRONG> (Thumb, 0 bytes, Stack size unknown bytes, libinit2.o(.ARM.Collect$$libinit$$0000000C))

<P><STRONG><a name="[78]"></a>__rt_lib_shutdown</STRONG> (Thumb, 0 bytes, Stack size unknown bytes, libshutdown.o(.ARM.Collect$$libshutdown$$00000000))
<BR><BR>[Called By]<UL><LI><a href="#[77]">&gt;&gt;</a>&nbsp;&nbsp;&nbsp;__rt_exit_ls
</UL>

<P><STRONG><a name="[13a]"></a>__rt_lib_shutdown_cpp_1</STRONG> (Thumb, 0 bytes, Stack size unknown bytes, libshutdown2.o(.ARM.Collect$$libshutdown$$00000002))

<P><STRONG><a name="[13b]"></a>__rt_lib_shutdown_fp_trap_1</STRONG> (Thumb, 0 bytes, Stack size unknown bytes, libshutdown2.o(.ARM.Collect$$libshutdown$$00000007))

<P><STRONG><a name="[13c]"></a>__rt_lib_shutdown_heap_1</STRONG> (Thumb, 0 bytes, Stack size unknown bytes, libshutdown2.o(.ARM.Collect$$libshutdown$$0000000F))

<P><STRONG><a name="[13d]"></a>__rt_lib_shutdown_return</STRONG> (Thumb, 0 bytes, Stack size unknown bytes, libshutdown2.o(.ARM.Collect$$libshutdown$$00000010))

<P><STRONG><a name="[13e]"></a>__rt_lib_shutdown_signal_1</STRONG> (Thumb, 0 bytes, Stack size unknown bytes, libshutdown2.o(.ARM.Collect$$libshutdown$$0000000A))

<P><STRONG><a name="[13f]"></a>__rt_lib_shutdown_stdio_1</STRONG> (Thumb, 0 bytes, Stack size unknown bytes, libshutdown2.o(.ARM.Collect$$libshutdown$$00000004))

<P><STRONG><a name="[140]"></a>__rt_lib_shutdown_user_alloc_1</STRONG> (Thumb, 0 bytes, Stack size unknown bytes, libshutdown2.o(.ARM.Collect$$libshutdown$$0000000C))

<P><STRONG><a name="[6c]"></a>__rt_entry</STRONG> (Thumb, 0 bytes, Stack size unknown bytes, __rtentry.o(.ARM.Collect$$rtentry$$00000000))
<BR><BR>[Called By]<UL><LI><a href="#[6d]">&gt;&gt;</a>&nbsp;&nbsp;&nbsp;__scatterload_rt2
<LI><a href="#[69]">&gt;&gt;</a>&nbsp;&nbsp;&nbsp;__main
</UL>

<P><STRONG><a name="[141]"></a>__rt_entry_presh_1</STRONG> (Thumb, 0 bytes, Stack size unknown bytes, __rtentry2.o(.ARM.Collect$$rtentry$$00000002))

<P><STRONG><a name="[70]"></a>__rt_entry_sh</STRONG> (Thumb, 0 bytes, Stack size unknown bytes, __rtentry4.o(.ARM.Collect$$rtentry$$00000004))
<BR><BR>[Stack]<UL><LI>Max Depth = 8 + Unknown Stack Size
<LI>Call Chain = __rt_entry_sh &rArr; __user_setup_stackheap
</UL>
<BR>[Calls]<UL><LI><a href="#[71]">&gt;&gt;</a>&nbsp;&nbsp;&nbsp;__user_setup_stackheap
</UL>

<P><STRONG><a name="[72]"></a>__rt_entry_li</STRONG> (Thumb, 0 bytes, Stack size unknown bytes, __rtentry2.o(.ARM.Collect$$rtentry$$0000000A))
<BR><BR>[Calls]<UL><LI><a href="#[73]">&gt;&gt;</a>&nbsp;&nbsp;&nbsp;__rt_lib_init
</UL>

<P><STRONG><a name="[142]"></a>__rt_entry_postsh_1</STRONG> (Thumb, 0 bytes, Stack size unknown bytes, __rtentry2.o(.ARM.Collect$$rtentry$$00000009))

<P><STRONG><a name="[74]"></a>__rt_entry_main</STRONG> (Thumb, 0 bytes, Stack size unknown bytes, __rtentry2.o(.ARM.Collect$$rtentry$$0000000D))
<BR><BR>[Stack]<UL><LI>Max Depth = 196 + Unknown Stack Size
<LI>Call Chain = __rt_entry_main &rArr; main &rArr; CAN_Config &rArr; GPIO_PinAFConfig
</UL>
<BR>[Calls]<UL><LI><a href="#[75]">&gt;&gt;</a>&nbsp;&nbsp;&nbsp;main
<LI><a href="#[76]">&gt;&gt;</a>&nbsp;&nbsp;&nbsp;exit
</UL>

<P><STRONG><a name="[143]"></a>__rt_entry_postli_1</STRONG> (Thumb, 0 bytes, Stack size unknown bytes, __rtentry2.o(.ARM.Collect$$rtentry$$0000000C))

<P><STRONG><a name="[7c]"></a>__rt_exit</STRONG> (Thumb, 0 bytes, Stack size unknown bytes, rtexit.o(.ARM.Collect$$rtexit$$00000000))
<BR><BR>[Called By]<UL><LI><a href="#[76]">&gt;&gt;</a>&nbsp;&nbsp;&nbsp;exit
</UL>

<P><STRONG><a name="[77]"></a>__rt_exit_ls</STRONG> (Thumb, 0 bytes, Stack size unknown bytes, rtexit2.o(.ARM.Collect$$rtexit$$00000003))
<BR><BR>[Calls]<UL><LI><a href="#[78]">&gt;&gt;</a>&nbsp;&nbsp;&nbsp;__rt_lib_shutdown
</UL>

<P><STRONG><a name="[144]"></a>__rt_exit_prels_1</STRONG> (Thumb, 0 bytes, Stack size unknown bytes, rtexit2.o(.ARM.Collect$$rtexit$$00000002))

<P><STRONG><a name="[79]"></a>__rt_exit_exit</STRONG> (Thumb, 0 bytes, Stack size unknown bytes, rtexit2.o(.ARM.Collect$$rtexit$$00000004))
<BR><BR>[Calls]<UL><LI><a href="#[7a]">&gt;&gt;</a>&nbsp;&nbsp;&nbsp;_sys_exit
</UL>

<P><STRONG><a name="[68]"></a>Reset_Handler</STRONG> (Thumb, 8 bytes, Stack size 0 bytes, startup_stm32f37x.o(.text))

<P><STRONG><a name="[1e]"></a>ADC1_IRQHandler</STRONG> (Thumb, 0 bytes, Stack size 0 bytes, startup_stm32f37x.o(.text))
<BR><BR>[Calls]<UL><LI><a href="#[1e]">&gt;&gt;</a>&nbsp;&nbsp;&nbsp;ADC1_IRQHandler
</UL>
<BR>[Called By]<UL><LI><a href="#[1e]">&gt;&gt;</a>&nbsp;&nbsp;&nbsp;ADC1_IRQHandler
</UL>
<BR>[Address Reference Count : 1]<UL><LI> startup_stm32f37x.o(RESET)
</UL>
<P><STRONG><a name="[21]"></a>CAN1_RX1_IRQHandler</STRONG> (Thumb, 0 bytes, Stack size 0 bytes, startup_stm32f37x.o(.text))
<BR>[Address Reference Count : 1]<UL><LI> startup_stm32f37x.o(RESET)
</UL>
<P><STRONG><a name="[22]"></a>CAN1_SCE_IRQHandler</STRONG> (Thumb, 0 bytes, Stack size 0 bytes, startup_stm32f37x.o(.text))
<BR>[Address Reference Count : 1]<UL><LI> startup_stm32f37x.o(RESET)
</UL>
<P><STRONG><a name="[1f]"></a>CAN1_TX_IRQHandler</STRONG> (Thumb, 0 bytes, Stack size 0 bytes, startup_stm32f37x.o(.text))
<BR>[Address Reference Count : 1]<UL><LI> startup_stm32f37x.o(RESET)
</UL>
<P><STRONG><a name="[36]"></a>CEC_IRQHandler</STRONG> (Thumb, 0 bytes, Stack size 0 bytes, startup_stm32f37x.o(.text))
<BR>[Address Reference Count : 1]<UL><LI> startup_stm32f37x.o(RESET)
</UL>
<P><STRONG><a name="[46]"></a>COMP_IRQHandler</STRONG> (Thumb, 0 bytes, Stack size 0 bytes, startup_stm32f37x.o(.text))
<BR>[Address Reference Count : 1]<UL><LI> startup_stm32f37x.o(RESET)
</UL>
<P><STRONG><a name="[17]"></a>DMA1_Channel1_IRQHandler</STRONG> (Thumb, 0 bytes, Stack size 0 bytes, startup_stm32f37x.o(.text))
<BR>[Address Reference Count : 1]<UL><LI> startup_stm32f37x.o(RESET)
</UL>
<P><STRONG><a name="[18]"></a>DMA1_Channel2_IRQHandler</STRONG> (Thumb, 0 bytes, Stack size 0 bytes, startup_stm32f37x.o(.text))
<BR>[Address Reference Count : 1]<UL><LI> startup_stm32f37x.o(RESET)
</UL>
<P><STRONG><a name="[19]"></a>DMA1_Channel3_IRQHandler</STRONG> (Thumb, 0 bytes, Stack size 0 bytes, startup_stm32f37x.o(.text))
<BR>[Address Reference Count : 1]<UL><LI> startup_stm32f37x.o(RESET)
</UL>
<P><STRONG><a name="[1a]"></a>DMA1_Channel4_IRQHandler</STRONG> (Thumb, 0 bytes, Stack size 0 bytes, startup_stm32f37x.o(.text))
<BR>[Address Reference Count : 1]<UL><LI> startup_stm32f37x.o(RESET)
</UL>
<P><STRONG><a name="[1b]"></a>DMA1_Channel5_IRQHandler</STRONG> (Thumb, 0 bytes, Stack size 0 bytes, startup_stm32f37x.o(.text))
<BR>[Address Reference Count : 1]<UL><LI> startup_stm32f37x.o(RESET)
</UL>
<P><STRONG><a name="[1c]"></a>DMA1_Channel6_IRQHandler</STRONG> (Thumb, 0 bytes, Stack size 0 bytes, startup_stm32f37x.o(.text))
<BR>[Address Reference Count : 1]<UL><LI> startup_stm32f37x.o(RESET)
</UL>
<P><STRONG><a name="[1d]"></a>DMA1_Channel7_IRQHandler</STRONG> (Thumb, 0 bytes, Stack size 0 bytes, startup_stm32f37x.o(.text))
<BR>[Address Reference Count : 1]<UL><LI> startup_stm32f37x.o(RESET)
</UL>
<P><STRONG><a name="[41]"></a>DMA2_Channel4_IRQHandler</STRONG> (Thumb, 0 bytes, Stack size 0 bytes, startup_stm32f37x.o(.text))
<BR>[Address Reference Count : 1]<UL><LI> startup_stm32f37x.o(RESET)
</UL>
<P><STRONG><a name="[42]"></a>DMA2_Channel5_IRQHandler</STRONG> (Thumb, 0 bytes, Stack size 0 bytes, startup_stm32f37x.o(.text))
<BR>[Address Reference Count : 1]<UL><LI> startup_stm32f37x.o(RESET)
</UL>
<P><STRONG><a name="[12]"></a>EXTI0_IRQHandler</STRONG> (Thumb, 0 bytes, Stack size 0 bytes, startup_stm32f37x.o(.text))
<BR>[Address Reference Count : 1]<UL><LI> startup_stm32f37x.o(RESET)
</UL>
<P><STRONG><a name="[13]"></a>EXTI1_IRQHandler</STRONG> (Thumb, 0 bytes, Stack size 0 bytes, startup_stm32f37x.o(.text))
<BR>[Address Reference Count : 1]<UL><LI> startup_stm32f37x.o(RESET)
</UL>
<P><STRONG><a name="[14]"></a>EXTI2_TS_IRQHandler</STRONG> (Thumb, 0 bytes, Stack size 0 bytes, startup_stm32f37x.o(.text))
<BR>[Address Reference Count : 1]<UL><LI> startup_stm32f37x.o(RESET)
</UL>
<P><STRONG><a name="[15]"></a>EXTI3_IRQHandler</STRONG> (Thumb, 0 bytes, Stack size 0 bytes, startup_stm32f37x.o(.text))
<BR>[Address Reference Count : 1]<UL><LI> startup_stm32f37x.o(RESET)
</UL>
<P><STRONG><a name="[10]"></a>FLASH_IRQHandler</STRONG> (Thumb, 0 bytes, Stack size 0 bytes, startup_stm32f37x.o(.text))
<BR>[Address Reference Count : 1]<UL><LI> startup_stm32f37x.o(RESET)
</UL>
<P><STRONG><a name="[4b]"></a>FPU_IRQHandler</STRONG> (Thumb, 0 bytes, Stack size 0 bytes, startup_stm32f37x.o(.text))
<BR>[Address Reference Count : 1]<UL><LI> startup_stm32f37x.o(RESET)
</UL>
<P><STRONG><a name="[2c]"></a>I2C1_ER_IRQHandler</STRONG> (Thumb, 0 bytes, Stack size 0 bytes, startup_stm32f37x.o(.text))
<BR>[Address Reference Count : 1]<UL><LI> startup_stm32f37x.o(RESET)
</UL>
<P><STRONG><a name="[2b]"></a>I2C1_EV_IRQHandler</STRONG> (Thumb, 0 bytes, Stack size 0 bytes, startup_stm32f37x.o(.text))
<BR>[Address Reference Count : 1]<UL><LI> startup_stm32f37x.o(RESET)
</UL>
<P><STRONG><a name="[2e]"></a>I2C2_ER_IRQHandler</STRONG> (Thumb, 0 bytes, Stack size 0 bytes, startup_stm32f37x.o(.text))
<BR>[Address Reference Count : 1]<UL><LI> startup_stm32f37x.o(RESET)
</UL>
<P><STRONG><a name="[2d]"></a>I2C2_EV_IRQHandler</STRONG> (Thumb, 0 bytes, Stack size 0 bytes, startup_stm32f37x.o(.text))
<BR>[Address Reference Count : 1]<UL><LI> startup_stm32f37x.o(RESET)
</UL>
<P><STRONG><a name="[d]"></a>PVD_IRQHandler</STRONG> (Thumb, 0 bytes, Stack size 0 bytes, startup_stm32f37x.o(.text))
<BR>[Address Reference Count : 1]<UL><LI> startup_stm32f37x.o(RESET)
</UL>
<P><STRONG><a name="[11]"></a>RCC_IRQHandler</STRONG> (Thumb, 0 bytes, Stack size 0 bytes, startup_stm32f37x.o(.text))
<BR>[Address Reference Count : 1]<UL><LI> startup_stm32f37x.o(RESET)
</UL>
<P><STRONG><a name="[35]"></a>RTC_Alarm_IRQHandler</STRONG> (Thumb, 0 bytes, Stack size 0 bytes, startup_stm32f37x.o(.text))
<BR>[Address Reference Count : 1]<UL><LI> startup_stm32f37x.o(RESET)
</UL>
<P><STRONG><a name="[f]"></a>RTC_WKUP_IRQHandler</STRONG> (Thumb, 0 bytes, Stack size 0 bytes, startup_stm32f37x.o(.text))
<BR>[Address Reference Count : 1]<UL><LI> startup_stm32f37x.o(RESET)
</UL>
<P><STRONG><a name="[3b]"></a>SPI3_IRQHandler</STRONG> (Thumb, 0 bytes, Stack size 0 bytes, startup_stm32f37x.o(.text))
<BR>[Address Reference Count : 1]<UL><LI> startup_stm32f37x.o(RESET)
</UL>
<P><STRONG><a name="[e]"></a>TAMPER_STAMP_IRQHandler</STRONG> (Thumb, 0 bytes, Stack size 0 bytes, startup_stm32f37x.o(.text))
<BR>[Address Reference Count : 1]<UL><LI> startup_stm32f37x.o(RESET)
</UL>
<P><STRONG><a name="[38]"></a>TIM13_IRQHandler</STRONG> (Thumb, 0 bytes, Stack size 0 bytes, startup_stm32f37x.o(.text))
<BR>[Address Reference Count : 1]<UL><LI> startup_stm32f37x.o(RESET)
</UL>
<P><STRONG><a name="[39]"></a>TIM14_IRQHandler</STRONG> (Thumb, 0 bytes, Stack size 0 bytes, startup_stm32f37x.o(.text))
<BR>[Address Reference Count : 1]<UL><LI> startup_stm32f37x.o(RESET)
</UL>
<P><STRONG><a name="[24]"></a>TIM15_IRQHandler</STRONG> (Thumb, 0 bytes, Stack size 0 bytes, startup_stm32f37x.o(.text))
<BR>[Address Reference Count : 1]<UL><LI> startup_stm32f37x.o(RESET)
</UL>
<P><STRONG><a name="[25]"></a>TIM16_IRQHandler</STRONG> (Thumb, 0 bytes, Stack size 0 bytes, startup_stm32f37x.o(.text))
<BR>[Address Reference Count : 1]<UL><LI> startup_stm32f37x.o(RESET)
</UL>
<P><STRONG><a name="[26]"></a>TIM17_IRQHandler</STRONG> (Thumb, 0 bytes, Stack size 0 bytes, startup_stm32f37x.o(.text))
<BR>[Address Reference Count : 1]<UL><LI> startup_stm32f37x.o(RESET)
</UL>
<P><STRONG><a name="[27]"></a>TIM18_DAC2_IRQHandler</STRONG> (Thumb, 0 bytes, Stack size 0 bytes, startup_stm32f37x.o(.text))
<BR>[Address Reference Count : 1]<UL><LI> startup_stm32f37x.o(RESET)
</UL>
<P><STRONG><a name="[2a]"></a>TIM4_IRQHandler</STRONG> (Thumb, 0 bytes, Stack size 0 bytes, startup_stm32f37x.o(.text))
<BR>[Address Reference Count : 1]<UL><LI> startup_stm32f37x.o(RESET)
</UL>
<P><STRONG><a name="[3c]"></a>TIM6_DAC1_IRQHandler</STRONG> (Thumb, 0 bytes, Stack size 0 bytes, startup_stm32f37x.o(.text))
<BR>[Address Reference Count : 1]<UL><LI> startup_stm32f37x.o(RESET)
</UL>
<P><STRONG><a name="[3d]"></a>TIM7_IRQHandler</STRONG> (Thumb, 0 bytes, Stack size 0 bytes, startup_stm32f37x.o(.text))
<BR>[Address Reference Count : 1]<UL><LI> startup_stm32f37x.o(RESET)
</UL>
<P><STRONG><a name="[31]"></a>USART1_IRQHandler</STRONG> (Thumb, 0 bytes, Stack size 0 bytes, startup_stm32f37x.o(.text))
<BR>[Address Reference Count : 1]<UL><LI> startup_stm32f37x.o(RESET)
</UL>
<P><STRONG><a name="[32]"></a>USART2_IRQHandler</STRONG> (Thumb, 0 bytes, Stack size 0 bytes, startup_stm32f37x.o(.text))
<BR>[Address Reference Count : 1]<UL><LI> startup_stm32f37x.o(RESET)
</UL>
<P><STRONG><a name="[49]"></a>USBWakeUp_IRQHandler</STRONG> (Thumb, 0 bytes, Stack size 0 bytes, startup_stm32f37x.o(.text))
<BR>[Address Reference Count : 1]<UL><LI> startup_stm32f37x.o(RESET)
</UL>
<P><STRONG><a name="[47]"></a>USB_HP_IRQHandler</STRONG> (Thumb, 0 bytes, Stack size 0 bytes, startup_stm32f37x.o(.text))
<BR>[Address Reference Count : 1]<UL><LI> startup_stm32f37x.o(RESET)
</UL>
<P><STRONG><a name="[48]"></a>USB_LP_IRQHandler</STRONG> (Thumb, 0 bytes, Stack size 0 bytes, startup_stm32f37x.o(.text))
<BR>[Address Reference Count : 1]<UL><LI> startup_stm32f37x.o(RESET)
</UL>
<P><STRONG><a name="[c]"></a>WWDG_IRQHandler</STRONG> (Thumb, 0 bytes, Stack size 0 bytes, startup_stm32f37x.o(.text))
<BR>[Address Reference Count : 1]<UL><LI> startup_stm32f37x.o(RESET)
</UL>
<P><STRONG><a name="[6a]"></a>__user_initial_stackheap</STRONG> (Thumb, 0 bytes, Stack size unknown bytes, startup_stm32f37x.o(.text))
<BR><BR>[Called By]<UL><LI><a href="#[71]">&gt;&gt;</a>&nbsp;&nbsp;&nbsp;__user_setup_stackheap
</UL>

<P><STRONG><a name="[145]"></a>__use_two_region_memory</STRONG> (Thumb, 2 bytes, Stack size 0 bytes, heapauxi.o(.text), UNUSED)

<P><STRONG><a name="[146]"></a>__rt_heap_escrow$2region</STRONG> (Thumb, 2 bytes, Stack size 0 bytes, heapauxi.o(.text), UNUSED)

<P><STRONG><a name="[147]"></a>__rt_heap_expand$2region</STRONG> (Thumb, 2 bytes, Stack size 0 bytes, heapauxi.o(.text), UNUSED)

<P><STRONG><a name="[71]"></a>__user_setup_stackheap</STRONG> (Thumb, 74 bytes, Stack size 8 bytes, sys_stackheap_outer.o(.text))
<BR><BR>[Stack]<UL><LI>Max Depth = 8 + Unknown Stack Size
<LI>Call Chain = __user_setup_stackheap
</UL>
<BR>[Calls]<UL><LI><a href="#[7b]">&gt;&gt;</a>&nbsp;&nbsp;&nbsp;__user_perproc_libspace
<LI><a href="#[6a]">&gt;&gt;</a>&nbsp;&nbsp;&nbsp;__user_initial_stackheap
</UL>
<BR>[Called By]<UL><LI><a href="#[70]">&gt;&gt;</a>&nbsp;&nbsp;&nbsp;__rt_entry_sh
</UL>

<P><STRONG><a name="[76]"></a>exit</STRONG> (Thumb, 18 bytes, Stack size 8 bytes, exit.o(.text))
<BR><BR>[Stack]<UL><LI>Max Depth = 8 + Unknown Stack Size
<LI>Call Chain = exit
</UL>
<BR>[Calls]<UL><LI><a href="#[7c]">&gt;&gt;</a>&nbsp;&nbsp;&nbsp;__rt_exit
</UL>
<BR>[Called By]<UL><LI><a href="#[74]">&gt;&gt;</a>&nbsp;&nbsp;&nbsp;__rt_entry_main
</UL>

<P><STRONG><a name="[148]"></a>__user_libspace</STRONG> (Thumb, 8 bytes, Stack size 0 bytes, libspace.o(.text), UNUSED)

<P><STRONG><a name="[7b]"></a>__user_perproc_libspace</STRONG> (Thumb, 0 bytes, Stack size 0 bytes, libspace.o(.text))
<BR><BR>[Called By]<UL><LI><a href="#[71]">&gt;&gt;</a>&nbsp;&nbsp;&nbsp;__user_setup_stackheap
</UL>

<P><STRONG><a name="[149]"></a>__user_perthread_libspace</STRONG> (Thumb, 0 bytes, Stack size 0 bytes, libspace.o(.text), UNUSED)

<P><STRONG><a name="[7a]"></a>_sys_exit</STRONG> (Thumb, 8 bytes, Stack size 0 bytes, sys_exit.o(.text))
<BR><BR>[Called By]<UL><LI><a href="#[79]">&gt;&gt;</a>&nbsp;&nbsp;&nbsp;__rt_exit_exit
</UL>

<P><STRONG><a name="[14a]"></a>__I$use$semihosting</STRONG> (Thumb, 0 bytes, Stack size 0 bytes, use_no_semi.o(.text), UNUSED)

<P><STRONG><a name="[14b]"></a>__use_no_semihosting_swi</STRONG> (Thumb, 2 bytes, Stack size 0 bytes, use_no_semi.o(.text), UNUSED)

<P><STRONG><a name="[14c]"></a>__semihosting_library_function</STRONG> (Thumb, 0 bytes, Stack size unknown bytes, indicate_semi.o(.text), UNUSED)

<P><STRONG><a name="[7d]"></a>ADC13_Init</STRONG> (Thumb, 166 bytes, Stack size 32 bytes, main.o(i.ADC13_Init))
<BR><BR>[Stack]<UL><LI>Max Depth = 52<LI>Call Chain = ADC13_Init &rArr; ADC_RegularChannelConfig
</UL>
<BR>[Calls]<UL><LI><a href="#[83]">&gt;&gt;</a>&nbsp;&nbsp;&nbsp;ADC_StructInit
<LI><a href="#[89]">&gt;&gt;</a>&nbsp;&nbsp;&nbsp;ADC_StartCalibration
<LI><a href="#[87]">&gt;&gt;</a>&nbsp;&nbsp;&nbsp;ADC_ResetCalibration
<LI><a href="#[85]">&gt;&gt;</a>&nbsp;&nbsp;&nbsp;ADC_RegularChannelConfig
<LI><a href="#[84]">&gt;&gt;</a>&nbsp;&nbsp;&nbsp;ADC_Init
<LI><a href="#[88]">&gt;&gt;</a>&nbsp;&nbsp;&nbsp;ADC_GetResetCalibrationStatus
<LI><a href="#[8a]">&gt;&gt;</a>&nbsp;&nbsp;&nbsp;ADC_GetCalibrationStatus
<LI><a href="#[82]">&gt;&gt;</a>&nbsp;&nbsp;&nbsp;ADC_DeInit
<LI><a href="#[86]">&gt;&gt;</a>&nbsp;&nbsp;&nbsp;ADC_Cmd
<LI><a href="#[80]">&gt;&gt;</a>&nbsp;&nbsp;&nbsp;RCC_APB2PeriphClockCmd
<LI><a href="#[7f]">&gt;&gt;</a>&nbsp;&nbsp;&nbsp;RCC_AHBPeriphClockCmd
<LI><a href="#[81]">&gt;&gt;</a>&nbsp;&nbsp;&nbsp;GPIO_Init
<LI><a href="#[7e]">&gt;&gt;</a>&nbsp;&nbsp;&nbsp;RCC_ADCCLKConfig
</UL>
<BR>[Called By]<UL><LI><a href="#[75]">&gt;&gt;</a>&nbsp;&nbsp;&nbsp;main
</UL>

<P><STRONG><a name="[86]"></a>ADC_Cmd</STRONG> (Thumb, 22 bytes, Stack size 0 bytes, stm32f37x_adc.o(i.ADC_Cmd))
<BR><BR>[Called By]<UL><LI><a href="#[7d]">&gt;&gt;</a>&nbsp;&nbsp;&nbsp;ADC13_Init
</UL>

<P><STRONG><a name="[82]"></a>ADC_DeInit</STRONG> (Thumb, 24 bytes, Stack size 8 bytes, stm32f37x_adc.o(i.ADC_DeInit))
<BR><BR>[Stack]<UL><LI>Max Depth = 8<LI>Call Chain = ADC_DeInit
</UL>
<BR>[Calls]<UL><LI><a href="#[8b]">&gt;&gt;</a>&nbsp;&nbsp;&nbsp;RCC_APB2PeriphResetCmd
</UL>
<BR>[Called By]<UL><LI><a href="#[7d]">&gt;&gt;</a>&nbsp;&nbsp;&nbsp;ADC13_Init
</UL>

<P><STRONG><a name="[8a]"></a>ADC_GetCalibrationStatus</STRONG> (Thumb, 20 bytes, Stack size 0 bytes, stm32f37x_adc.o(i.ADC_GetCalibrationStatus))
<BR><BR>[Called By]<UL><LI><a href="#[7d]">&gt;&gt;</a>&nbsp;&nbsp;&nbsp;ADC13_Init
</UL>

<P><STRONG><a name="[104]"></a>ADC_GetConversionValue</STRONG> (Thumb, 8 bytes, Stack size 0 bytes, stm32f37x_adc.o(i.ADC_GetConversionValue))
<BR><BR>[Called By]<UL><LI><a href="#[75]">&gt;&gt;</a>&nbsp;&nbsp;&nbsp;main
</UL>

<P><STRONG><a name="[103]"></a>ADC_GetFlagStatus</STRONG> (Thumb, 18 bytes, Stack size 0 bytes, stm32f37x_adc.o(i.ADC_GetFlagStatus))
<BR><BR>[Called By]<UL><LI><a href="#[75]">&gt;&gt;</a>&nbsp;&nbsp;&nbsp;main
</UL>

<P><STRONG><a name="[88]"></a>ADC_GetResetCalibrationStatus</STRONG> (Thumb, 20 bytes, Stack size 0 bytes, stm32f37x_adc.o(i.ADC_GetResetCalibrationStatus))
<BR><BR>[Called By]<UL><LI><a href="#[7d]">&gt;&gt;</a>&nbsp;&nbsp;&nbsp;ADC13_Init
</UL>

<P><STRONG><a name="[84]"></a>ADC_Init</STRONG> (Thumb, 70 bytes, Stack size 12 bytes, stm32f37x_adc.o(i.ADC_Init))
<BR><BR>[Stack]<UL><LI>Max Depth = 12<LI>Call Chain = ADC_Init
</UL>
<BR>[Called By]<UL><LI><a href="#[7d]">&gt;&gt;</a>&nbsp;&nbsp;&nbsp;ADC13_Init
</UL>

<P><STRONG><a name="[85]"></a>ADC_RegularChannelConfig</STRONG> (Thumb, 184 bytes, Stack size 20 bytes, stm32f37x_adc.o(i.ADC_RegularChannelConfig))
<BR><BR>[Stack]<UL><LI>Max Depth = 20<LI>Call Chain = ADC_RegularChannelConfig
</UL>
<BR>[Called By]<UL><LI><a href="#[7d]">&gt;&gt;</a>&nbsp;&nbsp;&nbsp;ADC13_Init
</UL>

<P><STRONG><a name="[87]"></a>ADC_ResetCalibration</STRONG> (Thumb, 10 bytes, Stack size 0 bytes, stm32f37x_adc.o(i.ADC_ResetCalibration))
<BR><BR>[Called By]<UL><LI><a href="#[7d]">&gt;&gt;</a>&nbsp;&nbsp;&nbsp;ADC13_Init
</UL>

<P><STRONG><a name="[89]"></a>ADC_StartCalibration</STRONG> (Thumb, 10 bytes, Stack size 0 bytes, stm32f37x_adc.o(i.ADC_StartCalibration))
<BR><BR>[Called By]<UL><LI><a href="#[7d]">&gt;&gt;</a>&nbsp;&nbsp;&nbsp;ADC13_Init
</UL>

<P><STRONG><a name="[83]"></a>ADC_StructInit</STRONG> (Thumb, 16 bytes, Stack size 0 bytes, stm32f37x_adc.o(i.ADC_StructInit))
<BR><BR>[Called By]<UL><LI><a href="#[7d]">&gt;&gt;</a>&nbsp;&nbsp;&nbsp;ADC13_Init
</UL>

<P><STRONG><a name="[6]"></a>BusFault_Handler</STRONG> (Thumb, 4 bytes, Stack size 0 bytes, stm32f37x_it.o(i.BusFault_Handler))
<BR>[Address Reference Count : 1]<UL><LI> startup_stm32f37x.o(RESET)
</UL>
<P><STRONG><a name="[20]"></a>CAN1_RX0_IRQHandler</STRONG> (Thumb, 38 bytes, Stack size 8 bytes, stm32f37x_it.o(i.CAN1_RX0_IRQHandler))
<BR><BR>[Stack]<UL><LI>Max Depth = 108<LI>Call Chain = CAN1_RX0_IRQHandler &rArr; CAN1_Receive_Msg &rArr; STMFLASH_Write &rArr; STMFLASH_Write_NoCheck &rArr; FLASH_ProgramHalfWord &rArr; FLASH_WaitForLastOperation
</UL>
<BR>[Calls]<UL><LI><a href="#[8c]">&gt;&gt;</a>&nbsp;&nbsp;&nbsp;CAN1_Receive_Msg
</UL>
<BR>[Address Reference Count : 1]<UL><LI> startup_stm32f37x.o(RESET)
</UL>
<P><STRONG><a name="[8c]"></a>CAN1_Receive_Msg</STRONG> (Thumb, 398 bytes, Stack size 16 bytes, can.o(i.CAN1_Receive_Msg))
<BR><BR>[Stack]<UL><LI>Max Depth = 100<LI>Call Chain = CAN1_Receive_Msg &rArr; STMFLASH_Write &rArr; STMFLASH_Write_NoCheck &rArr; FLASH_ProgramHalfWord &rArr; FLASH_WaitForLastOperation
</UL>
<BR>[Calls]<UL><LI><a href="#[8e]">&gt;&gt;</a>&nbsp;&nbsp;&nbsp;CAN_Receive
<LI><a href="#[8d]">&gt;&gt;</a>&nbsp;&nbsp;&nbsp;CAN_MessagePending
<LI><a href="#[8f]">&gt;&gt;</a>&nbsp;&nbsp;&nbsp;STMFLASH_Write
</UL>
<BR>[Called By]<UL><LI><a href="#[20]">&gt;&gt;</a>&nbsp;&nbsp;&nbsp;CAN1_RX0_IRQHandler
</UL>

<P><STRONG><a name="[90]"></a>CAN1_Send_Msg</STRONG> (Thumb, 172 bytes, Stack size 48 bytes, can.o(i.CAN1_Send_Msg))
<BR><BR>[Stack]<UL><LI>Max Depth = 56<LI>Call Chain = CAN1_Send_Msg &rArr; CAN_TransmitStatus
</UL>
<BR>[Calls]<UL><LI><a href="#[92]">&gt;&gt;</a>&nbsp;&nbsp;&nbsp;CAN_TransmitStatus
<LI><a href="#[91]">&gt;&gt;</a>&nbsp;&nbsp;&nbsp;CAN_Transmit
</UL>
<BR>[Called By]<UL><LI><a href="#[75]">&gt;&gt;</a>&nbsp;&nbsp;&nbsp;main
</UL>

<P><STRONG><a name="[93]"></a>CAN_Config</STRONG> (Thumb, 246 bytes, Stack size 48 bytes, can.o(i.CAN_Config))
<BR><BR>[Stack]<UL><LI>Max Depth = 68<LI>Call Chain = CAN_Config &rArr; GPIO_PinAFConfig
</UL>
<BR>[Calls]<UL><LI><a href="#[95]">&gt;&gt;</a>&nbsp;&nbsp;&nbsp;NVIC_Init
<LI><a href="#[96]">&gt;&gt;</a>&nbsp;&nbsp;&nbsp;RCC_APB1PeriphClockCmd
<LI><a href="#[94]">&gt;&gt;</a>&nbsp;&nbsp;&nbsp;GPIO_PinAFConfig
<LI><a href="#[7f]">&gt;&gt;</a>&nbsp;&nbsp;&nbsp;RCC_AHBPeriphClockCmd
<LI><a href="#[81]">&gt;&gt;</a>&nbsp;&nbsp;&nbsp;GPIO_Init
<LI><a href="#[98]">&gt;&gt;</a>&nbsp;&nbsp;&nbsp;CAN_StructInit
<LI><a href="#[99]">&gt;&gt;</a>&nbsp;&nbsp;&nbsp;CAN_Init
<LI><a href="#[9b]">&gt;&gt;</a>&nbsp;&nbsp;&nbsp;CAN_ITConfig
<LI><a href="#[9a]">&gt;&gt;</a>&nbsp;&nbsp;&nbsp;CAN_FilterInit
<LI><a href="#[97]">&gt;&gt;</a>&nbsp;&nbsp;&nbsp;CAN_DeInit
</UL>
<BR>[Called By]<UL><LI><a href="#[75]">&gt;&gt;</a>&nbsp;&nbsp;&nbsp;main
</UL>

<P><STRONG><a name="[97]"></a>CAN_DeInit</STRONG> (Thumb, 30 bytes, Stack size 8 bytes, stm32f37x_can.o(i.CAN_DeInit))
<BR><BR>[Stack]<UL><LI>Max Depth = 8<LI>Call Chain = CAN_DeInit
</UL>
<BR>[Calls]<UL><LI><a href="#[9c]">&gt;&gt;</a>&nbsp;&nbsp;&nbsp;RCC_APB1PeriphResetCmd
</UL>
<BR>[Called By]<UL><LI><a href="#[93]">&gt;&gt;</a>&nbsp;&nbsp;&nbsp;CAN_Config
</UL>

<P><STRONG><a name="[9a]"></a>CAN_FilterInit</STRONG> (Thumb, 258 bytes, Stack size 8 bytes, stm32f37x_can.o(i.CAN_FilterInit))
<BR><BR>[Stack]<UL><LI>Max Depth = 8<LI>Call Chain = CAN_FilterInit
</UL>
<BR>[Called By]<UL><LI><a href="#[93]">&gt;&gt;</a>&nbsp;&nbsp;&nbsp;CAN_Config
</UL>

<P><STRONG><a name="[9b]"></a>CAN_ITConfig</STRONG> (Thumb, 18 bytes, Stack size 0 bytes, stm32f37x_can.o(i.CAN_ITConfig))
<BR><BR>[Called By]<UL><LI><a href="#[93]">&gt;&gt;</a>&nbsp;&nbsp;&nbsp;CAN_Config
</UL>

<P><STRONG><a name="[99]"></a>CAN_Init</STRONG> (Thumb, 276 bytes, Stack size 12 bytes, stm32f37x_can.o(i.CAN_Init))
<BR><BR>[Stack]<UL><LI>Max Depth = 12<LI>Call Chain = CAN_Init
</UL>
<BR>[Called By]<UL><LI><a href="#[93]">&gt;&gt;</a>&nbsp;&nbsp;&nbsp;CAN_Config
</UL>

<P><STRONG><a name="[8d]"></a>CAN_MessagePending</STRONG> (Thumb, 30 bytes, Stack size 0 bytes, stm32f37x_can.o(i.CAN_MessagePending))
<BR><BR>[Called By]<UL><LI><a href="#[8c]">&gt;&gt;</a>&nbsp;&nbsp;&nbsp;CAN1_Receive_Msg
</UL>

<P><STRONG><a name="[8e]"></a>CAN_Receive</STRONG> (Thumb, 240 bytes, Stack size 8 bytes, stm32f37x_can.o(i.CAN_Receive))
<BR><BR>[Stack]<UL><LI>Max Depth = 8<LI>Call Chain = CAN_Receive
</UL>
<BR>[Called By]<UL><LI><a href="#[8c]">&gt;&gt;</a>&nbsp;&nbsp;&nbsp;CAN1_Receive_Msg
</UL>

<P><STRONG><a name="[98]"></a>CAN_StructInit</STRONG> (Thumb, 32 bytes, Stack size 0 bytes, stm32f37x_can.o(i.CAN_StructInit))
<BR><BR>[Called By]<UL><LI><a href="#[93]">&gt;&gt;</a>&nbsp;&nbsp;&nbsp;CAN_Config
</UL>

<P><STRONG><a name="[91]"></a>CAN_Transmit</STRONG> (Thumb, 296 bytes, Stack size 8 bytes, stm32f37x_can.o(i.CAN_Transmit))
<BR><BR>[Stack]<UL><LI>Max Depth = 8<LI>Call Chain = CAN_Transmit
</UL>
<BR>[Called By]<UL><LI><a href="#[90]">&gt;&gt;</a>&nbsp;&nbsp;&nbsp;CAN1_Send_Msg
</UL>

<P><STRONG><a name="[92]"></a>CAN_TransmitStatus</STRONG> (Thumb, 138 bytes, Stack size 8 bytes, stm32f37x_can.o(i.CAN_TransmitStatus))
<BR><BR>[Stack]<UL><LI>Max Depth = 8<LI>Call Chain = CAN_TransmitStatus
</UL>
<BR>[Called By]<UL><LI><a href="#[90]">&gt;&gt;</a>&nbsp;&nbsp;&nbsp;CAN1_Send_Msg
</UL>

<P><STRONG><a name="[59]"></a>CCP_Build_Chksum</STRONG> (Thumb, 68 bytes, Stack size 8 bytes, ccp2mem.o(i.CCP_Build_Chksum))
<BR><BR>[Stack]<UL><LI>Max Depth = 8<LI>Call Chain = CCP_Build_Chksum
</UL>
<BR>[Calls]<UL><LI><a href="#[9d]">&gt;&gt;</a>&nbsp;&nbsp;&nbsp;CCP_Location_Of_Address_User
</UL>
<BR>[Address Reference Count : 1]<UL><LI> ccp2conf.o(.constdata)
</UL>
<P><STRONG><a name="[5b]"></a>CCP_Clear_Memory</STRONG> (Thumb, 142 bytes, Stack size 32 bytes, ccp2mem.o(i.CCP_Clear_Memory))
<BR><BR>[Stack]<UL><LI>Max Depth = 48<LI>Call Chain = CCP_Clear_Memory &rArr; Write_To_RAM_Or_Register
</UL>
<BR>[Calls]<UL><LI><a href="#[9f]">&gt;&gt;</a>&nbsp;&nbsp;&nbsp;Write_To_RAM_Or_Register
<LI><a href="#[a0]">&gt;&gt;</a>&nbsp;&nbsp;&nbsp;Write_To_EEPROM
<LI><a href="#[9e]">&gt;&gt;</a>&nbsp;&nbsp;&nbsp;Erase_All_Of_Flash
<LI><a href="#[a1]">&gt;&gt;</a>&nbsp;&nbsp;&nbsp;Move_MTA
<LI><a href="#[9d]">&gt;&gt;</a>&nbsp;&nbsp;&nbsp;CCP_Location_Of_Address_User
</UL>
<BR>[Address Reference Count : 1]<UL><LI> ccp2conf.o(.constdata)
</UL>
<P><STRONG><a name="[4e]"></a>CCP_Command_Unavailable</STRONG> (Thumb, 4 bytes, Stack size 0 bytes, ccp2conf.o(i.CCP_Command_Unavailable))
<BR>[Address Reference Count : 1]<UL><LI> ccp2conf.o(.constdata)
</UL>
<P><STRONG><a name="[4f]"></a>CCP_Connect</STRONG> (Thumb, 114 bytes, Stack size 8 bytes, ccp2mode.o(i.CCP_Connect))
<BR><BR>[Stack]<UL><LI>Max Depth = 24<LI>Call Chain = CCP_Connect &rArr; CCP_Set_S_Status_User
</UL>
<BR>[Calls]<UL><LI><a href="#[a2]">&gt;&gt;</a>&nbsp;&nbsp;&nbsp;CCP_Set_S_Status_User
</UL>
<BR>[Address Reference Count : 1]<UL><LI> ccp2conf.o(.constdata)
</UL>
<P><STRONG><a name="[54]"></a>CCP_Disconnect</STRONG> (Thumb, 140 bytes, Stack size 16 bytes, ccp2mode.o(i.CCP_Disconnect))
<BR><BR>[Stack]<UL><LI>Max Depth = 32<LI>Call Chain = CCP_Disconnect &rArr; CCP_Set_S_Status_User
</UL>
<BR>[Calls]<UL><LI><a href="#[a2]">&gt;&gt;</a>&nbsp;&nbsp;&nbsp;CCP_Set_S_Status_User
</UL>
<BR>[Address Reference Count : 1]<UL><LI> ccp2conf.o(.constdata)
</UL>
<P><STRONG><a name="[51]"></a>CCP_Dnload</STRONG> (Thumb, 14 bytes, Stack size 8 bytes, ccp2mem.o(i.CCP_Dnload))
<BR><BR>[Stack]<UL><LI>Max Depth = 48<LI>Call Chain = CCP_Dnload &rArr; Download_Data &rArr; Write_To_RAM_Or_Register
</UL>
<BR>[Calls]<UL><LI><a href="#[a3]">&gt;&gt;</a>&nbsp;&nbsp;&nbsp;Download_Data
</UL>
<BR>[Address Reference Count : 1]<UL><LI> ccp2conf.o(.constdata)
</UL>
<P><STRONG><a name="[67]"></a>CCP_Dnload_6</STRONG> (Thumb, 12 bytes, Stack size 8 bytes, ccp2mem.o(i.CCP_Dnload_6))
<BR><BR>[Stack]<UL><LI>Max Depth = 48<LI>Call Chain = CCP_Dnload_6 &rArr; Download_Data &rArr; Write_To_RAM_Or_Register
</UL>
<BR>[Calls]<UL><LI><a href="#[a3]">&gt;&gt;</a>&nbsp;&nbsp;&nbsp;Download_Data
</UL>
<BR>[Address Reference Count : 1]<UL><LI> ccp2conf.o(.constdata)
</UL>
<P><STRONG><a name="[62]"></a>CCP_Exchange_ID</STRONG> (Thumb, 28 bytes, Stack size 8 bytes, ccp2conf.o(i.CCP_Exchange_ID))
<BR><BR>[Stack]<UL><LI>Max Depth = 24<LI>Call Chain = CCP_Exchange_ID &rArr; Move_MTA
</UL>
<BR>[Calls]<UL><LI><a href="#[a1]">&gt;&gt;</a>&nbsp;&nbsp;&nbsp;Move_MTA
</UL>
<BR>[Address Reference Count : 1]<UL><LI> ccp2conf.o(.constdata)
</UL>
<P><STRONG><a name="[56]"></a>CCP_Get_Active_Cal_Page</STRONG> (Thumb, 10 bytes, Stack size 0 bytes, ccp2conf.o(i.CCP_Get_Active_Cal_Page))
<BR>[Address Reference Count : 1]<UL><LI> ccp2conf.o(.constdata)
</UL>
<P><STRONG><a name="[65]"></a>CCP_Get_CCP_Version</STRONG> (Thumb, 14 bytes, Stack size 0 bytes, ccp2mode.o(i.CCP_Get_CCP_Version))
<BR>[Address Reference Count : 1]<UL><LI> ccp2conf.o(.constdata)
</UL>
<P><STRONG><a name="[5f]"></a>CCP_Get_DAQ_Size</STRONG> (Thumb, 158 bytes, Stack size 16 bytes, ccp2daq.o(i.CCP_Get_DAQ_Size))
<BR><BR>[Stack]<UL><LI>Max Depth = 36<LI>Call Chain = CCP_Get_DAQ_Size &rArr; Clear_DAQ_List
</UL>
<BR>[Calls]<UL><LI><a href="#[a6]">&gt;&gt;</a>&nbsp;&nbsp;&nbsp;Move_DAQ_Pointer
<LI><a href="#[a5]">&gt;&gt;</a>&nbsp;&nbsp;&nbsp;DAQ_Starting_PID
<LI><a href="#[a4]">&gt;&gt;</a>&nbsp;&nbsp;&nbsp;Clear_DAQ_List
</UL>
<BR>[Address Reference Count : 1]<UL><LI> ccp2conf.o(.constdata)
</UL>
<P><STRONG><a name="[58]"></a>CCP_Get_S_Status</STRONG> (Thumb, 16 bytes, Stack size 0 bytes, ccp2mode.o(i.CCP_Get_S_Status))
<BR>[Address Reference Count : 1]<UL><LI> ccp2conf.o(.constdata)
</UL>
<P><STRONG><a name="[5d]"></a>CCP_Get_Seed</STRONG> (Thumb, 10 bytes, Stack size 0 bytes, ccp2mode.o(i.CCP_Get_Seed))
<BR>[Address Reference Count : 1]<UL><LI> ccp2conf.o(.constdata)
</UL>
<P><STRONG><a name="[a7]"></a>CCP_Initialize</STRONG> (Thumb, 28 bytes, Stack size 8 bytes, ccp2main.o(i.CCP_Initialize))
<BR><BR>[Stack]<UL><LI>Max Depth = 64<LI>Call Chain = CCP_Initialize &rArr; Initialize_DAQ_Parameters &rArr; CCP_Read_Resume_Data &rArr; Update_Session_Status_LOGGING &rArr; CCP_Set_S_Status_User
</UL>
<BR>[Calls]<UL><LI><a href="#[aa]">&gt;&gt;</a>&nbsp;&nbsp;&nbsp;Initialize_DAQ_Parameters
<LI><a href="#[a9]">&gt;&gt;</a>&nbsp;&nbsp;&nbsp;CCP_Read_Session_Status_User
<LI><a href="#[a8]">&gt;&gt;</a>&nbsp;&nbsp;&nbsp;CCP_Initialize_User
</UL>
<BR>[Called By]<UL><LI><a href="#[75]">&gt;&gt;</a>&nbsp;&nbsp;&nbsp;main
</UL>

<P><STRONG><a name="[ab]"></a>CCP_Initialize_Resume_Data</STRONG> (Thumb, 20 bytes, Stack size 0 bytes, ccp2daq.o(i.CCP_Initialize_Resume_Data))
<BR><BR>[Called By]<UL><LI><a href="#[57]">&gt;&gt;</a>&nbsp;&nbsp;&nbsp;CCP_Set_S_Status
<LI><a href="#[a8]">&gt;&gt;</a>&nbsp;&nbsp;&nbsp;CCP_Initialize_User
</UL>

<P><STRONG><a name="[a8]"></a>CCP_Initialize_User</STRONG> (Thumb, 44 bytes, Stack size 8 bytes, ccp2conf.o(i.CCP_Initialize_User))
<BR><BR>[Stack]<UL><LI>Max Depth = 8<LI>Call Chain = CCP_Initialize_User
</UL>
<BR>[Calls]<UL><LI><a href="#[ab]">&gt;&gt;</a>&nbsp;&nbsp;&nbsp;CCP_Initialize_Resume_Data
<LI><a href="#[ac]">&gt;&gt;</a>&nbsp;&nbsp;&nbsp;CCP_Clear_Session_Configuration_ID
</UL>
<BR>[Called By]<UL><LI><a href="#[a7]">&gt;&gt;</a>&nbsp;&nbsp;&nbsp;CCP_Initialize
</UL>

<P><STRONG><a name="[9d]"></a>CCP_Location_Of_Address_User</STRONG> (Thumb, 86 bytes, Stack size 0 bytes, ccp2conf.o(i.CCP_Location_Of_Address_User))
<BR><BR>[Called By]<UL><LI><a href="#[9f]">&gt;&gt;</a>&nbsp;&nbsp;&nbsp;Write_To_RAM_Or_Register
<LI><a href="#[c6]">&gt;&gt;</a>&nbsp;&nbsp;&nbsp;Write_To_Flash
<LI><a href="#[a0]">&gt;&gt;</a>&nbsp;&nbsp;&nbsp;Write_To_EEPROM
<LI><a href="#[b1]">&gt;&gt;</a>&nbsp;&nbsp;&nbsp;Read_From_RAM_Or_Register
<LI><a href="#[ad]">&gt;&gt;</a>&nbsp;&nbsp;&nbsp;Program_Data
<LI><a href="#[a1]">&gt;&gt;</a>&nbsp;&nbsp;&nbsp;Move_MTA
<LI><a href="#[61]">&gt;&gt;</a>&nbsp;&nbsp;&nbsp;CCP_Write_DAQ
<LI><a href="#[64]">&gt;&gt;</a>&nbsp;&nbsp;&nbsp;CCP_Move
<LI><a href="#[5b]">&gt;&gt;</a>&nbsp;&nbsp;&nbsp;CCP_Clear_Memory
<LI><a href="#[59]">&gt;&gt;</a>&nbsp;&nbsp;&nbsp;CCP_Build_Chksum
</UL>

<P><STRONG><a name="[64]"></a>CCP_Move</STRONG> (Thumb, 78 bytes, Stack size 16 bytes, ccp2mem.o(i.CCP_Move))
<BR><BR>[Stack]<UL><LI>Max Depth = 16<LI>Call Chain = CCP_Move
</UL>
<BR>[Calls]<UL><LI><a href="#[9d]">&gt;&gt;</a>&nbsp;&nbsp;&nbsp;CCP_Location_Of_Address_User
</UL>
<BR>[Address Reference Count : 1]<UL><LI> ccp2conf.o(.constdata)
</UL>
<P><STRONG><a name="[63]"></a>CCP_Program</STRONG> (Thumb, 14 bytes, Stack size 8 bytes, ccp2mem.o(i.CCP_Program))
<BR><BR>[Stack]<UL><LI>Max Depth = 48<LI>Call Chain = CCP_Program &rArr; Program_Data &rArr; Write_To_Flash
</UL>
<BR>[Calls]<UL><LI><a href="#[ad]">&gt;&gt;</a>&nbsp;&nbsp;&nbsp;Program_Data
</UL>
<BR>[Address Reference Count : 1]<UL><LI> ccp2conf.o(.constdata)
</UL>
<P><STRONG><a name="[66]"></a>CCP_Program_6</STRONG> (Thumb, 12 bytes, Stack size 8 bytes, ccp2mem.o(i.CCP_Program_6))
<BR><BR>[Stack]<UL><LI>Max Depth = 48<LI>Call Chain = CCP_Program_6 &rArr; Program_Data &rArr; Write_To_Flash
</UL>
<BR>[Calls]<UL><LI><a href="#[ad]">&gt;&gt;</a>&nbsp;&nbsp;&nbsp;Program_Data
</UL>
<BR>[Address Reference Count : 1]<UL><LI> ccp2conf.o(.constdata)
</UL>
<P><STRONG><a name="[cd]"></a>CCP_Read_From_REGISTER_Memory_User</STRONG> (Thumb, 6 bytes, Stack size 0 bytes, ccp2conf.o(i.CCP_Read_From_REGISTER_Memory_User))
<BR><BR>[Called By]<UL><LI><a href="#[b1]">&gt;&gt;</a>&nbsp;&nbsp;&nbsp;Read_From_RAM_Or_Register
</UL>

<P><STRONG><a name="[a9]"></a>CCP_Read_Session_Status_User</STRONG> (Thumb, 6 bytes, Stack size 0 bytes, ccp2conf.o(i.CCP_Read_Session_Status_User))
<BR><BR>[Called By]<UL><LI><a href="#[a7]">&gt;&gt;</a>&nbsp;&nbsp;&nbsp;CCP_Initialize
</UL>

<P><STRONG><a name="[5c]"></a>CCP_Select_Cal_Page</STRONG> (Thumb, 6 bytes, Stack size 0 bytes, ccp2conf.o(i.CCP_Select_Cal_Page))
<BR>[Address Reference Count : 1]<UL><LI> ccp2conf.o(.constdata)
</UL>
<P><STRONG><a name="[60]"></a>CCP_Set_DAQ_Ptr</STRONG> (Thumb, 34 bytes, Stack size 8 bytes, ccp2daq.o(i.CCP_Set_DAQ_Ptr))
<BR><BR>[Stack]<UL><LI>Max Depth = 16<LI>Call Chain = CCP_Set_DAQ_Ptr &rArr; Move_DAQ_Pointer
</UL>
<BR>[Calls]<UL><LI><a href="#[a6]">&gt;&gt;</a>&nbsp;&nbsp;&nbsp;Move_DAQ_Pointer
</UL>
<BR>[Address Reference Count : 1]<UL><LI> ccp2conf.o(.constdata)
</UL>
<P><STRONG><a name="[50]"></a>CCP_Set_MTA</STRONG> (Thumb, 14 bytes, Stack size 8 bytes, ccp2mem.o(i.CCP_Set_MTA))
<BR><BR>[Stack]<UL><LI>Max Depth = 24<LI>Call Chain = CCP_Set_MTA &rArr; Move_MTA
</UL>
<BR>[Calls]<UL><LI><a href="#[a1]">&gt;&gt;</a>&nbsp;&nbsp;&nbsp;Move_MTA
</UL>
<BR>[Address Reference Count : 1]<UL><LI> ccp2conf.o(.constdata)
</UL>
<P><STRONG><a name="[57]"></a>CCP_Set_S_Status</STRONG> (Thumb, 112 bytes, Stack size 8 bytes, ccp2mode.o(i.CCP_Set_S_Status))
<BR><BR>[Stack]<UL><LI>Max Depth = 24<LI>Call Chain = CCP_Set_S_Status &rArr; CCP_Set_S_Status_User
</UL>
<BR>[Calls]<UL><LI><a href="#[b0]">&gt;&gt;</a>&nbsp;&nbsp;&nbsp;CCP_Store_Resume_Data
<LI><a href="#[ab]">&gt;&gt;</a>&nbsp;&nbsp;&nbsp;CCP_Initialize_Resume_Data
<LI><a href="#[a2]">&gt;&gt;</a>&nbsp;&nbsp;&nbsp;CCP_Set_S_Status_User
</UL>
<BR>[Address Reference Count : 1]<UL><LI> ccp2conf.o(.constdata)
</UL>
<P><STRONG><a name="[a2]"></a>CCP_Set_S_Status_User</STRONG> (Thumb, 68 bytes, Stack size 16 bytes, ccp2conf.o(i.CCP_Set_S_Status_User))
<BR><BR>[Stack]<UL><LI>Max Depth = 16<LI>Call Chain = CCP_Set_S_Status_User
</UL>
<BR>[Calls]<UL><LI><a href="#[ac]">&gt;&gt;</a>&nbsp;&nbsp;&nbsp;CCP_Clear_Session_Configuration_ID
</UL>
<BR>[Called By]<UL><LI><a href="#[af]">&gt;&gt;</a>&nbsp;&nbsp;&nbsp;Update_Session_Status_LOGGING
<LI><a href="#[57]">&gt;&gt;</a>&nbsp;&nbsp;&nbsp;CCP_Set_S_Status
<LI><a href="#[54]">&gt;&gt;</a>&nbsp;&nbsp;&nbsp;CCP_Disconnect
<LI><a href="#[4f]">&gt;&gt;</a>&nbsp;&nbsp;&nbsp;CCP_Connect
</UL>

<P><STRONG><a name="[5a]"></a>CCP_Short_Up</STRONG> (Thumb, 60 bytes, Stack size 24 bytes, ccp2mem.o(i.CCP_Short_Up))
<BR><BR>[Stack]<UL><LI>Max Depth = 40<LI>Call Chain = CCP_Short_Up &rArr; Read_From_RAM_Or_Register
</UL>
<BR>[Calls]<UL><LI><a href="#[b1]">&gt;&gt;</a>&nbsp;&nbsp;&nbsp;Read_From_RAM_Or_Register
</UL>
<BR>[Address Reference Count : 1]<UL><LI> ccp2conf.o(.constdata)
</UL>
<P><STRONG><a name="[53]"></a>CCP_Start_Stop</STRONG> (Thumb, 208 bytes, Stack size 16 bytes, ccp2daq.o(i.CCP_Start_Stop))
<BR><BR>[Stack]<UL><LI>Max Depth = 48<LI>Call Chain = CCP_Start_Stop &rArr; Update_Session_Status_LOGGING &rArr; CCP_Set_S_Status_User
</UL>
<BR>[Calls]<UL><LI><a href="#[af]">&gt;&gt;</a>&nbsp;&nbsp;&nbsp;Update_Session_Status_LOGGING
<LI><a href="#[b2]">&gt;&gt;</a>&nbsp;&nbsp;&nbsp;Reset_DAQ_List_Status
</UL>
<BR>[Address Reference Count : 1]<UL><LI> ccp2conf.o(.constdata)
</UL>
<P><STRONG><a name="[55]"></a>CCP_Start_Stop_All</STRONG> (Thumb, 82 bytes, Stack size 8 bytes, ccp2daq.o(i.CCP_Start_Stop_All))
<BR><BR>[Stack]<UL><LI>Max Depth = 40<LI>Call Chain = CCP_Start_Stop_All &rArr; Update_Session_Status_LOGGING &rArr; CCP_Set_S_Status_User
</UL>
<BR>[Calls]<UL><LI><a href="#[af]">&gt;&gt;</a>&nbsp;&nbsp;&nbsp;Update_Session_Status_LOGGING
</UL>
<BR>[Address Reference Count : 1]<UL><LI> ccp2conf.o(.constdata)
</UL>
<P><STRONG><a name="[b0]"></a>CCP_Store_Resume_Data</STRONG> (Thumb, 160 bytes, Stack size 8 bytes, ccp2daq.o(i.CCP_Store_Resume_Data))
<BR><BR>[Stack]<UL><LI>Max Depth = 8<LI>Call Chain = CCP_Store_Resume_Data
</UL>
<BR>[Called By]<UL><LI><a href="#[57]">&gt;&gt;</a>&nbsp;&nbsp;&nbsp;CCP_Set_S_Status
</UL>

<P><STRONG><a name="[5e]"></a>CCP_Unlock</STRONG> (Thumb, 10 bytes, Stack size 0 bytes, ccp2mode.o(i.CCP_Unlock))
<BR>[Address Reference Count : 1]<UL><LI> ccp2conf.o(.constdata)
</UL>
<P><STRONG><a name="[52]"></a>CCP_Upload</STRONG> (Thumb, 64 bytes, Stack size 24 bytes, ccp2mem.o(i.CCP_Upload))
<BR><BR>[Stack]<UL><LI>Max Depth = 40<LI>Call Chain = CCP_Upload &rArr; Read_From_RAM_Or_Register
</UL>
<BR>[Calls]<UL><LI><a href="#[b1]">&gt;&gt;</a>&nbsp;&nbsp;&nbsp;Read_From_RAM_Or_Register
<LI><a href="#[a1]">&gt;&gt;</a>&nbsp;&nbsp;&nbsp;Move_MTA
</UL>
<BR>[Address Reference Count : 1]<UL><LI> ccp2conf.o(.constdata)
</UL>
<P><STRONG><a name="[61]"></a>CCP_Write_DAQ</STRONG> (Thumb, 140 bytes, Stack size 16 bytes, ccp2daq.o(i.CCP_Write_DAQ))
<BR><BR>[Stack]<UL><LI>Max Depth = 68<LI>Call Chain = CCP_Write_DAQ &rArr; Number_Of_Bytes_Left_In_ODT &rArr; Read_DAQ_Address_Size
</UL>
<BR>[Calls]<UL><LI><a href="#[b5]">&gt;&gt;</a>&nbsp;&nbsp;&nbsp;Write_to_Current_DAQ_Pointer
<LI><a href="#[b3]">&gt;&gt;</a>&nbsp;&nbsp;&nbsp;Number_Of_Bytes_Left_In_ODT
<LI><a href="#[b4]">&gt;&gt;</a>&nbsp;&nbsp;&nbsp;Move_DAQ_Pointer_To_Next_ODT
<LI><a href="#[b6]">&gt;&gt;</a>&nbsp;&nbsp;&nbsp;Move_DAQ_Pointer_Forward_One_Element
<LI><a href="#[9d]">&gt;&gt;</a>&nbsp;&nbsp;&nbsp;CCP_Location_Of_Address_User
</UL>
<BR>[Address Reference Count : 1]<UL><LI> ccp2conf.o(.constdata)
</UL>
<P><STRONG><a name="[ff]"></a>CCP_Write_To_REGISTER_Memory_User</STRONG> (Thumb, 6 bytes, Stack size 0 bytes, ccp2conf.o(i.CCP_Write_To_REGISTER_Memory_User))
<BR><BR>[Called By]<UL><LI><a href="#[9f]">&gt;&gt;</a>&nbsp;&nbsp;&nbsp;Write_To_RAM_Or_Register
</UL>

<P><STRONG><a name="[b9]"></a>DAC_Cmd</STRONG> (Thumb, 28 bytes, Stack size 8 bytes, stm32f37x_dac.o(i.DAC_Cmd))
<BR><BR>[Stack]<UL><LI>Max Depth = 8<LI>Call Chain = DAC_Cmd
</UL>
<BR>[Called By]<UL><LI><a href="#[b7]">&gt;&gt;</a>&nbsp;&nbsp;&nbsp;DAC_Config
</UL>

<P><STRONG><a name="[b7]"></a>DAC_Config</STRONG> (Thumb, 86 bytes, Stack size 32 bytes, main.o(i.DAC_Config))
<BR><BR>[Stack]<UL><LI>Max Depth = 52<LI>Call Chain = DAC_Config &rArr; GPIO_Init
</UL>
<BR>[Calls]<UL><LI><a href="#[96]">&gt;&gt;</a>&nbsp;&nbsp;&nbsp;RCC_APB1PeriphClockCmd
<LI><a href="#[7f]">&gt;&gt;</a>&nbsp;&nbsp;&nbsp;RCC_AHBPeriphClockCmd
<LI><a href="#[81]">&gt;&gt;</a>&nbsp;&nbsp;&nbsp;GPIO_Init
<LI><a href="#[b8]">&gt;&gt;</a>&nbsp;&nbsp;&nbsp;DAC_Init
<LI><a href="#[b9]">&gt;&gt;</a>&nbsp;&nbsp;&nbsp;DAC_Cmd
</UL>
<BR>[Called By]<UL><LI><a href="#[75]">&gt;&gt;</a>&nbsp;&nbsp;&nbsp;main
</UL>

<P><STRONG><a name="[b8]"></a>DAC_Init</STRONG> (Thumb, 42 bytes, Stack size 16 bytes, stm32f37x_dac.o(i.DAC_Init))
<BR><BR>[Stack]<UL><LI>Max Depth = 16<LI>Call Chain = DAC_Init
</UL>
<BR>[Called By]<UL><LI><a href="#[b7]">&gt;&gt;</a>&nbsp;&nbsp;&nbsp;DAC_Config
</UL>

<P><STRONG><a name="[10f]"></a>DAC_SetChannel1Data</STRONG> (Thumb, 24 bytes, Stack size 12 bytes, stm32f37x_dac.o(i.DAC_SetChannel1Data))
<BR><BR>[Stack]<UL><LI>Max Depth = 12<LI>Call Chain = DAC_SetChannel1Data
</UL>
<BR>[Called By]<UL><LI><a href="#[75]">&gt;&gt;</a>&nbsp;&nbsp;&nbsp;main
</UL>

<P><STRONG><a name="[3e]"></a>DMA2_Channel1_IRQHandler</STRONG> (Thumb, 26 bytes, Stack size 8 bytes, stm32f37x_it.o(i.DMA2_Channel1_IRQHandler))
<BR><BR>[Stack]<UL><LI>Max Depth = 20<LI>Call Chain = DMA2_Channel1_IRQHandler &rArr; SDADC_GetInjectedConversionValue
</UL>
<BR>[Calls]<UL><LI><a href="#[ba]">&gt;&gt;</a>&nbsp;&nbsp;&nbsp;SDADC_GetFlagStatus
<LI><a href="#[bb]">&gt;&gt;</a>&nbsp;&nbsp;&nbsp;SDADC_GetInjectedConversionValue
</UL>
<BR>[Address Reference Count : 1]<UL><LI> startup_stm32f37x.o(RESET)
</UL>
<P><STRONG><a name="[3f]"></a>DMA2_Channel2_IRQHandler</STRONG> (Thumb, 26 bytes, Stack size 8 bytes, stm32f37x_it.o(i.DMA2_Channel2_IRQHandler))
<BR><BR>[Stack]<UL><LI>Max Depth = 20<LI>Call Chain = DMA2_Channel2_IRQHandler &rArr; SDADC_GetInjectedConversionValue
</UL>
<BR>[Calls]<UL><LI><a href="#[ba]">&gt;&gt;</a>&nbsp;&nbsp;&nbsp;SDADC_GetFlagStatus
<LI><a href="#[bb]">&gt;&gt;</a>&nbsp;&nbsp;&nbsp;SDADC_GetInjectedConversionValue
</UL>
<BR>[Address Reference Count : 1]<UL><LI> startup_stm32f37x.o(RESET)
</UL>
<P><STRONG><a name="[40]"></a>DMA2_Channel3_IRQHandler</STRONG> (Thumb, 26 bytes, Stack size 8 bytes, stm32f37x_it.o(i.DMA2_Channel3_IRQHandler))
<BR><BR>[Stack]<UL><LI>Max Depth = 20<LI>Call Chain = DMA2_Channel3_IRQHandler &rArr; SDADC_GetInjectedConversionValue
</UL>
<BR>[Calls]<UL><LI><a href="#[ba]">&gt;&gt;</a>&nbsp;&nbsp;&nbsp;SDADC_GetFlagStatus
<LI><a href="#[bb]">&gt;&gt;</a>&nbsp;&nbsp;&nbsp;SDADC_GetInjectedConversionValue
</UL>
<BR>[Address Reference Count : 1]<UL><LI> startup_stm32f37x.o(RESET)
</UL>
<P><STRONG><a name="[9]"></a>DebugMon_Handler</STRONG> (Thumb, 2 bytes, Stack size 0 bytes, stm32f37x_it.o(i.DebugMon_Handler))
<BR>[Address Reference Count : 1]<UL><LI> startup_stm32f37x.o(RESET)
</UL>
<P><STRONG><a name="[d3]"></a>Delay_ms</STRONG> (Thumb, 20 bytes, Stack size 8 bytes, systick.o(i.Delay_ms))
<BR><BR>[Stack]<UL><LI>Max Depth = 8<LI>Call Chain = Delay_ms
</UL>
<BR>[Called By]<UL><LI><a href="#[ce]">&gt;&gt;</a>&nbsp;&nbsp;&nbsp;SDADC2_Config
</UL>

<P><STRONG><a name="[34]"></a>EXTI15_10_IRQHandler</STRONG> (Thumb, 98 bytes, Stack size 8 bytes, stm32f37x_it.o(i.EXTI15_10_IRQHandler))
<BR><BR>[Stack]<UL><LI>Max Depth = 8<LI>Call Chain = EXTI15_10_IRQHandler
</UL>
<BR>[Calls]<UL><LI><a href="#[bc]">&gt;&gt;</a>&nbsp;&nbsp;&nbsp;EXTI_GetITStatus
<LI><a href="#[bd]">&gt;&gt;</a>&nbsp;&nbsp;&nbsp;EXTI_ClearITPendingBit
<LI><a href="#[be]">&gt;&gt;</a>&nbsp;&nbsp;&nbsp;GPIO_ReadInputDataBit
</UL>
<BR>[Address Reference Count : 1]<UL><LI> startup_stm32f37x.o(RESET)
</UL>
<P><STRONG><a name="[16]"></a>EXTI4_IRQHandler</STRONG> (Thumb, 94 bytes, Stack size 8 bytes, stm32f37x_it.o(i.EXTI4_IRQHandler))
<BR><BR>[Stack]<UL><LI>Max Depth = 8<LI>Call Chain = EXTI4_IRQHandler
</UL>
<BR>[Calls]<UL><LI><a href="#[bc]">&gt;&gt;</a>&nbsp;&nbsp;&nbsp;EXTI_GetITStatus
<LI><a href="#[bd]">&gt;&gt;</a>&nbsp;&nbsp;&nbsp;EXTI_ClearITPendingBit
<LI><a href="#[be]">&gt;&gt;</a>&nbsp;&nbsp;&nbsp;GPIO_ReadInputDataBit
</UL>
<BR>[Address Reference Count : 1]<UL><LI> startup_stm32f37x.o(RESET)
</UL>
<P><STRONG><a name="[23]"></a>EXTI9_5_IRQHandler</STRONG> (Thumb, 18 bytes, Stack size 8 bytes, stm32f37x_it.o(i.EXTI9_5_IRQHandler))
<BR><BR>[Stack]<UL><LI>Max Depth = 8<LI>Call Chain = EXTI9_5_IRQHandler
</UL>
<BR>[Calls]<UL><LI><a href="#[bc]">&gt;&gt;</a>&nbsp;&nbsp;&nbsp;EXTI_GetITStatus
<LI><a href="#[bd]">&gt;&gt;</a>&nbsp;&nbsp;&nbsp;EXTI_ClearITPendingBit
</UL>
<BR>[Address Reference Count : 1]<UL><LI> startup_stm32f37x.o(RESET)
</UL>
<P><STRONG><a name="[bd]"></a>EXTI_ClearITPendingBit</STRONG> (Thumb, 6 bytes, Stack size 0 bytes, stm32f37x_exti.o(i.EXTI_ClearITPendingBit))
<BR><BR>[Called By]<UL><LI><a href="#[23]">&gt;&gt;</a>&nbsp;&nbsp;&nbsp;EXTI9_5_IRQHandler
<LI><a href="#[16]">&gt;&gt;</a>&nbsp;&nbsp;&nbsp;EXTI4_IRQHandler
<LI><a href="#[34]">&gt;&gt;</a>&nbsp;&nbsp;&nbsp;EXTI15_10_IRQHandler
</UL>

<P><STRONG><a name="[bc]"></a>EXTI_GetITStatus</STRONG> (Thumb, 34 bytes, Stack size 0 bytes, stm32f37x_exti.o(i.EXTI_GetITStatus))
<BR><BR>[Called By]<UL><LI><a href="#[23]">&gt;&gt;</a>&nbsp;&nbsp;&nbsp;EXTI9_5_IRQHandler
<LI><a href="#[16]">&gt;&gt;</a>&nbsp;&nbsp;&nbsp;EXTI4_IRQHandler
<LI><a href="#[34]">&gt;&gt;</a>&nbsp;&nbsp;&nbsp;EXTI15_10_IRQHandler
</UL>

<P><STRONG><a name="[bf]"></a>FLASH_ErasePage</STRONG> (Thumb, 70 bytes, Stack size 12 bytes, stm32f37x_flash.o(i.FLASH_ErasePage))
<BR><BR>[Stack]<UL><LI>Max Depth = 16<LI>Call Chain = FLASH_ErasePage &rArr; FLASH_WaitForLastOperation
</UL>
<BR>[Calls]<UL><LI><a href="#[c0]">&gt;&gt;</a>&nbsp;&nbsp;&nbsp;FLASH_WaitForLastOperation
</UL>
<BR>[Called By]<UL><LI><a href="#[8f]">&gt;&gt;</a>&nbsp;&nbsp;&nbsp;STMFLASH_Write
</UL>

<P><STRONG><a name="[c2]"></a>FLASH_GetStatus</STRONG> (Thumb, 48 bytes, Stack size 0 bytes, stm32f37x_flash.o(i.FLASH_GetStatus))
<BR><BR>[Called By]<UL><LI><a href="#[c0]">&gt;&gt;</a>&nbsp;&nbsp;&nbsp;FLASH_WaitForLastOperation
</UL>

<P><STRONG><a name="[f1]"></a>FLASH_Lock</STRONG> (Thumb, 14 bytes, Stack size 0 bytes, stm32f37x_flash.o(i.FLASH_Lock))
<BR><BR>[Called By]<UL><LI><a href="#[8f]">&gt;&gt;</a>&nbsp;&nbsp;&nbsp;STMFLASH_Write
</UL>

<P><STRONG><a name="[c1]"></a>FLASH_ProgramHalfWord</STRONG> (Thumb, 62 bytes, Stack size 16 bytes, stm32f37x_flash.o(i.FLASH_ProgramHalfWord))
<BR><BR>[Stack]<UL><LI>Max Depth = 20<LI>Call Chain = FLASH_ProgramHalfWord &rArr; FLASH_WaitForLastOperation
</UL>
<BR>[Calls]<UL><LI><a href="#[c0]">&gt;&gt;</a>&nbsp;&nbsp;&nbsp;FLASH_WaitForLastOperation
</UL>
<BR>[Called By]<UL><LI><a href="#[f0]">&gt;&gt;</a>&nbsp;&nbsp;&nbsp;STMFLASH_Write_NoCheck
</UL>

<P><STRONG><a name="[ef]"></a>FLASH_Unlock</STRONG> (Thumb, 22 bytes, Stack size 0 bytes, stm32f37x_flash.o(i.FLASH_Unlock))
<BR><BR>[Called By]<UL><LI><a href="#[8f]">&gt;&gt;</a>&nbsp;&nbsp;&nbsp;STMFLASH_Write
</UL>

<P><STRONG><a name="[c0]"></a>FLASH_WaitForLastOperation</STRONG> (Thumb, 38 bytes, Stack size 4 bytes, stm32f37x_flash.o(i.FLASH_WaitForLastOperation))
<BR><BR>[Stack]<UL><LI>Max Depth = 4<LI>Call Chain = FLASH_WaitForLastOperation
</UL>
<BR>[Calls]<UL><LI><a href="#[c2]">&gt;&gt;</a>&nbsp;&nbsp;&nbsp;FLASH_GetStatus
</UL>
<BR>[Called By]<UL><LI><a href="#[c1]">&gt;&gt;</a>&nbsp;&nbsp;&nbsp;FLASH_ProgramHalfWord
<LI><a href="#[bf]">&gt;&gt;</a>&nbsp;&nbsp;&nbsp;FLASH_ErasePage
</UL>

<P><STRONG><a name="[81]"></a>GPIO_Init</STRONG> (Thumb, 144 bytes, Stack size 20 bytes, stm32f37x_gpio.o(i.GPIO_Init))
<BR><BR>[Stack]<UL><LI>Max Depth = 20<LI>Call Chain = GPIO_Init
</UL>
<BR>[Called By]<UL><LI><a href="#[ce]">&gt;&gt;</a>&nbsp;&nbsp;&nbsp;SDADC2_Config
<LI><a href="#[de]">&gt;&gt;</a>&nbsp;&nbsp;&nbsp;SPI1_Configuration
<LI><a href="#[c3]">&gt;&gt;</a>&nbsp;&nbsp;&nbsp;IO_Configuration_base
<LI><a href="#[b7]">&gt;&gt;</a>&nbsp;&nbsp;&nbsp;DAC_Config
<LI><a href="#[7d]">&gt;&gt;</a>&nbsp;&nbsp;&nbsp;ADC13_Init
<LI><a href="#[93]">&gt;&gt;</a>&nbsp;&nbsp;&nbsp;CAN_Config
</UL>

<P><STRONG><a name="[94]"></a>GPIO_PinAFConfig</STRONG> (Thumb, 70 bytes, Stack size 20 bytes, stm32f37x_gpio.o(i.GPIO_PinAFConfig))
<BR><BR>[Stack]<UL><LI>Max Depth = 20<LI>Call Chain = GPIO_PinAFConfig
</UL>
<BR>[Called By]<UL><LI><a href="#[de]">&gt;&gt;</a>&nbsp;&nbsp;&nbsp;SPI1_Configuration
<LI><a href="#[93]">&gt;&gt;</a>&nbsp;&nbsp;&nbsp;CAN_Config
</UL>

<P><STRONG><a name="[be]"></a>GPIO_ReadInputDataBit</STRONG> (Thumb, 18 bytes, Stack size 0 bytes, stm32f37x_gpio.o(i.GPIO_ReadInputDataBit))
<BR><BR>[Called By]<UL><LI><a href="#[16]">&gt;&gt;</a>&nbsp;&nbsp;&nbsp;EXTI4_IRQHandler
<LI><a href="#[34]">&gt;&gt;</a>&nbsp;&nbsp;&nbsp;EXTI15_10_IRQHandler
<LI><a href="#[75]">&gt;&gt;</a>&nbsp;&nbsp;&nbsp;main
</UL>

<P><STRONG><a name="[10a]"></a>GPIO_ReadOutputDataBit</STRONG> (Thumb, 18 bytes, Stack size 0 bytes, stm32f37x_gpio.o(i.GPIO_ReadOutputDataBit))
<BR><BR>[Called By]<UL><LI><a href="#[75]">&gt;&gt;</a>&nbsp;&nbsp;&nbsp;main
</UL>

<P><STRONG><a name="[110]"></a>GPIO_ResetBits</STRONG> (Thumb, 4 bytes, Stack size 0 bytes, stm32f37x_gpio.o(i.GPIO_ResetBits))
<BR><BR>[Called By]<UL><LI><a href="#[102]">&gt;&gt;</a>&nbsp;&nbsp;&nbsp;virtual_PWM_OUTPUT
</UL>

<P><STRONG><a name="[e7]"></a>GPIO_SetBits</STRONG> (Thumb, 4 bytes, Stack size 0 bytes, stm32f37x_gpio.o(i.GPIO_SetBits))
<BR><BR>[Called By]<UL><LI><a href="#[30]">&gt;&gt;</a>&nbsp;&nbsp;&nbsp;SPI2_IRQHandler
<LI><a href="#[102]">&gt;&gt;</a>&nbsp;&nbsp;&nbsp;virtual_PWM_OUTPUT
</UL>

<P><STRONG><a name="[e4]"></a>GPIO_WriteBit</STRONG> (Thumb, 10 bytes, Stack size 0 bytes, stm32f37x_gpio.o(i.GPIO_WriteBit))
<BR><BR>[Called By]<UL><LI><a href="#[de]">&gt;&gt;</a>&nbsp;&nbsp;&nbsp;SPI1_Configuration
<LI><a href="#[2f]">&gt;&gt;</a>&nbsp;&nbsp;&nbsp;SPI1_IRQHandler
<LI><a href="#[75]">&gt;&gt;</a>&nbsp;&nbsp;&nbsp;main
</UL>

<P><STRONG><a name="[4]"></a>HardFault_Handler</STRONG> (Thumb, 4 bytes, Stack size 0 bytes, stm32f37x_it.o(i.HardFault_Handler))
<BR>[Address Reference Count : 1]<UL><LI> startup_stm32f37x.o(RESET)
</UL>
<P><STRONG><a name="[c3]"></a>IO_Configuration_base</STRONG> (Thumb, 106 bytes, Stack size 16 bytes, main.o(i.IO_Configuration_base))
<BR><BR>[Stack]<UL><LI>Max Depth = 36<LI>Call Chain = IO_Configuration_base &rArr; GPIO_Init
</UL>
<BR>[Calls]<UL><LI><a href="#[80]">&gt;&gt;</a>&nbsp;&nbsp;&nbsp;RCC_APB2PeriphClockCmd
<LI><a href="#[7f]">&gt;&gt;</a>&nbsp;&nbsp;&nbsp;RCC_AHBPeriphClockCmd
<LI><a href="#[81]">&gt;&gt;</a>&nbsp;&nbsp;&nbsp;GPIO_Init
</UL>
<BR>[Called By]<UL><LI><a href="#[75]">&gt;&gt;</a>&nbsp;&nbsp;&nbsp;main
</UL>

<P><STRONG><a name="[aa]"></a>Initialize_DAQ_Parameters</STRONG> (Thumb, 26 bytes, Stack size 8 bytes, ccp2daq.o(i.Initialize_DAQ_Parameters))
<BR><BR>[Stack]<UL><LI>Max Depth = 56<LI>Call Chain = Initialize_DAQ_Parameters &rArr; CCP_Read_Resume_Data &rArr; Update_Session_Status_LOGGING &rArr; CCP_Set_S_Status_User
</UL>
<BR>[Calls]<UL><LI><a href="#[c4]">&gt;&gt;</a>&nbsp;&nbsp;&nbsp;Initialize_DAQ_List_Status
<LI><a href="#[ae]">&gt;&gt;</a>&nbsp;&nbsp;&nbsp;CCP_Read_Resume_Data
</UL>
<BR>[Called By]<UL><LI><a href="#[a7]">&gt;&gt;</a>&nbsp;&nbsp;&nbsp;CCP_Initialize
</UL>

<P><STRONG><a name="[5]"></a>MemManage_Handler</STRONG> (Thumb, 4 bytes, Stack size 0 bytes, stm32f37x_it.o(i.MemManage_Handler))
<BR>[Address Reference Count : 1]<UL><LI> startup_stm32f37x.o(RESET)
</UL>
<P><STRONG><a name="[a1]"></a>Move_MTA</STRONG> (Thumb, 40 bytes, Stack size 16 bytes, ccp2mem.o(i.Move_MTA))
<BR><BR>[Stack]<UL><LI>Max Depth = 16<LI>Call Chain = Move_MTA
</UL>
<BR>[Calls]<UL><LI><a href="#[9d]">&gt;&gt;</a>&nbsp;&nbsp;&nbsp;CCP_Location_Of_Address_User
</UL>
<BR>[Called By]<UL><LI><a href="#[ad]">&gt;&gt;</a>&nbsp;&nbsp;&nbsp;Program_Data
<LI><a href="#[a3]">&gt;&gt;</a>&nbsp;&nbsp;&nbsp;Download_Data
<LI><a href="#[52]">&gt;&gt;</a>&nbsp;&nbsp;&nbsp;CCP_Upload
<LI><a href="#[50]">&gt;&gt;</a>&nbsp;&nbsp;&nbsp;CCP_Set_MTA
<LI><a href="#[5b]">&gt;&gt;</a>&nbsp;&nbsp;&nbsp;CCP_Clear_Memory
<LI><a href="#[62]">&gt;&gt;</a>&nbsp;&nbsp;&nbsp;CCP_Exchange_ID
</UL>

<P><STRONG><a name="[3]"></a>NMI_Handler</STRONG> (Thumb, 2 bytes, Stack size 0 bytes, stm32f37x_it.o(i.NMI_Handler))
<BR>[Address Reference Count : 1]<UL><LI> startup_stm32f37x.o(RESET)
</UL>
<P><STRONG><a name="[95]"></a>NVIC_Init</STRONG> (Thumb, 100 bytes, Stack size 16 bytes, stm32f37x_misc.o(i.NVIC_Init))
<BR><BR>[Stack]<UL><LI>Max Depth = 16<LI>Call Chain = NVIC_Init
</UL>
<BR>[Called By]<UL><LI><a href="#[ce]">&gt;&gt;</a>&nbsp;&nbsp;&nbsp;SDADC2_Config
<LI><a href="#[de]">&gt;&gt;</a>&nbsp;&nbsp;&nbsp;SPI1_Configuration
<LI><a href="#[c7]">&gt;&gt;</a>&nbsp;&nbsp;&nbsp;RTE_INITIAL
<LI><a href="#[93]">&gt;&gt;</a>&nbsp;&nbsp;&nbsp;CAN_Config
</UL>

<P><STRONG><a name="[cf]"></a>PWR_SDADCAnalogCmd</STRONG> (Thumb, 26 bytes, Stack size 0 bytes, stm32f37x_pwr.o(i.PWR_SDADCAnalogCmd))
<BR><BR>[Called By]<UL><LI><a href="#[ce]">&gt;&gt;</a>&nbsp;&nbsp;&nbsp;SDADC2_Config
</UL>

<P><STRONG><a name="[a]"></a>PendSV_Handler</STRONG> (Thumb, 2 bytes, Stack size 0 bytes, stm32f37x_it.o(i.PendSV_Handler))
<BR>[Address Reference Count : 1]<UL><LI> startup_stm32f37x.o(RESET)
</UL>
<P><STRONG><a name="[7e]"></a>RCC_ADCCLKConfig</STRONG> (Thumb, 22 bytes, Stack size 0 bytes, stm32f37x_rcc.o(i.RCC_ADCCLKConfig))
<BR><BR>[Called By]<UL><LI><a href="#[7d]">&gt;&gt;</a>&nbsp;&nbsp;&nbsp;ADC13_Init
</UL>

<P><STRONG><a name="[7f]"></a>RCC_AHBPeriphClockCmd</STRONG> (Thumb, 26 bytes, Stack size 0 bytes, stm32f37x_rcc.o(i.RCC_AHBPeriphClockCmd))
<BR><BR>[Called By]<UL><LI><a href="#[ce]">&gt;&gt;</a>&nbsp;&nbsp;&nbsp;SDADC2_Config
<LI><a href="#[de]">&gt;&gt;</a>&nbsp;&nbsp;&nbsp;SPI1_Configuration
<LI><a href="#[c3]">&gt;&gt;</a>&nbsp;&nbsp;&nbsp;IO_Configuration_base
<LI><a href="#[b7]">&gt;&gt;</a>&nbsp;&nbsp;&nbsp;DAC_Config
<LI><a href="#[7d]">&gt;&gt;</a>&nbsp;&nbsp;&nbsp;ADC13_Init
<LI><a href="#[93]">&gt;&gt;</a>&nbsp;&nbsp;&nbsp;CAN_Config
</UL>

<P><STRONG><a name="[96]"></a>RCC_APB1PeriphClockCmd</STRONG> (Thumb, 26 bytes, Stack size 0 bytes, stm32f37x_rcc.o(i.RCC_APB1PeriphClockCmd))
<BR><BR>[Called By]<UL><LI><a href="#[ce]">&gt;&gt;</a>&nbsp;&nbsp;&nbsp;SDADC2_Config
<LI><a href="#[c7]">&gt;&gt;</a>&nbsp;&nbsp;&nbsp;RTE_INITIAL
<LI><a href="#[b7]">&gt;&gt;</a>&nbsp;&nbsp;&nbsp;DAC_Config
<LI><a href="#[93]">&gt;&gt;</a>&nbsp;&nbsp;&nbsp;CAN_Config
</UL>

<P><STRONG><a name="[9c]"></a>RCC_APB1PeriphResetCmd</STRONG> (Thumb, 26 bytes, Stack size 0 bytes, stm32f37x_rcc.o(i.RCC_APB1PeriphResetCmd))
<BR><BR>[Called By]<UL><LI><a href="#[97]">&gt;&gt;</a>&nbsp;&nbsp;&nbsp;CAN_DeInit
<LI><a href="#[df]">&gt;&gt;</a>&nbsp;&nbsp;&nbsp;SPI_I2S_DeInit
<LI><a href="#[c8]">&gt;&gt;</a>&nbsp;&nbsp;&nbsp;TIM_DeInit
</UL>

<P><STRONG><a name="[80]"></a>RCC_APB2PeriphClockCmd</STRONG> (Thumb, 26 bytes, Stack size 0 bytes, stm32f37x_rcc.o(i.RCC_APB2PeriphClockCmd))
<BR><BR>[Called By]<UL><LI><a href="#[ce]">&gt;&gt;</a>&nbsp;&nbsp;&nbsp;SDADC2_Config
<LI><a href="#[de]">&gt;&gt;</a>&nbsp;&nbsp;&nbsp;SPI1_Configuration
<LI><a href="#[c3]">&gt;&gt;</a>&nbsp;&nbsp;&nbsp;IO_Configuration_base
<LI><a href="#[7d]">&gt;&gt;</a>&nbsp;&nbsp;&nbsp;ADC13_Init
</UL>

<P><STRONG><a name="[8b]"></a>RCC_APB2PeriphResetCmd</STRONG> (Thumb, 26 bytes, Stack size 0 bytes, stm32f37x_rcc.o(i.RCC_APB2PeriphResetCmd))
<BR><BR>[Called By]<UL><LI><a href="#[82]">&gt;&gt;</a>&nbsp;&nbsp;&nbsp;ADC_DeInit
<LI><a href="#[d1]">&gt;&gt;</a>&nbsp;&nbsp;&nbsp;SDADC_DeInit
<LI><a href="#[df]">&gt;&gt;</a>&nbsp;&nbsp;&nbsp;SPI_I2S_DeInit
<LI><a href="#[c8]">&gt;&gt;</a>&nbsp;&nbsp;&nbsp;TIM_DeInit
</UL>

<P><STRONG><a name="[100]"></a>RCC_GetClocksFreq</STRONG> (Thumb, 504 bytes, Stack size 16 bytes, stm32f37x_rcc.o(i.RCC_GetClocksFreq))
<BR><BR>[Stack]<UL><LI>Max Depth = 16<LI>Call Chain = RCC_GetClocksFreq
</UL>
<BR>[Called By]<UL><LI><a href="#[75]">&gt;&gt;</a>&nbsp;&nbsp;&nbsp;main
</UL>

<P><STRONG><a name="[d0]"></a>RCC_SDADCCLKConfig</STRONG> (Thumb, 22 bytes, Stack size 0 bytes, stm32f37x_rcc.o(i.RCC_SDADCCLKConfig))
<BR><BR>[Called By]<UL><LI><a href="#[ce]">&gt;&gt;</a>&nbsp;&nbsp;&nbsp;SDADC2_Config
</UL>

<P><STRONG><a name="[c7]"></a>RTE_INITIAL</STRONG> (Thumb, 106 bytes, Stack size 24 bytes, main.o(i.RTE_INITIAL))
<BR><BR>[Stack]<UL><LI>Max Depth = 40<LI>Call Chain = RTE_INITIAL &rArr; NVIC_Init
</UL>
<BR>[Calls]<UL><LI><a href="#[95]">&gt;&gt;</a>&nbsp;&nbsp;&nbsp;NVIC_Init
<LI><a href="#[96]">&gt;&gt;</a>&nbsp;&nbsp;&nbsp;RCC_APB1PeriphClockCmd
<LI><a href="#[c9]">&gt;&gt;</a>&nbsp;&nbsp;&nbsp;TIM_TimeBaseInit
<LI><a href="#[cb]">&gt;&gt;</a>&nbsp;&nbsp;&nbsp;TIM_ITConfig
<LI><a href="#[c8]">&gt;&gt;</a>&nbsp;&nbsp;&nbsp;TIM_DeInit
<LI><a href="#[cc]">&gt;&gt;</a>&nbsp;&nbsp;&nbsp;TIM_Cmd
<LI><a href="#[ca]">&gt;&gt;</a>&nbsp;&nbsp;&nbsp;TIM_ClearFlag
</UL>
<BR>[Called By]<UL><LI><a href="#[75]">&gt;&gt;</a>&nbsp;&nbsp;&nbsp;main
</UL>

<P><STRONG><a name="[43]"></a>SDADC1_IRQHandler</STRONG> (Thumb, 2 bytes, Stack size 0 bytes, stm32f37x_it.o(i.SDADC1_IRQHandler))
<BR>[Address Reference Count : 1]<UL><LI> startup_stm32f37x.o(RESET)
</UL>
<P><STRONG><a name="[ce]"></a>SDADC2_Config</STRONG> (Thumb, 294 bytes, Stack size 40 bytes, sdadc.o(i.SDADC2_Config))
<BR><BR>[Stack]<UL><LI>Max Depth = 60<LI>Call Chain = SDADC2_Config &rArr; GPIO_Init
</UL>
<BR>[Calls]<UL><LI><a href="#[d2]">&gt;&gt;</a>&nbsp;&nbsp;&nbsp;SDADC_VREFSelect
<LI><a href="#[db]">&gt;&gt;</a>&nbsp;&nbsp;&nbsp;SDADC_StartCalibration
<LI><a href="#[dd]">&gt;&gt;</a>&nbsp;&nbsp;&nbsp;SDADC_SoftwareStartInjectedConv
<LI><a href="#[d9]">&gt;&gt;</a>&nbsp;&nbsp;&nbsp;SDADC_InjectedContinuousModeCmd
<LI><a href="#[d8]">&gt;&gt;</a>&nbsp;&nbsp;&nbsp;SDADC_InjectedChannelSelect
<LI><a href="#[d5]">&gt;&gt;</a>&nbsp;&nbsp;&nbsp;SDADC_InitModeCmd
<LI><a href="#[dc]">&gt;&gt;</a>&nbsp;&nbsp;&nbsp;SDADC_ITConfig
<LI><a href="#[ba]">&gt;&gt;</a>&nbsp;&nbsp;&nbsp;SDADC_GetFlagStatus
<LI><a href="#[d1]">&gt;&gt;</a>&nbsp;&nbsp;&nbsp;SDADC_DeInit
<LI><a href="#[d4]">&gt;&gt;</a>&nbsp;&nbsp;&nbsp;SDADC_Cmd
<LI><a href="#[d7]">&gt;&gt;</a>&nbsp;&nbsp;&nbsp;SDADC_ChannelConfig
<LI><a href="#[da]">&gt;&gt;</a>&nbsp;&nbsp;&nbsp;SDADC_CalibrationSequenceConfig
<LI><a href="#[d6]">&gt;&gt;</a>&nbsp;&nbsp;&nbsp;SDADC_AINInit
<LI><a href="#[d0]">&gt;&gt;</a>&nbsp;&nbsp;&nbsp;RCC_SDADCCLKConfig
<LI><a href="#[80]">&gt;&gt;</a>&nbsp;&nbsp;&nbsp;RCC_APB2PeriphClockCmd
<LI><a href="#[cf]">&gt;&gt;</a>&nbsp;&nbsp;&nbsp;PWR_SDADCAnalogCmd
<LI><a href="#[95]">&gt;&gt;</a>&nbsp;&nbsp;&nbsp;NVIC_Init
<LI><a href="#[d3]">&gt;&gt;</a>&nbsp;&nbsp;&nbsp;Delay_ms
<LI><a href="#[96]">&gt;&gt;</a>&nbsp;&nbsp;&nbsp;RCC_APB1PeriphClockCmd
<LI><a href="#[7f]">&gt;&gt;</a>&nbsp;&nbsp;&nbsp;RCC_AHBPeriphClockCmd
<LI><a href="#[81]">&gt;&gt;</a>&nbsp;&nbsp;&nbsp;GPIO_Init
</UL>
<BR>[Called By]<UL><LI><a href="#[75]">&gt;&gt;</a>&nbsp;&nbsp;&nbsp;main
</UL>

<P><STRONG><a name="[44]"></a>SDADC2_IRQHandler</STRONG> (Thumb, 60 bytes, Stack size 8 bytes, stm32f37x_it.o(i.SDADC2_IRQHandler))
<BR><BR>[Stack]<UL><LI>Max Depth = 20<LI>Call Chain = SDADC2_IRQHandler &rArr; SDADC_GetInjectedConversionValue
</UL>
<BR>[Calls]<UL><LI><a href="#[ba]">&gt;&gt;</a>&nbsp;&nbsp;&nbsp;SDADC_GetFlagStatus
<LI><a href="#[bb]">&gt;&gt;</a>&nbsp;&nbsp;&nbsp;SDADC_GetInjectedConversionValue
</UL>
<BR>[Address Reference Count : 1]<UL><LI> startup_stm32f37x.o(RESET)
</UL>
<P><STRONG><a name="[45]"></a>SDADC3_IRQHandler</STRONG> (Thumb, 60 bytes, Stack size 8 bytes, stm32f37x_it.o(i.SDADC3_IRQHandler))
<BR><BR>[Stack]<UL><LI>Max Depth = 20<LI>Call Chain = SDADC3_IRQHandler &rArr; SDADC_GetInjectedConversionValue
</UL>
<BR>[Calls]<UL><LI><a href="#[ba]">&gt;&gt;</a>&nbsp;&nbsp;&nbsp;SDADC_GetFlagStatus
<LI><a href="#[bb]">&gt;&gt;</a>&nbsp;&nbsp;&nbsp;SDADC_GetInjectedConversionValue
</UL>
<BR>[Address Reference Count : 1]<UL><LI> startup_stm32f37x.o(RESET)
</UL>
<P><STRONG><a name="[d6]"></a>SDADC_AINInit</STRONG> (Thumb, 30 bytes, Stack size 12 bytes, stm32f37x_sdadc.o(i.SDADC_AINInit))
<BR><BR>[Stack]<UL><LI>Max Depth = 12<LI>Call Chain = SDADC_AINInit
</UL>
<BR>[Called By]<UL><LI><a href="#[ce]">&gt;&gt;</a>&nbsp;&nbsp;&nbsp;SDADC2_Config
</UL>

<P><STRONG><a name="[da]"></a>SDADC_CalibrationSequenceConfig</STRONG> (Thumb, 14 bytes, Stack size 0 bytes, stm32f37x_sdadc.o(i.SDADC_CalibrationSequenceConfig))
<BR><BR>[Called By]<UL><LI><a href="#[ce]">&gt;&gt;</a>&nbsp;&nbsp;&nbsp;SDADC2_Config
</UL>

<P><STRONG><a name="[d7]"></a>SDADC_ChannelConfig</STRONG> (Thumb, 30 bytes, Stack size 12 bytes, stm32f37x_sdadc.o(i.SDADC_ChannelConfig))
<BR><BR>[Stack]<UL><LI>Max Depth = 12<LI>Call Chain = SDADC_ChannelConfig
</UL>
<BR>[Called By]<UL><LI><a href="#[ce]">&gt;&gt;</a>&nbsp;&nbsp;&nbsp;SDADC2_Config
</UL>

<P><STRONG><a name="[d4]"></a>SDADC_Cmd</STRONG> (Thumb, 22 bytes, Stack size 0 bytes, stm32f37x_sdadc.o(i.SDADC_Cmd))
<BR><BR>[Called By]<UL><LI><a href="#[ce]">&gt;&gt;</a>&nbsp;&nbsp;&nbsp;SDADC2_Config
</UL>

<P><STRONG><a name="[d1]"></a>SDADC_DeInit</STRONG> (Thumb, 76 bytes, Stack size 8 bytes, stm32f37x_sdadc.o(i.SDADC_DeInit))
<BR><BR>[Stack]<UL><LI>Max Depth = 8<LI>Call Chain = SDADC_DeInit
</UL>
<BR>[Calls]<UL><LI><a href="#[8b]">&gt;&gt;</a>&nbsp;&nbsp;&nbsp;RCC_APB2PeriphResetCmd
</UL>
<BR>[Called By]<UL><LI><a href="#[ce]">&gt;&gt;</a>&nbsp;&nbsp;&nbsp;SDADC2_Config
</UL>

<P><STRONG><a name="[ba]"></a>SDADC_GetFlagStatus</STRONG> (Thumb, 18 bytes, Stack size 0 bytes, stm32f37x_sdadc.o(i.SDADC_GetFlagStatus))
<BR><BR>[Called By]<UL><LI><a href="#[ce]">&gt;&gt;</a>&nbsp;&nbsp;&nbsp;SDADC2_Config
<LI><a href="#[45]">&gt;&gt;</a>&nbsp;&nbsp;&nbsp;SDADC3_IRQHandler
<LI><a href="#[44]">&gt;&gt;</a>&nbsp;&nbsp;&nbsp;SDADC2_IRQHandler
<LI><a href="#[40]">&gt;&gt;</a>&nbsp;&nbsp;&nbsp;DMA2_Channel3_IRQHandler
<LI><a href="#[3f]">&gt;&gt;</a>&nbsp;&nbsp;&nbsp;DMA2_Channel2_IRQHandler
<LI><a href="#[3e]">&gt;&gt;</a>&nbsp;&nbsp;&nbsp;DMA2_Channel1_IRQHandler
</UL>

<P><STRONG><a name="[bb]"></a>SDADC_GetInjectedConversionValue</STRONG> (Thumb, 30 bytes, Stack size 12 bytes, stm32f37x_sdadc.o(i.SDADC_GetInjectedConversionValue))
<BR><BR>[Stack]<UL><LI>Max Depth = 12<LI>Call Chain = SDADC_GetInjectedConversionValue
</UL>
<BR>[Called By]<UL><LI><a href="#[45]">&gt;&gt;</a>&nbsp;&nbsp;&nbsp;SDADC3_IRQHandler
<LI><a href="#[44]">&gt;&gt;</a>&nbsp;&nbsp;&nbsp;SDADC2_IRQHandler
<LI><a href="#[40]">&gt;&gt;</a>&nbsp;&nbsp;&nbsp;DMA2_Channel3_IRQHandler
<LI><a href="#[3f]">&gt;&gt;</a>&nbsp;&nbsp;&nbsp;DMA2_Channel2_IRQHandler
<LI><a href="#[3e]">&gt;&gt;</a>&nbsp;&nbsp;&nbsp;DMA2_Channel1_IRQHandler
</UL>

[...]
</UL>
<BR>[Called By]<UL><LI><a href="#[33]">&gt;&gt;</a>&nbsp;&nbsp;&nbsp;USART3_IRQHandler
</UL>

<P><STRONG><a name="[fc]"></a>USART_ReceiveData</STRONG> (Thumb, 10 bytes, Stack size 0 bytes, stm32f37x_usart.o(i.USART_ReceiveData))
<BR><BR>[Called By]<UL><LI><a href="#[33]">&gt;&gt;</a>&nbsp;&nbsp;&nbsp;USART3_IRQHandler
</UL>

<P><STRONG><a name="[7]"></a>UsageFault_Handler</STRONG> (Thumb, 4 bytes, Stack size 0 bytes, stm32f37x_it.o(i.UsageFault_Handler))
<BR>[Address Reference Count : 1]<UL><LI> startup_stm32f37x.o(RESET)
</UL>
<P><STRONG><a name="[75]"></a>main</STRONG> (Thumb, 3050 bytes, Stack size 128 bytes, main.o(i.main))
<BR><BR>[Stack]<UL><LI>Max Depth = 196<LI>Call Chain = main &rArr; CAN_Config &rArr; GPIO_PinAFConfig
</UL>
<BR>[Calls]<UL><LI><a href="#[103]">&gt;&gt;</a>&nbsp;&nbsp;&nbsp;ADC_GetFlagStatus
<LI><a href="#[104]">&gt;&gt;</a>&nbsp;&nbsp;&nbsp;ADC_GetConversionValue
<LI><a href="#[ce]">&gt;&gt;</a>&nbsp;&nbsp;&nbsp;SDADC2_Config
<LI><a href="#[e4]">&gt;&gt;</a>&nbsp;&nbsp;&nbsp;GPIO_WriteBit
<LI><a href="#[10a]">&gt;&gt;</a>&nbsp;&nbsp;&nbsp;GPIO_ReadOutputDataBit
<LI><a href="#[10f]">&gt;&gt;</a>&nbsp;&nbsp;&nbsp;DAC_SetChannel1Data
<LI><a href="#[100]">&gt;&gt;</a>&nbsp;&nbsp;&nbsp;RCC_GetClocksFreq
<LI><a href="#[be]">&gt;&gt;</a>&nbsp;&nbsp;&nbsp;GPIO_ReadInputDataBit
<LI><a href="#[ea]">&gt;&gt;</a>&nbsp;&nbsp;&nbsp;SPIByte
<LI><a href="#[de]">&gt;&gt;</a>&nbsp;&nbsp;&nbsp;SPI1_Configuration
<LI><a href="#[c7]">&gt;&gt;</a>&nbsp;&nbsp;&nbsp;RTE_INITIAL
<LI><a href="#[c3]">&gt;&gt;</a>&nbsp;&nbsp;&nbsp;IO_Configuration_base
<LI><a href="#[b7]">&gt;&gt;</a>&nbsp;&nbsp;&nbsp;DAC_Config
<LI><a href="#[7d]">&gt;&gt;</a>&nbsp;&nbsp;&nbsp;ADC13_Init
<LI><a href="#[101]">&gt;&gt;</a>&nbsp;&nbsp;&nbsp;delay
<LI><a href="#[93]">&gt;&gt;</a>&nbsp;&nbsp;&nbsp;CAN_Config
<LI><a href="#[90]">&gt;&gt;</a>&nbsp;&nbsp;&nbsp;CAN1_Send_Msg
<LI><a href="#[a7]">&gt;&gt;</a>&nbsp;&nbsp;&nbsp;CCP_Initialize
<LI><a href="#[102]">&gt;&gt;</a>&nbsp;&nbsp;&nbsp;virtual_PWM_OUTPUT
<LI><a href="#[ee]">&gt;&gt;</a>&nbsp;&nbsp;&nbsp;STMFLASH_ReadHalfWord
<LI><a href="#[10b]">&gt;&gt;</a>&nbsp;&nbsp;&nbsp;__aeabi_f2d
<LI><a href="#[10e]">&gt;&gt;</a>&nbsp;&nbsp;&nbsp;__aeabi_cdrcmple
<LI><a href="#[106]">&gt;&gt;</a>&nbsp;&nbsp;&nbsp;__aeabi_dmul
<LI><a href="#[10d]">&gt;&gt;</a>&nbsp;&nbsp;&nbsp;__aeabi_cdcmple
<LI><a href="#[105]">&gt;&gt;</a>&nbsp;&nbsp;&nbsp;__aeabi_ui2d
<LI><a href="#[107]">&gt;&gt;</a>&nbsp;&nbsp;&nbsp;__aeabi_ddiv
<LI><a href="#[10c]">&gt;&gt;</a>&nbsp;&nbsp;&nbsp;__aeabi_dsub
<LI><a href="#[108]">&gt;&gt;</a>&nbsp;&nbsp;&nbsp;__aeabi_dadd
<LI><a href="#[109]">&gt;&gt;</a>&nbsp;&nbsp;&nbsp;__aeabi_d2f
</UL>
<BR>[Called By]<UL><LI><a href="#[74]">&gt;&gt;</a>&nbsp;&nbsp;&nbsp;__rt_entry_main
</UL>

<P><STRONG><a name="[102]"></a>virtual_PWM_OUTPUT</STRONG> (Thumb, 88 bytes, Stack size 8 bytes, main.o(i.virtual_PWM_OUTPUT))
<BR><BR>[Stack]<UL><LI>Max Depth = 8<LI>Call Chain = virtual_PWM_OUTPUT
</UL>
<BR>[Calls]<UL><LI><a href="#[e7]">&gt;&gt;</a>&nbsp;&nbsp;&nbsp;GPIO_SetBits
<LI><a href="#[110]">&gt;&gt;</a>&nbsp;&nbsp;&nbsp;GPIO_ResetBits
</UL>
<BR>[Called By]<UL><LI><a href="#[75]">&gt;&gt;</a>&nbsp;&nbsp;&nbsp;main
</UL>

<P><STRONG><a name="[109]"></a>__aeabi_d2f</STRONG> (Thumb, 0 bytes, Stack size 32 bytes, d2f.o(x$fpl$d2f))
<BR><BR>[Stack]<UL><LI>Max Depth = 32<LI>Call Chain = __aeabi_d2f
</UL>
<BR>[Called By]<UL><LI><a href="#[75]">&gt;&gt;</a>&nbsp;&nbsp;&nbsp;main
</UL>

<P><STRONG><a name="[111]"></a>_d2f</STRONG> (Thumb, 98 bytes, Stack size 32 bytes, d2f.o(x$fpl$d2f), UNUSED)
<BR><BR>[Calls]<UL><LI><a href="#[112]">&gt;&gt;</a>&nbsp;&nbsp;&nbsp;__fpl_fretinf
<LI><a href="#[113]">&gt;&gt;</a>&nbsp;&nbsp;&nbsp;__fpl_dnaninf
</UL>

<P><STRONG><a name="[108]"></a>__aeabi_dadd</STRONG> (Thumb, 0 bytes, Stack size 16 bytes, daddsub_clz.o(x$fpl$dadd))
<BR><BR>[Stack]<UL><LI>Max Depth = 16<LI>Call Chain = __aeabi_dadd
</UL>
<BR>[Called By]<UL><LI><a href="#[75]">&gt;&gt;</a>&nbsp;&nbsp;&nbsp;main
</UL>

<P><STRONG><a name="[114]"></a>_dadd</STRONG> (Thumb, 332 bytes, Stack size 16 bytes, daddsub_clz.o(x$fpl$dadd), UNUSED)
<BR><BR>[Calls]<UL><LI><a href="#[116]">&gt;&gt;</a>&nbsp;&nbsp;&nbsp;__fpl_dretinf
<LI><a href="#[113]">&gt;&gt;</a>&nbsp;&nbsp;&nbsp;__fpl_dnaninf
<LI><a href="#[115]">&gt;&gt;</a>&nbsp;&nbsp;&nbsp;_dsub1
</UL>

<P><STRONG><a name="[119]"></a>__fpl_dcmp_Inf</STRONG> (Thumb, 24 bytes, Stack size 0 bytes, dcmpi.o(x$fpl$dcmpinf), UNUSED)
<BR><BR>[Called By]<UL><LI><a href="#[118]">&gt;&gt;</a>&nbsp;&nbsp;&nbsp;_dcmple
</UL>

<P><STRONG><a name="[107]"></a>__aeabi_ddiv</STRONG> (Thumb, 0 bytes, Stack size 32 bytes, ddiv.o(x$fpl$ddiv))
<BR><BR>[Stack]<UL><LI>Max Depth = 32<LI>Call Chain = __aeabi_ddiv
</UL>
<BR>[Called By]<UL><LI><a href="#[75]">&gt;&gt;</a>&nbsp;&nbsp;&nbsp;main
</UL>

<P><STRONG><a name="[117]"></a>_ddiv</STRONG> (Thumb, 552 bytes, Stack size 32 bytes, ddiv.o(x$fpl$ddiv), UNUSED)
<BR><BR>[Calls]<UL><LI><a href="#[116]">&gt;&gt;</a>&nbsp;&nbsp;&nbsp;__fpl_dretinf
<LI><a href="#[113]">&gt;&gt;</a>&nbsp;&nbsp;&nbsp;__fpl_dnaninf
</UL>

<P><STRONG><a name="[105]"></a>__aeabi_ui2d</STRONG> (Thumb, 0 bytes, Stack size 0 bytes, dflt_clz.o(x$fpl$dfltu))
<BR><BR>[Called By]<UL><LI><a href="#[75]">&gt;&gt;</a>&nbsp;&nbsp;&nbsp;main
</UL>

<P><STRONG><a name="[14d]"></a>_dfltu</STRONG> (Thumb, 38 bytes, Stack size 0 bytes, dflt_clz.o(x$fpl$dfltu), UNUSED)

<P><STRONG><a name="[10d]"></a>__aeabi_cdcmple</STRONG> (Thumb, 0 bytes, Stack size 32 bytes, dleqf.o(x$fpl$dleqf))
<BR><BR>[Stack]<UL><LI>Max Depth = 32<LI>Call Chain = __aeabi_cdcmple
</UL>
<BR>[Called By]<UL><LI><a href="#[75]">&gt;&gt;</a>&nbsp;&nbsp;&nbsp;main
</UL>

<P><STRONG><a name="[118]"></a>_dcmple</STRONG> (Thumb, 120 bytes, Stack size 32 bytes, dleqf.o(x$fpl$dleqf), UNUSED)
<BR><BR>[Calls]<UL><LI><a href="#[113]">&gt;&gt;</a>&nbsp;&nbsp;&nbsp;__fpl_dnaninf
<LI><a href="#[119]">&gt;&gt;</a>&nbsp;&nbsp;&nbsp;__fpl_dcmp_Inf
</UL>

<P><STRONG><a name="[11c]"></a>__fpl_dcmple_InfNaN</STRONG> (Thumb, 0 bytes, Stack size unknown bytes, dleqf.o(x$fpl$dleqf), UNUSED)
<BR><BR>[Called By]<UL><LI><a href="#[11b]">&gt;&gt;</a>&nbsp;&nbsp;&nbsp;_drcmple
</UL>

<P><STRONG><a name="[106]"></a>__aeabi_dmul</STRONG> (Thumb, 0 bytes, Stack size 32 bytes, dmul.o(x$fpl$dmul))
<BR><BR>[Stack]<UL><LI>Max Depth = 32<LI>Call Chain = __aeabi_dmul
</UL>
<BR>[Called By]<UL><LI><a href="#[75]">&gt;&gt;</a>&nbsp;&nbsp;&nbsp;main
</UL>

<P><STRONG><a name="[11a]"></a>_dmul</STRONG> (Thumb, 332 bytes, Stack size 32 bytes, dmul.o(x$fpl$dmul), UNUSED)
<BR><BR>[Calls]<UL><LI><a href="#[116]">&gt;&gt;</a>&nbsp;&nbsp;&nbsp;__fpl_dretinf
<LI><a href="#[113]">&gt;&gt;</a>&nbsp;&nbsp;&nbsp;__fpl_dnaninf
</UL>

<P><STRONG><a name="[113]"></a>__fpl_dnaninf</STRONG> (Thumb, 156 bytes, Stack size 16 bytes, dnaninf.o(x$fpl$dnaninf), UNUSED)
<BR><BR>[Called By]<UL><LI><a href="#[11a]">&gt;&gt;</a>&nbsp;&nbsp;&nbsp;_dmul
<LI><a href="#[118]">&gt;&gt;</a>&nbsp;&nbsp;&nbsp;_dcmple
<LI><a href="#[117]">&gt;&gt;</a>&nbsp;&nbsp;&nbsp;_ddiv
<LI><a href="#[11d]">&gt;&gt;</a>&nbsp;&nbsp;&nbsp;_dsub
<LI><a href="#[114]">&gt;&gt;</a>&nbsp;&nbsp;&nbsp;_dadd
<LI><a href="#[111]">&gt;&gt;</a>&nbsp;&nbsp;&nbsp;_d2f
</UL>

<P><STRONG><a name="[116]"></a>__fpl_dretinf</STRONG> (Thumb, 12 bytes, Stack size 0 bytes, dretinf.o(x$fpl$dretinf), UNUSED)
<BR><BR>[Called By]<UL><LI><a href="#[11f]">&gt;&gt;</a>&nbsp;&nbsp;&nbsp;_f2d
<LI><a href="#[11a]">&gt;&gt;</a>&nbsp;&nbsp;&nbsp;_dmul
<LI><a href="#[117]">&gt;&gt;</a>&nbsp;&nbsp;&nbsp;_ddiv
<LI><a href="#[114]">&gt;&gt;</a>&nbsp;&nbsp;&nbsp;_dadd
</UL>

<P><STRONG><a name="[10e]"></a>__aeabi_cdrcmple</STRONG> (Thumb, 0 bytes, Stack size 16 bytes, drleqf.o(x$fpl$drleqf))
<BR><BR>[Stack]<UL><LI>Max Depth = 16<LI>Call Chain = __aeabi_cdrcmple
</UL>
<BR>[Called By]<UL><LI><a href="#[75]">&gt;&gt;</a>&nbsp;&nbsp;&nbsp;main
</UL>

<P><STRONG><a name="[11b]"></a>_drcmple</STRONG> (Thumb, 108 bytes, Stack size 16 bytes, drleqf.o(x$fpl$drleqf), UNUSED)
<BR><BR>[Calls]<UL><LI><a href="#[11c]">&gt;&gt;</a>&nbsp;&nbsp;&nbsp;__fpl_dcmple_InfNaN
</UL>

<P><STRONG><a name="[10c]"></a>__aeabi_dsub</STRONG> (Thumb, 0 bytes, Stack size 32 bytes, daddsub_clz.o(x$fpl$dsub))
<BR><BR>[Stack]<UL><LI>Max Depth = 32<LI>Call Chain = __aeabi_dsub
</UL>
<BR>[Called By]<UL><LI><a href="#[75]">&gt;&gt;</a>&nbsp;&nbsp;&nbsp;main
</UL>

<P><STRONG><a name="[11d]"></a>_dsub</STRONG> (Thumb, 464 bytes, Stack size 32 bytes, daddsub_clz.o(x$fpl$dsub), UNUSED)
<BR><BR>[Calls]<UL><LI><a href="#[113]">&gt;&gt;</a>&nbsp;&nbsp;&nbsp;__fpl_dnaninf
<LI><a href="#[11e]">&gt;&gt;</a>&nbsp;&nbsp;&nbsp;_dadd1
</UL>

<P><STRONG><a name="[10b]"></a>__aeabi_f2d</STRONG> (Thumb, 0 bytes, Stack size 16 bytes, f2d.o(x$fpl$f2d))
<BR><BR>[Stack]<UL><LI>Max Depth = 16<LI>Call Chain = __aeabi_f2d
</UL>
<BR>[Called By]<UL><LI><a href="#[75]">&gt;&gt;</a>&nbsp;&nbsp;&nbsp;main
</UL>

<P><STRONG><a name="[11f]"></a>_f2d</STRONG> (Thumb, 86 bytes, Stack size 16 bytes, f2d.o(x$fpl$f2d), UNUSED)
<BR><BR>[Calls]<UL><LI><a href="#[120]">&gt;&gt;</a>&nbsp;&nbsp;&nbsp;__fpl_fnaninf
<LI><a href="#[116]">&gt;&gt;</a>&nbsp;&nbsp;&nbsp;__fpl_dretinf
</UL>

<P><STRONG><a name="[120]"></a>__fpl_fnaninf</STRONG> (Thumb, 140 bytes, Stack size 8 bytes, fnaninf.o(x$fpl$fnaninf), UNUSED)
<BR><BR>[Called By]<UL><LI><a href="#[11f]">&gt;&gt;</a>&nbsp;&nbsp;&nbsp;_f2d
</UL>

<P><STRONG><a name="[6f]"></a>_fp_init</STRONG> (Thumb, 10 bytes, Stack size 0 bytes, fpinit.o(x$fpl$fpinit))
<BR><BR>[Called By]<UL><LI><a href="#[6e]">&gt;&gt;</a>&nbsp;&nbsp;&nbsp;__rt_lib_init_fp_1
</UL>

<P><STRONG><a name="[14e]"></a>__fplib_config_fpu_vfp</STRONG> (Thumb, 0 bytes, Stack size unknown bytes, fpinit.o(x$fpl$fpinit), UNUSED)

<P><STRONG><a name="[14f]"></a>__fplib_config_pureend_doubles</STRONG> (Thumb, 0 bytes, Stack size unknown bytes, fpinit.o(x$fpl$fpinit), UNUSED)

<P><STRONG><a name="[112]"></a>__fpl_fretinf</STRONG> (Thumb, 10 bytes, Stack size 0 bytes, fretinf.o(x$fpl$fretinf), UNUSED)
<BR><BR>[Called By]<UL><LI><a href="#[111]">&gt;&gt;</a>&nbsp;&nbsp;&nbsp;_d2f
</UL>
<P>
<H3>
Local Symbols
</H3>
<P><STRONG><a name="[f3]"></a>SetSysClock</STRONG> (Thumb, 188 bytes, Stack size 12 bytes, system_stm32f37x.o(i.SetSysClock))
<BR><BR>[Stack]<UL><LI>Max Depth = 12<LI>Call Chain = SetSysClock
</UL>
<BR>[Called By]<UL><LI><a href="#[4c]">&gt;&gt;</a>&nbsp;&nbsp;&nbsp;SystemInit
</UL>

<P><STRONG><a name="[101]"></a>delay</STRONG> (Thumb, 12 bytes, Stack size 0 bytes, main.o(i.delay))
<BR><BR>[Called By]<UL><LI><a href="#[75]">&gt;&gt;</a>&nbsp;&nbsp;&nbsp;main
</UL>

<P><STRONG><a name="[ac]"></a>CCP_Clear_Session_Configuration_ID</STRONG> (Thumb, 20 bytes, Stack size 0 bytes, ccp2conf.o(i.CCP_Clear_Session_Configuration_ID))
<BR><BR>[Called By]<UL><LI><a href="#[a2]">&gt;&gt;</a>&nbsp;&nbsp;&nbsp;CCP_Set_S_Status_User
<LI><a href="#[a8]">&gt;&gt;</a>&nbsp;&nbsp;&nbsp;CCP_Initialize_User
</UL>

<P><STRONG><a name="[ae]"></a>CCP_Read_Resume_Data</STRONG> (Thumb, 176 bytes, Stack size 16 bytes, ccp2daq.o(i.CCP_Read_Resume_Data))
<BR><BR>[Stack]<UL><LI>Max Depth = 48<LI>Call Chain = CCP_Read_Resume_Data &rArr; Update_Session_Status_LOGGING &rArr; CCP_Set_S_Status_User
</UL>
<BR>[Calls]<UL><LI><a href="#[af]">&gt;&gt;</a>&nbsp;&nbsp;&nbsp;Update_Session_Status_LOGGING
</UL>
<BR>[Called By]<UL><LI><a href="#[aa]">&gt;&gt;</a>&nbsp;&nbsp;&nbsp;Initialize_DAQ_Parameters
</UL>

<P><STRONG><a name="[a4]"></a>Clear_DAQ_List</STRONG> (Thumb, 82 bytes, Stack size 20 bytes, ccp2daq.o(i.Clear_DAQ_List))
<BR><BR>[Stack]<UL><LI>Max Depth = 20<LI>Call Chain = Clear_DAQ_List
</UL>
<BR>[Called By]<UL><LI><a href="#[5f]">&gt;&gt;</a>&nbsp;&nbsp;&nbsp;CCP_Get_DAQ_Size
</UL>

<P><STRONG><a name="[a5]"></a>DAQ_Starting_PID</STRONG> (Thumb, 30 bytes, Stack size 0 bytes, ccp2daq.o(i.DAQ_Starting_PID))
<BR><BR>[Called By]<UL><LI><a href="#[5f]">&gt;&gt;</a>&nbsp;&nbsp;&nbsp;CCP_Get_DAQ_Size
</UL>

<P><STRONG><a name="[c4]"></a>Initialize_DAQ_List_Status</STRONG> (Thumb, 30 bytes, Stack size 8 bytes, ccp2daq.o(i.Initialize_DAQ_List_Status))
<BR><BR>[Stack]<UL><LI>Max Depth = 8<LI>Call Chain = Initialize_DAQ_List_Status
</UL>
<BR>[Called By]<UL><LI><a href="#[aa]">&gt;&gt;</a>&nbsp;&nbsp;&nbsp;Initialize_DAQ_Parameters
<LI><a href="#[b2]">&gt;&gt;</a>&nbsp;&nbsp;&nbsp;Reset_DAQ_List_Status
</UL>

<P><STRONG><a name="[a6]"></a>Move_DAQ_Pointer</STRONG> (Thumb, 70 bytes, Stack size 8 bytes, ccp2daq.o(i.Move_DAQ_Pointer))
<BR><BR>[Stack]<UL><LI>Max Depth = 8<LI>Call Chain = Move_DAQ_Pointer
</UL>
<BR>[Called By]<UL><LI><a href="#[b4]">&gt;&gt;</a>&nbsp;&nbsp;&nbsp;Move_DAQ_Pointer_To_Next_ODT
<LI><a href="#[b6]">&gt;&gt;</a>&nbsp;&nbsp;&nbsp;Move_DAQ_Pointer_Forward_One_Element
<LI><a href="#[60]">&gt;&gt;</a>&nbsp;&nbsp;&nbsp;CCP_Set_DAQ_Ptr
<LI><a href="#[5f]">&gt;&gt;</a>&nbsp;&nbsp;&nbsp;CCP_Get_DAQ_Size
</UL>

<P><STRONG><a name="[b6]"></a>Move_DAQ_Pointer_Forward_One_Element</STRONG> (Thumb, 88 bytes, Stack size 16 bytes, ccp2daq.o(i.Move_DAQ_Pointer_Forward_One_Element))
<BR><BR>[Stack]<UL><LI>Max Depth = 40<LI>Call Chain = Move_DAQ_Pointer_Forward_One_Element &rArr; Move_DAQ_Pointer_To_Next_ODT &rArr; Move_DAQ_Pointer
</UL>
<BR>[Calls]<UL><LI><a href="#[b4]">&gt;&gt;</a>&nbsp;&nbsp;&nbsp;Move_DAQ_Pointer_To_Next_ODT
<LI><a href="#[a6]">&gt;&gt;</a>&nbsp;&nbsp;&nbsp;Move_DAQ_Pointer
</UL>
<BR>[Called By]<UL><LI><a href="#[61]">&gt;&gt;</a>&nbsp;&nbsp;&nbsp;CCP_Write_DAQ
</UL>

<P><STRONG><a name="[b4]"></a>Move_DAQ_Pointer_To_Next_ODT</STRONG> (Thumb, 64 bytes, Stack size 16 bytes, ccp2daq.o(i.Move_DAQ_Pointer_To_Next_ODT))
<BR><BR>[Stack]<UL><LI>Max Depth = 24<LI>Call Chain = Move_DAQ_Pointer_To_Next_ODT &rArr; Move_DAQ_Pointer
</UL>
<BR>[Calls]<UL><LI><a href="#[a6]">&gt;&gt;</a>&nbsp;&nbsp;&nbsp;Move_DAQ_Pointer
</UL>
<BR>[Called By]<UL><LI><a href="#[b6]">&gt;&gt;</a>&nbsp;&nbsp;&nbsp;Move_DAQ_Pointer_Forward_One_Element
<LI><a href="#[61]">&gt;&gt;</a>&nbsp;&nbsp;&nbsp;CCP_Write_DAQ
</UL>

<P><STRONG><a name="[b3]"></a>Number_Of_Bytes_Left_In_ODT</STRONG> (Thumb, 98 bytes, Stack size 24 bytes, ccp2daq.o(i.Number_Of_Bytes_Left_In_ODT))
<BR><BR>[Stack]<UL><LI>Max Depth = 52<LI>Call Chain = Number_Of_Bytes_Left_In_ODT &rArr; Read_DAQ_Address_Size
</UL>
<BR>[Calls]<UL><LI><a href="#[c5]">&gt;&gt;</a>&nbsp;&nbsp;&nbsp;Read_DAQ_Address_Size
</UL>
<BR>[Called By]<UL><LI><a href="#[61]">&gt;&gt;</a>&nbsp;&nbsp;&nbsp;CCP_Write_DAQ
</UL>

<P><STRONG><a name="[c5]"></a>Read_DAQ_Address_Size</STRONG> (Thumb, 146 bytes, Stack size 28 bytes, ccp2daq.o(i.Read_DAQ_Address_Size))
<BR><BR>[Stack]<UL><LI>Max Depth = 28<LI>Call Chain = Read_DAQ_Address_Size
</UL>
<BR>[Called By]<UL><LI><a href="#[b3]">&gt;&gt;</a>&nbsp;&nbsp;&nbsp;Number_Of_Bytes_Left_In_ODT
</UL>

<P><STRONG><a name="[b2]"></a>Reset_DAQ_List_Status</STRONG> (Thumb, 52 bytes, Stack size 16 bytes, ccp2daq.o(i.Reset_DAQ_List_Status))
<BR><BR>[Stack]<UL><LI>Max Depth = 24<LI>Call Chain = Reset_DAQ_List_Status &rArr; Initialize_DAQ_List_Status
</UL>
<BR>[Calls]<UL><LI><a href="#[c4]">&gt;&gt;</a>&nbsp;&nbsp;&nbsp;Initialize_DAQ_List_Status
</UL>
<BR>[Called By]<UL><LI><a href="#[53]">&gt;&gt;</a>&nbsp;&nbsp;&nbsp;CCP_Start_Stop
</UL>

<P><STRONG><a name="[af]"></a>Update_Session_Status_LOGGING</STRONG> (Thumb, 92 bytes, Stack size 16 bytes, ccp2daq.o(i.Update_Session_Status_LOGGING))
<BR><BR>[Stack]<UL><LI>Max Depth = 32<LI>Call Chain = Update_Session_Status_LOGGING &rArr; CCP_Set_S_Status_User
</UL>
<BR>[Calls]<UL><LI><a href="#[a2]">&gt;&gt;</a>&nbsp;&nbsp;&nbsp;CCP_Set_S_Status_User
</UL>
<BR>[Called By]<UL><LI><a href="#[ae]">&gt;&gt;</a>&nbsp;&nbsp;&nbsp;CCP_Read_Resume_Data
<LI><a href="#[55]">&gt;&gt;</a>&nbsp;&nbsp;&nbsp;CCP_Start_Stop_All
<LI><a href="#[53]">&gt;&gt;</a>&nbsp;&nbsp;&nbsp;CCP_Start_Stop
</UL>

<P><STRONG><a name="[b5]"></a>Write_to_Current_DAQ_Pointer</STRONG> (Thumb, 154 bytes, Stack size 28 bytes, ccp2daq.o(i.Write_to_Current_DAQ_Pointer))
<BR><BR>[Stack]<UL><LI>Max Depth = 28<LI>Call Chain = Write_to_Current_DAQ_Pointer
</UL>
<BR>[Called By]<UL><LI><a href="#[61]">&gt;&gt;</a>&nbsp;&nbsp;&nbsp;CCP_Write_DAQ
</UL>

<P><STRONG><a name="[a3]"></a>Download_Data</STRONG> (Thumb, 62 bytes, Stack size 24 bytes, ccp2mem.o(i.Download_Data))
<BR><BR>[Stack]<UL><LI>Max Depth = 40<LI>Call Chain = Download_Data &rArr; Write_To_RAM_Or_Register
</UL>
<BR>[Calls]<UL><LI><a href="#[9f]">&gt;&gt;</a>&nbsp;&nbsp;&nbsp;Write_To_RAM_Or_Register
<LI><a href="#[a1]">&gt;&gt;</a>&nbsp;&nbsp;&nbsp;Move_MTA
</UL>
<BR>[Called By]<UL><LI><a href="#[67]">&gt;&gt;</a>&nbsp;&nbsp;&nbsp;CCP_Dnload_6
<LI><a href="#[51]">&gt;&gt;</a>&nbsp;&nbsp;&nbsp;CCP_Dnload
</UL>

<P><STRONG><a name="[9e]"></a>Erase_All_Of_Flash</STRONG> (Thumb, 4 bytes, Stack size 0 bytes, ccp2mem.o(i.Erase_All_Of_Flash))
<BR><BR>[Called By]<UL><LI><a href="#[5b]">&gt;&gt;</a>&nbsp;&nbsp;&nbsp;CCP_Clear_Memory
</UL>

<P><STRONG><a name="[ad]"></a>Program_Data</STRONG> (Thumb, 102 bytes, Stack size 24 bytes, ccp2mem.o(i.Program_Data))
<BR><BR>[Stack]<UL><LI>Max Depth = 40<LI>Call Chain = Program_Data &rArr; Write_To_Flash
</UL>
<BR>[Calls]<UL><LI><a href="#[c6]">&gt;&gt;</a>&nbsp;&nbsp;&nbsp;Write_To_Flash
<LI><a href="#[a0]">&gt;&gt;</a>&nbsp;&nbsp;&nbsp;Write_To_EEPROM
<LI><a href="#[a1]">&gt;&gt;</a>&nbsp;&nbsp;&nbsp;Move_MTA
<LI><a href="#[9d]">&gt;&gt;</a>&nbsp;&nbsp;&nbsp;CCP_Location_Of_Address_User
</UL>
<BR>[Called By]<UL><LI><a href="#[66]">&gt;&gt;</a>&nbsp;&nbsp;&nbsp;CCP_Program_6
<LI><a href="#[63]">&gt;&gt;</a>&nbsp;&nbsp;&nbsp;CCP_Program
</UL>

<P><STRONG><a name="[b1]"></a>Read_From_RAM_Or_Register</STRONG> (Thumb, 104 bytes, Stack size 16 bytes, ccp2mem.o(i.Read_From_RAM_Or_Register))
<BR><BR>[Stack]<UL><LI>Max Depth = 16<LI>Call Chain = Read_From_RAM_Or_Register
</UL>
<BR>[Calls]<UL><LI><a href="#[cd]">&gt;&gt;</a>&nbsp;&nbsp;&nbsp;CCP_Read_From_REGISTER_Memory_User
<LI><a href="#[9d]">&gt;&gt;</a>&nbsp;&nbsp;&nbsp;CCP_Location_Of_Address_User
</UL>
<BR>[Called By]<UL><LI><a href="#[52]">&gt;&gt;</a>&nbsp;&nbsp;&nbsp;CCP_Upload
<LI><a href="#[5a]">&gt;&gt;</a>&nbsp;&nbsp;&nbsp;CCP_Short_Up
</UL>

<P><STRONG><a name="[a0]"></a>Write_To_EEPROM</STRONG> (Thumb, 36 bytes, Stack size 16 bytes, ccp2mem.o(i.Write_To_EEPROM))
<BR><BR>[Stack]<UL><LI>Max Depth = 16<LI>Call Chain = Write_To_EEPROM
</UL>
<BR>[Calls]<UL><LI><a href="#[9d]">&gt;&gt;</a>&nbsp;&nbsp;&nbsp;CCP_Location_Of_Address_User
</UL>
<BR>[Called By]<UL><LI><a href="#[ad]">&gt;&gt;</a>&nbsp;&nbsp;&nbsp;Program_Data
<LI><a href="#[5b]">&gt;&gt;</a>&nbsp;&nbsp;&nbsp;CCP_Clear_Memory
</UL>

<P><STRONG><a name="[c6]"></a>Write_To_Flash</STRONG> (Thumb, 36 bytes, Stack size 16 bytes, ccp2mem.o(i.Write_To_Flash))
<BR><BR>[Stack]<UL><LI>Max Depth = 16<LI>Call Chain = Write_To_Flash
</UL>
<BR>[Calls]<UL><LI><a href="#[9d]">&gt;&gt;</a>&nbsp;&nbsp;&nbsp;CCP_Location_Of_Address_User
</UL>
<BR>[Called By]<UL><LI><a href="#[ad]">&gt;&gt;</a>&nbsp;&nbsp;&nbsp;Program_Data
</UL>

<P><STRONG><a name="[9f]"></a>Write_To_RAM_Or_Register</STRONG> (Thumb, 106 bytes, Stack size 16 bytes, ccp2mem.o(i.Write_To_RAM_Or_Register))
<BR><BR>[Stack]<UL><LI>Max Depth = 16<LI>Call Chain = Write_To_RAM_Or_Register
</UL>
<BR>[Calls]<UL><LI><a href="#[ff]">&gt;&gt;</a>&nbsp;&nbsp;&nbsp;CCP_Write_To_REGISTER_Memory_User
<LI><a href="#[9d]">&gt;&gt;</a>&nbsp;&nbsp;&nbsp;CCP_Location_Of_Address_User
</UL>
<BR>[Called By]<UL><LI><a href="#[a3]">&gt;&gt;</a>&nbsp;&nbsp;&nbsp;Download_Data
<LI><a href="#[5b]">&gt;&gt;</a>&nbsp;&nbsp;&nbsp;CCP_Clear_Memory
</UL>

<P><STRONG><a name="[11e]"></a>_dadd1</STRONG> (Thumb, 0 bytes, Stack size unknown bytes, daddsub_clz.o(x$fpl$dadd), UNUSED)
<BR><BR>[Called By]<UL><LI><a href="#[11d]">&gt;&gt;</a>&nbsp;&nbsp;&nbsp;_dsub
</UL>

<P><STRONG><a name="[115]"></a>_dsub1</STRONG> (Thumb, 0 bytes, Stack size unknown bytes, daddsub_clz.o(x$fpl$dsub), UNUSED)
<BR><BR>[Called By]<UL><LI><a href="#[114]">&gt;&gt;</a>&nbsp;&nbsp;&nbsp;_dadd
</UL>
<P>
<H3>
Undefined Global Symbols
</H3><HR></body></html>
